 ConEmuLn.x64

 Timestamp is 55f60148 (Mon Sep 14 02:05:44 2015)

 Preferred load address is 0000000180000000

 Start         Length     Name                   Class
 0001:00000000 00005461H .text                   CODE
 0001:00005470 0000005eH .text$00                CODE
 0001:000054ce 00000000H .text$x                 CODE
 0002:00000000 00000128H .idata$5                DATA
 0002:00000130 000004d1H .rdata                  DATA
 0002:00000608 0000025cH .xdata                  DATA
 0002:00000864 00000064H .idata$2                DATA
 0002:000008c8 00000014H .idata$3                DATA
 0002:000008e0 00000128H .idata$4                DATA
 0002:00000a08 00000226H .idata$6                DATA
 0002:00000c30 0000018fH .edata                  DATA
 0003:00000000 000001d0H .data                   DATA
 0003:000001d0 00008fe0H .bss                    DATA
 0004:00000000 00000384H .pdata                  DATA
 0005:00000000 00000058H .rsrc$01                DATA
 0005:00000060 000002e8H .rsrc$02                DATA

  Address         Publics by Value              Rva+Base               Lib:Object

 0000:00000000       ___safe_se_handler_count   0000000000000000     <absolute>
 0000:00000000       ___safe_se_handler_table   0000000000000000     <absolute>
 0000:00000000       __ImageBase                0000000180000000     <linker-defined>
 0001:000001bc       GetMinFarVersionW          00000001800011bc f   ConEmuLn.obj
 0001:000001c4       ?GetPluginInfoWcmn@@YAXPEAX@Z 00000001800011c4 f   ConEmuLn.obj
 0001:00000358       ?LoadFarVersion@@YAHXZ     0000000180001358 f   ConEmuLn.obj
 0001:00000470       ?PaintLines@@YAXPEAUHDC__@@KHHHHH@Z 0000000180001470 f   ConEmuLn.obj
 0001:0000059c       ?PaintBack@@YAXPEAUHDC__@@KUtagRECT@@@Z 000000018000159c f   ConEmuLn.obj
 0001:000005e4       ?PaintConEmuBackground@@YAHPEAUPaintBackgroundArg@@@Z 00000001800015e4 f   ConEmuLn.obj
 0001:0000087c       ?SettingsLoad@@YAXXZ       000000018000187c f   ConEmuLn.obj
 0001:000008d0       ?SettingsLoadReg@@YAXPEB_W@Z 00000001800018d0 f   ConEmuLn.obj
 0001:000009e0       ?SettingsSave@@YAXXZ       00000001800019e0 f   ConEmuLn.obj
 0001:00000a2c       ?SettingsSaveReg@@YAXPEB_W@Z 0000000180001a2c f   ConEmuLn.obj
 0001:00000af0       ?StartPlugin@@YAXH@Z       0000000180001af0 f   ConEmuLn.obj
 0001:00000c90       ?ExitPlugin@@YAXXZ         0000000180001c90 f   ConEmuLn.obj
 0001:00000ce4       ?ExitFARW3@@YAXPEAX@Z      0000000180001ce4 f   ConEmuLn.obj
 0001:00000ce4       ExitFARW                   0000000180001ce4 f   ConEmuLn.obj
 0001:00000d20       ?GetMsgW@@YAPEB_WH@Z       0000000180001d20 f   ConEmuLn.obj
 0001:00000d6c       ConfigureW                 0000000180001d6c f   ConEmuLn.obj
 0001:00000db4       ?ConfigureW3@@YAHPEAX@Z    0000000180001db4 f   ConEmuLn.obj
 0001:00000dfc       ?OpenPluginWcmn@@YAPEAXH_J@Z 0000000180001dfc f   ConEmuLn.obj
 0001:00000e34       ?OpenW@@YAPEAXPEBX@Z       0000000180001e34 f   ConEmuLn.obj
 0001:00000e64       DllMain                    0000000180001e64 f   ConEmuLn.obj
 0001:00000ebc       _DllMainCRTStartup         0000000180001ebc f   ConEmuLn.obj
 0001:00000ed0       SetStartupInfoW            0000000180001ed0 f   ConEmuLn.obj
 0001:00000f34       ?OnConEmuLoaded@@YAXPEAUConEmuLoadedArg@@@Z 0000000180001f34 f   ConEmuLn.obj
 0001:00000f68       ?GetPluginInfoW995@@YAXPEAX@Z 0000000180001f68 f   ConEmuLn995.obj
 0001:00000fd4       ?SetStartupInfoW995@@YAXPEAX@Z 0000000180001fd4 f   ConEmuLn995.obj
 0001:00001174       OpenPluginW                0000000180002174 f   ConEmuLn995.obj
 0001:00001194       ?ExitFARW995@@YAXXZ        0000000180002194 f   ConEmuLn995.obj
 0001:000011e8       ?GetMsgW995@@YAPEB_WH@Z    00000001800021e8 f   ConEmuLn995.obj
 0001:00001d68       ?ConfigureW995@@YAHH@Z     0000000180002d68 f   ConEmuLn995.obj
 0001:00001d84       ?SettingsLoadW995@@YAXXZ   0000000180002d84 f   ConEmuLn995.obj
 0001:00001d90       ?SettingsSaveW995@@YAXXZ   0000000180002d90 f   ConEmuLn995.obj
 0001:00001d9c       ?GetPluginInfoW1900@@YAXPEAX@Z 0000000180002d9c f   ConEmuLn1900.obj
 0001:00001e0c       ?SetStartupInfoW1900@@YAXPEAX@Z 0000000180002e0c f   ConEmuLn1900.obj
 0001:00001f48       ?OpenW1900@@YAPEAXPEBX@Z   0000000180002f48 f   ConEmuLn1900.obj
 0001:00001f48       ?OpenW2800@@YAPEAXPEBX@Z   0000000180002f48 f   ConEmuLn2800.obj
 0001:00001f6c       ?ExitFARW1900@@YAXXZ       0000000180002f6c f   ConEmuLn1900.obj
 0001:00001fa8       ?GetMsgW1900@@YAPEB_WH@Z   0000000180002fa8 f   ConEmuLn1900.obj
 0001:00002c2c       ?ConfigureW1900@@YAHH@Z    0000000180003c2c f   ConEmuLn1900.obj
 0001:00002c48       ?SettingsLoadW1900@@YAXXZ  0000000180003c48 f   ConEmuLn1900.obj
 0001:00002d8c       ?SettingsSaveW1900@@YAXXZ  0000000180003d8c f   ConEmuLn1900.obj
 0001:00002eb0       GetGlobalInfoW             0000000180003eb0 f   ConEmuLn2800.obj
 0001:00002f68       ?GetPluginInfoW2800@@YAXPEAX@Z 0000000180003f68 f   ConEmuLn2800.obj
 0001:00002fd8       ?SetStartupInfoW2800@@YAXPEAX@Z 0000000180003fd8 f   ConEmuLn2800.obj
 0001:00003114       ?ExitFARW2800@@YAXXZ       0000000180004114 f   ConEmuLn2800.obj
 0001:00003150       ?GetMsgW2800@@YAPEB_WH@Z   0000000180004150 f   ConEmuLn2800.obj
 0001:00003da0       ?ConfigureW2800@@YAHH@Z    0000000180004da0 f   ConEmuLn2800.obj
 0001:00003dbc       ?SettingsLoadW2800@@YAXXZ  0000000180004dbc f   ConEmuLn2800.obj
 0001:00003f08       ?SettingsSaveW2800@@YAXXZ  0000000180004f08 f   ConEmuLn2800.obj
 0001:00004030       GetMinFarVersion           0000000180005030 f   ConEmuLnA.obj
 0001:00004068       SetStartupInfo             0000000180005068 f   ConEmuLnA.obj
 0001:00004234       GetPluginInfo              0000000180005234 f   ConEmuLnA.obj
 0001:000042b8       ExitFAR                    00000001800052b8 f   ConEmuLnA.obj
 0001:00004ea4       Configure                  0000000180005ea4 f   ConEmuLnA.obj
 0001:00004ec0       OpenPlugin                 0000000180005ec0 f   ConEmuLnA.obj
 0001:00004ee0       ?SettingsLoadA@@YAXXZ      0000000180005ee0 f   ConEmuLnA.obj
 0001:00004eec       ?SettingsSaveA@@YAXXZ      0000000180005eec f   ConEmuLnA.obj
 0001:00004ef8       ?HeapInitialize@@YA_NXZ    0000000180005ef8 f   Memory.obj
 0001:00004f30       ?HeapDeinitialize@@YAXXZ   0000000180005f30 f   Memory.obj
 0001:00004f54       ?xf_calloc@@YAPEAX_K0@Z    0000000180005f54 f   Memory.obj
 0001:00004f70       ?xf_free@@YAXPEAX@Z        0000000180005f70 f   Memory.obj
 0001:00004fa0       memmove                    0000000180005fa0 f   libCRT64:memmove.obj
 0001:00005000       memset                     0000000180006000 f   libCRT64:memset.obj
 0001:00005200       wcstoul                    0000000180006200 f   libCRT64:strtol.obj
 0001:00005210       memcpy                     0000000180006210 f   libCRT64:memcpy.obj
 0001:00005400       strtoul                    0000000180006400 f   libCRT64:strtol.obj
 0001:0000540c       VerQueryValueW             000000018000640c f   version:VERSION.dll
 0001:00005412       GetFileVersionInfoW        0000000180006412 f   version:VERSION.dll
 0001:00005418       GetFileVersionInfoSizeW    0000000180006418 f   version:VERSION.dll
 0001:00005430       _NLG_Notify                0000000180006430 f   LIBCMT:notify.obj
 0001:00005450       __NLG_Dispatch2            0000000180006450 f   LIBCMT:notify.obj
 0001:00005460       __NLG_Return2              0000000180006460 f   LIBCMT:notify.obj
 0001:00005480       _alloca_probe              0000000180006480     LIBCMT:chkstk.obj
 0001:00005480       __chkstk                   0000000180006480 f   LIBCMT:chkstk.obj
 0002:00000000       __imp_RegQueryValueExW     0000000180007000     advapi32:ADVAPI32.dll
 0002:00000008       __imp_RegOpenKeyExW        0000000180007008     advapi32:ADVAPI32.dll
 0002:00000010       __imp_RegSetValueExW       0000000180007010     advapi32:ADVAPI32.dll
 0002:00000018       __imp_RegCreateKeyExW      0000000180007018     advapi32:ADVAPI32.dll
 0002:00000020       __imp_RegCloseKey          0000000180007020     advapi32:ADVAPI32.dll
 0002:00000028       \177ADVAPI32_NULL_THUNK_DATA 0000000180007028     advapi32:ADVAPI32.dll
 0002:00000030       __imp_SelectObject         0000000180007030     gdi32:GDI32.dll
 0002:00000038       __imp_CreateSolidBrush     0000000180007038     gdi32:GDI32.dll
 0002:00000040       __imp_MoveToEx             0000000180007040     gdi32:GDI32.dll
 0002:00000048       __imp_LineTo               0000000180007048     gdi32:GDI32.dll
 0002:00000050       __imp_DeleteObject         0000000180007050     gdi32:GDI32.dll
 0002:00000058       __imp_CreatePen            0000000180007058     gdi32:GDI32.dll
 0002:00000060       \177GDI32_NULL_THUNK_DATA  0000000180007060     gdi32:GDI32.dll
 0002:00000068       __imp_GetModuleFileNameW   0000000180007068     kernel32:KERNEL32.dll
 0002:00000070       __imp_VirtualProtect       0000000180007070     kernel32:KERNEL32.dll
 0002:00000078       __imp_lstrcpynW            0000000180007078     kernel32:KERNEL32.dll
 0002:00000080       __imp_MultiByteToWideChar  0000000180007080     kernel32:KERNEL32.dll
 0002:00000088       __imp_lstrlenA             0000000180007088     kernel32:KERNEL32.dll
 0002:00000090       __imp_lstrcpyA             0000000180007090     kernel32:KERNEL32.dll
 0002:00000098       __imp_HeapCreate           0000000180007098     kernel32:KERNEL32.dll
 0002:000000a0       __imp_HeapAlloc            00000001800070a0     kernel32:KERNEL32.dll
 0002:000000a8       __imp_lstrcpyW             00000001800070a8     kernel32:KERNEL32.dll
 0002:000000b0       __imp_HeapFree             00000001800070b0     kernel32:KERNEL32.dll
 0002:000000b8       __imp_lstrcatW             00000001800070b8     kernel32:KERNEL32.dll
 0002:000000c0       __imp_lstrlenW             00000001800070c0     kernel32:KERNEL32.dll
 0002:000000c8       __imp_GetLastError         00000001800070c8     kernel32:KERNEL32.dll
 0002:000000d0       __imp_HeapDestroy          00000001800070d0     kernel32:KERNEL32.dll
 0002:000000d8       __imp_lstrcpynA            00000001800070d8     kernel32:KERNEL32.dll
 0002:000000e0       \177KERNEL32_NULL_THUNK_DATA 00000001800070e0     kernel32:KERNEL32.dll
 0002:000000e8       __imp_FillRect             00000001800070e8     user32:USER32.dll
 0002:000000f0       __imp_wsprintfW            00000001800070f0     user32:USER32.dll
 0002:000000f8       __imp_wsprintfA            00000001800070f8     user32:USER32.dll
 0002:00000100       \177USER32_NULL_THUNK_DATA 0000000180007100     user32:USER32.dll
 0002:00000108       __imp_GetFileVersionInfoSizeW 0000000180007108     version:VERSION.dll
 0002:00000110       __imp_VerQueryValueW       0000000180007110     version:VERSION.dll
 0002:00000118       __imp_GetFileVersionInfoW  0000000180007118     version:VERSION.dll
 0002:00000120       \177VERSION_NULL_THUNK_DATA 0000000180007120     version:VERSION.dll
 0002:00000130       ??_C@_0L@DJCGGOCO@ConfigureW?$AA@ 0000000180007130     ConEmuLn.obj
 0002:00000140       ??_C@_08BCACMCCB@ExitFARW?$AA@ 0000000180007140     ConEmuLn.obj
 0002:00000150       ??_C@_1CA@GLKFLGCI@?$AAH?$AAi?$AAl?$AAi?$AAg?$AAh?$AAt?$AAP?$AAl?$AAu?$AAg?$AAB?$AAa?$AAc?$AAk?$AA?$AA@ 0000000180007150     ConEmuLn.obj
 0002:00000170       ??_C@_1BO@FGCOGFB@?$AAH?$AAi?$AAl?$AAi?$AAg?$AAh?$AAt?$AAP?$AAl?$AAu?$AAg?$AAi?$AAn?$AAs?$AA?$AA@ 0000000180007170     ConEmuLn.obj
 0002:00000190       ??_C@_1BI@PPOFOFEE@?$AAH?$AAi?$AAl?$AAi?$AAg?$AAh?$AAt?$AAT?$AAy?$AAp?$AAe?$AA?$AA@ 0000000180007190     ConEmuLn.obj
 0002:000001a8       ??_C@_1CC@KGIANIMF@?$AAL?$AAi?$AAn?$AAe?$AAs?$AAV?$AAi?$AAe?$AAw?$AAe?$AAr?$AAC?$AAo?$AAl?$AAo?$AAr?$AA?$AA@ 00000001800071a8     ConEmuLn.obj
 0002:000001d0       ??_C@_1BI@IMFGPMJI@?$AAL?$AAi?$AAn?$AAe?$AAs?$AAV?$AAi?$AAe?$AAw?$AAe?$AAr?$AA?$AA@ 00000001800071d0     ConEmuLn.obj
 0002:000001e8       ??_C@_1CC@LODMIFLF@?$AAL?$AAi?$AAn?$AAe?$AAs?$AAE?$AAd?$AAi?$AAt?$AAo?$AAr?$AAC?$AAo?$AAl?$AAo?$AAr?$AA?$AA@ 00000001800071e8     ConEmuLn.obj
 0002:00000210       ??_C@_1BI@DNACCAMK@?$AAL?$AAi?$AAn?$AAe?$AAs?$AAE?$AAd?$AAi?$AAt?$AAo?$AAr?$AA?$AA@ 0000000180007210     ConEmuLn.obj
 0002:00000228       ??_C@_1BG@FMPDIDHG@?$AAL?$AAi?$AAn?$AAe?$AAs?$AAC?$AAo?$AAl?$AAo?$AAr?$AA?$AA@ 0000000180007228     ConEmuLn.obj
 0002:00000240       ??_C@_1BG@GKMEIIHO@?$AAL?$AAi?$AAn?$AAe?$AAs?$AAP?$AAa?$AAn?$AAe?$AAl?$AA?$AA@ 0000000180007240     ConEmuLn.obj
 0002:00000258       ??_C@_1BM@GCLEPEKO@?$AAP?$AAl?$AAu?$AAg?$AAi?$AAn?$AAE?$AAn?$AAa?$AAb?$AAl?$AAe?$AAd?$AA?$AA@ 0000000180007258     ConEmuLn.obj
 0002:00000278       ??_C@_1CA@GGFPMHLH@?$AA?6?$AAE?$AAr?$AAr?$AAC?$AAo?$AAd?$AAe?$AA?$DN?$AA0?$AAx?$AA?$CF?$AA0?$AA8?$AAX?$AA?$AA@ 0000000180007278     ConEmuLn.obj
 0002:00000298       ??_C@_1DM@GMMDGAJC@?$AAI?$AAn?$AAv?$AAa?$AAl?$AAi?$AAd?$AA?5?$AAA?$AAp?$AAp?$AAP?$AAa?$AAt?$AAh?$AA?5?$AAw?$AAa?$AAs?$AA?5?$AAs?$AAp?$AAe?$AAc?$AAi?$AAf?$AAi?$AAe?$AAd?$AA?$AA@ 0000000180007298     ConEmuLn.obj
 0002:000002e0       ??_C@_1GC@CPPHDKJK@?$AAL?$AAo?$AAa?$AAd?$AAA?$AAp?$AAp?$AAV?$AAe?$AAr?$AAs?$AAi?$AAo?$AAn?$AA?4?$AAG?$AAe?$AAt?$AAF?$AAi?$AAl?$AAe?$AAV?$AAe?$AAr?$AAs?$AAi?$AAo?$AAn?$AAI?$AAn?$AAf@ 00000001800072e0     ConEmuLn.obj
 0002:00000350       ??_C@_1GC@BINFLBDC@?$AAL?$AAo?$AAa?$AAd?$AAA?$AAp?$AAp?$AAV?$AAe?$AAr?$AAs?$AAi?$AAo?$AAn?$AA?5?$AAf?$AAa?$AAi?$AAl?$AAe?$AAd?$AA?$CB?$AA?5?$AAC?$AAa?$AAn?$AA?8?$AAt?$AA?5?$AAa?$AAl?$AAl@ 0000000180007350     ConEmuLn.obj
 0002:000003c0       ??_C@_1FK@HILEEFML@?$AAL?$AAo?$AAa?$AAd?$AAA?$AAp?$AAp?$AAV?$AAe?$AAr?$AAs?$AAi?$AAo?$AAn?$AA?4?$AAG?$AAe?$AAt?$AAF?$AAi?$AAl?$AAe?$AAV?$AAe?$AAr?$AAs?$AAi?$AAo?$AAn?$AAI?$AAn?$AAf@ 00000001800073c0     ConEmuLn.obj
 0002:00000420       ??_C@_1FG@DPPGENBC@?$AAL?$AAo?$AAa?$AAd?$AAA?$AAp?$AAp?$AAV?$AAe?$AAr?$AAs?$AAi?$AAo?$AAn?$AA?4?$AAV?$AAe?$AAr?$AAQ?$AAu?$AAe?$AAr?$AAy?$AAV?$AAa?$AAl?$AAu?$AAe?$AA?$CI?$AA?$CC?$AA?2?$AA?$CC@ 0000000180007420     ConEmuLn.obj
 0002:00000478       ??_C@_13FPGAJAPJ@?$AA?2?$AA?$AA@ 0000000180007478     ConEmuLn.obj
 0002:00000480       ??_C@_1FG@LNADFPCE@?$AAL?$AAo?$AAa?$AAd?$AAF?$AAa?$AAr?$AAV?$AAe?$AAr?$AAs?$AAi?$AAo?$AAn?$AA?4?$AAG?$AAe?$AAt?$AAM?$AAo?$AAd?$AAu?$AAl?$AAe?$AAF?$AAi?$AAl?$AAe?$AAN?$AAa?$AAm?$AAe@ 0000000180007480     ConEmuLn.obj
 0002:000004d8       ??_C@_11LOCGONAA@?$AA?$AA@ 00000001800074d8     ConEmuLn.obj
 0002:000004e0       ??_C@_1BE@MMJMCNIO@?$AAC?$AAo?$AAn?$AAE?$AAm?$AAu?$AAL?$AAn?$AA?2?$AA?$AA@ 00000001800074e0     ConEmuLn995.obj
 0002:000004f8       ??_C@_19OMFGMPJN@?$AA?$CF?$AA0?$AA6?$AAX?$AA?$AA@ 00000001800074f8     ConEmuLn995.obj
 0002:00000508       ??_C@_1BC@KLDFICIN@?$AA0?$AAx?$AAX?$AAX?$AAX?$AAX?$AAX?$AAX?$AA?$AA@ 0000000180007508     ConEmuLn995.obj
 0002:00000520       ??_C@_1DE@DJEAMLPH@?$AAC?$AAo?$AAn?$AAE?$AAm?$AAu?$AA?4?$AAM?$AAa?$AAx?$AAi?$AAm?$AAu?$AAs?$AA5?$AA?$EA?$AAg?$AAm?$AAa?$AAi?$AAl?$AA?4?$AAc?$AAo?$AAm?$AA?$AA@ 0000000180007520     ConEmuLn2800.obj
 0002:00000560       ??_C@_1GC@KMIACAL@?$AAP?$AAa?$AAi?$AAn?$AAt?$AA?5?$AAu?$AAn?$AAd?$AAe?$AAr?$AAl?$AAi?$AAn?$AAe?$AAd?$AA?5?$AAb?$AAa?$AAc?$AAk?$AAg?$AAr?$AAo?$AAu?$AAn?$AAd?$AA?5?$AAi?$AAn?$AA?5?$AAt@ 0000000180007560     ConEmuLn2800.obj
 0002:000005c8       ??_C@_1CE@PCHJHFGJ@?$AAC?$AAo?$AAn?$AAE?$AAm?$AAu?$AA?5?$AAU?$AAn?$AAd?$AAe?$AAr?$AAl?$AAi?$AAn?$AAe?$AAs?$AA?$AA@ 00000001800075c8     ConEmuLn2800.obj
 0002:000005ec       ??_C@_04JCFDBOEJ@?$CF06X?$AA@ 00000001800075ec     ConEmuLnA.obj
 0002:000005f8       ??_C@_08KOICIHPP@0xXXXXXX?$AA@ 00000001800075f8     ConEmuLnA.obj
 0002:00000864       __IMPORT_DESCRIPTOR_KERNEL32 0000000180007864     kernel32:KERNEL32.dll
 0002:00000878       __IMPORT_DESCRIPTOR_USER32 0000000180007878     user32:USER32.dll
 0002:0000088c       __IMPORT_DESCRIPTOR_GDI32  000000018000788c     gdi32:GDI32.dll
 0002:000008a0       __IMPORT_DESCRIPTOR_ADVAPI32 00000001800078a0     advapi32:ADVAPI32.dll
 0002:000008b4       __IMPORT_DESCRIPTOR_VERSION 00000001800078b4     version:VERSION.dll
 0002:000008c8       __NULL_IMPORT_DESCRIPTOR   00000001800078c8     kernel32:KERNEL32.dll
 0003:00000000       ?g_TerminatedThreadIdx@@3JA 0000000180008000     WThreads.obj
 0003:00000010       ?gbLinesColorPanel@@3HA    0000000180008010     ConEmuLn.obj
 0003:00000014       ?gcrLinesColorPanel@@3KA   0000000180008014     ConEmuLn.obj
 0003:00000018       ?gcrLinesColorEditor@@3KA  0000000180008018     ConEmuLn.obj
 0003:0000001c       ?gcrLinesColorViewer@@3KA  000000018000801c     ConEmuLn.obj
 0003:00000020       ?gcrHilightPlugBack@@3KA   0000000180008020     ConEmuLn.obj
 0003:00000030       ?gSettings@@3PAUConEmuLnSettings@@A 0000000180008030     ConEmuLn.obj
 0003:00000140       ?Far3Func@@3PAUExportFunc@@A 0000000180008140     ConEmuLn.obj
 0003:00000188       ?guid_ConEmuLn@@3U_GUID@@A 0000000180008188     ConEmuLn2800.obj
 0003:00000198       ?guid_ConEmuLnCfgDlg@@3U_GUID@@A 0000000180008198     ConEmuLn2800.obj
 0003:000001a8       ?guid_ConEmuLnPluginMenu@@3U_GUID@@A 00000001800081a8     ConEmuLn2800.obj
 0003:000001b8       ?guid_ConEmuLnPluginConfig@@3U_GUID@@A 00000001800081b8     ConEmuLn2800.obj
 0003:000089d0       ?g_ThreadsIdx@@3JA         00000001800109d0     WThreads.obj
 0003:000089d8       ?ghPluginModule@@3PEAUHINSTANCE__@@EA 00000001800109d8     ConEmuLn.obj
 0003:000089e0       ?gFarVersion@@3UFarVersion@@A 00000001800109e0     ConEmuLn.obj
 0003:000089ec       ?gbInStartPlugin@@3_NA     00000001800109ec     ConEmuLn.obj
 0003:000089ed       ?gbSetStartupInfoOk@@3_NA  00000001800109ed     ConEmuLn.obj
 0003:000089f8       ?gbBackgroundEnabled@@3HA  00000001800109f8     ConEmuLn.obj
 0003:000089fc       ?gbLinesColorEditor@@3HA   00000001800109fc     ConEmuLn.obj
 0003:00008a00       ?gbLinesColorViewer@@3HA   0000000180010a00     ConEmuLn.obj
 0003:00008a04       ?giHilightType@@3HA        0000000180010a04     ConEmuLn.obj
 0003:00008a08       ?gbHilightPlugins@@3HA     0000000180010a08     ConEmuLn.obj
 0003:00008a0c       ?gbInfoW_OK@@3HA           0000000180010a0c     ConEmuLn.obj
 0003:00008a18       ?InfoW995@@3PEAUPluginStartupInfo@@EA 0000000180010a18     ConEmuLn995.obj
 0003:00008a20       ?FSFW995@@3PEAUFarStandardFunctions@@EA 0000000180010a20     ConEmuLn995.obj
 0003:00008c40       ?InfoW1900@@3PEAUPluginStartupInfo@@EA 0000000180010c40     ConEmuLn1900.obj
 0003:00008c48       ?FSFW1900@@3PEAUFarStandardFunctions@@EA 0000000180010c48     ConEmuLn1900.obj
 0003:00008e60       ?InfoW2800@@3PEAUPluginStartupInfo@@EA 0000000180010e60     ConEmuLn2800.obj
 0003:00008e68       ?FSFW2800@@3PEAUFarStandardFunctions@@EA 0000000180010e68     ConEmuLn2800.obj
 0003:00009080       ?InfoA@@3PEAUPluginStartupInfo@@EA 0000000180011080     ConEmuLnA.obj
 0003:00009088       ?FSFA@@3PEAUFarStandardFunctions@@EA 0000000180011088     ConEmuLnA.obj
 0003:000091a0       ?AssertMsgBox@@3P6AHPEB_WI0PEAUHWND__@@_N@ZEA 00000001800111a0     MAssert.obj
 0003:000091a8       ?ghHeap@@3PEAXEA           00000001800111a8     Memory.obj

 entry point at        0001:00000ebc

 Static symbols

 0001:00000000       ?LoadAppVersion@@YA_NPEB_WAEAUtagVS_FIXEDFILEINFO@@AEAY0CAA@_W@Z 0000000180001000 f   ConEmuLn.obj
 0001:000001f4       ?ChangeExports@@YA_NPEBUExportFunc@@PEAUHINSTANCE__@@@Z 00000001800011f4 f   ConEmuLn.obj
 0001:00001218       ?ConfigDlgProc@@YA_JPEAXHH_J@Z 0000000180002218 f   ConEmuLn995.obj
 0001:0000137c       ?ConfigureProc@@YAHH@Z     000000018000237c f   ConEmuLn995.obj
 0001:00001fdc       ?ConfigDlgProc@@YA_JPEAXHH0@Z 0000000180002fdc f   ConEmuLn1900.obj
 0001:00002140       ?ConfigureProc@@YAHH@Z     0000000180003140 f   ConEmuLn1900.obj
 0001:00003184       ?ConfigDlgProc@@YA_JPEAX_J10@Z 0000000180004184 f   ConEmuLn2800.obj
 0001:000032fc       ?ConfigureProc@@YAHH@Z     00000001800042fc f   ConEmuLn2800.obj
 0001:00004314       ?ConfigDlgProc@@YA_JPEAXHH_J@Z 0000000180005314 f   ConEmuLnA.obj
 0001:00004478       ?ConfigureProc@@YAHH@Z     0000000180005478 f   ConEmuLnA.obj
 0001:00005030       ?strtoxl@@YAKPEB_WPEAPEA_WHH@Z 0000000180006030 f   libCRT64:strtol.obj
 0001:00005240       ?strtoxl@@YAKPEBDPEAPEADHH@Z 0000000180006240 f   libCRT64:strtol.obj
