 ConEmuLn.x64

 Timestamp is 5782e7cc (Mon Jul 11 03:26:52 2016)

 Preferred load address is 0000000180000000

 Start         Length     Name                   Class
 0001:00000000 000001e0H .text                   CODE
 0001:000001e0 0000f3f0H .text$mn                CODE
 0001:0000f5d0 00000020H .text$mn$00             CODE
 0001:0000f5f0 00000270H .text$x                 CODE
 0002:00000000 00000318H .idata$5                DATA
 0002:00000318 00000010H .00cfg                  DATA
 0002:00000328 00000008H .CRT$XCA                DATA
 0002:00000330 00000008H .CRT$XCZ                DATA
 0002:00000338 00000008H .CRT$XIA                DATA
 0002:00000340 00000018H .CRT$XIC                DATA
 0002:00000358 00000008H .CRT$XIZ                DATA
 0002:00000360 00000008H .CRT$XPA                DATA
 0002:00000368 00000010H .CRT$XPX                DATA
 0002:00000378 00000008H .CRT$XPXA               DATA
 0002:00000380 00000008H .CRT$XPZ                DATA
 0002:00000388 00000008H .CRT$XTA                DATA
 0002:00000390 00000010H .CRT$XTZ                DATA
 0002:000003a0 00007888H .rdata                  DATA
 0002:00007c28 00000000H .rdata$r                DATA
 0002:00007c28 00000010H .rdata$zETW0            DATA
 0002:00007c38 00000077H .rdata$zETW1            DATA
 0002:00007caf 0000002cH .rdata$zETW2            DATA
 0002:00007cdb 00000001H .rdata$zETW9            DATA
 0002:00007cdc 00000314H .rdata$zzzdbg           DATA
 0002:00007ff0 00000008H .rtc$IAA                DATA
 0002:00007ff8 00000008H .rtc$IZZ                DATA
 0002:00008000 00000008H .rtc$TAA                DATA
 0002:00008008 00000008H .rtc$TZZ                DATA
 0002:00008010 00000c20H .xdata                  DATA
 0002:00008c30 00000190H .edata                  DATA
 0002:00008dc0 00000064H .idata$2                DATA
 0002:00008e24 00000014H .idata$3                DATA
 0002:00008e38 00000318H .idata$4                DATA
 0002:00009150 000006c4H .idata$6                DATA
 0003:00000000 00000b00H .data                   DATA
 0003:00000b00 00000000H .data$r                 DATA
 0003:00000b00 0000a1a8H .bss                    DATA
 0004:00000000 00000fa8H .pdata                  DATA
 0005:00000000 00000080H .gfids$x                DATA
 0005:00000080 0000001cH .gfids$y                DATA
 0006:00000000 00000060H .rsrc$01                DATA
 0006:00000060 00000318H .rsrc$02                DATA

  Address         Publics by Value              Rva+Base               Lib:Object

 0000:00000000       __guard_iat_table          0000000000000000     <absolute>
 0000:00000000       __dynamic_value_reloc_table 0000000000000000     <absolute>
 0000:00000000       __guard_iat_count          0000000000000000     <absolute>
 0000:00000000       __guard_longjmp_table      0000000000000000     <absolute>
 0000:00000000       __guard_longjmp_count      0000000000000000     <absolute>
 0000:00000000       __guard_fids_count         0000000000000000     <absolute>
 0000:00000000       ___safe_se_handler_table   0000000000000000     <absolute>
 0000:00000000       ___safe_se_handler_count   0000000000000000     <absolute>
 0000:00000000       __guard_fids_table         0000000000000000     <absolute>
 0000:00000100       __guard_flags              0000000000000100     <absolute>
 0000:00000000       __ImageBase                0000000180000000     <linker-defined>
 0001:00000000       ?TraceLoggingRegister@__vcrt_trace_logging_provider@@YAJPEBU_TlgProvider_t@1@PEBU_GUID@@P6AX1KE_K2PEAU_EVENT_FILTER_DESCRIPTOR@@PEAX@Z4@Z 0000000180001000 f i libvcruntime:telemetry.obj
 0001:0000007c       ?_TlgEnableCallback@__vcrt_trace_logging_provider@@YAXPEBU_GUID@@KE_K1PEAU_EVENT_FILTER_DESCRIPTOR@@PEAX@Z 000000018000107c f i libvcruntime:telemetry.obj
 0001:00000140       ?_TlgWrite@__vcrt_trace_logging_provider@@YAJPEBU_TlgProvider_t@1@PEFBXPEBU_GUID@@2IPEAU_EVENT_DATA_DESCRIPTOR@@@Z 0000000180001140 f i libvcruntime:telemetry.obj
 0001:000001e0       ConfigureW                 00000001800011e0 f   ConEmuLn.obj
 0001:00000218       ExitFARW                   0000000180001218 f   ConEmuLn.obj
 0001:00000218       ?ExitFARW3@@YAXPEAX@Z      0000000180001218 f   ConEmuLn.obj
 0001:00000250       ?ConfigureW3@@YAHPEAX@Z    0000000180001250 f   ConEmuLn.obj
 0001:000003ec       ?ExitPlugin@@YAXXZ         00000001800013ec f   ConEmuLn.obj
 0001:00000440       ?GetMsgW@@YAPEB_WH@Z       0000000180001440 f   ConEmuLn.obj
 0001:0000047c       ?GetPluginInfoWcmn@@YAXPEAX@Z 000000018000147c f   ConEmuLn.obj
 0001:000004a0       ?LoadFarVersion@@YAHXZ     00000001800014a0 f   ConEmuLn.obj
 0001:000007b4       ?OnConEmuLoaded@@YAXPEAUConEmuLoadedArg@@@Z 00000001800017b4 f   ConEmuLn.obj
 0001:000007e8       ?OpenPluginWcmn@@YAPEAXH_J@Z 00000001800017e8 f   ConEmuLn.obj
 0001:00000820       ?OpenW@@YAPEAXPEBX@Z       0000000180001820 f   ConEmuLn.obj
 0001:00000850       ?PaintBack@@YAXPEAUHDC__@@KUtagRECT@@@Z 0000000180001850 f   ConEmuLn.obj
 0001:00000898       ?PaintConEmuBackground@@YAHPEAUPaintBackgroundArg@@@Z 0000000180001898 f   ConEmuLn.obj
 0001:00000b2c       ?PaintLines@@YAXPEAUHDC__@@KHHHHH@Z 0000000180001b2c f   ConEmuLn.obj
 0001:00000c58       ?SettingsLoad@@YAXXZ       0000000180001c58 f   ConEmuLn.obj
 0001:00000cb0       ?SettingsLoadReg@@YAXPEB_W@Z 0000000180001cb0 f   ConEmuLn.obj
 0001:00000dbc       ?SettingsSave@@YAXXZ       0000000180001dbc f   ConEmuLn.obj
 0001:00000df4       ?SettingsSaveReg@@YAXPEB_W@Z 0000000180001df4 f   ConEmuLn.obj
 0001:00000eb8       ?StartPlugin@@YAXH@Z       0000000180001eb8 f   ConEmuLn.obj
 0001:00001054       ?StringCchCatW@@YAJPEA_W_KPEB_W@Z 0000000180002054 f i ConEmuLn.obj
 0001:00001118       ?StringCchCopyW@@YAJPEA_W_KPEB_W@Z 0000000180002118 f i ConEmuLn.obj
 0001:00001190       DllMain                    0000000180002190 f   ConEmuLn.obj
 0001:000011e8       GetMinFarVersionW          00000001800021e8 f   ConEmuLn.obj
 0001:000011f0       SetStartupInfoW            00000001800021f0 f   ConEmuLn.obj
 0001:00001bb4       ?ConfigureW995@@YAHH@Z     0000000180002bb4 f   ConEmuLn995.obj
 0001:00001bc8       ?ExitFARW995@@YAXXZ        0000000180002bc8 f   ConEmuLn995.obj
 0001:00001c1c       ?GetMsgW995@@YAPEB_WH@Z    0000000180002c1c f   ConEmuLn995.obj
 0001:00001c44       ?GetPluginInfoW995@@YAXPEAX@Z 0000000180002c44 f   ConEmuLn995.obj
 0001:00001cb4       ?SetStartupInfoW995@@YAXPEAX@Z 0000000180002cb4 f   ConEmuLn995.obj
 0001:00001e50       ?SettingsLoadW995@@YAXXZ   0000000180002e50 f   ConEmuLn995.obj
 0001:00001e5c       ?SettingsSaveW995@@YAXXZ   0000000180002e5c f   ConEmuLn995.obj
 0001:00001e68       OpenPluginW                0000000180002e68 f   ConEmuLn995.obj
 0001:00002864       ?ConfigureW1900@@YAHH@Z    0000000180003864 f   ConEmuLn1900.obj
 0001:00002878       ?ExitFARW1900@@YAXXZ       0000000180003878 f   ConEmuLn1900.obj
 0001:000028b4       ?GetMsgW1900@@YAPEB_WH@Z   00000001800038b4 f   ConEmuLn1900.obj
 0001:000028e0       ?GetPluginInfoW1900@@YAXPEAX@Z 00000001800038e0 f   ConEmuLn1900.obj
 0001:00002964       ?OpenW2800@@YAPEAXPEBX@Z   0000000180003964 f   ConEmuLn2800.obj
 0001:00002964       ?OpenW1900@@YAPEAXPEBX@Z   0000000180003964 f   ConEmuLn1900.obj
 0001:0000297c       ?SetStartupInfoW1900@@YAXPEAX@Z 000000018000397c f   ConEmuLn1900.obj
 0001:00002ab4       ?SettingsLoadW1900@@YAXXZ  0000000180003ab4 f   ConEmuLn1900.obj
 0001:00002bf4       ?SettingsSaveW1900@@YAXXZ  0000000180003bf4 f   ConEmuLn1900.obj
 0001:000037e8       ?ConfigureW2800@@YAHH@Z    00000001800047e8 f   ConEmuLn2800.obj
 0001:000037fc       ?ExitFARW2800@@YAXXZ       00000001800047fc f   ConEmuLn2800.obj
 0001:00003838       ?GetMsgW2800@@YAPEB_WH@Z   0000000180004838 f   ConEmuLn2800.obj
 0001:00003864       ?GetPluginInfoW2800@@YAXPEAX@Z 0000000180004864 f   ConEmuLn2800.obj
 0001:000038e8       ?SetStartupInfoW2800@@YAXPEAX@Z 00000001800048e8 f   ConEmuLn2800.obj
 0001:00003a20       ?SettingsLoadW2800@@YAXXZ  0000000180004a20 f   ConEmuLn2800.obj
 0001:00003b68       ?SettingsSaveW2800@@YAXXZ  0000000180004b68 f   ConEmuLn2800.obj
 0001:00003c84       GetGlobalInfoW             0000000180004c84 f   ConEmuLn2800.obj
 0001:000046e8       ?SettingsLoadA@@YAXXZ      00000001800056e8 f   ConEmuLnA.obj
 0001:000046f4       ?SettingsSaveA@@YAXXZ      00000001800056f4 f   ConEmuLnA.obj
 0001:00004700       Configure                  0000000180005700 f   ConEmuLnA.obj
 0001:00004714       ExitFAR                    0000000180005714 f   ConEmuLnA.obj
 0001:00004770       GetMinFarVersion           0000000180005770 f   ConEmuLnA.obj
 0001:000047a8       GetPluginInfo              00000001800057a8 f   ConEmuLnA.obj
 0001:00004830       OpenPlugin                 0000000180005830 f   ConEmuLnA.obj
 0001:00004850       SetStartupInfo             0000000180005850 f   ConEmuLnA.obj
 0001:00004a18       ?HeapDeinitialize@@YAXXZ   0000000180005a18 f   Memory.obj
 0001:00004a3c       ?HeapInitialize@@YA_NXZ    0000000180005a3c f   Memory.obj
 0001:00004a74       ?xf_calloc@@YAPEAX_K0@Z    0000000180005a74 f   Memory.obj
 0001:00004a90       ?xf_free@@YAXPEAX@Z        0000000180005a90 f   Memory.obj
 0001:00004ab6       GetFileVersionInfoSizeW    0000000180005ab6 f   version:VERSION.dll
 0001:00004abc       GetFileVersionInfoW        0000000180005abc f   version:VERSION.dll
 0001:00004ac2       VerQueryValueW             0000000180005ac2 f   version:VERSION.dll
 0001:00004ae0       _alloca_probe              0000000180005ae0 f   LIBCMT:_chkstk_.obj
 0001:00004ae0       __chkstk                   0000000180005ae0 f   LIBCMT:_chkstk_.obj
 0001:00004ea4       _DllMainCRTStartup         0000000180005ea4 f   LIBCMT:dll_dllmain.obj
 0001:00004ee4       __scrt_acquire_startup_lock 0000000180005ee4 f   LIBCMT:utility.obj
 0001:00004f20       __scrt_dllmain_after_initialize_c 0000000180005f20 f   LIBCMT:utility.obj
 0001:00004f54       __scrt_dllmain_before_initialize_c 0000000180005f54 f   LIBCMT:utility.obj
 0001:00004f6c       __scrt_dllmain_crt_thread_attach 0000000180005f6c f   LIBCMT:utility.obj
 0001:00004f94       __scrt_dllmain_crt_thread_detach 0000000180005f94 f   LIBCMT:utility.obj
 0001:00004fac       __scrt_dllmain_exception_filter 0000000180005fac f   LIBCMT:utility.obj
 0001:00005010       __scrt_dllmain_uninitialize_c 0000000180006010 f   LIBCMT:utility.obj
 0001:00005040       __scrt_dllmain_uninitialize_critical 0000000180006040 f   LIBCMT:utility.obj
 0001:00005054       __scrt_initialize_crt      0000000180006054 f   LIBCMT:utility.obj
 0001:000050a0       __scrt_initialize_onexit_tables 00000001800060a0 f   LIBCMT:utility.obj
 0001:0000516c       __scrt_is_nonwritable_in_current_image 000000018000616c f   LIBCMT:utility.obj
 0001:00005208       __scrt_release_startup_lock 0000000180006208 f   LIBCMT:utility.obj
 0001:0000522c       __scrt_uninitialize_crt    000000018000622c f   LIBCMT:utility.obj
 0001:00005258       _onexit                    0000000180006258 f   LIBCMT:utility.obj
 0001:000052a8       atexit                     00000001800062a8 f   LIBCMT:utility.obj
 0001:000052c0       __security_init_cookie     00000001800062c0 f   LIBCMT:gs_support.obj
 0001:0000536c       ?__scrt_initialize_type_info@@YAXXZ 000000018000636c f   LIBCMT:tncleanup.obj
 0001:0000537c       ?__scrt_uninitialize_type_info@@YAXXZ 000000018000637c f   LIBCMT:tncleanup.obj
 0001:00005388       __local_stdio_printf_options 0000000180006388 f i LIBCMT:default_local_stdio_options.obj
 0001:00005390       __local_stdio_scanf_options 0000000180006390 f i LIBCMT:default_local_stdio_options.obj
 0001:00005398       __scrt_initialize_default_local_stdio_options 0000000180006398 f   LIBCMT:default_local_stdio_options.obj
 0001:000053b4       __scrt_get_dyn_tls_init_callback 00000001800063b4 f   LIBCMT:dyn_tls_init.obj
 0001:000053bc       __crt_debugger_hook        00000001800063bc f   LIBCMT:utility_desktop.obj
 0001:000053c4       __scrt_fastfail            00000001800063c4 f   LIBCMT:utility_desktop.obj
 0001:0000550c       _RTC_Initialize            000000018000650c f   LIBCMT:_initsect_.obj
 0001:00005558       _RTC_Terminate             0000000180006558 f   LIBCMT:_initsect_.obj
 0001:000055a4       _guard_check_icall         00000001800065a4 f i LIBCMT:checkcfg.obj
 0001:000055ac       __isa_available_init       00000001800065ac f   LIBCMT:_cpu_disp_.obj
 0001:00005770       _get_startup_argv_mode     0000000180006770 f   LIBCMT:argv_mode.obj
 0001:00005778       __scrt_is_ucrt_dll_in_use  0000000180006778 f   LIBCMT:ucrt_detection.obj
 0001:00005790       __C_specific_handler       0000000180006790 f   libvcruntime:_chandler_.obj
 0001:000059a0       memcpy                     00000001800069a0 f   libvcruntime:memcpy.obj
 0001:000059a0       memmove                    00000001800069a0 f   libvcruntime:memcpy.obj
 0001:00005df0       memset                     0000000180006df0 f   libvcruntime:memset.obj
 0001:00005f94       __telemetry_main_invoke_trigger 0000000180006f94 f   libvcruntime:telemetry.obj
 0001:000060ac       __telemetry_main_return_trigger 00000001800070ac f   libvcruntime:telemetry.obj
 0001:000061c4       __vcrt_initialize_telemetry_provider 00000001800071c4 f   libvcruntime:telemetry.obj
 0001:000061d8       __vcrt_uninitialize_telemetry_provider 00000001800071d8 f   libvcruntime:telemetry.obj
 0001:000061f8       __vcrt_initialize          00000001800071f8 f   libvcruntime:initialization.obj
 0001:00006230       __vcrt_thread_attach       0000000180007230 f   libvcruntime:initialization.obj
 0001:00006244       __vcrt_thread_detach       0000000180007244 f   libvcruntime:initialization.obj
 0001:00006258       __vcrt_uninitialize        0000000180007258 f   libvcruntime:initialization.obj
 0001:00006284       __vcrt_uninitialize_critical 0000000180007284 f   libvcruntime:initialization.obj
 0001:00006294       __std_type_info_destroy_list 0000000180007294 f   libvcruntime:std_type_info.obj
 0001:000062d0       _local_unwind              00000001800072d0 f   libvcruntime:_jmpuwind_.obj
 0001:00006300       _NLG_Notify                0000000180007300 f   libvcruntime:_jmpuwind_.obj
 0001:00006320       __NLG_Dispatch2            0000000180007320 f   libvcruntime:_jmpuwind_.obj
 0001:00006330       __NLG_Return2              0000000180007330 f   libvcruntime:_jmpuwind_.obj
 0001:00006334       _guard_check_icall_nop     0000000180007334 f   LIBCMT:guard_support.obj
 0001:00006334       __except_validate_context_record 0000000180007334 f   libvcruntime:jbcxrval.obj
 0001:00006500       __vcrt_EventRegister       0000000180007500 f   libvcruntime:winapi_downlevel.obj
 0001:00006584       __vcrt_EventSetInformation 0000000180007584 f   libvcruntime:winapi_downlevel.obj
 0001:00006608       __vcrt_EventUnregister     0000000180007608 f   libvcruntime:winapi_downlevel.obj
 0001:0000665c       __vcrt_EventWriteTransfer  000000018000765c f   libvcruntime:winapi_downlevel.obj
 0001:000066f4       __vcrt_FlsAlloc            00000001800076f4 f   libvcruntime:winapi_downlevel.obj
 0001:00006748       __vcrt_FlsFree             0000000180007748 f   libvcruntime:winapi_downlevel.obj
 0001:0000679c       __vcrt_FlsGetValue         000000018000779c f   libvcruntime:winapi_downlevel.obj
 0001:000067f0       __vcrt_FlsSetValue         00000001800077f0 f   libvcruntime:winapi_downlevel.obj
 0001:00006858       __vcrt_InitializeCriticalSectionEx 0000000180007858 f   libvcruntime:winapi_downlevel.obj
 0001:000068d0       __vcrt_initialize_winapi_thunks 00000001800078d0 f   libvcruntime:winapi_downlevel.obj
 0001:00006908       __vcrt_uninitialize_winapi_thunks 0000000180007908 f   libvcruntime:winapi_downlevel.obj
 0001:00006948       __vcrt_freefls             0000000180007948 f   libvcruntime:per_thread_data.obj
 0001:00006968       __vcrt_freeptd             0000000180007968 f   libvcruntime:per_thread_data.obj
 0001:000069b8       __vcrt_getptd_noexit       00000001800079b8 f   libvcruntime:per_thread_data.obj
 0001:00006a70       __vcrt_initialize_ptd      0000000180007a70 f   libvcruntime:per_thread_data.obj
 0001:00006ab0       __vcrt_uninitialize_ptd    0000000180007ab0 f   libvcruntime:per_thread_data.obj
 0001:00006ad4       __vcrt_initialize_locks    0000000180007ad4 f   libvcruntime:locks.obj
 0001:00006b1c       __vcrt_uninitialize_locks  0000000180007b1c f   libvcruntime:locks.obj
 0001:00006b54       __vcrt_initialize_pure_virtual_call_handler 0000000180007b54 f   libvcruntime:purevirt_data.obj
 0001:00006b78       ??$is_overflow_condition@K@__crt_strtox@@YA_NIK@Z 0000000180007b78 f i libucrt:strtox.obj
 0001:00006ba4       ??$make_c_string_character_source@DPEAPEAD@__crt_strtox@@YA?AV?$c_string_character_source@D@0@QEBDQEAPEAD@Z 0000000180007ba4 f i libucrt:strtox.obj
 0001:00006ba4       ??$make_c_string_character_source@_WPEAPEA_W@__crt_strtox@@YA?AV?$c_string_character_source@_W@0@QEB_WQEAPEA_W@Z 0000000180007ba4 f i libucrt:strtox.obj
 0001:00006bb8       ??$parse_integer@KV?$c_string_character_source@D@__crt_strtox@@@__crt_strtox@@YAKQEAU__crt_locale_pointers@@V?$c_string_character_source@D@0@H_N@Z 0000000180007bb8 f i libucrt:strtox.obj
 0001:00006ecc       ??$parse_integer@KV?$c_string_character_source@_W@__crt_strtox@@@__crt_strtox@@YAKQEAU__crt_locale_pointers@@V?$c_string_character_source@_W@0@H_N@Z 0000000180007ecc f i libucrt:strtox.obj
 0001:000075a0       ??0_LocaleUpdate@@QEAA@QEAU__crt_locale_pointers@@@Z 00000001800085a0 f i libucrt:strtox.obj
 0001:00007630       strtoul                    0000000180008630 f   libucrt:strtox.obj
 0001:00007660       wcstoul                    0000000180008660 f   libucrt:strtox.obj
 0001:00007690       _initterm                  0000000180008690 f   libucrt:initterm.obj
 0001:00007708       _initterm_e                0000000180008708 f   libucrt:initterm.obj
 0001:00007754       _seh_filter_dll            0000000180008754 f   libucrt:exception_filter.obj
 0001:00007768       _seh_filter_exe            0000000180008768 f   libucrt:exception_filter.obj
 0001:00007b28       __acrt_initialize_thread_local_exit_callback 0000000180008b28 f   libucrt:exit.obj
 0001:00007b30       _cexit                     0000000180008b30 f   libucrt:exit.obj
 0001:00007b40       _exit                      0000000180008b40 f   libucrt:exit.obj
 0001:00007b4c       _is_c_termination_complete 0000000180008b4c f   libucrt:exit.obj
 0001:00007d10       __acrt_allocate_buffer_for_argv 0000000180008d10 f   libucrt:argv_parsing.obj
 0001:00007d74       _configure_narrow_argv     0000000180008d74 f   libucrt:argv_parsing.obj
 0001:000080d0       __dcrt_uninitialize_environments_nolock 00000001800090d0 f   libucrt:environment_initialization.obj
 0001:00008108       _initialize_narrow_environment 0000000180009108 f   libucrt:environment_initialization.obj
 0001:00008110       ??$?RV<lambda_b8c45f8f788dd370798f47cfe8ac3a86>@@AEAV<lambda_4e60a939b0d047cfe11ddc22648dfba9>@@V<lambda_332c3edc96d0294ec56c57d38c1cdfd5>@@@?$__crt_seh_guarded_call@H@@QEAAH$$QEAV<lambda_b8c45f8f788dd370798f47cfe8ac3a86>@@AEAV<lambda_4e60a939b0d047cfe11ddc22648dfba9>@@$$QEAV<lambda_332c3edc96d0294ec56c57d38c1cdfd5>@@@Z 0000000180009110 f i libucrt:onexit.obj
 0001:0000814c       ??$?RV<lambda_e24bbb7b643b32fcea6fa61b31d4c984>@@AEAV<lambda_275893d493268fdec8709772e3fcec0e>@@V<lambda_9d71df4d7cf3f480f8d633942495c3b0>@@@?$__crt_seh_guarded_call@H@@QEAAH$$QEAV<lambda_e24bbb7b643b32fcea6fa61b31d4c984>@@AEAV<lambda_275893d493268fdec8709772e3fcec0e>@@$$QEAV<lambda_9d71df4d7cf3f480f8d633942495c3b0>@@@Z 000000018000914c f i libucrt:onexit.obj
 0001:000084c8       _crt_atexit                00000001800094c8 f   libucrt:onexit.obj
 0001:000084d8       _execute_onexit_table      00000001800094d8 f   libucrt:onexit.obj
 0001:00008514       _initialize_onexit_table   0000000180009514 f   libucrt:onexit.obj
 0001:00008554       _register_onexit_function  0000000180009554 f   libucrt:onexit.obj
 0001:000085d4       __acrt_uninitialize_command_line 00000001800095d4 f   libucrt:argv_data.obj
 0001:000086b0       ??$uninitialize@V<lambda_30a498feb8538b5c3153c22026e33470>@@@?$dual_state_global@PEAU__crt_multibyte_data@@@__crt_state_management@@QEAAX$$QEAV<lambda_30a498feb8538b5c3153c22026e33470>@@@Z 00000001800096b0 f i libucrt:initialization.obj
 0001:00008730       __acrt_initialize          0000000180009730 f   libucrt:initialization.obj
 0001:00008744       __acrt_thread_attach       0000000180009744 f   libucrt:initialization.obj
 0001:00008758       __acrt_thread_detach       0000000180009758 f   libucrt:initialization.obj
 0001:00008768       __acrt_uninitialize        0000000180009768 f   libucrt:initialization.obj
 0001:0000877c       __acrt_uninitialize_critical 000000018000977c f   libucrt:initialization.obj
 0001:0000878c       terminate                  000000018000978c f   libucrt:terminate.obj
 0001:000087b4       _free_base                 00000001800097b4 f   libucrt:free_base.obj
 0001:000087f4       _malloc_base               00000001800097f4 f   libucrt:malloc_base.obj
 0001:00008854       strcpy_s                   0000000180009854 f   libucrt:strcpy_s.obj
 0001:000088b4       abort                      00000001800098b4 f   libucrt:abort.obj
 0001:0000890c       _calloc_base               000000018000990c f   libucrt:calloc_base.obj
 0001:00008984       __acrt_call_reportfault    0000000180009984 f   libucrt:invalid_parameter.obj
 0001:00008ae0       __acrt_initialize_invalid_parameter_handler 0000000180009ae0 f   libucrt:invalid_parameter.obj
 0001:00008ae8       _invalid_parameter         0000000180009ae8 f   libucrt:invalid_parameter.obj
 0001:00008b90       _invalid_parameter_noinfo  0000000180009b90 f   libucrt:invalid_parameter.obj
 0001:00008bb0       _invoke_watson             0000000180009bb0 f   libucrt:invalid_parameter.obj
 0001:00008bf8       __acrt_errno_from_os_error 0000000180009bf8 f   libucrt:errno.obj
 0001:00008c40       __acrt_errno_map_os_error  0000000180009c40 f   libucrt:errno.obj
 0001:00008c90       __doserrno                 0000000180009c90 f   libucrt:errno.obj
 0001:00008cb0       _errno                     0000000180009cb0 f   libucrt:errno.obj
 0001:00008cd0       __pctype_func              0000000180009cd0 f   libucrt:ctype.obj
 0001:00008d00       iswctype                   0000000180009d00 f   libucrt:iswctype.obj
 0001:00008d70       _isctype_l                 0000000180009d70 f   libucrt:isctype.obj
 0001:00008e80       ??$?RV<lambda_46352004c1216016012b18bd6f87e700>@@AEAV<lambda_3bd07e1a1191394380780325891bf33f>@@V<lambda_334532d3f185bcaa59b5be82d7d22bff>@@@?$__crt_seh_guarded_call@X@@QEAAX$$QEAV<lambda_46352004c1216016012b18bd6f87e700>@@AEAV<lambda_3bd07e1a1191394380780325891bf33f>@@$$QEAV<lambda_334532d3f185bcaa59b5be82d7d22bff>@@@Z 0000000180009e80 f i libucrt:per_thread_data.obj
 0001:00008ee0       ??$?RV<lambda_5e887d1dcbef67a5eb4283622ba103bf>@@AEAV<lambda_4466841279450cc726390878d4a41900>@@V<lambda_341c25c0346d94847f1f3c463c57e077>@@@?$__crt_seh_guarded_call@X@@QEAAX$$QEAV<lambda_5e887d1dcbef67a5eb4283622ba103bf>@@AEAV<lambda_4466841279450cc726390878d4a41900>@@$$QEAV<lambda_341c25c0346d94847f1f3c463c57e077>@@@Z 0000000180009ee0 f i libucrt:per_thread_data.obj
 0001:00008f28       ??$?RV<lambda_72d1df2b273a38828b1ce30cbf4cdab5>@@AEAV<lambda_876a65b173b8412d3a47c70a915b0cf4>@@V<lambda_41932305e351933ebe8f8be3ed8bb5dc>@@@?$__crt_seh_guarded_call@X@@QEAAX$$QEAV<lambda_72d1df2b273a38828b1ce30cbf4cdab5>@@AEAV<lambda_876a65b173b8412d3a47c70a915b0cf4>@@$$QEAV<lambda_41932305e351933ebe8f8be3ed8bb5dc>@@@Z 0000000180009f28 f i libucrt:per_thread_data.obj
 0001:00008f68       ??$?RV<lambda_fb3a7dec4e47f37f22dae91bb15c9095>@@AEAV<lambda_698284760c8add0bfb0756c19673e34b>@@V<lambda_dfb8eca1e75fef3034a8fb18dd509707>@@@?$__crt_seh_guarded_call@X@@QEAAX$$QEAV<lambda_fb3a7dec4e47f37f22dae91bb15c9095>@@AEAV<lambda_698284760c8add0bfb0756c19673e34b>@@$$QEAV<lambda_dfb8eca1e75fef3034a8fb18dd509707>@@@Z 0000000180009f68 f i libucrt:per_thread_data.obj
 0001:000091f8       __acrt_freeptd             000000018000a1f8 f   libucrt:per_thread_data.obj
 0001:0000923c       __acrt_getptd              000000018000a23c f   libucrt:per_thread_data.obj
 0001:000092d0       __acrt_getptd_head         000000018000a2d0 f   libucrt:per_thread_data.obj
 0001:00009344       __acrt_getptd_noexit       000000018000a344 f   libucrt:per_thread_data.obj
 0001:000093e4       __acrt_initialize_ptd      000000018000a3e4 f   libucrt:per_thread_data.obj
 0001:00009420       __acrt_uninitialize_ptd    000000018000a420 f   libucrt:per_thread_data.obj
 0001:00009444       __acrt_update_locale_info  000000018000a444 f   libucrt:locale_update.obj
 0001:00009478       __acrt_update_multibyte_info 000000018000a478 f   libucrt:locale_update.obj
 0001:000094ac       ??$?RV<lambda_9431c60049192bb82166e0947f95a2e9>@@AEAV<lambda_85fa512c59a4d94d4a89f575eefd92a6>@@V<lambda_487febba6ca58d9ce348204d67e1dba3>@@@?$__crt_seh_guarded_call@X@@QEAAX$$QEAV<lambda_9431c60049192bb82166e0947f95a2e9>@@AEAV<lambda_85fa512c59a4d94d4a89f575eefd92a6>@@$$QEAV<lambda_487febba6ca58d9ce348204d67e1dba3>@@@Z 000000018000a4ac f i libucrt:wsetlocale.obj
 0001:0000951c       __acrt_set_locale_changed  000000018000a51c f   libucrt:wsetlocale.obj
 0001:00009528       __acrt_uninitialize_locale 000000018000a528 f   libucrt:wsetlocale.obj
 0001:00009558       __acrt_initialize_locks    000000018000a558 f   libucrt:locks.obj
 0001:000095a0       __acrt_lock                000000018000a5a0 f   libucrt:locks.obj
 0001:000095bc       __acrt_uninitialize_locks  000000018000a5bc f   libucrt:locks.obj
 0001:000095f4       __acrt_unlock              000000018000a5f4 f   libucrt:locks.obj
 0001:000097b0       __acrt_FlsAlloc            000000018000a7b0 f   libucrt:winapi_thunks.obj
 0001:00009808       __acrt_FlsFree             000000018000a808 f   libucrt:winapi_thunks.obj
 0001:00009860       __acrt_FlsGetValue         000000018000a860 f   libucrt:winapi_thunks.obj
 0001:000098b8       __acrt_FlsSetValue         000000018000a8b8 f   libucrt:winapi_thunks.obj
 0001:00009920       __acrt_InitializeCriticalSectionEx 000000018000a920 f   libucrt:winapi_thunks.obj
 0001:00009998       __acrt_LCMapStringEx       000000018000a998 f   libucrt:winapi_thunks.obj
 0001:00009a88       __acrt_LocaleNameToLCID    000000018000aa88 f   libucrt:winapi_thunks.obj
 0001:00009af0       __acrt_initialize_winapi_thunks 000000018000aaf0 f   libucrt:winapi_thunks.obj
 0001:00009b28       __acrt_is_packaged_app     000000018000ab28 f   libucrt:winapi_thunks.obj
 0001:00009bb0       __acrt_uninitialize_winapi_thunks 000000018000abb0 f   libucrt:winapi_thunks.obj
 0001:0000a0d0       ?expand_if_necessary@?$argument_list@D@?A0x5f5c8891@@AEAAHXZ 000000018000b0d0 f i libucrt:argv_wildcards.obj
 0001:0000a198       __acrt_expand_narrow_argv_wildcards 000000018000b198 f   libucrt:argv_wildcards.obj
 0001:0000a1a0       ??$?RV<lambda_efb9b808e93e29b6b799d3875462c817>@@AEAV<lambda_2c5d36f8a66580c563e29092409944b2>@@V<lambda_31e551fca1567ef2425714047646aa90>@@@?$__crt_seh_guarded_call@X@@QEAAX$$QEAV<lambda_efb9b808e93e29b6b799d3875462c817>@@AEAV<lambda_2c5d36f8a66580c563e29092409944b2>@@$$QEAV<lambda_31e551fca1567ef2425714047646aa90>@@@Z 000000018000b1a0 f i libucrt:mbctype.obj
 0001:0000a8e8       __acrt_initialize_multibyte 000000018000b8e8 f   libucrt:mbctype.obj
 0001:0000a948       __acrt_update_thread_multibyte_data 000000018000b948 f   libucrt:mbctype.obj
 0001:0000a964       _setmbcp_nolock            000000018000b964 f   libucrt:mbctype.obj
 0001:0000ac84       _ismbblead                 000000018000bc84 f   libucrt:ismbbyte.obj
 0001:0000ac98       __acrt_initialize_command_line 000000018000bc98 f   libucrt:argv_data.obj
 0001:0000acc0       __dcrt_get_narrow_environment_from_os 000000018000bcc0 f   libucrt:get_environment_from_os.obj
 0001:0000adc4       _recalloc                  000000018000bdc4 f   libucrt:recalloc.obj
 0001:0000adcc       _recalloc_base             000000018000bdcc f   libucrt:recalloc.obj
 0001:0000ae64       __acrt_initialize_heap     000000018000be64 f   libucrt:heap_handle.obj
 0001:0000ae80       __acrt_uninitialize_heap   000000018000be80 f   libucrt:heap_handle.obj
 0001:0000b074       __acrt_initialize_lowio    000000018000c074 f   libucrt:ioinit.obj
 0001:0000b0b0       __acrt_uninitialize_lowio  000000018000c0b0 f   libucrt:ioinit.obj
 0001:0000b0f0       __acrt_execute_initializers 000000018000c0f0 f   libucrt:shared_initialization.obj
 0001:0000b184       __acrt_execute_uninitializers 000000018000c184 f   libucrt:shared_initialization.obj
 0001:0000b1d4       __acrt_initialize_new_handler 000000018000c1d4 f   libucrt:new_handler.obj
 0001:0000b1dc       _callnewh                  000000018000c1dc f   libucrt:new_handler.obj
 0001:0000b21c       _query_new_handler         000000018000c21c f   libucrt:new_handler.obj
 0001:0000b250       ??$?RV<lambda_c36588078e9f5dfd39652860aa6b3aaf>@@AEAV<lambda_ec61778202f4f5fc7e7711acc23c3bca>@@V<lambda_dc9d2797ccde5d239b4a0efae8ebd7db>@@@?$__crt_seh_guarded_call@P6AXH@Z@@QEAAP6AXH@Z$$QEAV<lambda_c36588078e9f5dfd39652860aa6b3aaf>@@AEAV<lambda_ec61778202f4f5fc7e7711acc23c3bca>@@$$QEAV<lambda_dc9d2797ccde5d239b4a0efae8ebd7db>@@@Z 000000018000c250 f i libucrt:signal.obj
 0001:0000b298       __acrt_get_sigabrt_handler 000000018000c298 f   libucrt:signal.obj
 0001:0000b2c8       __acrt_initialize_signal_handlers 000000018000c2c8 f   libucrt:signal.obj
 0001:0000b2e8       raise                      000000018000c2e8 f   libucrt:signal.obj
 0001:0000b584       __acrt_has_user_matherr    000000018000c584 f   libucrt:matherr.obj
 0001:0000b5a4       __acrt_initialize_user_matherr 000000018000c5a4 f   libucrt:matherr.obj
 0001:0000b5ac       __acrt_invoke_user_matherr 000000018000c5ac f   libucrt:matherr.obj
 0001:0000b5f4       _query_new_mode            000000018000c5f4 f   libucrt:new_mode.obj
 0001:0000b5fc       _mbtowc_l                  000000018000c5fc f   libucrt:mbtowc.obj
 0001:0000b744       mbtowc                     000000018000c744 f   libucrt:mbtowc.obj
 0001:0000b74c       _fileno                    000000018000c74c f   libucrt:fileno.obj
 0001:0000b774       __acrt_initialize_stdio    000000018000c774 f   libucrt:_file.obj
 0001:0000b894       __acrt_uninitialize_stdio  000000018000c894 f   libucrt:_file.obj
 0001:0000b8f0       _lock_file                 000000018000c8f0 f   libucrt:_file.obj
 0001:0000b8fc       _unlock_file               000000018000c8fc f   libucrt:_file.obj
 0001:0000b908       _isleadbyte_l              000000018000c908 f i libucrt:_wctype.obj
 0001:0000b948       __acrt_GetStringTypeA      000000018000c948 f   libucrt:getstringtypea.obj
 0001:0000bafc       __acrt_add_locale_ref      000000018000cafc f   libucrt:locale_refcounting.obj
 0001:0000bb88       __acrt_free_locale         000000018000cb88 f   libucrt:locale_refcounting.obj
 0001:0000bd00       __acrt_locale_add_lc_time_reference 000000018000cd00 f   libucrt:locale_refcounting.obj
 0001:0000bd28       __acrt_locale_free_lc_time_if_unreferenced 000000018000cd28 f   libucrt:locale_refcounting.obj
 0001:0000bd60       __acrt_locale_release_lc_time_reference 000000018000cd60 f   libucrt:locale_refcounting.obj
 0001:0000bd88       __acrt_release_locale_ref  000000018000cd88 f   libucrt:locale_refcounting.obj
 0001:0000be30       __acrt_update_thread_locale_data 000000018000ce30 f   libucrt:locale_refcounting.obj
 0001:0000bea0       _updatetlocinfoEx_nolock   000000018000cea0 f   libucrt:locale_refcounting.obj
 0001:0000bf08       __acrt_locale_free_monetary 000000018000cf08 f   libucrt:initmon.obj
 0001:0000c014       __acrt_locale_free_numeric 000000018000d014 f   libucrt:initnum.obj
 0001:0000c0d8       __acrt_locale_free_time    000000018000d0d8 f   libucrt:inittime.obj
 0001:0000c2a8       __acrt_DownlevelLocaleNameToLCID 000000018000d2a8 f   libucrt:lcidtoname_downlevel.obj
 0001:0000c3b0       qsort                      000000018000d3b0 f   libucrt:qsort.obj
 0001:0000c6e4       strncpy_s                  000000018000d6e4 f   libucrt:strncpy_s.obj
 0001:0000c7b8       strpbrk                    000000018000d7b8 f   libucrt:strpbrk.obj
 0001:0000c858       _mbsdec                    000000018000d858 f   libucrt:mbsdec.obj
 0001:0000c860       _mbsdec_l                  000000018000d860 f   libucrt:mbsdec.obj
 0001:0000cc6c       __acrt_LCMapStringA        000000018000dc6c f   libucrt:lcmapstringa.obj
 0001:0000cd04       _msize                     000000018000dd04 f   libucrt:msize.obj
 0001:0000cd40       _realloc_base              000000018000dd40 f   libucrt:realloc_base.obj
 0001:0000cdc4       __acrt_lowio_create_handle_array 000000018000ddc4 f   libucrt:osfinfo.obj
 0001:0000ce5c       __acrt_lowio_destroy_handle_array 000000018000de5c f   libucrt:osfinfo.obj
 0001:0000ceac       __acrt_lowio_ensure_fh_exists 000000018000deac f   libucrt:osfinfo.obj
 0001:0000cf64       __acrt_lowio_lock_fh       000000018000df64 f   libucrt:osfinfo.obj
 0001:0000cf88       __acrt_lowio_unlock_fh     000000018000df88 f   libucrt:osfinfo.obj
 0001:0000cfac       _free_osfhnd               000000018000dfac f   libucrt:osfinfo.obj
 0001:0000d068       _get_osfhandle             000000018000e068 f   libucrt:osfinfo.obj
 0001:0000d0e0       _isatty                    000000018000e0e0 f   libucrt:isatty.obj
 0001:0000d140       __acrt_stdio_flush_nolock  000000018000e140 f   libucrt:fflush.obj
 0001:0000d1b8       _fflush_nolock             000000018000e1b8 f   libucrt:fflush.obj
 0001:0000d204       _flushall                  000000018000e204 f   libucrt:fflush.obj
 0001:0000d2f4       _fcloseall                 000000018000e2f4 f   libucrt:closeall.obj
 0001:0000d3a8       __acrt_stdio_free_buffer_nolock 000000018000e3a8 f   libucrt:_freebuf.obj
 0001:0000d3e8       __strncnt                  000000018000e3e8 f   libucrt:strncnt.obj
 0001:0000d400       _query_app_type            000000018000e400 f   libucrt:report_runtime_error.obj
 0001:0000d408       ??$?RV<lambda_b521505b218e5242e90febf6bfebc422>@@AEAV<lambda_6978c1fb23f02e42e1d9e99668cc68aa>@@V<lambda_314360699dd331753a4119843814e9a7>@@@?$__crt_seh_guarded_call@H@@QEAAH$$QEAV<lambda_b521505b218e5242e90febf6bfebc422>@@AEAV<lambda_6978c1fb23f02e42e1d9e99668cc68aa>@@$$QEAV<lambda_314360699dd331753a4119843814e9a7>@@@Z 000000018000e408 f i libucrt:commit.obj
 0001:0000d494       _commit                    000000018000e494 f   libucrt:commit.obj
 0001:0000dac8       _write                     000000018000eac8 f   libucrt:write.obj
 0001:0000dbb4       _write_nolock              000000018000ebb4 f   libucrt:write.obj
 0001:0000dea0       log10                      000000018000eea0 f   libucrt:log10.obj
 0001:0000e4e8       _lseeki64_nolock           000000018000f4e8 f   libucrt:lseek.obj
 0001:0000e4f0       _fclose_nolock             000000018000f4f0 f   libucrt:fclose.obj
 0001:0000e574       fclose                     000000018000f574 f   libucrt:fclose.obj
 0001:0000e5e0       _putwch_nolock             000000018000f5e0 f   libucrt:putwch.obj
 0001:0000e760       _handle_error              000000018000f760 f   libucrt:libm_error.obj
 0001:0000e890       __acrt_initialize_fma3     000000018000f890 f   libucrt:fma3_available.obj
 0001:0000e900       _log10_special             000000018000f900 f   libucrt:log_special.obj
 0001:0000e9b8       ??$?RV<lambda_bfedae4ebbf01fab1bb6dcc6a9e276e0>@@AEAV<lambda_2fe9b910cf3cbf4a0ab98a02ba45b3ec>@@V<lambda_237c231691f317818eb88cc1d5d642d6>@@@?$__crt_seh_guarded_call@H@@QEAAH$$QEAV<lambda_bfedae4ebbf01fab1bb6dcc6a9e276e0>@@AEAV<lambda_2fe9b910cf3cbf4a0ab98a02ba45b3ec>@@$$QEAV<lambda_237c231691f317818eb88cc1d5d642d6>@@@Z 000000018000f9b8 f i libucrt:close.obj
 0001:0000ea2c       _close                     000000018000fa2c f   libucrt:close.obj
 0001:0000ead0       _close_nolock              000000018000fad0 f   libucrt:close.obj
 0001:0000eb8c       ?__acrt_stdio_free_stream@@YAXV__crt_stdio_stream@@@Z 000000018000fb8c f   libucrt:stream.obj
 0001:0000ebd0       __dcrt_lowio_initialize_console_output 000000018000fbd0 f   libucrt:initcon.obj
 0001:0000ec0c       __dcrt_terminate_console_output 000000018000fc0c f   libucrt:initcon.obj
 0001:0000ec40       _get_fpsr                  000000018000fc40 f   libucrt:fpsr.obj
 0001:0000ec50       _set_fpsr                  000000018000fc50 f   libucrt:fpsr.obj
 0001:0000ec5a       _fclrf                     000000018000fc5a f   libucrt:fpsr.obj
 0001:0000ec6e       _frnd                      000000018000fc6e f   libucrt:fpsr.obj
 0001:0000ec90       _raise_exc                 000000018000fc90 f   libucrt:fpexcept.obj
 0001:0000ecb8       _raise_exc_ex              000000018000fcb8 f   libucrt:fpexcept.obj
 0001:0000efc0       _set_errno_from_matherr    000000018000ffc0 f   libucrt:fpexcept.obj
 0001:0000eff0       _clrfp                     000000018000fff0 f   libucrt:fpctrl.obj
 0001:0000f010       _ctrlfp                    0000000180010010 f   libucrt:fpctrl.obj
 0001:0000f08c       _set_statfp                000000018001008c f   libucrt:fpctrl.obj
 0001:0000f0ac       _statfp                    00000001800100ac f   libucrt:fpctrl.obj
 0001:0000f0be       IsProcessorFeaturePresent  00000001800100be f   kernel32:KERNEL32.dll
 0001:0000f0c4       RtlUnwindEx                00000001800100c4 f   kernel32:KERNEL32.dll
 0001:0000f0ca       SystemFunction036          00000001800100ca f   advapi32:ADVAPI32.dll
 0001:0000f0d0       _FindPESection             00000001800100d0 f   LIBCMT:pesect.obj
 0001:0000f120       _IsNonwritableInCurrentImage 0000000180010120 f   LIBCMT:pesect.obj
 0001:0000f170       _ValidateImageBase         0000000180010170 f   LIBCMT:pesect.obj
 0001:0000f1a0       __GSHandlerCheck           00000001800101a0 f   LIBCMT:_gshandler_.obj
 0001:0000f1c0       __GSHandlerCheckCommon     00000001800101c0 f   LIBCMT:_gshandler_.obj
 0001:0000f230       __security_check_cookie    0000000180010230 f   LIBCMT:_amdsecgs_.obj
 0001:0000f254       __raise_securityfailure    0000000180010254 f   LIBCMT:gs_report.obj
 0001:0000f288       __report_gsfailure         0000000180010288 f   LIBCMT:gs_report.obj
 0001:0000f35c       __report_rangecheckfailure 000000018001035c f   LIBCMT:gs_report.obj
 0001:0000f370       __report_securityfailure   0000000180010370 f   LIBCMT:gs_report.obj
 0001:0000f500       memcmp                     0000000180010500 f   libvcruntime:memcmp.obj
 0001:0000f5e0       _guard_dispatch_icall_nop  00000001800105e0 f   LIBCMT:_guard_dispatch_.obj
 0002:00000000       __imp_SystemFunction036    0000000180011000     advapi32:ADVAPI32.dll
 0002:00000008       __imp_RegSetValueExW       0000000180011008     advapi32:ADVAPI32.dll
 0002:00000010       __imp_RegQueryValueExW     0000000180011010     advapi32:ADVAPI32.dll
 0002:00000018       __imp_RegOpenKeyExW        0000000180011018     advapi32:ADVAPI32.dll
 0002:00000020       __imp_RegCreateKeyExW      0000000180011020     advapi32:ADVAPI32.dll
 0002:00000028       __imp_RegCloseKey          0000000180011028     advapi32:ADVAPI32.dll
 0002:00000030       \177ADVAPI32_NULL_THUNK_DATA 0000000180011030     advapi32:ADVAPI32.dll
 0002:00000038       __imp_SelectObject         0000000180011038     gdi32:GDI32.dll
 0002:00000040       __imp_LineTo               0000000180011040     gdi32:GDI32.dll
 0002:00000048       __imp_DeleteObject         0000000180011048     gdi32:GDI32.dll
 0002:00000050       __imp_CreateSolidBrush     0000000180011050     gdi32:GDI32.dll
 0002:00000058       __imp_CreatePen            0000000180011058     gdi32:GDI32.dll
 0002:00000060       __imp_MoveToEx             0000000180011060     gdi32:GDI32.dll
 0002:00000068       \177GDI32_NULL_THUNK_DATA  0000000180011068     gdi32:GDI32.dll
 0002:00000070       __imp_lstrcpynW            0000000180011070     kernel32:KERNEL32.dll
 0002:00000078       __imp_lstrcpyA             0000000180011078     kernel32:KERNEL32.dll
 0002:00000080       __imp_lstrlenA             0000000180011080     kernel32:KERNEL32.dll
 0002:00000088       __imp_MultiByteToWideChar  0000000180011088     kernel32:KERNEL32.dll
 0002:00000090       __imp_HeapCreate           0000000180011090     kernel32:KERNEL32.dll
 0002:00000098       __imp_HeapDestroy          0000000180011098     kernel32:KERNEL32.dll
 0002:000000a0       __imp_HeapAlloc            00000001800110a0     kernel32:KERNEL32.dll
 0002:000000a8       __imp_lstrlenW             00000001800110a8     kernel32:KERNEL32.dll
 0002:000000b0       __imp_HeapFree             00000001800110b0     kernel32:KERNEL32.dll
 0002:000000b8       __imp_CreateFileW          00000001800110b8     kernel32:KERNEL32.dll
 0002:000000c0       __imp_WriteConsoleW        00000001800110c0     kernel32:KERNEL32.dll
 0002:000000c8       __imp_CloseHandle          00000001800110c8     kernel32:KERNEL32.dll
 0002:000000d0       __imp_lstrcpyW             00000001800110d0     kernel32:KERNEL32.dll
 0002:000000d8       __imp_GetModuleFileNameW   00000001800110d8     kernel32:KERNEL32.dll
 0002:000000e0       __imp_VirtualProtect       00000001800110e0     kernel32:KERNEL32.dll
 0002:000000e8       __imp_lstrcpynA            00000001800110e8     kernel32:KERNEL32.dll
 0002:000000f0       __imp_GetCurrentThreadId   00000001800110f0     kernel32:KERNEL32.dll
 0002:000000f8       __imp_SetLastError         00000001800110f8     kernel32:KERNEL32.dll
 0002:00000100       __imp_GetLastError         0000000180011100     kernel32:KERNEL32.dll
 0002:00000108       __imp_RaiseException       0000000180011108     kernel32:KERNEL32.dll
 0002:00000110       __imp_HeapReAlloc          0000000180011110     kernel32:KERNEL32.dll
 0002:00000118       __imp_SetFilePointerEx     0000000180011118     kernel32:KERNEL32.dll
 0002:00000120       __imp_GetConsoleMode       0000000180011120     kernel32:KERNEL32.dll
 0002:00000128       __imp_QueryPerformanceCounter 0000000180011128     kernel32:KERNEL32.dll
 0002:00000130       __imp_GetCurrentProcessId  0000000180011130     kernel32:KERNEL32.dll
 0002:00000138       __imp_GetSystemTimeAsFileTime 0000000180011138     kernel32:KERNEL32.dll
 0002:00000140       __imp_InitializeSListHead  0000000180011140     kernel32:KERNEL32.dll
 0002:00000148       __imp_RtlCaptureContext    0000000180011148     kernel32:KERNEL32.dll
 0002:00000150       __imp_RtlLookupFunctionEntry 0000000180011150     kernel32:KERNEL32.dll
 0002:00000158       __imp_RtlVirtualUnwind     0000000180011158     kernel32:KERNEL32.dll
 0002:00000160       __imp_UnhandledExceptionFilter 0000000180011160     kernel32:KERNEL32.dll
 0002:00000168       __imp_SetUnhandledExceptionFilter 0000000180011168     kernel32:KERNEL32.dll
 0002:00000170       __imp_GetStartupInfoW      0000000180011170     kernel32:KERNEL32.dll
 0002:00000178       __imp_IsProcessorFeaturePresent 0000000180011178     kernel32:KERNEL32.dll
 0002:00000180       __imp_GetModuleHandleW     0000000180011180     kernel32:KERNEL32.dll
 0002:00000188       __imp_RtlUnwindEx          0000000180011188     kernel32:KERNEL32.dll
 0002:00000190       __imp_InterlockedFlushSList 0000000180011190     kernel32:KERNEL32.dll
 0002:00000198       __imp_InitializeCriticalSectionAndSpinCount 0000000180011198     kernel32:KERNEL32.dll
 0002:000001a0       __imp_TlsAlloc             00000001800111a0     kernel32:KERNEL32.dll
 0002:000001a8       __imp_TlsGetValue          00000001800111a8     kernel32:KERNEL32.dll
 0002:000001b0       __imp_TlsSetValue          00000001800111b0     kernel32:KERNEL32.dll
 0002:000001b8       __imp_TlsFree              00000001800111b8     kernel32:KERNEL32.dll
 0002:000001c0       __imp_FreeLibrary          00000001800111c0     kernel32:KERNEL32.dll
 0002:000001c8       __imp_GetProcAddress       00000001800111c8     kernel32:KERNEL32.dll
 0002:000001d0       __imp_LoadLibraryExW       00000001800111d0     kernel32:KERNEL32.dll
 0002:000001d8       __imp_EnterCriticalSection 00000001800111d8     kernel32:KERNEL32.dll
 0002:000001e0       __imp_LeaveCriticalSection 00000001800111e0     kernel32:KERNEL32.dll
 0002:000001e8       __imp_DeleteCriticalSection 00000001800111e8     kernel32:KERNEL32.dll
 0002:000001f0       __imp_GetCurrentProcess    00000001800111f0     kernel32:KERNEL32.dll
 0002:000001f8       __imp_ExitProcess          00000001800111f8     kernel32:KERNEL32.dll
 0002:00000200       __imp_TerminateProcess     0000000180011200     kernel32:KERNEL32.dll
 0002:00000208       __imp_GetModuleHandleExW   0000000180011208     kernel32:KERNEL32.dll
 0002:00000210       __imp_GetModuleFileNameA   0000000180011210     kernel32:KERNEL32.dll
 0002:00000218       __imp_WideCharToMultiByte  0000000180011218     kernel32:KERNEL32.dll
 0002:00000220       __imp_GetStringTypeW       0000000180011220     kernel32:KERNEL32.dll
 0002:00000228       __imp_GetACP               0000000180011228     kernel32:KERNEL32.dll
 0002:00000230       __imp_LCMapStringW         0000000180011230     kernel32:KERNEL32.dll
 0002:00000238       __imp_FindClose            0000000180011238     kernel32:KERNEL32.dll
 0002:00000240       __imp_FindFirstFileExA     0000000180011240     kernel32:KERNEL32.dll
 0002:00000248       __imp_FindNextFileA        0000000180011248     kernel32:KERNEL32.dll
 0002:00000250       __imp_IsValidCodePage      0000000180011250     kernel32:KERNEL32.dll
 0002:00000258       __imp_GetOEMCP             0000000180011258     kernel32:KERNEL32.dll
 0002:00000260       __imp_GetCPInfo            0000000180011260     kernel32:KERNEL32.dll
 0002:00000268       __imp_GetCommandLineA      0000000180011268     kernel32:KERNEL32.dll
 0002:00000270       __imp_GetCommandLineW      0000000180011270     kernel32:KERNEL32.dll
 0002:00000278       __imp_GetEnvironmentStringsW 0000000180011278     kernel32:KERNEL32.dll
 0002:00000280       __imp_FreeEnvironmentStringsW 0000000180011280     kernel32:KERNEL32.dll
 0002:00000288       __imp_GetProcessHeap       0000000180011288     kernel32:KERNEL32.dll
 0002:00000290       __imp_GetStdHandle         0000000180011290     kernel32:KERNEL32.dll
 0002:00000298       __imp_GetFileType          0000000180011298     kernel32:KERNEL32.dll
 0002:000002a0       __imp_HeapSize             00000001800112a0     kernel32:KERNEL32.dll
 0002:000002a8       __imp_SetStdHandle         00000001800112a8     kernel32:KERNEL32.dll
 0002:000002b0       __imp_WriteFile            00000001800112b0     kernel32:KERNEL32.dll
 0002:000002b8       __imp_FlushFileBuffers     00000001800112b8     kernel32:KERNEL32.dll
 0002:000002c0       __imp_GetConsoleCP         00000001800112c0     kernel32:KERNEL32.dll
 0002:000002c8       __imp_IsDebuggerPresent    00000001800112c8     kernel32:KERNEL32.dll
 0002:000002d0       \177KERNEL32_NULL_THUNK_DATA 00000001800112d0     kernel32:KERNEL32.dll
 0002:000002d8       __imp_wsprintfA            00000001800112d8     user32:USER32.dll
 0002:000002e0       __imp_wsprintfW            00000001800112e0     user32:USER32.dll
 0002:000002e8       __imp_FillRect             00000001800112e8     user32:USER32.dll
 0002:000002f0       \177USER32_NULL_THUNK_DATA 00000001800112f0     user32:USER32.dll
 0002:000002f8       __imp_GetFileVersionInfoW  00000001800112f8     version:VERSION.dll
 0002:00000300       __imp_VerQueryValueW       0000000180011300     version:VERSION.dll
 0002:00000308       __imp_GetFileVersionInfoSizeW 0000000180011308     version:VERSION.dll
 0002:00000310       \177VERSION_NULL_THUNK_DATA 0000000180011310     version:VERSION.dll
 0002:00000318       __guard_check_icall_fptr   0000000180011318     LIBCMT:guard_support.obj
 0002:00000320       __guard_dispatch_icall_fptr 0000000180011320     LIBCMT:guard_support.obj
 0002:00000328       __xc_a                     0000000180011328     LIBCMT:initializers.obj
 0002:00000330       __xc_z                     0000000180011330     LIBCMT:initializers.obj
 0002:00000338       __xi_a                     0000000180011338     LIBCMT:initializers.obj
 0002:00000340       __acrt_multibyte_initializer 0000000180011340     libucrt:multibyte_initializer.obj
 0002:00000348       __acrt_stdio_initializer   0000000180011348     libucrt:stdio_initializer.obj
 0002:00000350       __acrt_tran_fma3_initializer 0000000180011350     libucrt:fma3_initializer.obj
 0002:00000358       __xi_z                     0000000180011358     LIBCMT:initializers.obj
 0002:00000360       __xp_a                     0000000180011360     LIBCMT:initializers.obj
 0002:00000368       __acrt_locale_terminator   0000000180011368     libucrt:locale_initializer.obj
 0002:00000370       __dcrt_console_output_terminator 0000000180011370     libucrt:console_output_initializer.obj
 0002:00000378       __acrt_stdio_terminator    0000000180011378     libucrt:stdio_initializer.obj
 0002:00000380       __xp_z                     0000000180011380     LIBCMT:initializers.obj
 0002:00000388       __xt_a                     0000000180011388     LIBCMT:initializers.obj
 0002:00000390       __xt_z                     0000000180011390     LIBCMT:initializers.obj
 0002:000003a0       ??_C@_1BM@GCLEPEKO@?$AAP?$AAl?$AAu?$AAg?$AAi?$AAn?$AAE?$AAn?$AAa?$AAb?$AAl?$AAe?$AAd?$AA?$AA@ 00000001800113a0     ConEmuLn.obj
 0002:000003c0       ??_C@_1BG@GKMEIIHO@?$AAL?$AAi?$AAn?$AAe?$AAs?$AAP?$AAa?$AAn?$AAe?$AAl?$AA?$AA@ 00000001800113c0     ConEmuLn.obj
 0002:000003d8       ??_C@_1BG@FMPDIDHG@?$AAL?$AAi?$AAn?$AAe?$AAs?$AAC?$AAo?$AAl?$AAo?$AAr?$AA?$AA@ 00000001800113d8     ConEmuLn.obj
 0002:000003f0       ??_C@_1BI@DNACCAMK@?$AAL?$AAi?$AAn?$AAe?$AAs?$AAE?$AAd?$AAi?$AAt?$AAo?$AAr?$AA?$AA@ 00000001800113f0     ConEmuLn.obj
 0002:00000408       ??_C@_1CC@LODMIFLF@?$AAL?$AAi?$AAn?$AAe?$AAs?$AAE?$AAd?$AAi?$AAt?$AAo?$AAr?$AAC?$AAo?$AAl?$AAo?$AAr?$AA?$AA@ 0000000180011408     ConEmuLn.obj
 0002:00000430       ??_C@_1BI@IMFGPMJI@?$AAL?$AAi?$AAn?$AAe?$AAs?$AAV?$AAi?$AAe?$AAw?$AAe?$AAr?$AA?$AA@ 0000000180011430     ConEmuLn.obj
 0002:00000448       ??_C@_1CC@KGIANIMF@?$AAL?$AAi?$AAn?$AAe?$AAs?$AAV?$AAi?$AAe?$AAw?$AAe?$AAr?$AAC?$AAo?$AAl?$AAo?$AAr?$AA?$AA@ 0000000180011448     ConEmuLn.obj
 0002:00000470       ??_C@_1BI@PPOFOFEE@?$AAH?$AAi?$AAl?$AAi?$AAg?$AAh?$AAt?$AAT?$AAy?$AAp?$AAe?$AA?$AA@ 0000000180011470     ConEmuLn.obj
 0002:00000488       ??_C@_1BO@FGCOGFB@?$AAH?$AAi?$AAl?$AAi?$AAg?$AAh?$AAt?$AAP?$AAl?$AAu?$AAg?$AAi?$AAn?$AAs?$AA?$AA@ 0000000180011488     ConEmuLn.obj
 0002:000004a8       ??_C@_1CA@GLKFLGCI@?$AAH?$AAi?$AAl?$AAi?$AAg?$AAh?$AAt?$AAP?$AAl?$AAu?$AAg?$AAB?$AAa?$AAc?$AAk?$AA?$AA@ 00000001800114a8     ConEmuLn.obj
 0002:000004c8       ??_C@_08BCACMCCB@ExitFARW?$AA@ 00000001800114c8     ConEmuLn.obj
 0002:000004d8       ??_C@_0L@DJCGGOCO@ConfigureW?$AA@ 00000001800114d8     ConEmuLn.obj
 0002:000004e4       ??_C@_11LOCGONAA@?$AA?$AA@ 00000001800114e4     ConEmuLn.obj
 0002:000004e8       ??_C@_13FPGAJAPJ@?$AA?2?$AA?$AA@ 00000001800114e8     ConEmuLn.obj
 0002:000004f0       ??_C@_1FG@DPPGENBC@?$AAL?$AAo?$AAa?$AAd?$AAA?$AAp?$AAp?$AAV?$AAe?$AAr?$AAs?$AAi?$AAo?$AAn?$AA?4?$AAV?$AAe?$AAr?$AAQ?$AAu?$AAe?$AAr?$AAy?$AAV?$AAa?$AAl?$AAu?$AAe?$AA?$CI?$AA?$CC?$AA?2?$AA?$CC@ 00000001800114f0     ConEmuLn.obj
 0002:00000550       ??_C@_1FK@HILEEFML@?$AAL?$AAo?$AAa?$AAd?$AAA?$AAp?$AAp?$AAV?$AAe?$AAr?$AAs?$AAi?$AAo?$AAn?$AA?4?$AAG?$AAe?$AAt?$AAF?$AAi?$AAl?$AAe?$AAV?$AAe?$AAr?$AAs?$AAi?$AAo?$AAn?$AAI?$AAn?$AAf@ 0000000180011550     ConEmuLn.obj
 0002:000005b0       ??_C@_1GC@BINFLBDC@?$AAL?$AAo?$AAa?$AAd?$AAA?$AAp?$AAp?$AAV?$AAe?$AAr?$AAs?$AAi?$AAo?$AAn?$AA?5?$AAf?$AAa?$AAi?$AAl?$AAe?$AAd?$AA?$CB?$AA?5?$AAC?$AAa?$AAn?$AA?8?$AAt?$AA?5?$AAa?$AAl?$AAl@ 00000001800115b0     ConEmuLn.obj
 0002:00000620       ??_C@_1GC@CPPHDKJK@?$AAL?$AAo?$AAa?$AAd?$AAA?$AAp?$AAp?$AAV?$AAe?$AAr?$AAs?$AAi?$AAo?$AAn?$AA?4?$AAG?$AAe?$AAt?$AAF?$AAi?$AAl?$AAe?$AAV?$AAe?$AAr?$AAs?$AAi?$AAo?$AAn?$AAI?$AAn?$AAf@ 0000000180011620     ConEmuLn.obj
 0002:00000690       ??_C@_1EG@IINOBDEG@?$AAI?$AAn?$AAv?$AAa?$AAl?$AAi?$AAd?$AA?5?$AAa?$AAs?$AAM?$AAo?$AAd?$AAu?$AAl?$AAe?$AAP?$AAa?$AAt?$AAh?$AA?5?$AAw?$AAa?$AAs?$AA?5?$AAs?$AAp?$AAe?$AAc?$AAi?$AAf?$AAi@ 0000000180011690     ConEmuLn.obj
 0002:000006d8       ??_C@_1CA@GGFPMHLH@?$AA?6?$AAE?$AAr?$AAr?$AAC?$AAo?$AAd?$AAe?$AA?$DN?$AA0?$AAx?$AA?$CF?$AA0?$AA8?$AAX?$AA?$AA@ 00000001800116d8     ConEmuLn.obj
 0002:00000700       ??_C@_1FG@LNADFPCE@?$AAL?$AAo?$AAa?$AAd?$AAF?$AAa?$AAr?$AAV?$AAe?$AAr?$AAs?$AAi?$AAo?$AAn?$AA?4?$AAG?$AAe?$AAt?$AAM?$AAo?$AAd?$AAu?$AAl?$AAe?$AAF?$AAi?$AAl?$AAe?$AAN?$AAa?$AAm?$AAe@ 0000000180011700     ConEmuLn.obj
 0002:00000758       ??_C@_1BE@MMJMCNIO@?$AAC?$AAo?$AAn?$AAE?$AAm?$AAu?$AAL?$AAn?$AA?2?$AA?$AA@ 0000000180011758     ConEmuLn995.obj
 0002:00000770       ??_C@_1BC@KLDFICIN@?$AA0?$AAx?$AAX?$AAX?$AAX?$AAX?$AAX?$AAX?$AA?$AA@ 0000000180011770     ConEmuLn995.obj
 0002:00000788       ??_C@_19OMFGMPJN@?$AA?$CF?$AA0?$AA6?$AAX?$AA?$AA@ 0000000180011788     ConEmuLn995.obj
 0002:000007a0       __xmm@0000000000000000000000000000000e 00000001800117a0     ConEmuLn995.obj
 0002:000007b0       __xmm@0000000000000000000000000000000f 00000001800117b0     ConEmuLn995.obj
 0002:000007c0       __xmm@00000000000000000000002400000007 00000001800117c0     ConEmuLn995.obj
 0002:000007d0       __xmm@00000000000000000000002400000008 00000001800117d0     ConEmuLn995.obj
 0002:000007e0       __xmm@00000000000000000000002400000009 00000001800117e0     ConEmuLn995.obj
 0002:000007f0       __xmm@00000000000000050000000500000009 00000001800117f0     ConEmuLn995.obj
 0002:00000800       __xmm@00000000000000070000000500000008 0000000180011800     ConEmuLn995.obj
 0002:00000810       __xmm@00000000000000080000000500000008 0000000180011810     ConEmuLn995.obj
 0002:00000820       __xmm@00000000000000090000000500000008 0000000180011820     ConEmuLn995.obj
 0002:00000830       __xmm@000000000000000b0000000500000008 0000000180011830     ConEmuLn995.obj
 0002:00000840       __xmm@000000000000000f0000000000000007 0000000180011840     ConEmuLn995.obj
 0002:00000850       __xmm@00000001000000000000000000000003 0000000180011850     ConEmuLn995.obj
 0002:00000860       __xmm@000000240000000c0000001d00000006 0000000180011860     ConEmuLn995.obj
 0002:00000870       __xmm@00000026000000010000000300000003 0000000180011870     ConEmuLn995.obj
 0002:00000880       __xmm@00000000000000030000000500000008 0000000180011880     ConEmuLn1900.obj
 0002:00000890       __xmm@000000000000000c0000000500000000 0000000180011890     ConEmuLn1900.obj
 0002:000008a0       __xmm@000000000000000e0000000000000000 00000001800118a0     ConEmuLn1900.obj
 0002:000008b0       __xmm@00000024000000070000001d00000006 00000001800118b0     ConEmuLn1900.obj
 0002:000008c0       __xmm@00000024000000080000001d00000006 00000001800118c0     ConEmuLn1900.obj
 0002:000008d0       __xmm@00000024000000090000001d00000006 00000001800118d0     ConEmuLn1900.obj
 0002:000008e0       ??_C@_1CE@PCHJHFGJ@?$AAC?$AAo?$AAn?$AAE?$AAm?$AAu?$AA?5?$AAU?$AAn?$AAd?$AAe?$AAr?$AAl?$AAi?$AAn?$AAe?$AAs?$AA?$AA@ 00000001800118e0     ConEmuLn2800.obj
 0002:00000910       ??_C@_1GC@KMIACAL@?$AAP?$AAa?$AAi?$AAn?$AAt?$AA?5?$AAu?$AAn?$AAd?$AAe?$AAr?$AAl?$AAi?$AAn?$AAe?$AAd?$AA?5?$AAb?$AAa?$AAc?$AAk?$AAg?$AAr?$AAo?$AAu?$AAn?$AAd?$AA?5?$AAi?$AAn?$AA?5?$AAt@ 0000000180011910     ConEmuLn2800.obj
 0002:00000978       ??_C@_1DE@DJEAMLPH@?$AAC?$AAo?$AAn?$AAE?$AAm?$AAu?$AA?4?$AAM?$AAa?$AAx?$AAi?$AAm?$AAu?$AAs?$AA5?$AA?$EA?$AAg?$AAm?$AAa?$AAi?$AAl?$AA?4?$AAc?$AAo?$AAm?$AA?$AA@ 0000000180011978     ConEmuLn2800.obj
 0002:000009b0       __xmm@00000000000000000000000000000003 00000001800119b0     ConEmuLn2800.obj
 0002:000009c0       __xmm@00000000000000000000000000000005 00000001800119c0     ConEmuLn2800.obj
 0002:000009d0       __xmm@00000000000000000000000000000007 00000001800119d0     ConEmuLn2800.obj
 0002:000009e0       __xmm@00000000000000000000000000000008 00000001800119e0     ConEmuLn2800.obj
 0002:000009f0       __xmm@00000000000000000000000000000009 00000001800119f0     ConEmuLn2800.obj
 0002:00000a00       __xmm@0000000000000000000000000000000b 0000000180011a00     ConEmuLn2800.obj
 0002:00000a10       __xmm@0000000000000000000000000000000c 0000000180011a10     ConEmuLn2800.obj
 0002:00000a20       __xmm@00000000000000240000000000000007 0000000180011a20     ConEmuLn2800.obj
 0002:00000a30       __xmm@00000000000000240000000000000008 0000000180011a30     ConEmuLn2800.obj
 0002:00000a40       __xmm@00000000000000240000000000000009 0000000180011a40     ConEmuLn2800.obj
 0002:00000a50       __xmm@0000000000000024000000000000000c 0000000180011a50     ConEmuLn2800.obj
 0002:00000a60       __xmm@00000000000000260000000000000001 0000000180011a60     ConEmuLn2800.obj
 0002:00000a70       ??_C@_08KOICIHPP@0xXXXXXX?$AA@ 0000000180011a70     ConEmuLnA.obj
 0002:00000a7c       ??_C@_04JCFDBOEJ@?$CF06X?$AA@ 0000000180011a7c     ConEmuLnA.obj
 0002:00000a88       _pRawDllMain               0000000180011a88     LIBCMT:dll_dllmain.obj
 0002:00000a88       _pDefaultRawDllMain        0000000180011a88     LIBCMT:dll_dllmain.obj
 0002:00000a90       _Microsoft_CRTProvider     0000000180011a90     libvcruntime:telemetry.obj
 0002:00000a98       ??_C@_00CNPNBAHC@?$AA@     0000000180011a98     libvcruntime:telemetry.obj
 0002:00000aa0       ??_C@_0O@JEOPJOMI@Main?5Invoked?4?$AA@ 0000000180011aa0     libvcruntime:telemetry.obj
 0002:00000ab0       ??_C@_0P@NEAEIBDO@Main?5Returned?4?$AA@ 0000000180011ab0     libvcruntime:telemetry.obj
 0002:00000ae0       ??_C@_1BC@DNHGCMLG@?$AAa?$AAd?$AAv?$AAa?$AAp?$AAi?$AA3?$AA2?$AA?$AA@ 0000000180011ae0     libvcruntime:winapi_downlevel.obj
 0002:00000af8       ??_C@_1DM@KHCHBNEB@?$AAa?$AAp?$AAi?$AA?9?$AAm?$AAs?$AA?9?$AAw?$AAi?$AAn?$AA?9?$AAc?$AAo?$AAr?$AAe?$AA?9?$AAf?$AAi?$AAb?$AAe?$AAr?$AAs?$AA?9?$AAl?$AA1?$AA?9?$AA1?$AA?9?$AA1?$AA?$AA@ 0000000180011af8     libvcruntime:winapi_downlevel.obj
 0002:00000b38       ??_C@_1DK@LPPGFMPP@?$AAa?$AAp?$AAi?$AA?9?$AAm?$AAs?$AA?9?$AAw?$AAi?$AAn?$AA?9?$AAc?$AAo?$AAr?$AAe?$AA?9?$AAs?$AAy?$AAn?$AAc?$AAh?$AA?9?$AAl?$AA1?$AA?9?$AA2?$AA?9?$AA0?$AA?$AA@ 0000000180011b38     libvcruntime:winapi_downlevel.obj
 0002:00000b78       ??_C@_1BC@GDMECMAK@?$AAk?$AAe?$AAr?$AAn?$AAe?$AAl?$AA3?$AA2?$AA?$AA@ 0000000180011b78     libvcruntime:winapi_downlevel.obj
 0002:00000b90       ??_C@_0O@BAMBGLIE@EventRegister?$AA@ 0000000180011b90     libvcruntime:winapi_downlevel.obj
 0002:00000ba8       ??_C@_0BE@BJEEGHGK@EventSetInformation?$AA@ 0000000180011ba8     libvcruntime:winapi_downlevel.obj
 0002:00000bc0       ??_C@_0BA@FAKLIPIC@EventUnregister?$AA@ 0000000180011bc0     libvcruntime:winapi_downlevel.obj
 0002:00000bd8       ??_C@_0BD@PKLHJPHD@EventWriteTransfer?$AA@ 0000000180011bd8     libvcruntime:winapi_downlevel.obj
 0002:00000bf8       ??_C@_08KNHFBNJ@FlsAlloc?$AA@ 0000000180011bf8     libvcruntime:winapi_downlevel.obj
 0002:00000c10       ??_C@_07PEJMOBNF@FlsFree?$AA@ 0000000180011c10     libvcruntime:winapi_downlevel.obj
 0002:00000c20       ??_C@_0M@GDNOONDI@FlsGetValue?$AA@ 0000000180011c20     libvcruntime:winapi_downlevel.obj
 0002:00000c38       ??_C@_0M@JCPCPOEF@FlsSetValue?$AA@ 0000000180011c38     libvcruntime:winapi_downlevel.obj
 0002:00000c50       ??_C@_0BM@HCFOFFN@InitializeCriticalSectionEx?$AA@ 0000000180011c50     libvcruntime:winapi_downlevel.obj
 0002:00000f90       ??_C@_08EHJDFFNH@__based?$CI?$AA@ 0000000180011f90     libvcruntime:undname.obj
 0002:00000fa0       ??_C@_07KOLFKCDI@__cdecl?$AA@ 0000000180011fa0     libvcruntime:undname.obj
 0002:00000fa8       ??_C@_08GHMPAG@__pascal?$AA@ 0000000180011fa8     libvcruntime:undname.obj
 0002:00000fb8       ??_C@_09IFJBGAPI@__stdcall?$AA@ 0000000180011fb8     libvcruntime:undname.obj
 0002:00000fc8       ??_C@_0L@NPHFGOKO@__thiscall?$AA@ 0000000180011fc8     libvcruntime:undname.obj
 0002:00000fd8       ??_C@_0L@JMKHOMEK@__fastcall?$AA@ 0000000180011fd8     libvcruntime:undname.obj
 0002:00000fe8       ??_C@_0N@BCKKPABJ@__vectorcall?$AA@ 0000000180011fe8     libvcruntime:undname.obj
 0002:00000ff8       ??_C@_09HIJEGCPM@__clrcall?$AA@ 0000000180011ff8     libvcruntime:undname.obj
 0002:00001004       ??_C@_06GHPCKEAG@__eabi?$AA@ 0000000180012004     libvcruntime:undname.obj
 0002:00001010       ??_C@_07JOMMBBKO@__ptr64?$AA@ 0000000180012010     libvcruntime:undname.obj
 0002:00001018       ??_C@_0L@PILCLIHE@__restrict?$AA@ 0000000180012018     libvcruntime:undname.obj
 0002:00001028       ??_C@_0M@GFIIJFMG@__unaligned?$AA@ 0000000180012028     libvcruntime:undname.obj
 0002:00001038       ??_C@_09DHDLOLLB@restrict?$CI?$AA@ 0000000180012038     libvcruntime:undname.obj
 0002:00001044       ??_C@_04NIHEBCM@?5new?$AA@ 0000000180012044     libvcruntime:undname.obj
 0002:00001050       ??_C@_07FPCDHGMM@?5delete?$AA@ 0000000180012050     libvcruntime:undname.obj
 0002:00001058       ??_C@_01NEMOKFLO@?$DN?$AA@ 0000000180012058     libvcruntime:undname.obj
 0002:0000105c       ??_C@_02GPIOPFAK@?$DO?$DO?$AA@ 000000018001205c     libvcruntime:undname.obj
 0002:00001060       ??_C@_02FODMEDOG@?$DM?$DM?$AA@ 0000000180012060     libvcruntime:undname.obj
 0002:00001064       ??_C@_01DCLJPIOD@?$CB?$AA@ 0000000180012064     libvcruntime:undname.obj
 0002:00001068       ??_C@_02EGOFBIJA@?$DN?$DN?$AA@ 0000000180012068     libvcruntime:undname.obj
 0002:0000106c       ??_C@_02FDNJECIE@?$CB?$DN?$AA@ 000000018001206c     libvcruntime:undname.obj
 0002:00001070       ??_C@_02GPECMEKF@?$FL?$FN?$AA@ 0000000180012070     libvcruntime:undname.obj
 0002:00001078       ??_C@_08LHJFAFGD@operator?$AA@ 0000000180012078     libvcruntime:undname.obj
 0002:00001084       ??_C@_02HBOOOICD@?9?$DO?$AA@ 0000000180012084     libvcruntime:undname.obj
 0002:00001088       ??_C@_01NBENCBCI@?$CK?$AA@ 0000000180012088     libvcruntime:undname.obj
 0002:0000108c       ??_C@_02ECNGHCIF@?$CL?$CL?$AA@ 000000018001208c     libvcruntime:undname.obj
 0002:00001090       ??_C@_02BAABKJLB@?9?9?$AA@ 0000000180012090     libvcruntime:undname.obj
 0002:00001094       ??_C@_01JOAMLHOP@?9?$AA@   0000000180012094     libvcruntime:undname.obj
 0002:00001098       ??_C@_01MIFGBAGJ@?$CL?$AA@ 0000000180012098     libvcruntime:undname.obj
 0002:0000109c       ??_C@_01HNPIGOCE@?$CG?$AA@ 000000018001209c     libvcruntime:undname.obj
 0002:000010a0       ??_C@_03MNHNFDLC@?9?$DO?$CK?$AA@ 00000001800120a0     libvcruntime:undname.obj
 0002:000010a4       ??_C@_01KMDKNFGN@?1?$AA@   00000001800120a4     libvcruntime:undname.obj
 0002:000010a8       ??_C@_01FGNFDNOH@?$CF?$AA@ 00000001800120a8     libvcruntime:undname.obj
 0002:000010ac       ??_C@_01MNNFJEPP@?$DM?$AA@ 00000001800120ac     libvcruntime:undname.obj
 0002:000010b0       ??_C@_02EHCHHCKH@?$DM?$DN?$AA@ 00000001800120b0     libvcruntime:undname.obj
 0002:000010b4       ??_C@_01PPODPGHN@?$DO?$AA@ 00000001800120b4     libvcruntime:undname.obj
 0002:000010b8       ??_C@_02EEKDKGMJ@?$DO?$DN?$AA@ 00000001800120b8     libvcruntime:undname.obj
 0002:000010bc       ??_C@_01IHBHIGKO@?0?$AA@   00000001800120bc     libvcruntime:undname.obj
 0002:000010c0       ??_C@_02HCKGKOFO@?$CI?$CJ?$AA@ 00000001800120c0     libvcruntime:undname.obj
 0002:000010c4       ??_C@_01PJKLJHI@?$HO?$AA@  00000001800120c4     libvcruntime:undname.obj
 0002:000010c8       ??_C@_01JKBOJNNK@?$FO?$AA@ 00000001800120c8     libvcruntime:undname.obj
 0002:000010cc       ??_C@_01DNKMNLPK@?$HM?$AA@ 00000001800120cc     libvcruntime:undname.obj
 0002:000010d0       ??_C@_02PPKAJPJL@?$CG?$CG?$AA@ 00000001800120d0     libvcruntime:undname.obj
 0002:000010d4       ??_C@_02NONPIBCD@?$HM?$HM?$AA@ 00000001800120d4     libvcruntime:undname.obj
 0002:000010d8       ??_C@_02FPIMKNGF@?$CK?$DN?$AA@ 00000001800120d8     libvcruntime:undname.obj
 0002:000010dc       ??_C@_02FOEOMHFC@?$CL?$DN?$AA@ 00000001800120dc     libvcruntime:undname.obj
 0002:000010e0       ??_C@_02FKMDLLOA@?9?$DN?$AA@ 00000001800120e0     libvcruntime:undname.obj
 0002:000010e4       ??_C@_02FJEHGPIO@?1?$DN?$AA@ 00000001800120e4     libvcruntime:undname.obj
 0002:000010e8       ??_C@_02FENAOKFI@?$CF?$DN?$AA@ 00000001800120e8     libvcruntime:undname.obj
 0002:000010ec       ??_C@_03IKFCCPFF@?$DO?$DO?$DN?$AA@ 00000001800120ec     libvcruntime:undname.obj
 0002:000010f0       ??_C@_03CDNPDDLA@?$DM?$DM?$DN?$AA@ 00000001800120f0     libvcruntime:undname.obj
 0002:000010f4       ??_C@_02FGJGFEAB@?$CG?$DN?$AA@ 00000001800120f4     libvcruntime:undname.obj
 0002:000010f8       ??_C@_02DHLNPPGH@?$HM?$DN?$AA@ 00000001800120f8     libvcruntime:undname.obj
 0002:000010fc       ??_C@_02MHEGNOJ@?$FO?$DN?$AA@ 00000001800120fc     libvcruntime:undname.obj
 0002:00001100       ??_C@_09IFPLHPGF@?$GAvftable?8?$AA@ 0000000180012100     libvcruntime:undname.obj
 0002:00001110       ??_C@_09BLBHBJP@?$GAvbtable?8?$AA@ 0000000180012110     libvcruntime:undname.obj
 0002:00001120       ??_C@_07FEEIOKP@?$GAvcall?8?$AA@ 0000000180012120     libvcruntime:undname.obj
 0002:00001128       ??_C@_08LLFFHHDJ@?$GAtypeof?8?$AA@ 0000000180012128     libvcruntime:undname.obj
 0002:00001138       ??_C@_0BF@KDPPACIK@?$GAlocal?5static?5guard?8?$AA@ 0000000180012138     libvcruntime:undname.obj
 0002:00001150       ??_C@_08OBABFOLI@?$GAstring?8?$AA@ 0000000180012150     libvcruntime:undname.obj
 0002:00001160       ??_C@_0BD@JDLKDPAB@?$GAvbase?5destructor?8?$AA@ 0000000180012160     libvcruntime:undname.obj
 0002:00001178       ??_C@_0BN@DEGPLNFK@?$GAvector?5deleting?5destructor?8?$AA@ 0000000180012178     libvcruntime:undname.obj
 0002:00001198       ??_C@_0BO@OBMKPJIG@?$GAdefault?5constructor?5closure?8?$AA@ 0000000180012198     libvcruntime:undname.obj
 0002:000011b8       ??_C@_0BN@IMDCHIKM@?$GAscalar?5deleting?5destructor?8?$AA@ 00000001800121b8     libvcruntime:undname.obj
 0002:000011d8       ??_C@_0BO@PFGOCPJJ@?$GAvector?5constructor?5iterator?8?$AA@ 00000001800121d8     libvcruntime:undname.obj
 0002:000011f8       ??_C@_0BN@LFPFMEDL@?$GAvector?5destructor?5iterator?8?$AA@ 00000001800121f8     libvcruntime:undname.obj
 0002:00001218       ??_C@_0CE@IKBNEHA@?$GAvector?5vbase?5constructor?5iterat@ 0000000180012218     libvcruntime:undname.obj
 0002:00001240       ??_C@_0BL@NILFHHPC@?$GAvirtual?5displacement?5map?8?$AA@ 0000000180012240     libvcruntime:undname.obj
 0002:00001260       ??_C@_0CB@JONCMFFK@?$GAeh?5vector?5constructor?5iterator?8@ 0000000180012260     libvcruntime:undname.obj
 0002:00001288       ??_C@_0CA@GCEOPDGL@?$GAeh?5vector?5destructor?5iterator?8?$AA@ 0000000180012288     libvcruntime:undname.obj
 0002:000012a8       ??_C@_0CH@OOJPLCPH@?$GAeh?5vector?5vbase?5constructor?5ite@ 00000001800122a8     libvcruntime:undname.obj
 0002:000012d0       ??_C@_0BL@LLKPOHJI@?$GAcopy?5constructor?5closure?8?$AA@ 00000001800122d0     libvcruntime:undname.obj
 0002:000012f0       ??_C@_0BA@KBCDOMBN@?$GAudt?5returning?8?$AA@ 00000001800122f0     libvcruntime:undname.obj
 0002:00001300       ??_C@_03KLGMFNMG@?$GAEH?$AA@ 0000000180012300     libvcruntime:undname.obj
 0002:00001304       ??_C@_05KHLCHHI@?$GARTTI?$AA@ 0000000180012304     libvcruntime:undname.obj
 0002:00001310       ??_C@_0BA@KKLDJDLB@?$GAlocal?5vftable?8?$AA@ 0000000180012310     libvcruntime:undname.obj
 0002:00001320       ??_C@_0CE@IIHCMGGL@?$GAlocal?5vftable?5constructor?5closu@ 0000000180012320     libvcruntime:undname.obj
 0002:00001344       ??_C@_06FHBGPFGH@?5new?$FL?$FN?$AA@ 0000000180012344     libvcruntime:undname.obj
 0002:00001350       ??_C@_09LBNFPBCA@?5delete?$FL?$FN?$AA@ 0000000180012350     libvcruntime:undname.obj
 0002:00001360       ??_C@_0P@HJKNJFNN@?$GAomni?5callsig?8?$AA@ 0000000180012360     libvcruntime:undname.obj
 0002:00001370       ??_C@_0BL@CNOONJFP@?$GAplacement?5delete?5closure?8?$AA@ 0000000180012370     libvcruntime:undname.obj
 0002:00001390       ??_C@_0BN@CKNJLHMB@?$GAplacement?5delete?$FL?$FN?5closure?8?$AA@ 0000000180012390     libvcruntime:undname.obj
 0002:000013b0       ??_C@_0CG@CFDHKGGD@?$GAmanaged?5vector?5constructor?5iter@ 00000001800123b0     libvcruntime:undname.obj
 0002:000013d8       ??_C@_0CF@IMGKMJNO@?$GAmanaged?5vector?5destructor?5itera@ 00000001800123d8     libvcruntime:undname.obj
 0002:00001400       ??_C@_0CG@HLDDJMAG@?$GAeh?5vector?5copy?5constructor?5iter@ 0000000180012400     libvcruntime:undname.obj
 0002:00001428       ??_C@_0CM@FCBBDIGB@?$GAeh?5vector?5vbase?5copy?5constructo@ 0000000180012428     libvcruntime:undname.obj
 0002:00001458       ??_C@_0BL@CLIPGLGB@?$GAdynamic?5initializer?5for?5?8?$AA@ 0000000180012458     libvcruntime:undname.obj
 0002:00001478       ??_C@_0CB@PDBIFEP@?$GAdynamic?5atexit?5destructor?5for?5?8@ 0000000180012478     libvcruntime:undname.obj
 0002:000014a0       ??_C@_0CD@CGAJBKEJ@?$GAvector?5copy?5constructor?5iterato@ 00000001800124a0     libvcruntime:undname.obj
 0002:000014c8       ??_C@_0CJ@GJELGAMM@?$GAvector?5vbase?5copy?5constructor?5i@ 00000001800124c8     libvcruntime:undname.obj
 0002:000014f8       ??_C@_0CL@FGIJHLCE@?$GAmanaged?5vector?5copy?5constructor@ 00000001800124f8     libvcruntime:undname.obj
 0002:00001528       ??_C@_0BM@PMGGMLDN@?$GAlocal?5static?5thread?5guard?8?$AA@ 0000000180012528     libvcruntime:undname.obj
 0002:00001548       ??_C@_0N@BDNMDMOL@operator?5?$CC?$CC?5?$AA@ 0000000180012548     libvcruntime:undname.obj
 0002:00001558       ??_C@_0BC@DAFEJGAK@?5Type?5Descriptor?8?$AA@ 0000000180012558     libvcruntime:undname.obj
 0002:00001570       ??_C@_0BM@LDKODKLH@?5Base?5Class?5Descriptor?5at?5?$CI?$AA@ 0000000180012570     libvcruntime:undname.obj
 0002:00001590       ??_C@_0BD@LGICGFMM@?5Base?5Class?5Array?8?$AA@ 0000000180012590     libvcruntime:undname.obj
 0002:000015a8       ??_C@_0BN@MECKDCOJ@?5Class?5Hierarchy?5Descriptor?8?$AA@ 00000001800125a8     libvcruntime:undname.obj
 0002:000015c8       ??_C@_0BK@CFCOFLF@?5Complete?5Object?5Locator?8?$AA@ 00000001800125c8     libvcruntime:undname.obj
 0002:000015f0       __acrt_exception_action_table 00000001800125f0     libucrt:exception_filter.obj
 0002:000016b0       __acrt_signal_action_table_count 00000001800126b0     libucrt:exception_filter.obj
 0002:000016b8       __acrt_signal_action_first_fpe_index 00000001800126b8     libucrt:exception_filter.obj
 0002:000016c0       __acrt_signal_action_fpe_count 00000001800126c0     libucrt:exception_filter.obj
 0002:000016c8       ??_C@_1BI@BGOHAHKC@?$AAm?$AAs?$AAc?$AAo?$AAr?$AAe?$AAe?$AA?4?$AAd?$AAl?$AAl?$AA?$AA@ 00000001800126c8     libucrt:exit.obj
 0002:000016e0       ??_C@_0P@MIGLKIOC@CorExitProcess?$AA@ 00000001800126e0     libucrt:exit.obj
 0002:00001950       __newctype                 0000000180012950     libucrt:ctype.obj
 0002:00001c50       __newclmap                 0000000180012c50     libucrt:ctype.obj
 0002:00001dd0       __newcumap                 0000000180012dd0     libucrt:ctype.obj
 0002:00001f50       _wctype                    0000000180012f50     libucrt:ctype.obj
 0002:00002160       __lc_time_c                0000000180013160     libucrt:nlsdata.obj
 0002:00002420       ??_C@_03KOEHGMDN@Sun?$AA@  0000000180013420     libucrt:nlsdata.obj
 0002:00002424       ??_C@_03PDAGKDH@Mon?$AA@   0000000180013424     libucrt:nlsdata.obj
 0002:00002428       ??_C@_03NAGEINEP@Tue?$AA@  0000000180013428     libucrt:nlsdata.obj
 0002:0000242c       ??_C@_03MHOMLAJA@Wed?$AA@  000000018001342c     libucrt:nlsdata.obj
 0002:00002430       ??_C@_03IOFIKPDN@Thu?$AA@  0000000180013430     libucrt:nlsdata.obj
 0002:00002434       ??_C@_03IDIOELNC@Fri?$AA@  0000000180013434     libucrt:nlsdata.obj
 0002:00002438       ??_C@_03FEFJNEK@Sat?$AA@   0000000180013438     libucrt:nlsdata.obj
 0002:0000243c       ??_C@_06OOPIFAJ@Sunday?$AA@ 000000018001343c     libucrt:nlsdata.obj
 0002:00002444       ??_C@_06JLEDEDGH@Monday?$AA@ 0000000180013444     libucrt:nlsdata.obj
 0002:00002450       ??_C@_07BAAGCFCM@Tuesday?$AA@ 0000000180013450     libucrt:nlsdata.obj
 0002:00002458       ??_C@_09DLIGFAKA@Wednesday?$AA@ 0000000180013458     libucrt:nlsdata.obj
 0002:00002468       ??_C@_08HACCIKIA@Thursday?$AA@ 0000000180013468     libucrt:nlsdata.obj
 0002:00002474       ??_C@_06JECMNKMI@Friday?$AA@ 0000000180013474     libucrt:nlsdata.obj
 0002:00002480       ??_C@_08INBOOONO@Saturday?$AA@ 0000000180013480     libucrt:nlsdata.obj
 0002:0000248c       ??_C@_03JIHJHPIE@Jan?$AA@  000000018001348c     libucrt:nlsdata.obj
 0002:00002490       ??_C@_03HJBDCHOM@Feb?$AA@  0000000180013490     libucrt:nlsdata.obj
 0002:00002494       ??_C@_03ODNJBKGA@Mar?$AA@  0000000180013494     libucrt:nlsdata.obj
 0002:00002498       ??_C@_03LEOLGMJP@Apr?$AA@  0000000180013498     libucrt:nlsdata.obj
 0002:0000249c       ??_C@_03CNMDKL@May?$AA@    000000018001349c     libucrt:nlsdata.obj
 0002:000024a0       ??_C@_03IDFGHECI@Jun?$AA@  00000001800134a0     libucrt:nlsdata.obj
 0002:000024a4       ??_C@_03LBGABGKK@Jul?$AA@  00000001800134a4     libucrt:nlsdata.obj
 0002:000024a8       ??_C@_03IFJFEIGA@Aug?$AA@  00000001800134a8     libucrt:nlsdata.obj
 0002:000024ac       ??_C@_03GGCAPAJC@Sep?$AA@  00000001800134ac     libucrt:nlsdata.obj
 0002:000024b0       ??_C@_03BMAOKBAD@Oct?$AA@  00000001800134b0     libucrt:nlsdata.obj
 0002:000024b4       ??_C@_03JPJOFNIA@Nov?$AA@  00000001800134b4     libucrt:nlsdata.obj
 0002:000024b8       ??_C@_03MKABNOCG@Dec?$AA@  00000001800134b8     libucrt:nlsdata.obj
 0002:000024c0       ??_C@_07CGJPFGJA@January?$AA@ 00000001800134c0     libucrt:nlsdata.obj
 0002:000024c8       ??_C@_08GNJGEPFN@February?$AA@ 00000001800134c8     libucrt:nlsdata.obj
 0002:000024d4       ??_C@_05HPCKOFNC@March?$AA@ 00000001800134d4     libucrt:nlsdata.obj
 0002:000024dc       ??_C@_05DMJDNLEJ@April?$AA@ 00000001800134dc     libucrt:nlsdata.obj
 0002:000024e4       ??_C@_04CNLMGBGM@June?$AA@ 00000001800134e4     libucrt:nlsdata.obj
 0002:000024ec       ??_C@_04MIEPOIFP@July?$AA@ 00000001800134ec     libucrt:nlsdata.obj
 0002:000024f4       ??_C@_06LBBHFDDG@August?$AA@ 00000001800134f4     libucrt:nlsdata.obj
 0002:00002500       ??_C@_09BHHEALKD@September?$AA@ 0000000180013500     libucrt:nlsdata.obj
 0002:00002510       ??_C@_07JJNFCEND@October?$AA@ 0000000180013510     libucrt:nlsdata.obj
 0002:00002518       ??_C@_08HCHEGEOA@November?$AA@ 0000000180013518     libucrt:nlsdata.obj
 0002:00002528       ??_C@_08EDHMEBNP@December?$AA@ 0000000180013528     libucrt:nlsdata.obj
 0002:00002534       ??_C@_02DEDBPAFC@AM?$AA@   0000000180013534     libucrt:nlsdata.obj
 0002:00002538       ??_C@_02CJNFDJBF@PM?$AA@   0000000180013538     libucrt:nlsdata.obj
 0002:00002540       ??_C@_08BPBNCDIB@MM?1dd?1yy?$AA@ 0000000180013540     libucrt:nlsdata.obj
 0002:00002550       ??_C@_0BE@CKGJFCPC@dddd?0?5MMMM?5dd?0?5yyyy?$AA@ 0000000180013550     libucrt:nlsdata.obj
 0002:00002568       ??_C@_08JCCMCCIL@HH?3mm?3ss?$AA@ 0000000180013568     libucrt:nlsdata.obj
 0002:00002578       ??_C@_17MBGCMIPB@?$AAS?$AAu?$AAn?$AA?$AA@ 0000000180013578     libucrt:nlsdata.obj
 0002:00002580       ??_C@_17KBOMKBF@?$AAM?$AAo?$AAn?$AA?$AA@ 0000000180013580     libucrt:nlsdata.obj
 0002:00002588       ??_C@_17BMKGEGOJ@?$AAT?$AAu?$AAe?$AA?$AA@ 0000000180013588     libucrt:nlsdata.obj
 0002:00002590       ??_C@_17CJEDCEPE@?$AAW?$AAe?$AAd?$AA?$AA@ 0000000180013590     libucrt:nlsdata.obj
 0002:00002598       ??_C@_17PDPHAADD@?$AAT?$AAh?$AAu?$AA?$AA@ 0000000180013598     libucrt:nlsdata.obj
 0002:000025a0       ??_C@_17HFOLPPLP@?$AAF?$AAr?$AAi?$AA?$AA@ 00000001800135a0     libucrt:nlsdata.obj
 0002:000025a8       ??_C@_17GGIBDPIH@?$AAS?$AAa?$AAt?$AA?$AA@ 00000001800135a8     libucrt:nlsdata.obj
 0002:000025b0       ??_C@_1O@IHNHDHPB@?$AAS?$AAu?$AAn?$AAd?$AAa?$AAy?$AA?$AA@ 00000001800135b0     libucrt:nlsdata.obj
 0002:000025c0       ??_C@_1O@MMNBFLIA@?$AAM?$AAo?$AAn?$AAd?$AAa?$AAy?$AA?$AA@ 00000001800135c0     libucrt:nlsdata.obj
 0002:000025d0       ??_C@_1BA@ENFBFFEK@?$AAT?$AAu?$AAe?$AAs?$AAd?$AAa?$AAy?$AA?$AA@ 00000001800135d0     libucrt:nlsdata.obj
 0002:000025e0       ??_C@_1BE@EBOGMDOH@?$AAW?$AAe?$AAd?$AAn?$AAe?$AAs?$AAd?$AAa?$AAy?$AA?$AA@ 00000001800135e0     libucrt:nlsdata.obj
 0002:000025f8       ??_C@_1BC@HHMNLIHE@?$AAT?$AAh?$AAu?$AAr?$AAs?$AAd?$AAa?$AAy?$AA?$AA@ 00000001800135f8     libucrt:nlsdata.obj
 0002:00002610       ??_C@_1O@PDICJHAG@?$AAF?$AAr?$AAi?$AAd?$AAa?$AAy?$AA?$AA@ 0000000180013610     libucrt:nlsdata.obj
 0002:00002620       ??_C@_1BC@ENMNNPAJ@?$AAS?$AAa?$AAt?$AAu?$AAr?$AAd?$AAa?$AAy?$AA?$AA@ 0000000180013620     libucrt:nlsdata.obj
 0002:00002638       ??_C@_17DKNBKCHM@?$AAJ?$AAa?$AAn?$AA?$AA@ 0000000180013638     libucrt:nlsdata.obj
 0002:00002640       ??_C@_17LMDJEKJN@?$AAF?$AAe?$AAb?$AA?$AA@ 0000000180013640     libucrt:nlsdata.obj
 0002:00002648       ??_C@_17CKNLEDEC@?$AAM?$AAa?$AAr?$AA?$AA@ 0000000180013648     libucrt:nlsdata.obj
 0002:00002650       ??_C@_17LFPOIHDD@?$AAA?$AAp?$AAr?$AA?$AA@ 0000000180013650     libucrt:nlsdata.obj
 0002:00002658       ??_C@_17PNNKMEED@?$AAM?$AAa?$AAy?$AA?$AA@ 0000000180013658     libucrt:nlsdata.obj
 0002:00002660       ??_C@_17KCJGOCPB@?$AAJ?$AAu?$AAn?$AA?$AA@ 0000000180013660     libucrt:nlsdata.obj
 0002:00002668       ??_C@_17IJPCKHK@?$AAJ?$AAu?$AAl?$AA?$AA@ 0000000180013668     libucrt:nlsdata.obj
 0002:00002670       ??_C@_17ICPELBCN@?$AAA?$AAu?$AAg?$AA?$AA@ 0000000180013670     libucrt:nlsdata.obj
 0002:00002678       ??_C@_17HCHCOKMG@?$AAS?$AAe?$AAp?$AA?$AA@ 0000000180013678     libucrt:nlsdata.obj
 0002:00002680       ??_C@_17FNLKOI@?$AAO?$AAc?$AAt?$AA?$AA@ 0000000180013680     libucrt:nlsdata.obj
 0002:00002688       ??_C@_17BBDMLCIG@?$AAN?$AAo?$AAv?$AA?$AA@ 0000000180013688     libucrt:nlsdata.obj
 0002:00002690       ??_C@_17EGKACKIF@?$AAD?$AAe?$AAc?$AA?$AA@ 0000000180013690     libucrt:nlsdata.obj
 0002:00002698       ??_C@_1BA@EFMEIEBA@?$AAJ?$AAa?$AAn?$AAu?$AAa?$AAr?$AAy?$AA?$AA@ 0000000180013698     libucrt:nlsdata.obj
 0002:000026a8       ??_C@_1BC@JGDDFFAM@?$AAF?$AAe?$AAb?$AAr?$AAu?$AAa?$AAr?$AAy?$AA?$AA@ 00000001800136a8     libucrt:nlsdata.obj
 0002:000026c0       ??_C@_1M@IKEENEDF@?$AAM?$AAa?$AAr?$AAc?$AAh?$AA?$AA@ 00000001800136c0     libucrt:nlsdata.obj
 0002:000026d0       ??_C@_1M@GJNLMHFD@?$AAA?$AAp?$AAr?$AAi?$AAl?$AA?$AA@ 00000001800136d0     libucrt:nlsdata.obj
 0002:000026e0       ??_C@_19EPFLPGAP@?$AAJ?$AAu?$AAn?$AAe?$AA?$AA@ 00000001800136e0     libucrt:nlsdata.obj
 0002:000026f0       ??_C@_19BIFMLPCD@?$AAJ?$AAu?$AAl?$AAy?$AA?$AA@ 00000001800136f0     libucrt:nlsdata.obj
 0002:00002700       ??_C@_1O@PAHLKOAC@?$AAA?$AAu?$AAg?$AAu?$AAs?$AAt?$AA?$AA@ 0000000180013700     libucrt:nlsdata.obj
 0002:00002710       ??_C@_1BE@DKAAMBJL@?$AAS?$AAe?$AAp?$AAt?$AAe?$AAm?$AAb?$AAe?$AAr?$AA?$AA@ 0000000180013710     libucrt:nlsdata.obj
 0002:00002728       ??_C@_1BA@EPANDLNG@?$AAO?$AAc?$AAt?$AAo?$AAb?$AAe?$AAr?$AA?$AA@ 0000000180013728     libucrt:nlsdata.obj
 0002:00002738       ??_C@_1BC@BGLIFPF@?$AAN?$AAo?$AAv?$AAe?$AAm?$AAb?$AAe?$AAr?$AA?$AA@ 0000000180013738     libucrt:nlsdata.obj
 0002:00002750       ??_C@_1BC@FEMKIFH@?$AAD?$AAe?$AAc?$AAe?$AAm?$AAb?$AAe?$AAr?$AA?$AA@ 0000000180013750     libucrt:nlsdata.obj
 0002:00002764       ??_C@_15ODEHAHHF@?$AAA?$AAM?$AA?$AA@ 0000000180013764     libucrt:nlsdata.obj
 0002:0000276c       ??_C@_15CLMNNGEL@?$AAP?$AAM?$AA?$AA@ 000000018001376c     libucrt:nlsdata.obj
[...]
 0004:00000978       $pdata$?setSBCS@@YAXPEAU__crt_multibyte_data@@@Z 0000000180026978     libucrt:mbctype.obj
 0004:00000984       $pdata$?setSBUpLow@@YAXPEAU__crt_multibyte_data@@@Z 0000000180026984     libucrt:mbctype.obj
 0004:00000990       $pdata$?setmbcp_internal@@YAHH_NQEAU__acrt_ptd@@QEAPEAU__crt_multibyte_data@@@Z 0000000180026990     libucrt:mbctype.obj
 0004:0000099c       $pdata$?update_thread_multibyte_data_internal@@YAPEAU__crt_multibyte_data@@QEAU__acrt_ptd@@QEAU1@@Z 000000018002699c     libucrt:mbctype.obj
 0004:000009a8       $pdata$__acrt_initialize_multibyte 00000001800269a8     libucrt:mbctype.obj
 0004:000009b4       $pdata$__acrt_update_thread_multibyte_data 00000001800269b4     libucrt:mbctype.obj
 0004:000009c0       $pdata$_setmbcp_nolock     00000001800269c0     libucrt:mbctype.obj
 0004:000009cc       $pdata$?x_ismbbtype_l@@YAHPEAU__crt_locale_pointers@@IHH@Z 00000001800269cc     libucrt:ismbbyte.obj
 0004:000009d8       $pdata$__acrt_initialize_command_line 00000001800269d8     libucrt:argv_data.obj
 0004:000009e4       $pdata$__dcrt_get_narrow_environment_from_os 00000001800269e4     libucrt:get_environment_from_os.obj
 0004:000009f0       $pdata$_recalloc_base      00000001800269f0     libucrt:recalloc.obj
 0004:000009fc       $pdata$__acrt_initialize_heap 00000001800269fc     libucrt:heap_handle.obj
 0004:00000a08       $pdata$?initialize_inherited_file_handles_nolock@@YAXXZ 0000000180026a08     libucrt:ioinit.obj
 0004:00000a14       $pdata$?initialize_stdio_handles_nolock@@YAXXZ 0000000180026a14     libucrt:ioinit.obj
 0004:00000a20       $pdata$__acrt_initialize_lowio 0000000180026a20     libucrt:ioinit.obj
 0004:00000a2c       $pdata$__acrt_uninitialize_lowio 0000000180026a2c     libucrt:ioinit.obj
 0004:00000a38       $pdata$__acrt_execute_initializers 0000000180026a38     libucrt:shared_initialization.obj
 0004:00000a44       $pdata$__acrt_execute_uninitializers 0000000180026a44     libucrt:shared_initialization.obj
 0004:00000a50       $pdata$_callnewh           0000000180026a50     libucrt:new_handler.obj
 0004:00000a5c       $pdata$_query_new_handler  0000000180026a5c     libucrt:new_handler.obj
 0004:00000a68       $pdata$??$?RV<lambda_c36588078e9f5dfd39652860aa6b3aaf>@@AEAV<lambda_ec61778202f4f5fc7e7711acc23c3bca>@@V<lambda_dc9d2797ccde5d239b4a0efae8ebd7db>@@@?$__crt_seh_guarded_call@P6AXH@Z@@QEAAP6AXH@Z$$QEAV<lambda_c36588078e9f5dfd39652860aa6b3aaf>@@AEAV<lambda_ec61778202f4f5fc7e7711acc23c3bca>@@$$QEAV<lambda_dc9d2797ccde5d239b4a0efae8ebd7db>@@@Z 0000000180026a68     libucrt:signal.obj
 0004:00000a74       $pdata$__acrt_get_sigabrt_handler 0000000180026a74     libucrt:signal.obj
 0004:00000a80       $pdata$raise               0000000180026a80     libucrt:signal.obj
 0004:00000a8c       $pdata$__acrt_invoke_user_matherr 0000000180026a8c     libucrt:matherr.obj
 0004:00000a98       $pdata$_mbtowc_l           0000000180026a98     libucrt:mbtowc.obj
 0004:00000aa4       $pdata$_fileno             0000000180026aa4     libucrt:fileno.obj
 0004:00000ab0       $pdata$__acrt_initialize_stdio 0000000180026ab0     libucrt:_file.obj
 0004:00000abc       $pdata$__acrt_uninitialize_stdio 0000000180026abc     libucrt:_file.obj
 0004:00000ac8       $pdata$_isleadbyte_l       0000000180026ac8     libucrt:_wctype.obj
 0004:00000ad4       $pdata$__acrt_GetStringTypeA 0000000180026ad4     libucrt:getstringtypea.obj
 0004:00000ae0       $pdata$__acrt_free_locale  0000000180026ae0     libucrt:locale_refcounting.obj
 0004:00000aec       $pdata$__acrt_locale_free_lc_time_if_unreferenced 0000000180026aec     libucrt:locale_refcounting.obj
 0004:00000af8       $pdata$__acrt_release_locale_ref 0000000180026af8     libucrt:locale_refcounting.obj
 0004:00000b04       $pdata$__acrt_update_thread_locale_data 0000000180026b04     libucrt:locale_refcounting.obj
 0004:00000b10       $pdata$_updatetlocinfoEx_nolock 0000000180026b10     libucrt:locale_refcounting.obj
 0004:00000b1c       $pdata$__acrt_locale_free_monetary 0000000180026b1c     libucrt:initmon.obj
 0004:00000b28       $pdata$__acrt_locale_free_numeric 0000000180026b28     libucrt:initnum.obj
 0004:00000b34       $pdata$?free_crt_array_internal@@YAXQEAPEBX_K@Z 0000000180026b34     libucrt:inittime.obj
 0004:00000b40       $pdata$__acrt_locale_free_time 0000000180026b40     libucrt:inittime.obj
 0004:00000b4c       $pdata$?GetTableIndexFromLocaleName@@YAHPEB_W@Z 0000000180026b4c     libucrt:lcidtoname_downlevel.obj
 0004:00000b58       $pdata$__acrt_DownlevelLocaleNameToLCID 0000000180026b58     libucrt:lcidtoname_downlevel.obj
 0004:00000b64       $pdata$?shortsort@@YAXPEAD0_KP6AHPEBX2@Z@Z 0000000180026b64     libucrt:qsort.obj
 0004:00000b70       $pdata$2$?shortsort@@YAXPEAD0_KP6AHPEBX2@Z@Z 0000000180026b70     libucrt:qsort.obj
 0004:00000b7c       $pdata$3$?shortsort@@YAXPEAD0_KP6AHPEBX2@Z@Z 0000000180026b7c     libucrt:qsort.obj
 0004:00000b88       $pdata$qsort               0000000180026b88     libucrt:qsort.obj
 0004:00000b94       $pdata$4$qsort             0000000180026b94     libucrt:qsort.obj
 0004:00000ba0       $pdata$5$qsort             0000000180026ba0     libucrt:qsort.obj
 0004:00000bac       $pdata$strncpy_s           0000000180026bac     libucrt:strncpy_s.obj
 0004:00000bb8       $pdata$strpbrk             0000000180026bb8     libucrt:strpbrk.obj
 0004:00000bc4       $pdata$_mbsdec_l           0000000180026bc4     libucrt:mbsdec.obj
 0004:00000bd0       $pdata$?initialize_multibyte@@YAHXZ 0000000180026bd0     libucrt:multibyte_initializer.obj
 0004:00000bdc       $pdata$?__acrt_LCMapStringA_stat@@YAHPEAU__crt_locale_pointers@@PEB_WKPEBDHPEADHHH@Z 0000000180026bdc     libucrt:lcmapstringa.obj
 0004:00000be8       $pdata$__acrt_LCMapStringA 0000000180026be8     libucrt:lcmapstringa.obj
 0004:00000bf4       $pdata$_msize              0000000180026bf4     libucrt:msize.obj
 0004:00000c00       $pdata$_realloc_base       0000000180026c00     libucrt:realloc_base.obj
 0004:00000c0c       $pdata$__acrt_lowio_create_handle_array 0000000180026c0c     libucrt:osfinfo.obj
 0004:00000c18       $pdata$__acrt_lowio_destroy_handle_array 0000000180026c18     libucrt:osfinfo.obj
 0004:00000c24       $pdata$__acrt_lowio_ensure_fh_exists 0000000180026c24     libucrt:osfinfo.obj
 0004:00000c30       $pdata$_free_osfhnd        0000000180026c30     libucrt:osfinfo.obj
 0004:00000c3c       $pdata$_get_osfhandle      0000000180026c3c     libucrt:osfinfo.obj
 0004:00000c48       $pdata$_isatty             0000000180026c48     libucrt:isatty.obj
 0004:00000c54       $pdata$__acrt_stdio_flush_nolock 0000000180026c54     libucrt:fflush.obj
 0004:00000c60       $pdata$_fflush_nolock      0000000180026c60     libucrt:fflush.obj
 0004:00000c6c       $pdata$common_flush_all    0000000180026c6c     libucrt:fflush.obj
 0004:00000c78       $pdata$_fcloseall          0000000180026c78     libucrt:closeall.obj
 0004:00000c84       $pdata$__acrt_stdio_free_buffer_nolock 0000000180026c84     libucrt:_freebuf.obj
 0004:00000c90       $pdata$??$?RV<lambda_b521505b218e5242e90febf6bfebc422>@@AEAV<lambda_6978c1fb23f02e42e1d9e99668cc68aa>@@V<lambda_314360699dd331753a4119843814e9a7>@@@?$__crt_seh_guarded_call@H@@QEAAH$$QEAV<lambda_b521505b218e5242e90febf6bfebc422>@@AEAV<lambda_6978c1fb23f02e42e1d9e99668cc68aa>@@$$QEAV<lambda_314360699dd331753a4119843814e9a7>@@@Z 0000000180026c90     libucrt:commit.obj
 0004:00000c9c       $pdata$_commit             0000000180026c9c     libucrt:commit.obj
 0004:00000ca8       $pdata$?write_double_translated_ansi_nolock@@YA?AUwrite_result@?A0x17268360@@HQEBDI@Z 0000000180026ca8     libucrt:write.obj
 0004:00000cb4       $pdata$?write_text_ansi_nolock@@YA?AUwrite_result@?A0x17268360@@HQEBDI@Z 0000000180026cb4     libucrt:write.obj
 0004:00000cc0       $pdata$?write_text_utf16le_nolock@@YA?AUwrite_result@?A0x17268360@@HQEBDI@Z 0000000180026cc0     libucrt:write.obj
 0004:00000ccc       $pdata$?write_text_utf8_nolock@@YA?AUwrite_result@?A0x17268360@@HQEBDI@Z 0000000180026ccc     libucrt:write.obj
 0004:00000cd8       $pdata$_write              0000000180026cd8     libucrt:write.obj
 0004:00000ce4       $pdata$_write_nolock       0000000180026ce4     libucrt:write.obj
 0004:00000cfc       $pdata$??$common_lseek_nolock@_J@@YA_JH_JH@Z 0000000180026cfc     libucrt:lseek.obj
 0004:00000d08       $pdata$_fclose_nolock      0000000180026d08     libucrt:fclose.obj
 0004:00000d14       $pdata$fclose              0000000180026d14     libucrt:fclose.obj
 0004:00000d20       $pdata$_putwch_nolock      0000000180026d20     libucrt:putwch.obj
 0004:00000d2c       $pdata$_call_matherr       0000000180026d2c     libucrt:libm_error.obj
 0004:00000d38       $pdata$_exception_enabled  0000000180026d38     libucrt:libm_error.obj
 0004:00000d44       $pdata$_handle_error       0000000180026d44     libucrt:libm_error.obj
 0004:00000d50       $pdata$__acrt_initialize_fma3 0000000180026d50     libucrt:fma3_available.obj
 0004:00000d5c       $pdata$_log10_special      0000000180026d5c     libucrt:log_special.obj
 0004:00000d68       $pdata$_log_special_common 0000000180026d68     libucrt:log_special.obj
 0004:00000d74       $pdata$??$?RV<lambda_bfedae4ebbf01fab1bb6dcc6a9e276e0>@@AEAV<lambda_2fe9b910cf3cbf4a0ab98a02ba45b3ec>@@V<lambda_237c231691f317818eb88cc1d5d642d6>@@@?$__crt_seh_guarded_call@H@@QEAAH$$QEAV<lambda_bfedae4ebbf01fab1bb6dcc6a9e276e0>@@AEAV<lambda_2fe9b910cf3cbf4a0ab98a02ba45b3ec>@@$$QEAV<lambda_237c231691f317818eb88cc1d5d642d6>@@@Z 0000000180026d74     libucrt:close.obj
 0004:00000d80       $pdata$_close              0000000180026d80     libucrt:close.obj
 0004:00000d8c       $pdata$_close_nolock       0000000180026d8c     libucrt:close.obj
 0004:00000d98       $pdata$__dcrt_lowio_initialize_console_output 0000000180026d98     libucrt:initcon.obj
 0004:00000da4       $pdata$__dcrt_terminate_console_output 0000000180026da4     libucrt:initcon.obj
 0004:00000dbc       $pdata$_raise_exc          0000000180026dbc     libucrt:fpexcept.obj
 0004:00000dc8       $pdata$_raise_exc_ex       0000000180026dc8     libucrt:fpexcept.obj
 0004:00000dd4       $pdata$_set_errno_from_matherr 0000000180026dd4     libucrt:fpexcept.obj
 0004:00000de0       $pdata$_clrfp              0000000180026de0     libucrt:fpctrl.obj
 0004:00000dec       $pdata$_ctrlfp             0000000180026dec     libucrt:fpctrl.obj
 0004:00000df8       $pdata$_set_statfp         0000000180026df8     libucrt:fpctrl.obj
 0004:00000e04       $pdata$_statfp             0000000180026e04     libucrt:fpctrl.obj
 0004:00000e10       $pdata$_IsNonwritableInCurrentImage 0000000180026e10     LIBCMT:pesect.obj
 0004:00000e1c       $pdata$__GSHandlerCheck    0000000180026e1c     LIBCMT:_gshandler_.obj
 0004:00000e28       $pdata$__GSHandlerCheckCommon 0000000180026e28     LIBCMT:_gshandler_.obj
 0004:00000e40       $pdata$__raise_securityfailure 0000000180026e40     LIBCMT:gs_report.obj
 0004:00000e4c       $pdata$__report_gsfailure  0000000180026e4c     LIBCMT:gs_report.obj
 0004:00000e58       $pdata$__report_rangecheckfailure 0000000180026e58     LIBCMT:gs_report.obj
 0004:00000e64       $pdata$__report_securityfailure 0000000180026e64     LIBCMT:gs_report.obj
 0004:00000e70       $pdata$capture_current_context 0000000180026e70     LIBCMT:gs_report.obj
 0004:00000e7c       $pdata$capture_previous_context 0000000180026e7c     LIBCMT:gs_report.obj
 0004:00000ea0       $pdata$?fin$0@?0??dllmain_crt_process_attach@@YAHQEAUHINSTANCE__@@QEAX@Z@4HA 0000000180026ea0     LIBCMT:dll_dllmain.obj
 0004:00000eac       $pdata$?fin$0@?0??dllmain_crt_process_detach@@YAH_N@Z@4HA 0000000180026eac     LIBCMT:dll_dllmain.obj
 0004:00000eb8       $pdata$?filt$0@?0??dllmain_dispatch@@YAHQEAUHINSTANCE__@@KQEAX@Z@4HA 0000000180026eb8     LIBCMT:dll_dllmain.obj
 0004:00000ec4       $pdata$__scrt_is_nonwritable_in_current_image$filt$0 0000000180026ec4     LIBCMT:utility.obj
 0004:00000ed0       $pdata$?filt$0@?0??common_exit@@YAXHW4_crt_exit_cleanup_mode@@W4_crt_exit_return_mode@@@Z@4HA 0000000180026ed0     libucrt:exit.obj
 0004:00000edc       $pdata$?fin$1@?0??common_exit@@YAXHW4_crt_exit_cleanup_mode@@W4_crt_exit_return_mode@@@Z@4HA 0000000180026edc     libucrt:exit.obj
 0004:00000ee8       $pdata$?fin$0@?0???$?RV<lambda_e24bbb7b643b32fcea6fa61b31d4c984>@@AEAV<lambda_275893d493268fdec8709772e3fcec0e>@@V<lambda_9d71df4d7cf3f480f8d633942495c3b0>@@@?$__crt_seh_guarded_call@H@@QEAAH$$QEAV<lambda_e24bbb7b643b32fcea6fa61b31d4c984>@@AEAV<lambda_275893d493268fdec8709772e3fcec0e>@@$$QEAV<lambda_9d71df4d7cf3f480f8d633942495c3b0>@@@Z@4HA 0000000180026ee8     libucrt:onexit.obj
 0004:00000ef4       $pdata$?fin$0@?0???$?RV<lambda_9431c60049192bb82166e0947f95a2e9>@@AEAV<lambda_85fa512c59a4d94d4a89f575eefd92a6>@@V<lambda_487febba6ca58d9ce348204d67e1dba3>@@@?$__crt_seh_guarded_call@X@@QEAAX$$QEAV<lambda_9431c60049192bb82166e0947f95a2e9>@@AEAV<lambda_85fa512c59a4d94d4a89f575eefd92a6>@@$$QEAV<lambda_487febba6ca58d9ce348204d67e1dba3>@@@Z@4HA 0000000180026ef4     libucrt:wsetlocale.obj
 0004:00000f00       $pdata$?fin$0@?0??update_thread_multibyte_data_internal@@YAPEAU__crt_multibyte_data@@QEAU__acrt_ptd@@QEAU1@@Z@4HA 0000000180026f00     libucrt:mbctype.obj
 0004:00000f0c       $pdata$__acrt_lowio_ensure_fh_exists$fin$0 0000000180026f0c     libucrt:osfinfo.obj
 0004:00000f0c       $pdata$__acrt_initialize_lowio$fin$0 0000000180026f0c     libucrt:ioinit.obj
 0004:00000f18       $pdata$_query_new_handler$fin$0 0000000180026f18     libucrt:new_handler.obj
 0004:00000f24       $pdata$?fin$0@?0???$?RV<lambda_5e887d1dcbef67a5eb4283622ba103bf>@@AEAV<lambda_4466841279450cc726390878d4a41900>@@V<lambda_341c25c0346d94847f1f3c463c57e077>@@@?$__crt_seh_guarded_call@X@@QEAAX$$QEAV<lambda_5e887d1dcbef67a5eb4283622ba103bf>@@AEAV<lambda_4466841279450cc726390878d4a41900>@@$$QEAV<lambda_341c25c0346d94847f1f3c463c57e077>@@@Z@4HA 0000000180026f24     libucrt:per_thread_data.obj
 0004:00000f24       $pdata$?fin$0@?0???$?RV<lambda_fb3a7dec4e47f37f22dae91bb15c9095>@@AEAV<lambda_698284760c8add0bfb0756c19673e34b>@@V<lambda_dfb8eca1e75fef3034a8fb18dd509707>@@@?$__crt_seh_guarded_call@X@@QEAAX$$QEAV<lambda_fb3a7dec4e47f37f22dae91bb15c9095>@@AEAV<lambda_698284760c8add0bfb0756c19673e34b>@@$$QEAV<lambda_dfb8eca1e75fef3034a8fb18dd509707>@@@Z@4HA 0000000180026f24     libucrt:per_thread_data.obj
 0004:00000f24       $pdata$?fin$0@?0???$?RV<lambda_b8c45f8f788dd370798f47cfe8ac3a86>@@AEAV<lambda_4e60a939b0d047cfe11ddc22648dfba9>@@V<lambda_332c3edc96d0294ec56c57d38c1cdfd5>@@@?$__crt_seh_guarded_call@H@@QEAAH$$QEAV<lambda_b8c45f8f788dd370798f47cfe8ac3a86>@@AEAV<lambda_4e60a939b0d047cfe11ddc22648dfba9>@@$$QEAV<lambda_332c3edc96d0294ec56c57d38c1cdfd5>@@@Z@4HA 0000000180026f24     libucrt:onexit.obj
 0004:00000f24       $pdata$?fin$0@?0???$?RV<lambda_efb9b808e93e29b6b799d3875462c817>@@AEAV<lambda_2c5d36f8a66580c563e29092409944b2>@@V<lambda_31e551fca1567ef2425714047646aa90>@@@?$__crt_seh_guarded_call@X@@QEAAX$$QEAV<lambda_efb9b808e93e29b6b799d3875462c817>@@AEAV<lambda_2c5d36f8a66580c563e29092409944b2>@@$$QEAV<lambda_31e551fca1567ef2425714047646aa90>@@@Z@4HA 0000000180026f24     libucrt:mbctype.obj
 0004:00000f24       $pdata$?fin$0@?0???$?RV<lambda_72d1df2b273a38828b1ce30cbf4cdab5>@@AEAV<lambda_876a65b173b8412d3a47c70a915b0cf4>@@V<lambda_41932305e351933ebe8f8be3ed8bb5dc>@@@?$__crt_seh_guarded_call@X@@QEAAX$$QEAV<lambda_72d1df2b273a38828b1ce30cbf4cdab5>@@AEAV<lambda_876a65b173b8412d3a47c70a915b0cf4>@@$$QEAV<lambda_41932305e351933ebe8f8be3ed8bb5dc>@@@Z@4HA 0000000180026f24     libucrt:per_thread_data.obj
 0004:00000f24       $pdata$?fin$0@?0???$?RV<lambda_c36588078e9f5dfd39652860aa6b3aaf>@@AEAV<lambda_ec61778202f4f5fc7e7711acc23c3bca>@@V<lambda_dc9d2797ccde5d239b4a0efae8ebd7db>@@@?$__crt_seh_guarded_call@P6AXH@Z@@QEAAP6AXH@Z$$QEAV<lambda_c36588078e9f5dfd39652860aa6b3aaf>@@AEAV<lambda_ec61778202f4f5fc7e7711acc23c3bca>@@$$QEAV<lambda_dc9d2797ccde5d239b4a0efae8ebd7db>@@@Z@4HA 0000000180026f24     libucrt:signal.obj
 0004:00000f24       $pdata$?fin$0@?0???$?RV<lambda_46352004c1216016012b18bd6f87e700>@@AEAV<lambda_3bd07e1a1191394380780325891bf33f>@@V<lambda_334532d3f185bcaa59b5be82d7d22bff>@@@?$__crt_seh_guarded_call@X@@QEAAX$$QEAV<lambda_46352004c1216016012b18bd6f87e700>@@AEAV<lambda_3bd07e1a1191394380780325891bf33f>@@$$QEAV<lambda_334532d3f185bcaa59b5be82d7d22bff>@@@Z@4HA 0000000180026f24     libucrt:per_thread_data.obj
 0004:00000f30       $pdata$raise$fin$0         0000000180026f30     libucrt:signal.obj
 0004:00000f3c       $pdata$__acrt_update_thread_locale_data$fin$0 0000000180026f3c     libucrt:locale_refcounting.obj
 0004:00000f48       $pdata$common_flush_all$fin$0 0000000180026f48     libucrt:fflush.obj
 0004:00000f54       $pdata$common_flush_all$fin$1 0000000180026f54     libucrt:fflush.obj
 0004:00000f60       $pdata$_fcloseall$fin$0    0000000180026f60     libucrt:closeall.obj
 0004:00000f6c       $pdata$?fin$0@?0???$?RV<lambda_bfedae4ebbf01fab1bb6dcc6a9e276e0>@@AEAV<lambda_2fe9b910cf3cbf4a0ab98a02ba45b3ec>@@V<lambda_237c231691f317818eb88cc1d5d642d6>@@@?$__crt_seh_guarded_call@H@@QEAAH$$QEAV<lambda_bfedae4ebbf01fab1bb6dcc6a9e276e0>@@AEAV<lambda_2fe9b910cf3cbf4a0ab98a02ba45b3ec>@@$$QEAV<lambda_237c231691f317818eb88cc1d5d642d6>@@@Z@4HA 0000000180026f6c     libucrt:close.obj
 0004:00000f6c       $pdata$?fin$0@?0???$?RV<lambda_b521505b218e5242e90febf6bfebc422>@@AEAV<lambda_6978c1fb23f02e42e1d9e99668cc68aa>@@V<lambda_314360699dd331753a4119843814e9a7>@@@?$__crt_seh_guarded_call@H@@QEAAH$$QEAV<lambda_b521505b218e5242e90febf6bfebc422>@@AEAV<lambda_6978c1fb23f02e42e1d9e99668cc68aa>@@$$QEAV<lambda_314360699dd331753a4119843814e9a7>@@@Z@4HA 0000000180026f6c     libucrt:commit.obj
 0004:00000f78       $pdata$_write$fin$0        0000000180026f78     libucrt:write.obj
 0004:00000f84       $pdata$fclose$fin$0        0000000180026f84     libucrt:fclose.obj
 0004:00000f90       $pdata$_ctrlfp$filt$0      0000000180026f90     libucrt:fpctrl.obj
 0004:00000f9c       $pdata$_IsNonwritableInCurrentImage$filt$0 0000000180026f9c     LIBCMT:pesect.obj
 0005:00000000       __guard_fids__             0000000180027000     libucrt:initialization.obj
 0005:00000060       __guard_fids___acrt_initialize_ptd 0000000180027060     libucrt:per_thread_data.obj
 0005:00000064       __guard_fids_??$expand_argument_wildcards@D@@YAHQEAD0AEAV?$argument_list@D@?A0x5f5c8891@@@Z 0000000180027064     libucrt:argv_wildcards.obj
 0005:00000068       __guard_fids__             0000000180027068     libucrt:locale_initializer.obj
 0005:0000006c       __guard_fids__             000000018002706c     libucrt:multibyte_initializer.obj
 0005:00000070       __guard_fids__             0000000180027070     libucrt:stdio_initializer.obj
 0005:00000074       __guard_fids__             0000000180027074     libucrt:stdio_initializer.obj
 0005:00000078       __guard_fids__             0000000180027078     libucrt:fma3_initializer.obj
 0005:0000007c       __guard_fids__             000000018002707c     libucrt:console_output_initializer.obj
 0005:00000080       __guard_fids_?dllmain_crt_process_attach@@YAHQEAUHINSTANCE__@@QEAX@Z 0000000180027080     LIBCMT:dll_dllmain.obj
 0005:00000088       __guard_fids_?dllmain_dispatch@@YAHQEAUHINSTANCE__@@KQEAX@Z 0000000180027088     LIBCMT:dll_dllmain.obj
 0005:0000008c       __guard_fids__             000000018002708c     LIBCMT:guard_support.obj
 0005:00000090       __guard_fids__             0000000180027090     libvcruntime:telemetry.obj
 0005:00000094       __guard_fids_?TraceLoggingRegister@__vcrt_trace_logging_provider@@YAJPEBU_TlgProvider_t@1@PEBU_GUID@@P6AX1KE_K2PEAU_EVENT_FILTER_DESCRIPTOR@@PEAX@Z4@Z 0000000180027094     libvcruntime:telemetry.obj
 0005:00000098       __guard_fids___vcrt_initialize_ptd 0000000180027098     libvcruntime:per_thread_data.obj
 0006:00000060       $R000000                   0000000180028060     ConEmuLn.res
