 ConEmu.x64

 Timestamp is 53bc6323 (Wed Jul 09 01:31:15 2014)

 Preferred load address is 0000000180000000

 Start         Length     Name                   Class
 0001:00000000 000476caH .text                   CODE
 0001:000476d0 0000005eH .text$00                CODE
 0001:00047730 0000033aH .text$x                 CODE
 0002:00000000 00000800H .idata$5                DATA
 0002:00000800 00000008H .CRT$XCA                DATA
 0002:00000808 00000008H .CRT$XCZ                DATA
 0002:00000810 00000008H .CRT$XIA                DATA
 0002:00000818 00000010H .CRT$XIC                DATA
 0002:00000828 00000008H .CRT$XIZ                DATA
 0002:00000830 00000008H .CRT$XPA                DATA
 0002:00000838 00000008H .CRT$XPZ                DATA
 0002:00000840 00000008H .CRT$XTA                DATA
 0002:00000848 00000008H .CRT$XTZ                DATA
 0002:00000850 0000648bH .rdata                  DATA
 0002:00006cdc 00000073H .rdata$debug            DATA
 0002:00006d50 00000008H .rtc$IAA                DATA
 0002:00006d58 00000008H .rtc$IZZ                DATA
 0002:00006d60 00000008H .rtc$TAA                DATA
 0002:00006d68 00000008H .rtc$TZZ                DATA
 0002:00006d70 00002648H .xdata                  DATA
 0002:000093b8 00000078H .idata$2                DATA
 0002:00009430 00000014H .idata$3                DATA
 0002:00009448 00000800H .idata$4                DATA
 0002:00009c48 00001248H .idata$6                DATA
 0002:0000ae90 0000033bH .edata                  DATA
 0003:00000000 000011fcH .data                   DATA
 0003:00001200 000032c0H .bss                    DATA
 0004:00000000 00002988H .pdata                  DATA
 0005:00000000 00000058H .rsrc$01                DATA
 0005:00000060 00000290H .rsrc$02                DATA

  Address         Publics by Value              Rva+Base               Lib:Object

 0000:00000000       ___safe_se_handler_table   0000000000000000     <absolute>
 0000:00000000       ___safe_se_handler_count   0000000000000000     <absolute>
 0000:00000000       __ImageBase                0000000180000000     <linker-defined>
 0001:00000000       ?StartupHooks@@YAHPEAUHINSTANCE__@@@Z 0000000180001000 f   ConEmuInjects.obj
 0001:000004f0       ?ShutdownHooks@@YAXXZ      00000001800014f0 f   ConEmuInjects.obj
 0001:00000780       ??$wcscpy_c@$0EA@@@YAHAEAY0EA@_WPEB_W@Z 0000000180001780 f i ConEmuInjects.obj
 0001:000007b0       ?StringCchCopyW@@YAJPEA_W_KPEB_W@Z 00000001800017b0 f i ConEmuInjects.obj
 0001:00000940       ?pcc_Selected@@YA_NW4PluginMenuCommands@@@Z 0000000180001940 f   ConEmuPlugin.obj
 0001:000009c0       ?pcc_Disabled@@YA_NW4PluginMenuCommands@@@Z 00000001800019c0 f   ConEmuPlugin.obj
 0001:00000aa0       ?GetPluginInfoWcmn@@YAXPEAX@Z 0000000180001aa0 f   ConEmuPlugin.obj
 0001:00000af0       ?CheckConEmuDetached@@YAXXZ 0000000180001af0 f   ConEmuPlugin.obj
 0001:00000ba0       ??BHWND2@@QEBAKXZ          0000000180001ba0 f i ConEmuPlugin.obj
 0001:00000bb0       ?OpenPluginWcmn@@YAPEAXH_J_N@Z 0000000180001bb0 f   ConEmuPlugin.obj
 0001:00000f10       OpenPluginW                0000000180001f10 f   ConEmuPlugin.obj
 0001:00000f70       ?TouchReadPeekConsoleInputs@@YAXH@Z 0000000180001f70 f   ConEmuPlugin.obj
 0001:00000fc0       ?OnMainThreadActivated@@YAXXZ 0000000180001fc0 f   ConEmuPlugin.obj
 0001:00001280       ?IsFarLua@FarVersion@@QEBA_NXZ 0000000180002280 f i ConEmuPlugin.obj
 0001:000012e0       ?OnConsolePeekReadInput@@YAXH@Z 00000001800022e0 f   ConEmuPlugin.obj
 0001:00001530       ?ActiveServerPID@CESERVER_CONSOLE_MAPPING_HDR@@QEBAKXZ 0000000180002530 f i ConEmuPlugin.obj
 0001:00001570       ?OnPanelViewCallbacks@@YAHPEAUHookCallbackArg@@P6AHPEAXPEAU_INPUT_RECORD@@KPEAKPEAH@Z5@Z 0000000180002570 f   ConEmuPlugin.obj
 0001:000016b0       ?OnShellExecuteExW_Except@@YAXPEAUHookCallbackArg@@@Z 00000001800026b0 f   ConEmuPlugin.obj
 0001:000016f0       ?OnGetNumberOfConsoleInputEventsPost@@YAXPEAUHookCallbackArg@@@Z 00000001800026f0 f   ConEmuPlugin.obj
 0001:00001730       ?UngetDummyMouseEvent@@YAHHPEAUHookCallbackArg@@@Z 0000000180002730 f   ConEmuPlugin.obj
 0001:000019a0       ??4HANDLE2@@QEAAAEAU0@PEAX@Z 00000001800029a0 f i ConEmuPlugin.obj
 0001:000019c0       ?OnConsolePeekInput@@YAHPEAUHookCallbackArg@@@Z 00000001800029c0 f   ConEmuPlugin.obj
 0001:00001a50       ?OnConsolePeekInputPost@@YAXPEAUHookCallbackArg@@@Z 0000000180002a50 f   ConEmuPlugin.obj
 0001:00001aa0       ?OnConsoleReadInputWork@@YAHPEAUHookCallbackArg@@@Z 0000000180002aa0 f   ConEmuPlugin.obj
 0001:00001b50       ?OnConsoleReadInput@@YAHPEAUHookCallbackArg@@@Z 0000000180002b50 f   ConEmuPlugin.obj
 0001:00001b70       ?OnConsoleReadInputPost@@YAXPEAUHookCallbackArg@@@Z 0000000180002b70 f   ConEmuPlugin.obj
 0001:00001e20       ?OnWriteConsoleOutput@@YAHPEAUHookCallbackArg@@@Z 0000000180002e20 f   ConEmuPlugin.obj
 0001:00001f40       ProcessSynchroEventW       0000000180002f40 f   ConEmuPlugin.obj
 0001:00002000       ?ShutdownPluginStep@@YAXPEB_WHHHH@Z 0000000180003000 f   ConEmuPlugin.obj
 0001:00002020       DllMain                    0000000180003020 f   ConEmuPlugin.obj
 0001:00002340       ??_GMSection@@QEAAPEAXI@Z  0000000180003340 f i ConEmuPlugin.obj
 0001:00002380       ??_GCPluginBackground@@QEAAPEAXI@Z 0000000180003380 f i ConEmuPlugin.obj
 0001:000023c0       ?IsConsoleActive@@YAHXZ    00000001800033c0 f   ConEmuPlugin.obj
 0001:00002440       ?GetFarHWND2@@YAPEAUHWND__@@H@Z 0000000180003440 f   ConEmuPlugin.obj
 0001:000024d0       ?GetFarHWND@@YAPEAUHWND__@@XZ 00000001800034d0 f   ConEmuPlugin.obj
 0001:000024e0       ?IsTerminalMode@@YAHXZ     00000001800034e0 f   ConEmuPlugin.obj
 0001:000024f0       ?GetFarVersion@@YAXPEAUFarVersion@@@Z 00000001800034f0 f   ConEmuPlugin.obj
 0001:00002510       ?LoadFarVersion@@YAHXZ     0000000180003510 f   ConEmuPlugin.obj
 0001:000028f0       ?RegisterPanelView@@YAHPEAUPanelViewInit@@@Z 00000001800038f0 f   ConEmuPlugin.obj
 0001:00002bc0       ?RegisterBackground@@YAHPEAURegisterBackgroundArg@@@Z 0000000180003bc0 f   ConEmuPlugin.obj
 0001:00002c60       ?SyncExecute@@YAHPEAUHINSTANCE__@@P6AX_J@Z1@Z 0000000180003c60 f   ConEmuPlugin.obj
 0001:00002cd0       ?ActivateConsole@@YAHXZ    0000000180003cd0 f   ConEmuPlugin.obj
 0001:00002d90       ??BHWND2@@QEBAPEAUHWND__@@XZ 0000000180003d90 f i ConEmuPlugin.obj
 0001:00002da0       ??4HWND2@@QEAAAEAU0@PEAUHWND__@@@Z 0000000180003da0 f i ConEmuPlugin.obj
 0001:00002dc0       ?ExecuteSynchro@@YAXXZ     0000000180003dc0 f   ConEmuPlugin.obj
 0001:00002e80       ?ProcessCommand@@YAHKHPEAXPEAPEAUCESERVER_REQ@@_N@Z 0000000180003e80 f   ConEmuPlugin.obj
 0001:00003f80       ?StringCchCatW@@YAJPEA_W_KPEB_W@Z 0000000180004f80 f i ConEmuPlugin.obj
 0001:000046d0       ?FarSetConsoleSize@@YAHFF@Z 00000001800056d0 f   ConEmuPlugin.obj
 0001:00004810       ?OnConsoleDetaching@@YAHPEAUHookCallbackArg@@@Z 0000000180005810 f   ConEmuPlugin.obj
 0001:00004970       ?OnConsoleWasAttached@@YAXPEAUHookCallbackArg@@@Z 0000000180005970 f   ConEmuPlugin.obj
 0001:000049e0       ?MonitorThreadProcW@@YAKPEAX@Z 00000001800059e0 f   ConEmuPlugin.obj
 0001:00004e70       ?CommonPluginStartup@@YAXXZ 0000000180005e70 f   ConEmuPlugin.obj
 0001:00004f80       SetStartupInfoW            0000000180005f80 f   ConEmuPlugin.obj
 0001:00004ff0       ?CloseMapHeader@@YAXXZ     0000000180005ff0 f   ConEmuPlugin.obj
 0001:00005020       ?OpenMapHeader@@YAHXZ      0000000180006020 f   ConEmuPlugin.obj
 0001:00005170       ?InitRootKey@@YAXXZ        0000000180006170 f   ConEmuPlugin.obj
 0001:00005260       ?InitHWND@@YAXXZ           0000000180006260 f   ConEmuPlugin.obj
 0001:00005900       ?ReloadFarInfo@@YAHH@Z     0000000180006900 f   ConEmuPlugin.obj
 0001:00005e30       ?UpdateConEmuTabsW@@YA_NH_N0PEAX@Z 0000000180006e30 f   ConEmuPlugin.obj
 0001:00005f50       ?UpdateConEmuTabs@@YA_N_N@Z 0000000180006f50 f   ConEmuPlugin.obj
 0001:000061d0       ?CreateTabs@@YAHH@Z        00000001800071d0 f   ConEmuPlugin.obj
 0001:000062e0       ?AddTab@@YAHAEAH_N1HPEB_W2HHHH@Z 00000001800072e0 f   ConEmuPlugin.obj
 0001:000068c0       wmemcmp                    00000001800078c0 f i ConEmuPlugin.obj
 0001:00006950       ?SendTabs@@YAXHH@Z         0000000180007950 f   ConEmuPlugin.obj
 0001:00006b80       ProcessEditorInputW        0000000180007b80 f   ConEmuPlugin.obj
 0001:00006bd0       ProcessEditorEventW        0000000180007bd0 f   ConEmuPlugin.obj
 0001:00006c80       ProcessViewerEventW        0000000180007c80 f   ConEmuPlugin.obj
 0001:00006d20       ?FillLoadedParm@@YAXPEAUConEmuLoadedArg@@PEAUHINSTANCE__@@H@Z 0000000180007d20 f   ConEmuPlugin.obj
 0001:00006e60       ?NotifyConEmuUnloaded@@YAXXZ 0000000180007e60 f   ConEmuPlugin.obj
 0001:00006fb0       ?StopThread@@YAXXZ         0000000180007fb0 f   ConEmuPlugin.obj
 0001:000073c0       ??_G?$MFileMapping@UCESERVER_CONSOLE_MAPPING_HDR@@@@QEAAPEAXI@Z 00000001800083c0 f i ConEmuPlugin.obj
 0001:00007400       ProcessDialogEventW        0000000180008400 f   ConEmuPlugin.obj
 0001:00007410       ?OpenW@@YAPEAXPEBX@Z       0000000180008410 f   ConEmuPlugin.obj
 0001:00007470       ?ProcessConsoleInputW@@YA_JPEAX@Z 0000000180008470 f   ConEmuPlugin.obj
 0001:000074b0       ?ProcessEditorEventW3@@YA_JPEAX@Z 00000001800084b0 f   ConEmuPlugin.obj
 0001:000074f0       ?ProcessViewerEventW3@@YA_JPEAX@Z 00000001800084f0 f   ConEmuPlugin.obj
 0001:00007530       ?ProcessDialogEventW3@@YA_JPEAX@Z 0000000180008530 f   ConEmuPlugin.obj
 0001:00007570       ?ProcessSynchroEventW3@@YA_JPEAX@Z 0000000180008570 f   ConEmuPlugin.obj
 0001:000075b0       ?ExitFarCmn@@YAXXZ         00000001800085b0 f   ConEmuPlugin.obj
 0001:00007610       ExitFARW                   0000000180008610 f   ConEmuPlugin.obj
 0001:000076a0       ?ExitFARW3@@YAXPEAX@Z      00000001800086a0 f   ConEmuPlugin.obj
 0001:00007700       ?CheckResources@@YAXH@Z    0000000180008700 f   ConEmuPlugin.obj
 0001:00007870       ?InitResources@@YAXXZ      0000000180008870 f   ConEmuPlugin.obj
 0001:00007c10       ?StringCchCopyNW@@YAJPEA_W_KPEB_W1@Z 0000000180008c10 f i ConEmuPlugin.obj
 0001:00007ca0       ?DataSize@CESERVER_REQ@@QEAAKXZ 0000000180008ca0 f i ConEmuPlugin.obj
 0001:00007ce0       ?CloseTabs@@YAXXZ          0000000180008ce0 f   ConEmuPlugin.obj
 0001:00007d70       ?OutDataAlloc@@YAHK@Z      0000000180008d70 f   ConEmuPlugin.obj
 0001:00007df0       ?OutDataRealloc@@YAHK@Z    0000000180008df0 f   ConEmuPlugin.obj
 0001:00007ef0       ?OutDataWrite@@YAHPEAXK@Z  0000000180008ef0 f   ConEmuPlugin.obj
 0001:00007fe0       ?ShowMessage@@YAHHH@Z      0000000180008fe0 f   ConEmuPlugin.obj
 0001:00008060       ?ShowMessage@@YAHPEB_WH_N@Z 0000000180009060 f   ConEmuPlugin.obj
 0001:00008190       ?ShowMessageGui@@YAHHH@Z   0000000180009190 f   ConEmuPlugin.obj
 0001:00008270       ?GetMsgW@@YAPEB_WH@Z       0000000180009270 f   ConEmuPlugin.obj
 0001:000082e0       ?PostMacro@@YAXPEB_WPEAU_INPUT_RECORD@@@Z 00000001800092e0 f   ConEmuPlugin.obj
 0001:000084a0       ?ShowPluginMenu@@YAXW4PluginCallCommands@@@Z 00000001800094a0 f   ConEmuPlugin.obj
 0001:00009100       ?FindServerCmd@@YAHKAEAK_N@Z 000000018000a100 f   ConEmuPlugin.obj
 0001:00009220       ?Attach2Gui@@YAHXZ         000000018000a220 f   ConEmuPlugin.obj
 0001:00009790       ?StartDebugger@@YAHXZ      000000018000a790 f   ConEmuPlugin.obj
 0001:00009b20       ?wcsrchr@@YAPEA_WPEA_W_W@Z 000000018000ab20 f i ConEmuPlugin.obj
 0001:00009b50       ?IsMacroActive@@YAHXZ      000000018000ab50 f   ConEmuPlugin.obj
 0001:00009bd0       ?GetMacroArea@@YAHXZ       000000018000abd0 f   ConEmuPlugin.obj
 0001:00009c40       ?RedrawAll@@YAXXZ          000000018000ac40 f   ConEmuPlugin.obj
 0001:00009ca0       ?GetEditorModifiedState@@YAKXZ 000000018000aca0 f   ConEmuPlugin.obj
 0001:00009d00       ?GetActiveWindowType@@YAHXZ 000000018000ad00 f   ConEmuPlugin.obj
 0001:00009d60       ?RunExternalProgramW@@YA_NPEA_W0_N@Z 000000018000ad60 f   ConEmuPlugin.obj
 0001:0000a040       ?Disable@MWow64Disable@@QEAAXXZ 000000018000b040 f i ConEmuPlugin.obj
 0001:0000a080       ?Restore@MWow64Disable@@QEAAXXZ 000000018000b080 f i ConEmuPlugin.obj
 0001:0000a0d0       ??0MWow64Disable@@QEAA@XZ  000000018000b0d0 f i ConEmuPlugin.obj
 0001:0000a170       ??1MWow64Disable@@QEAA@XZ  000000018000b170 f i ConEmuPlugin.obj
 0001:0000a190       ?ShowConsoleInfo@@YAXXZ    000000018000b190 f   ConEmuPlugin.obj
 0001:0000a420       ?GetMainThreadId@@YAKXZ    000000018000b420 f   ConEmuPlugin.obj
 0001:0000a4d0       ?OnLibraryLoaded@@YAXPEAUHINSTANCE__@@@Z 000000018000b4d0 f   ConEmuPlugin.obj
 0001:0000a580       ?_calloc@@YAPEAX_K0@Z      000000018000b580 f   ConEmuPlugin.obj
 0001:0000a5b0       ?_malloc@@YAPEAX_K@Z       000000018000b5b0 f   ConEmuPlugin.obj
 0001:0000a5d0       ?_free@@YAXPEAX@Z          000000018000b5d0 f   ConEmuPlugin.obj
 0001:0000a5f0       ?Ptr@?$MFileMapping@UCESERVER_CONSOLE_MAPPING_HDR@@@@QEAAPEAUCESERVER_CONSOLE_MAPPING_HDR@@XZ 000000018000b5f0 f i ConEmuPlugin.obj
 0001:0000a600       ?InitName@?$MFileMapping@UCESERVER_CONSOLE_MAPPING_HDR@@@@QEAAPEB_WPEB_WKK@Z 000000018000b600 f i ConEmuPlugin.obj
 0001:0000a660       ?CloseMap@?$MFileMapping@UCESERVER_CONSOLE_MAPPING_HDR@@@@QEAAXXZ 000000018000b660 f i ConEmuPlugin.obj
 0001:0000a6f0       ?Open@?$MFileMapping@UCESERVER_CONSOLE_MAPPING_HDR@@@@QEAAPEAUCESERVER_CONSOLE_MAPPING_HDR@@HH@Z 000000018000b6f0 f i ConEmuPlugin.obj
 0001:0000a720       ??0?$MFileMapping@UCESERVER_CONSOLE_MAPPING_HDR@@@@QEAA@XZ 000000018000b720 f i ConEmuPlugin.obj
 0001:0000a790       ??1?$MFileMapping@UCESERVER_CONSOLE_MAPPING_HDR@@@@QEAA@XZ 000000018000b790 f i ConEmuPlugin.obj
 0001:0000a7c0       ?ClosePtr@?$MFileMapping@UCESERVER_CONSOLE_MAPPING_HDR@@@@QEAAXXZ 000000018000b7c0 f i ConEmuPlugin.obj
 0001:0000a800       ?InternalOpenCreate@?$MFileMapping@UCESERVER_CONSOLE_MAPPING_HDR@@@@IEAAPEAUCESERVER_CONSOLE_MAPPING_HDR@@HHH@Z 000000018000b800 f i ConEmuPlugin.obj
 0001:0000aab0       ??$wcscpy_c@$0BBE@@@YAHAEAY0BBE@_WPEB_W@Z 000000018000bab0 f i ConEmuPlugin.obj
 0001:0000aae0       ??$wcscat_c@$0BBE@@@YAHAEAY0BBE@_WPEB_W@Z 000000018000bae0 f i ConEmuPlugin.obj
 0001:0000ab10       ??$wcscat_c@$0CAE@@@YAHAEAY0CAE@_WPEB_W@Z 000000018000bb10 f i ConEmuPlugin.obj
 0001:0000ab40       ??$wcscpy_c@$0CAI@@@YAHAEAY0CAI@_WPEB_W@Z 000000018000bb40 f i ConEmuPlugin.obj
 0001:0000ab70       GetMinFarVersionW          000000018000bb70 f   ConEmuPlugin995.obj
 0001:0000ab80       ?GetPluginInfoW995@@YAXPEAX@Z 000000018000bb80 f   ConEmuPlugin995.obj
 0001:0000ac40       ?ProcessDragFromW995@@YAXXZ 000000018000bc40 f   ConEmuPlugin995.obj
 0001:0000b650       ?ProcessDragToW995@@YAXXZ  000000018000c650 f   ConEmuPlugin995.obj
 0001:0000bbf0       ?SetStartupInfoW995@@YAXPEAX@Z 000000018000cbf0 f   ConEmuPlugin995.obj
 0001:0000be50       ?GetEditorModifiedStateW995@@YAKXZ 000000018000ce50 f   ConEmuPlugin995.obj
 0001:0000beb0       ?ProcessEditorInputW995@@YAHPEBX@Z 000000018000ceb0 f   ConEmuPlugin995.obj
 0001:0000bf30       ?UpdateConEmuTabsW995@@YA_NH_N0PEAX@Z 000000018000cf30 f   ConEmuPlugin995.obj
 0001:0000c510       ?ExitFARW995@@YAXXZ        000000018000d510 f   ConEmuPlugin995.obj
 0001:0000c5a0       ?ShowMessageW995@@YAHPEB_WH_N@Z 000000018000d5a0 f   ConEmuPlugin995.obj
 0001:0000c650       ?ShowMessageW995@@YAHHH@Z  000000018000d650 f   ConEmuPlugin995.obj
 0001:0000c6c0       ?GetMsgW995@@YAPEB_WH@Z    000000018000d6c0 f   ConEmuPlugin995.obj
 0001:0000c710       ?SetWindowW995@@YAXH@Z     000000018000d710 f   ConEmuPlugin995.obj
 0001:0000c790       ?PostMacroW995@@YAXPEB_WPEAU_INPUT_RECORD@@@Z 000000018000d790 f   ConEmuPlugin995.obj
 0001:0000c890       ?ShowPluginMenuW995@@YAHPEAUConEmuPluginMenuItem@@H@Z 000000018000d890 f   ConEmuPlugin995.obj
 0001:0000cb00       ?EditOutputW995@@YAHPEB_WH@Z 000000018000db00 f   ConEmuPlugin995.obj
 0001:0000cc20       ?ExecuteSynchroW995@@YAHXZ 000000018000dc20 f   ConEmuPlugin995.obj
 0001:0000ccc0       ?WaitEndSynchroW995@@YAXXZ 000000018000dcc0 f   ConEmuPlugin995.obj
 0001:0000cf00       ?StopWaitEndSynchroW995@@YAXXZ 000000018000df00 f   ConEmuPlugin995.obj
 0001:0000cf40       ?IsMacroActiveW995@@YAHXZ  000000018000df40 f   ConEmuPlugin995.obj
 0001:0000cfb0       ?GetMacroAreaW995@@YAHXZ   000000018000dfb0 f   ConEmuPlugin995.obj
 0001:0000d000       ?RedrawAllW995@@YAXXZ      000000018000e000 f   ConEmuPlugin995.obj
 0001:0000d040       ?LoadPluginW995@@YA_NPEA_W@Z 000000018000e040 f   ConEmuPlugin995.obj
 0001:0000d080       ?RunExternalProgramW995@@YA_NPEA_W@Z 000000018000e080 f   ConEmuPlugin995.obj
 0001:0000d410       ?wcschr@@YAPEA_WPEA_W_W@Z  000000018000e410 f i ConEmuPlugin995.obj
 0001:0000d440       ?wcsstr@@YAPEA_WPEA_WPEB_W@Z 000000018000e440 f i ConEmuPlugin995.obj
 0001:0000d470       ?ProcessCommandLineW995@@YA_NPEA_W@Z 000000018000e470 f   ConEmuPlugin995.obj
 0001:0000d4d0       ?LoadFarColorsW995@@YAXAEAY0BAA@E@Z 000000018000e4d0 f   ConEmuPlugin995.obj
 0001:0000d5d0       ?ReloadFarInfoW995@@YAHXZ  000000018000e5d0 f   ConEmuPlugin995.obj
 0001:0000d880       ?ExecuteQuitFar995@@YAXXZ  000000018000e880 f   ConEmuPlugin995.obj
 0001:0000d8e0       ?CheckBufferEnabledW995@@YAHXZ 000000018000e8e0 f   ConEmuPlugin995.obj
 0001:0000d9b0       ?FillUpdateBackgroundW995@@YAXPEAUPaintBackgroundArg@@@Z 000000018000e9b0 f   ConEmuPlugin995.obj
 0001:0000de90       ?GetActiveWindowTypeW995@@YAHXZ 000000018000ee90 f   ConEmuPlugin995.obj
 0001:0000dfa0       ?GuiMacroDlgW995@@YAXXZ    000000018000efa0 f   ConEmuPlugin995.obj
 0001:0000e620       ?GetPluginInfoW1900@@YAXPEAX@Z 000000018000f620 f   ConEmuPlugin1900.obj
 0001:0000e6b0       ?ProcessDragFromW1900@@YAXXZ 000000018000f6b0 f   ConEmuPlugin1900.obj
 0001:0000f1e0       ?ProcessDragToW1900@@YAXXZ 00000001800101e0 f   ConEmuPlugin1900.obj
 0001:0000f7e0       ?SetStartupInfoW1900@@YAXPEAX@Z 00000001800107e0 f   ConEmuPlugin1900.obj
 0001:0000f9a0       ?GetEditorModifiedStateW1900@@YAKXZ 00000001800109a0 f   ConEmuPlugin1900.obj
 0001:0000fa00       ?ProcessEditorEventW1900@@YAHPEAX@Z 0000000180010a00 f   ConEmuPlugin1900.obj
 0001:0000fa30       ?ProcessViewerEventW1900@@YAHPEAX@Z 0000000180010a30 f   ConEmuPlugin1900.obj
 0001:0000fa60       ?ProcessDialogEventW1900@@YAHPEAX@Z 0000000180010a60 f   ConEmuPlugin1900.obj
 0001:0000fa90       ?ProcessSynchroEventW1900@@YAHPEAX@Z 0000000180010a90 f   ConEmuPlugin1900.obj
 0001:0000fac0       ?ProcessEditorInputW1900@@YAHPEBX@Z 0000000180010ac0 f   ConEmuPlugin1900.obj
 0001:0000fb40       ?UpdateConEmuTabsW1900@@YA_NH_N0PEAX@Z 0000000180010b40 f   ConEmuPlugin1900.obj
 0001:00010440       ?ExitFARW1900@@YAXXZ       0000000180011440 f   ConEmuPlugin1900.obj
 0001:000104d0       ?ShowMessageW1900@@YAHPEB_WH_N@Z 00000001800114d0 f   ConEmuPlugin1900.obj
 0001:000105d0       ?ShowMessageW1900@@YAHHH@Z 00000001800115d0 f   ConEmuPlugin1900.obj
 0001:00010640       ?GetMsgW1900@@YAPEB_WH@Z   0000000180011640 f   ConEmuPlugin1900.obj
 0001:00010690       ?SetWindowW1900@@YAXH@Z    0000000180011690 f   ConEmuPlugin1900.obj
 0001:00010700       ?PostMacroW1900@@YAXPEB_WPEAU_INPUT_RECORD@@@Z 0000000180011700 f   ConEmuPlugin1900.obj
 0001:00011330       ?ShowPluginMenuW1900@@YAHPEAUConEmuPluginMenuItem@@H@Z 0000000180012330 f   ConEmuPlugin1900.obj
 0001:00011660       ?EditOutputW1900@@YAHPEB_WH@Z 0000000180012660 f   ConEmuPlugin1900.obj
 0001:00011780       ?ExecuteSynchroW1900@@YAHXZ 0000000180012780 f   ConEmuPlugin1900.obj
 0001:00011820       ?WaitEndSynchroW1900@@YAXXZ 0000000180012820 f   ConEmuPlugin1900.obj
 0001:00011830       ?StopWaitEndSynchroW1900@@YAXXZ 0000000180012830 f   ConEmuPlugin1900.obj
 0001:00011870       ?IsMacroActiveW1900@@YAHXZ 0000000180012870 f   ConEmuPlugin1900.obj
 0001:000118c0       ?GetMacroAreaW1900@@YAHXZ  00000001800128c0 f   ConEmuPlugin1900.obj
 0001:000118f0       ?RedrawAllW1900@@YAXXZ     00000001800128f0 f   ConEmuPlugin1900.obj
 0001:00011930       ?LoadPluginW1900@@YA_NPEA_W@Z 0000000180012930 f   ConEmuPlugin1900.obj
 0001:00011970       ?RunExternalProgramW1900@@YA_NPEA_W@Z 0000000180012970 f   ConEmuPlugin1900.obj
 0001:00011cf0       ?ProcessCommandLineW1900@@YA_NPEA_W@Z 0000000180012cf0 f   ConEmuPlugin1900.obj
 0001:00011d50       ?LoadFarColorsW1900@@YAXAEAY0BAA@E@Z 0000000180012d50 f   ConEmuPlugin1900.obj
 0001:00011f80       ?FarColor_3_2@@YAEAEBUFarColor@@@Z 0000000180012f80 f i ConEmuPlugin1900.obj
 0001:000120a0       ?Color2FgIndex@Far3Color@@SAXKAEAG@Z 00000001800130a0 f i ConEmuPlugin1900.obj
 0001:00012230       ?Max@Far3Color@@SAHHH@Z    0000000180013230 f i ConEmuPlugin1900.obj
 0001:00012260       ?GetStdIndex@Far3Color@@SAHK@Z 0000000180013260 f i ConEmuPlugin1900.obj
 0001:00012330       ?Color2BgIndex@Far3Color@@SAXKHAEAG@Z 0000000180013330 f i ConEmuPlugin1900.obj
 0001:00012500       ?ReloadFarInfoW1900@@YAHXZ 0000000180013500 f   ConEmuPlugin1900.obj
 0001:000129d0       ?ExecuteQuitFarW1900@@YAXXZ 00000001800139d0 f   ConEmuPlugin1900.obj
 0001:00012a30       ?CheckBufferEnabledW1900@@YAHXZ 0000000180013a30 f   ConEmuPlugin1900.obj
 0001:00012b00       ?FillUpdateBackgroundW1900@@YAXPEAUPaintBackgroundArg@@@Z 0000000180013b00 f   ConEmuPlugin1900.obj
 0001:00013120       ?GetActiveWindowTypeW1900@@YAHXZ 0000000180014120 f   ConEmuPlugin1900.obj
 0001:00013220       ?GuiMacroDlgW1900@@YAXXZ   0000000180014220 f   ConEmuPlugin1900.obj
 0001:00013920       ?OpenW1900@@YAPEAXPEBX@Z   0000000180014920 f   ConEmuPlugin1900.obj
 0001:00013ab0       ?ProcessConsoleInputW1900@@YAHPEAX@Z 0000000180014ab0 f   ConEmuPlugin1900.obj
 0001:00013ad0       ?GetPluginInfoW2800@@YAXPEAX@Z 0000000180014ad0 f   ConEmuPlugin2800.obj
 0001:00013b60       ?ProcessDragFromW2800@@YAXXZ 0000000180014b60 f   ConEmuPlugin2800.obj
 0001:000146a0       ?ProcessDragToW2800@@YAXXZ 00000001800156a0 f   ConEmuPlugin2800.obj
 0001:00014ca0       ?SetStartupInfoW2800@@YAXPEAX@Z 0000000180015ca0 f   ConEmuPlugin2800.obj
 0001:00014e60       ?GetEditorModifiedStateW2800@@YAKXZ 0000000180015e60 f   ConEmuPlugin2800.obj
 0001:00014ed0       ?ProcessEditorEventW2800@@YA_JPEAX@Z 0000000180015ed0 f   ConEmuPlugin2800.obj
 0001:00014f00       ?ProcessViewerEventW2800@@YA_JPEAX@Z 0000000180015f00 f   ConEmuPlugin2800.obj
 0001:00014f30       ?ProcessDialogEventW2800@@YA_JPEAX@Z 0000000180015f30 f   ConEmuPlugin2800.obj
 0001:00014f60       ?ProcessSynchroEventW2800@@YA_JPEAX@Z 0000000180015f60 f   ConEmuPlugin2800.obj
 0001:00014f90       ?ProcessEditorInputW2800@@YAHPEBX@Z 0000000180015f90 f   ConEmuPlugin2800.obj
 0001:00015010       ?UpdateConEmuTabsW2800@@YA_NH_N0PEAX@Z 0000000180016010 f   ConEmuPlugin2800.obj
 0001:000159e0       ?ExitFARW2800@@YAXXZ       00000001800169e0 f   ConEmuPlugin2800.obj
 0001:00015a70       ?ShowMessageW2800@@YAHPEB_WH_N@Z 0000000180016a70 f   ConEmuPlugin2800.obj
 0001:00015b70       ?ShowMessageW2800@@YAHHH@Z 0000000180016b70 f   ConEmuPlugin2800.obj
 0001:00015be0       ?GetMsgW2800@@YAPEB_WH@Z   0000000180016be0 f   ConEmuPlugin2800.obj
 0001:00015c30       ?SetWindowW2800@@YAXH@Z    0000000180016c30 f   ConEmuPlugin2800.obj
 0001:00015ca0       ?BackgroundMacroError@@YAKPEAX@Z 0000000180016ca0 f   ConEmuPlugin2800.obj
 0001:00015cf0       ?PostMacroW2800@@YAXPEB_WPEAU_INPUT_RECORD@@@Z 0000000180016cf0 f   ConEmuPlugin2800.obj
 0001:00016340       ?ShowPluginMenuW2800@@YAHPEAUConEmuPluginMenuItem@@H@Z 0000000180017340 f   ConEmuPlugin2800.obj
 0001:00016670       ?EditOutputW2800@@YAHPEB_WH@Z 0000000180017670 f   ConEmuPlugin2800.obj
 0001:00016790       ?ExecuteSynchroW2800@@YAHXZ 0000000180017790 f   ConEmuPlugin2800.obj
 0001:00016830       ?WaitEndSynchroW2800@@YAXXZ 0000000180017830 f   ConEmuPlugin2800.obj
 0001:00016840       ?StopWaitEndSynchroW2800@@YAXXZ 0000000180017840 f   ConEmuPlugin2800.obj
 0001:00016880       ?IsMacroActiveW2800@@YAHXZ 0000000180017880 f   ConEmuPlugin2800.obj
 0001:000168d0       ?GetMacroAreaW2800@@YAHXZ  00000001800178d0 f   ConEmuPlugin2800.obj
 0001:00016900       ?RedrawAllW2800@@YAXXZ     0000000180017900 f   ConEmuPlugin2800.obj
 0001:00016940       ?LoadPluginW2800@@YA_NPEA_W@Z 0000000180017940 f   ConEmuPlugin2800.obj
 0001:00016980       ?RunExternalProgramW2800@@YA_NPEA_W@Z 0000000180017980 f   ConEmuPlugin2800.obj
 0001:00016d10       ?ProcessCommandLineW2800@@YA_NPEA_W@Z 0000000180017d10 f   ConEmuPlugin2800.obj
 0001:00016d70       ?LoadFarColorsW2800@@YAXAEAY0BAA@E@Z 0000000180017d70 f   ConEmuPlugin2800.obj
 0001:00016fa0       ?ReloadFarInfoW2800@@YAHXZ 0000000180017fa0 f   ConEmuPlugin2800.obj
 0001:00017480       ?ExecuteQuitFarW2800@@YAXXZ 0000000180018480 f   ConEmuPlugin2800.obj
 0001:000174e0       ?CheckBufferEnabledW2800@@YAHXZ 00000001800184e0 f   ConEmuPlugin2800.obj
 0001:000175b0       ?FillUpdateBackgroundW2800@@YAXPEAUPaintBackgroundArg@@@Z 00000001800185b0 f   ConEmuPlugin2800.obj
 0001:00017bd0       ?GetActiveWindowTypeW2800@@YAHXZ 0000000180018bd0 f   ConEmuPlugin2800.obj
 0001:00017cd0       ?GuiMacroDlgW2800@@YAXXZ   0000000180018cd0 f   ConEmuPlugin2800.obj
 0001:000183f0       GetGlobalInfoW             00000001800193f0 f   ConEmuPlugin2800.obj
 0001:00018610       ?OpenW2800@@YAPEAXPEBX@Z   0000000180019610 f   ConEmuPlugin2800.obj
 0001:000187c0       ?ProcessConsoleInputW2800@@YA_JPEAX@Z 00000001800197c0 f   ConEmuPlugin2800.obj
 0001:000187e0       GetMinFarVersion           00000001800197e0 f   ConEmuPluginA.obj
 0001:00018850       OpenPlugin                 0000000180019850 f   ConEmuPluginA.obj
 0001:000188e0       ?ProcessDragFromA@@YAXXZ   00000001800198e0 f   ConEmuPluginA.obj
 0001:00019110       ?ProcessDragToA@@YAXXZ     000000018001a110 f   ConEmuPluginA.obj
 0001:00019640       SetStartupInfo             000000018001a640 f   ConEmuPluginA.obj
 0001:000198e0       GetPluginInfo              000000018001a8e0 f   ConEmuPluginA.obj
 0001:000199c0       ?GetEditorModifiedStateA@@YAKXZ 000000018001a9c0 f   ConEmuPluginA.obj
 0001:00019a20       ProcessEditorInput         000000018001aa20 f   ConEmuPluginA.obj
 0001:00019a90       ProcessEditorEvent         000000018001aa90 f   ConEmuPluginA.obj
 0001:00019b40       ProcessViewerEvent         000000018001ab40 f   ConEmuPluginA.obj
 0001:00019be0       ?UpdateConEmuTabsA@@YA_NH_N0PEAX@Z 000000018001abe0 f   ConEmuPluginA.obj
 0001:0001a150       ProcessDialogEvent         000000018001b150 f   ConEmuPluginA.obj
 0001:0001a160       ExitFAR                    000000018001b160 f   ConEmuPluginA.obj
 0001:0001a200       ?ShowMessageA@@YAHPEBDH_N@Z 000000018001b200 f   ConEmuPluginA.obj
 0001:0001a2b0       ?ShowMessageA@@YAHHH@Z     000000018001b2b0 f   ConEmuPluginA.obj
 0001:0001a320       ?SetWindowA@@YAXH@Z        000000018001b320 f   ConEmuPluginA.obj
 0001:0001a3a0       ?PostMacroA@@YAXPEADPEAU_INPUT_RECORD@@@Z 000000018001b3a0 f   ConEmuPluginA.obj
 0001:0001a490       ?ShowPluginMenuA@@YAHPEAUConEmuPluginMenuItem@@H@Z 000000018001b490 f   ConEmuPluginA.obj
 0001:0001a780       ?EditOutputA@@YAHPEB_WH@Z  000000018001b780 f   ConEmuPluginA.obj
 0001:0001a910       ?GetMsgA@@YAXHAEAY0BAE@_W@Z 000000018001b910 f   ConEmuPluginA.obj
 0001:0001a9f0       ?IsMacroActiveA@@YAHXZ     000000018001b9f0 f   ConEmuPluginA.obj
 0001:0001aa60       ?RedrawAllA@@YAXXZ         000000018001ba60 f   ConEmuPluginA.obj
 0001:0001aaa0       ?RunExternalProgramA@@YA_NPEAD@Z 000000018001baa0 f   ConEmuPluginA.obj
 0001:0001add0       ?ProcessCommandLineA@@YA_NPEAD@Z 000000018001bdd0 f   ConEmuPluginA.obj
 0001:0001ae30       ?LoadFarColorsA@@YAXAEAY0BAA@E@Z 000000018001be30 f   ConEmuPluginA.obj
 0001:0001af40       ?ReloadFarInfoA@@YAHXZ     000000018001bf40 f   ConEmuPluginA.obj
 0001:0001b100       ?ExecuteQuitFarA@@YAXXZ    000000018001c100 f   ConEmuPluginA.obj
 0001:0001b130       ?FillUpdateBackgroundA@@YAXPEAUPaintBackgroundArg@@@Z 000000018001c130 f   ConEmuPluginA.obj
 0001:0001b500       ?GetActiveWindowTypeA@@YAHXZ 000000018001c500 f   ConEmuPluginA.obj
 0001:0001b580       ?GuiMacroDlgA@@YAXXZ       000000018001c580 f   ConEmuPluginA.obj
 0001:0001bd70       ??0CPluginBackground@@QEAA@XZ 000000018001cd70 f   PluginBackground.obj
 0001:0001c020       ??1CPluginBackground@@QEAA@XZ 000000018001d020 f   PluginBackground.obj
 0001:0001c2d0       ?RegisterSubplugin@CPluginBackground@@QEAAHPEAURegisterBackgroundArg@@@Z 000000018001d2d0 f   PluginBackground.obj
 0001:0001c720       ?ReallocItems@CPluginBackground@@IEAAXH@Z 000000018001d720 f   PluginBackground.obj
 0001:0001c7c0       ?OnMainThreadActivated@CPluginBackground@@QEAAXHH@Z 000000018001d7c0 f   PluginBackground.obj
 0001:0001c930       ?SetForceCheck@CPluginBackground@@QEAAXXZ 000000018001d930 f   PluginBackground.obj
 0001:0001c960       ?SetForceUpdate@CPluginBackground@@QEAAX_N@Z 000000018001d960 f   PluginBackground.obj
 0001:0001c9a0       ?SetForceThLoad@CPluginBackground@@QEAAXXZ 000000018001d9a0 f   PluginBackground.obj
 0001:0001c9e0       ?IsParmChanged@CPluginBackground@@IEAA_NPEAUPaintBackgroundArg@@0@Z 000000018001d9e0 f   PluginBackground.obj
 0001:0001cd30       ?CheckPanelFolders@CPluginBackground@@IEAAXH@Z 000000018001dd30 f   PluginBackground.obj
 0001:0001cec0       ?SetDcPanelRect@CPluginBackground@@IEAAXPEAUtagRECT@@PEAUtag_BkPanelInfo@PaintBackgroundArg@@PEAU4@@Z 000000018001dec0 f   PluginBackground.obj
 0001:0001d060       ?UpdateBackground_Exec@CPluginBackground@@KAXPEAURegisterBackgroundArg@@PEAUPaintBackgroundArg@@@Z 000000018001e060 f   PluginBackground.obj
 0001:0001d0c0       ?UpdateBackground@CPluginBackground@@IEAAXXZ 000000018001e0c0 f   PluginBackground.obj
 0001:0001e180       ?LoadThSet@CPluginBackground@@IEAAHH@Z 000000018001f180 f   PluginBackground.obj
 0001:0001e3f0       ?MonitorBackground@CPluginBackground@@QEAAXXZ 000000018001f3f0 f   PluginBackground.obj
 0001:0001e4d0       ?GetTo@?$MFileMapping@UPanelViewSetMapping@@@@QEAA_NPEAUPanelViewSetMapping@@H@Z 000000018001f4d0 f i PluginBackground.obj
 0001:0001e530       ?InitName@?$MFileMapping@UPanelViewSetMapping@@@@QEAAPEB_WPEB_WKK@Z 000000018001f530 f i PluginBackground.obj
 0001:0001e590       ?CloseMap@?$MFileMapping@UPanelViewSetMapping@@@@QEAAXXZ 000000018001f590 f i PluginBackground.obj
 0001:0001e620       ?Open@?$MFileMapping@UPanelViewSetMapping@@@@QEAAPEAUPanelViewSetMapping@@HH@Z 000000018001f620 f i PluginBackground.obj
 0001:0001e650       ??0?$MFileMapping@UPanelViewSetMapping@@@@QEAA@XZ 000000018001f650 f i PluginBackground.obj
 0001:0001e6c0       ??1?$MFileMapping@UPanelViewSetMapping@@@@QEAA@XZ 000000018001f6c0 f i PluginBackground.obj
 0001:0001e6f0       ?IsValid@?$MFileMapping@UPanelViewSetMapping@@@@QEAA_NXZ 000000018001f6f0 f i PluginBackground.obj
 0001:0001e720       ?ClosePtr@?$MFileMapping@UPanelViewSetMapping@@@@QEAAXXZ 000000018001f720 f i PluginBackground.obj
 0001:0001e760       ?InternalOpenCreate@?$MFileMapping@UPanelViewSetMapping@@@@IEAAPEAUPanelViewSetMapping@@HHH@Z 000000018001f760 f i PluginBackground.obj
 0001:0001eb40       ?PlugServerInit@@YAXXZ     000000018001fb40 f   PluginSrv.obj
 0001:0001eb50       ?PlugServerStart@@YA_NXZ   000000018001fb50 f   PluginSrv.obj
 0001:0001ec80       ?PlugServerStop@@YAX_N@Z   000000018001fc80 f   PluginSrv.obj
 0001:0001ecd0       ?cmd_FarSetChanged@@YAXPEAUFAR_REQ_FARSETCHANGED@@@Z 000000018001fcd0 f   PluginSrv.obj
 0001:0001ed40       ?PlugServerCommand@@YAHPEAXPEAUCESERVER_REQ@@AEAPEAU1@AEAK3_J@Z 000000018001fd40 f   PluginSrv.obj
 0001:0001f580       ?PlugServerFree@@YAXPEAUCESERVER_REQ@@_J@Z 0000000180020580 f   PluginSrv.obj
 0001:0001f5a0       ?SetOverlapped@?$PipeServer@UCESERVER_REQ@@@@QEAAX_N@Z 00000001800205a0 f i PluginSrv.obj
 0001:0001f5c0       ?SetLoopCommands@?$PipeServer@UCESERVER_REQ@@@@QEAAX_N@Z 00000001800205c0 f i PluginSrv.obj
 0001:0001f5e0       ?SetDummyAnswerSize@?$PipeServer@UCESERVER_REQ@@@@QEAAXH@Z 00000001800205e0 f i PluginSrv.obj
 0001:0001f600       ?SetMaxCount@?$PipeServer@UCESERVER_REQ@@@@QEAAXH@Z 0000000180020600 f i PluginSrv.obj
 0001:0001f650       ?StartPipeServer@?$PipeServer@UCESERVER_REQ@@@@QEAA_NPEB_W_JPEAU_SECURITY_ATTRIBUTES@@P6AHPEAXPEAUCESERVER_REQ@@AEAPEAU3@AEAK61@ZP6AX41@ZP6AH31@Z99@Z 0000000180020650 f i PluginSrv.obj
 0001:0001f8b0       ?StopPipeServer@?$PipeServer@UCESERVER_REQ@@@@QEAAX_N@Z 00000001800208b0 f i PluginSrv.obj
 0001:0001fee0       ?BreakConnection@?$PipeServer@UCESERVER_REQ@@@@QEAAXPEAX@Z 0000000180020ee0 f i PluginSrv.obj
 0001:0001ff10       ?DumpError@?$PipeServer@UCESERVER_REQ@@@@IEAAXPEAUPipeInst@1@PEB_WH@Z 0000000180020f10 f i PluginSrv.obj
 0001:00020040       ?_Disconnect@?$PipeServer@UCESERVER_REQ@@@@IEAAXPEAUPipeInst@1@_N11@Z 0000000180021040 f i PluginSrv.obj
 0001:000200f0       ?StartPipeInstance@?$PipeServer@UCESERVER_REQ@@@@IEAA_NPEAUPipeInst@1@@Z 00000001800210f0 f i PluginSrv.obj
 0001:00020250       ?TerminatePipeThread@?$PipeServer@UCESERVER_REQ@@@@KAXPEAX@Z 0000000180021250 f i PluginSrv.obj
 0001:00020270       ?_PipeServerThread@?$PipeServer@UCESERVER_REQ@@@@KAKPEAX@Z 0000000180021270 f i PluginSrv.obj
 0001:00020300       ?PipeServerThread@?$PipeServer@UCESERVER_REQ@@@@IEAAKPEAUPipeInst@1@@Z 0000000180021300 f i PluginSrv.obj
 0001:00020850       ?PipeServerRead@?$PipeServer@UCESERVER_REQ@@@@IEAAHPEAUPipeInst@1@@Z 0000000180021850 f i PluginSrv.obj
 0001:00020cc0       ?PipeServerWrite@?$PipeServer@UCESERVER_REQ@@@@IEAAHPEAUPipeInst@1@PEBXKPEAKH@Z 0000000180021cc0 f i PluginSrv.obj
 0001:00020f00       ?WaitForClient@?$PipeServer@UCESERVER_REQ@@@@IEAA_NPEAUPipeInst@1@AEAH1@Z 0000000180021f00 f i PluginSrv.obj
 0001:00021510       ?WriteDummyAnswer@?$PipeServer@UCESERVER_REQ@@@@IEAAHPEAUPipeInst@1@@Z 0000000180022510 f i PluginSrv.obj
 0001:000215b0       ?WaitOverlapped@?$PipeServer@UCESERVER_REQ@@@@IEAAHPEAUPipeInst@1@PEAK@Z 00000001800225b0 f i PluginSrv.obj
 0001:000218a0       ?AllocRequestBuf@PipeInst@?$PipeServer@UCESERVER_REQ@@@@QEAAPEAUCESERVER_REQ@@K@Z 00000001800228a0 f i PluginSrv.obj
 0001:00021940       ??$wcscpy_c@$0BAE@@@YAHAEAY0BAE@_WPEB_W@Z 0000000180022940 f i PluginSrv.obj
 0001:00021aa0       ??0CmdArg@@QEAA@XZ         0000000180022aa0 f   CmdLine.obj
 0001:00021ae0       ??1CmdArg@@QEAA@XZ         0000000180022ae0 f   CmdLine.obj
 0001:00021b50       ?GetBuffer@CmdArg@@QEAAPEA_W_J@Z 0000000180022b50 f   CmdLine.obj
 0001:00021c50       ?Detach@CmdArg@@QEAAPEA_WXZ 0000000180022c50 f   CmdLine.obj
 0001:00021c90       ?Attach@CmdArg@@QEAAPEB_WPEA_W@Z 0000000180022c90 f   CmdLine.obj
 0001:00021d10       ?Empty@CmdArg@@QEAAXXZ     0000000180022d10 f   CmdLine.obj
 0001:00021d60       ?IsEmpty@CmdArg@@QEAA_NXZ  0000000180022d60 f   CmdLine.obj
 0001:00021da0       ?Set@CmdArg@@QEAAPEB_WPEB_WH@Z 0000000180022da0 f   CmdLine.obj
 0001:00021f90       ?SavePathVar@CmdArg@@QEAAXPEB_W@Z 0000000180022f90 f   CmdLine.obj
 0001:00021fd0       ?SetAt@CmdArg@@QEAAX_J_W@Z 0000000180022fd0 f   CmdLine.obj
 0001:00022020       ?GetPosFrom@CmdArg@@QEAAXAEBU1@@Z 0000000180023020 f   CmdLine.obj
 0001:00022060       ?IsNeedDequote@@YA_NPEB_W_NPEAPEB_W@Z 0000000180023060 f   CmdLine.obj
 0001:000222f0       ??BCmdArg@@QEBAPEB_WXZ     00000001800232f0 f i CmdLine.obj
 0001:00022300       ?NextArg@@YAHPEAPEB_WAEAUCmdArg@@0@Z 0000000180023300 f   CmdLine.obj
 0001:00022870       ?AddEndSlash@@YAHPEA_WH@Z  0000000180023870 f   CmdLine.obj
 0001:00022900       ?SkipNonPrintable@@YAPEB_WPEB_W@Z 0000000180023900 f   CmdLine.obj
 0001:00022970       ?CompareFileMask@@YA_NPEB_W0@Z 0000000180023970 f   CmdLine.obj
 0001:00022b90       ?GetDrive@@YAPEB_WPEB_WPEA_WH@Z 0000000180023b90 f   CmdLine.obj
 0001:00022e50       ?IsNeedCmd@@YA_NHPEB_WAEAUCmdArg@@PEAPEB_WPEAH333@Z 0000000180023e50 f   CmdLine.obj
 0001:000238c0       ?IsExecutable@@YA_NPEB_WPEAPEA_W@Z 00000001800248c0 f   CmdLine.obj
 0001:000239e0       ?IsFarExe@@YA_NPEB_W@Z     00000001800249e0 f   CmdLine.obj
 0001:00023a70       ?IsQuotationNeeded@@YA_NPEB_W@Z 0000000180024a70 f   CmdLine.obj
 0001:00023ac0       ?ProcessSetEnvCmd@@YA_NAEAPEB_W_NPEAUCmdArg@@@Z 0000000180024ac0 f   CmdLine.obj
 0001:00024100       ?FileExistsSearch@@YA_NPEB_WAEAUCmdArg@@_N2@Z 0000000180025100 f   CmdLine.obj
 0001:00024410       ?SearchAppPaths@@YA_NPEB_WAEAUCmdArg@@_NPEAU1@@Z 0000000180025410 f   CmdLine.obj
 0001:00024aa0       ?MergeCmdLine@@YAPEA_WPEB_W0@Z 0000000180025aa0 f   CmdLine.obj
 0001:00024b80       ?PackInputRecord@@YAHPEBU_INPUT_RECORD@@PEAUMsgStr@MSG64@@@Z 0000000180025b80 f   Common.obj
 0001:00024e30       ?UnpackInputRecord@@YAHPEBUMsgStr@MSG64@@PEAU_INPUT_RECORD@@@Z 0000000180025e30 f   Common.obj
 0001:00025120       ?TranslateKeyPress@@YAXGK_WHPEAU_INPUT_RECORD@@1@Z 0000000180026120 f   Common.obj
 0001:000252b0       ?CommonShutdown@@YAXXZ     00000001800262b0 f   Common.obj
 0001:000252e0       ?GetImageSubsystem@@YA_NPEB_WAEAK11@Z 00000001800262e0 f   Execute.obj
 0001:00025730       ?GetImageSubsystem@@YA_NAEAK0@Z 0000000180026730 f   Execute.obj
 0001:00025810       ?GetImageSubsystem@@YA_NU_PROCESS_INFORMATION@@AEAK1@Z 0000000180026810 f   Execute.obj
 0001:00025b10       ?GetEnclosingSectionHeader@@YAPEAU_IMAGE_SECTION_HEADER@@KPEAUIMAGE_MAPPING@@@Z 0000000180026b10 f   Execute.obj
 0001:00025bc0       ?GetPtrFromRVA@@YAPEAXKPEAUIMAGE_MAPPING@@@Z 0000000180026bc0 f   Execute.obj
 0001:00025c50       ?FindImageSubsystem@@YA_NPEB_WAEAK11@Z 0000000180026c50 f   Execute.obj
 0001:00026940       ?ModuleName@@YAPEB_WPEB_W@Z 0000000180027940 f   ConEmuCheck.obj
 0001:00026a30       ?ExecuteOpenPipe@@YAPEAXPEB_WAEAY0CAI@_W0KKHPEAX@Z 0000000180027a30 f   ConEmuCheck.obj
 0001:00026e00       ?ExecutePrepareCmd@@YAXPEAUCESERVER_REQ@@K_K@Z 0000000180027e00 f   ConEmuCheck.obj
 0001:00026e60       ?ExecutePrepareCmd@@YAXPEAUCESERVER_REQ_HDR@@K_K@Z 0000000180027e60 f   ConEmuCheck.obj
 0001:00026f30       ?ExecuteNewCmd@@YAPEAUCESERVER_REQ@@K_K@Z 0000000180027f30 f   ConEmuCheck.obj
 0001:00026fa0       ?ExecuteNewCmd@@YAHAEAPEAUCESERVER_REQ@@AEAKK_K@Z 0000000180027fa0 f   ConEmuCheck.obj
 0001:00027070       ?LoadSrvMapping@@YAHPEAUHWND__@@AEAUCESERVER_CONSOLE_MAPPING_HDR@@@Z 0000000180028070 f   ConEmuCheck.obj
 0001:000271d0       ?LoadGuiMapping@@YAHKAEAUConEmuGuiMapping@@@Z 00000001800281d0 f   ConEmuCheck.obj
 0001:00027330       ?ExecuteNewCmdOnCreate@@YAPEAUCESERVER_REQ@@PEAUCESERVER_CONSOLE_MAPPING_HDR@@PEAUHWND__@@W4CmdOnCreateType@@PEB_W33PEAK444HHPEAX55@Z 0000000180028330 f   ConEmuCheck.obj
 0001:00027950       ?ExecuteGuiCmd@@YAPEAUCESERVER_REQ@@PEAUHWND__@@PEAU1@0H@Z 0000000180028950 f   ConEmuCheck.obj
 0001:00027a00       ?ExecuteSrvCmd@@YAPEAUCESERVER_REQ@@KPEAU1@PEAUHWND__@@HK@Z 0000000180028a00 f   ConEmuCheck.obj
 0001:00027ac0       ?ExecuteHkCmd@@YAPEAUCESERVER_REQ@@KPEAU1@PEAUHWND__@@H@Z 0000000180028ac0 f   ConEmuCheck.obj
 0001:00027b80       ?ExecuteCmd@@YAPEAUCESERVER_REQ@@PEB_WPEAU1@KPEAUHWND__@@HK@Z 0000000180028b80 f   ConEmuCheck.obj
 0001:00027f70       ?ExecuteFreeResult@@YAXAEAPEAUCESERVER_REQ@@@Z 0000000180028f70 f   ConEmuCheck.obj
 0001:00027fb0       ?myGetConsoleWindow@@YAPEAUHWND__@@XZ 0000000180028fb0 f   ConEmuCheck.obj
 0001:00028050       ?GetConEmuHWND@@YAPEAUHWND__@@H@Z 0000000180029050 f   ConEmuCheck.obj
 0001:00028260       ?ConEmuCheck@@YAHPEAPEAUHWND__@@@Z 0000000180029260 f   ConEmuCheck.obj
 0001:000282b0       ?GuiMessageBox@@YAHPEAUHWND__@@PEB_W1H@Z 00000001800292b0 f   ConEmuCheck.obj
 0001:000284d0       ?InitName@?$MFileMapping@UConEmuGuiMapping@@@@QEAAPEB_WPEB_WKK@Z 00000001800294d0 f i ConEmuCheck.obj
 0001:00028530       ?CloseMap@?$MFileMapping@UConEmuGuiMapping@@@@QEAAXXZ 0000000180029530 f i ConEmuCheck.obj
 0001:000285c0       ?Open@?$MFileMapping@UConEmuGuiMapping@@@@QEAAPEAUConEmuGuiMapping@@HH@Z 00000001800295c0 f i ConEmuCheck.obj
 0001:000285f0       ??0?$MFileMapping@UConEmuGuiMapping@@@@QEAA@XZ 00000001800295f0 f i ConEmuCheck.obj
 0001:00028660       ??1?$MFileMapping@UConEmuGuiMapping@@@@QEAA@XZ 0000000180029660 f i ConEmuCheck.obj
 0001:00028690       ?ClosePtr@?$MFileMapping@UConEmuGuiMapping@@@@QEAAXXZ 0000000180029690 f i ConEmuCheck.obj
 0001:000286d0       ?InternalOpenCreate@?$MFileMapping@UConEmuGuiMapping@@@@IEAAPEAUConEmuGuiMapping@@HHH@Z 00000001800296d0 f i ConEmuCheck.obj
 0001:00028980       ??$wcscpy_c@$0CA@@@YAHAEAY0CA@_WPEB_W@Z 0000000180029980 f i ConEmuCheck.obj
 0001:000289b0       ?LoadGuiMapping@@YAHPEAUHWND__@@AEAUConEmuGuiMapping@@@Z 00000001800299b0 f   ConEmuCheckEx.obj
 0001:00028a00       ?IsConEmuExeExist@@YAHPEB_WAEAY0BAF@_W@Z 0000000180029a00 f   ConEmuCheckEx.obj
 0001:00028ae0       ?FindConEmuBaseDir@@YAHAEAY0BAF@_W0PEAUHINSTANCE__@@@Z 0000000180029ae0 f   ConEmuCheckEx.obj
 0001:00029150       ??$wcscpy_c@$0BAF@@@YAHAEAY0BAF@_WPEB_W@Z 000000018002a150 f i ConEmuCheckEx.obj
 0001:000292b0       ??$wcscpy_add@$0BAF@@@YAHPEA_WAEAY0BAF@_WPEB_W@Z 000000018002a2b0 f i ConEmuCheckEx.obj
 0001:00029320       ??$wcscat_c@$0BAF@@@YAHAEAY0BAF@_WPEB_W@Z 000000018002a320 f i ConEmuCheckEx.obj
 0001:00029460       ?HeapInitialize@@YA_NXZ    000000018002a460 f   Memory.obj
 0001:000294b0       ?HeapDeinitialize@@YAXXZ   000000018002a4b0 f   Memory.obj
 0001:000294e0       ?xf_malloc@@YAPEAX_K@Z     000000018002a4e0 f   Memory.obj
 0001:00029510       ?xf_calloc@@YAPEAX_K0@Z    000000018002a510 f   Memory.obj
 0001:00029550       ?xf_realloc@@YAPEAXPEAX_K@Z 000000018002a550 f   Memory.obj
 0001:00029590       ?xf_free@@YAXPEAX@Z        000000018002a590 f   Memory.obj
 0001:000295d0       ?xf_validate@@YA_NPEAX@Z   000000018002a5d0 f   Memory.obj
 0001:00029620       ??2@YAPEAX_K@Z             000000018002a620 f   Memory.obj
 0001:00029650       ??_U@YAPEAX_K@Z            000000018002a650 f   Memory.obj
 0001:00029680       ??3@YAXPEAX@Z              000000018002a680 f   Memory.obj
 0001:000296a0       ??_V@YAXPEAX@Z             000000018002a6a0 f   Memory.obj
 0001:000296c0       ?lstrdup@@YAPEADPEBD@Z     000000018002a6c0 f   Memory.obj
 0001:00029740       ?StringCchCopyA@@YAJPEAD_KPEBD@Z 000000018002a740 f i Memory.obj
 0001:000298d0       ?lstrdup@@YAPEA_WPEB_W_K@Z 000000018002a8d0 f   Memory.obj
 0001:00029a90       ?lstrdupW@@YAPEA_WPEBDI@Z  000000018002aa90 f   Memory.obj
 0001:00029b30       ?lstrmerge@@YAPEA_WPEB_W0000@Z 000000018002ab30 f   Memory.obj
 0001:00029d30       ?lstrmerge@@YA_NPEAPEA_WPEB_W111@Z 000000018002ad30 f   Memory.obj
 0001:00029db0       ?FindMonitorsWorkspace@@YAHPEAUHMONITOR__@@PEAUHDC__@@PEAUtagRECT@@_J@Z 000000018002adb0 f   Monitors.obj
 0001:00029e60       ?GetAllMonitorsWorkspace@@YA?AUtagRECT@@XZ 000000018002ae60 f   Monitors.obj
 0001:00029ef0       ?FindPrimaryMonitor@@YAHPEAUHMONITOR__@@PEAUHDC__@@PEAUtagRECT@@_J@Z 000000018002aef0 f   Monitors.obj
 0001:00029f80       ?GetMonitorInfoSafe@@YA_NPEAUHMONITOR__@@AEAUtagMONITORINFO@@@Z 000000018002af80 f   Monitors.obj
 0001:00029ff0       ?GetPrimaryMonitorInfo@@YAPEAUHMONITOR__@@PEAUtagMONITORINFO@@@Z 000000018002aff0 f   Monitors.obj
 0001:0002a0b0       ?GetNearestMonitorInfo@@YAPEAUHMONITOR__@@PEAUtagMONITORINFO@@PEAU1@PEBUtagRECT@@PEAUHWND__@@@Z 000000018002b0b0 f   Monitors.obj
 0001:0002a1e0       ?EnumAllMonitors@@YAHPEAUHMONITOR__@@PEAUHDC__@@PEAUtagRECT@@_J@Z 000000018002b1e0 f   Monitors.obj
 0001:0002a290       ?MonitorSortCallback@@YAHAEAU_FindAllMonitorsItem@@0@Z 000000018002b290 f   Monitors.obj
 0001:0002a310       ?GetNextMonitorInfo@@YAPEAUHMONITOR__@@PEAUtagMONITORINFO@@PEBUtagRECT@@_N@Z 000000018002b310 f   Monitors.obj
 0001:0002a600       ??0_FindAllMonitors@@QEAA@XZ 000000018002b600 f i Monitors.obj
 0001:0002a620       ??1_FindAllMonitors@@QEAA@XZ 000000018002b620 f i Monitors.obj
 0001:0002a640       ??0?$MArray@U_FindAllMonitorsItem@@@@QEAA@XZ 000000018002b640 f i Monitors.obj
 0001:0002a6a0       ??1?$MArray@U_FindAllMonitorsItem@@@@QEAA@XZ 000000018002b6a0 f i Monitors.obj
 0001:0002a6c0       ??A?$MArray@U_FindAllMonitorsItem@@@@QEAAAEAU_FindAllMonitorsItem@@_J@Z 000000018002b6c0 f i Monitors.obj
 0001:0002a6e0       ?push_back@?$MArray@U_FindAllMonitorsItem@@@@QEAA_JAEBU_FindAllMonitorsItem@@@Z 000000018002b6e0 f i Monitors.obj
 0001:0002a7b0       ?size@?$MArray@U_FindAllMonitorsItem@@@@QEBA_JXZ 000000018002b7b0 f i Monitors.obj
 0001:0002a7c0       ?sort@?$MArray@U_FindAllMonitorsItem@@@@QEAAXP6AHAEAU_FindAllMonitorsItem@@0@Z@Z 000000018002b7c0 f i Monitors.obj
 0001:0002a910       ?clear@?$MArray@U_FindAllMonitorsItem@@@@QEAAXXZ 000000018002b910 f i Monitors.obj
 0001:0002a960       ?addsize@?$MArray@U_FindAllMonitorsItem@@@@QEAAX_J@Z 000000018002b960 f i Monitors.obj
 0001:0002aaa0       ?NullSecurity@@YAPEAU_SECURITY_ATTRIBUTES@@XZ 000000018002baa0 f   MSecurity.obj
 0001:0002ab00       ??0MNullDesc@@QEAA@XZ      000000018002bb00 f i MSecurity.obj
 0001:0002ab80       ?NullSecurity@MNullDesc@@QEAAPEAU_SECURITY_ATTRIBUTES@@XZ 000000018002bb80 f i MSecurity.obj
 0001:0002acc0       ?LoadAdvApi@MNullDesc@@IEAAHXZ 000000018002bcc0 f i MSecurity.obj
 0001:0002af80       ?UnloadAdvApi@MNullDesc@@IEAAXXZ 000000018002bf80 f i MSecurity.obj
 0001:0002afc0       ?LocalSecurity@@YAPEAU_SECURITY_ATTRIBUTES@@XZ 000000018002bfc0 f   MSecurity.obj
 0001:0002b020       ?LocalSecurity@MNullDesc@@QEAAPEAU_SECURITY_ATTRIBUTES@@XZ 000000018002c020 f i MSecurity.obj
 0001:0002b2d0       ?ShutdownSecurity@@YAXXZ   000000018002c2d0 f   MSecurity.obj
 0001:0002b330       ??_GMNullDesc@@QEAAPEAXI@Z 000000018002c330 f i MSecurity.obj
 0001:0002b370       ??1MNullDesc@@QEAA@XZ      000000018002c370 f i MSecurity.obj
 0001:0002b3f0       ?msprintf@@YAPEB_WPEA_W_KPEB_WZZ 000000018002c3f0 f   MStrSafe.obj
 0001:0002bda0       ?msprintf@@YAPEBDPEAD_KPEBDZZ 000000018002cda0 f   MStrSafe.obj
 0001:0002c4d0       ?lstrcmpni@@YAHPEB_W0H@Z   000000018002d4d0 f   MStrSafe.obj
 0001:0002c580       ?startswith@@YAHPEB_W0_N@Z 000000018002d580 f   MStrSafe.obj
 0001:0002c630       ?SetConEmuEnvHWND@@YAXPEB_WPEAUHWND__@@@Z 000000018002d630 f   SetEnvVar.obj
 0001:0002c690       ?SetConEmuEnvVar@@YAXPEAUHWND__@@@Z 000000018002d690 f   SetEnvVar.obj
 0001:0002c710       ?SetConEmuEnvVarChild@@YAXPEAUHWND__@@0@Z 000000018002d710 f   SetEnvVar.obj
 0001:0002c750       ?ShutdownConsole@@YAXXZ    000000018002d750 f   WinConsole.obj
 0001:0002c7a0       ?SetConsoleInfo@@YAHPEAUHWND__@@PEAU_CONSOLE_INFO@@@Z 000000018002d7a0 f   WinConsole.obj
 0001:0002cad0       ?ChangeScreenBufferSize@@YAXAEAU_CONSOLE_SCREEN_BUFFER_INFO@@FFFF@Z 000000018002dad0 f   WinConsole.obj
 0001:0002cc30       ?GetConWindowSize@@YAHAEBU_CONSOLE_SCREEN_BUFFER_INFO@@HHKPEAH1PEAK@Z 000000018002dc30 f   WinConsole.obj
 0001:0002cdd0       ?GetConsoleSizeInfo@@YAXPEAU_CONSOLE_INFO@@@Z 000000018002ddd0 f   WinConsole.obj
 0001:0002cea0       ?apiGetConsoleScreenBufferInfoEx@@YAHPEAXPEAUMY_CONSOLE_SCREEN_BUFFER_INFOEX@@@Z 000000018002dea0 f   WinConsole.obj
 0001:0002cf20       ?apiSetConsoleScreenBufferInfoEx@@YAHPEAXPEAUMY_CONSOLE_SCREEN_BUFFER_INFOEX@@@Z 000000018002df20 f   WinConsole.obj
 0001:0002cfc0       ?apiGetConsoleFontSize@@YAHPEAXAEAH1AEAY0CA@_W@Z 000000018002dfc0 f   WinConsole.obj
 0001:0002d0b0       ?apiSetConsoleFontSize@@YAHPEAXHHPEB_W@Z 000000018002e0b0 f   WinConsole.obj
 0001:0002d1c0       ?apiFixFontSizeForBufferSize@@YAHPEAXU_COORD@@PEADH@Z 000000018002e1c0 f   WinConsole.obj
 0001:0002d8a0       ?SetConsoleFontSizeTo@@YAXPEAUHWND__@@HHPEB_WGG@Z 000000018002e8a0 f   WinConsole.obj
 0001:0002df20       ?EvaluateDefaultFontWidth@@YAHHPEB_W@Z 000000018002ef20 f   WinConsole.obj
 0001:0002e0a0       ?SetUserFriendlyFont@@YAXPEAUHWND__@@HH@Z 000000018002f0a0 f   WinConsole.obj
 0001:0002e660       ?CorrectConsolePos@@YAXPEAUHWND__@@@Z 000000018002f660 f   WinConsole.obj
 0001:0002e840       ?EmergencyShow@@YAXPEAUHWND__@@HH@Z 000000018002f840 f   WinConsole.obj
 0001:0002e950       ?getWindowInfo@@YAXPEAUHWND__@@AEAY0EAA@_W@Z 000000018002f950 f   WinObjects.obj
 0001:0002ead0       ?apiSetForegroundWindow@@YAHPEAUHWND__@@@Z 000000018002fad0 f   WinObjects.obj
 0001:0002eb00       ?apiShowWindow@@YAHPEAUHWND__@@H@Z 000000018002fb00 f   WinObjects.obj
 0001:0002eb30       ?apiShowWindowAsync@@YAHPEAUHWND__@@H@Z 000000018002fb30 f   WinObjects.obj
 0001:0002eb60       ?isWindow@@YAHPEAUHWND__@@@Z 000000018002fb60 f   WinObjects.obj
 0001:0002ebe0       ?FileCompare@@YA_NPEB_W0@Z 000000018002fbe0 f   WinObjects.obj
 0001:0002eed0       ?FileExists@@YA_NPEB_WPEAK@Z 000000018002fed0 f   WinObjects.obj
 0001:0002f0f0       ?FilesExists@@YA_NPEB_W0_NH@Z 00000001800300f0 f   WinObjects.obj
 0001:0002f290       ?DirectoryExists@@YA_NPEB_W@Z 0000000180030290 f   WinObjects.obj
 0001:0002f450       ?MyCreateDirectory@@YA_NPEA_W@Z 0000000180030450 f   WinObjects.obj
 0001:0002f5a0       ?IsFilePath@@YA_NPEB_W_N@Z 00000001800305a0 f   WinObjects.obj
 0001:0002f760       ?IsPathNeedQuot@@YA_NPEB_W@Z 0000000180030760 f   WinObjects.obj
 0001:0002f790       ?GetShortFileName@@YAHPEB_WHPEA_WH@Z 0000000180030790 f   WinObjects.obj
 0001:0002fa10       ?GetShortFileNameEx@@YAPEA_WPEB_WH@Z 0000000180030a10 f   WinObjects.obj
 0001:0002ff30       ?IsUserAdmin@@YA_NXZ       0000000180030f30 f   WinObjects.obj
 0001:00030090       ?GetLogonSID@@YA_NPEAXPEAPEA_W@Z 0000000180031090 f   WinObjects.obj
 0001:000301f0       ?IsWine@@YA_NXZ            00000001800311f0 f   WinObjects.obj
 0001:00030380       ?IsWinPE@@YA_NXZ           0000000180031380 f   WinObjects.obj
 0001:00030430       ?IsDbcs@@YA_NXZ            0000000180031430 f   WinObjects.obj
 0001:00030470       ?IsWindows64@@YA_NXZ       0000000180031470 f   WinObjects.obj
 0001:000304b0       ?IsHwFullScreenAvailable@@YA_NXZ 00000001800314b0 f   WinObjects.obj
 0001:00030540       ?IsVsNetHostExe@@YA_NPEB_W@Z 0000000180031540 f   WinObjects.obj
 0001:000305e0       ?GetProcessBits@@YAHKPEAX@Z 00000001800315e0 f   WinObjects.obj
 0001:00030700       ?GetProcessInfo@@YA_NKPEAUtagPROCESSENTRY32W@@@Z 0000000180031700 f   WinObjects.obj
 0001:000307f0       ?isTerminalMode@@YA_NXZ    00000001800317f0 f   WinObjects.obj
 0001:00030b40       ?IsModuleValid@@YA_NPEAUHINSTANCE__@@H@Z 0000000180031b40 f   WinObjects.obj
 0001:00030ce0       ?CheckCallbackPtr@@YA_NPEAUHINSTANCE__@@_KPEAP6A_JXZHHH@Z 0000000180031ce0 f   WinObjects.obj
 0001:00030ed0       ?RemoveOldComSpecC@@YAXXZ  0000000180031ed0 f   WinObjects.obj
 0001:00031020       ?PointToName@@YAPEB_WPEB_W@Z 0000000180032020 f   WinObjects.obj
 0001:00031080       ?PointToName@@YAPEBDPEBD@Z 0000000180032080 f   WinObjects.obj
 0001:000310d0       ?PointToExt@@YAPEB_WPEB_W@Z 00000001800320d0 f   WinObjects.obj
 0001:00031120       ?Unquote@@YAPEB_WPEA_W_N@Z 0000000180032120 f   WinObjects.obj
 0001:000311d0       ?ExpandMacroValues@@YAPEA_WPEB_WPEAPEB_W_K@Z 00000001800321d0 f   WinObjects.obj
 0001:00031420       ?ExpandEnvStr@@YAPEA_WPEB_W@Z 0000000180032420 f   WinObjects.obj
 0001:00031530       ?GetFullPathNameEx@@YAPEA_WPEB_W@Z 0000000180032530 f   WinObjects.obj
 0001:00031630       ??0MConHandle@@QEAA@PEB_W@Z 0000000180032630 f   WinObjects.obj
 0001:000316d0       ?LogHandle@MConHandle@@AEAAXIPEAX@Z 00000001800326d0 f   WinObjects.obj
 0001:00031760       ??1MConHandle@@QEAA@XZ     0000000180032760 f   WinObjects.obj
 0001:00031790       ?SetBufferPtr@MConHandle@@QEAAXPEAPEAX@Z 0000000180032790 f   WinObjects.obj
 0001:000317b0       ??BMConHandle@@QEAAQEAXXZ  00000001800327b0 f   WinObjects.obj
 0001:00031b70       ?strrchr@@YAPEADPEADH@Z    0000000180032b70 f i WinObjects.obj
 0001:00031b90       ?Close@MConHandle@@QEAAXXZ 0000000180032b90 f   WinObjects.obj
 0001:00031c60       ??0MEvent@@QEAA@XZ         0000000180032c60 f   WinObjects.obj
 0001:00031ca0       ??1MEvent@@QEAA@XZ         0000000180032ca0 f   WinObjects.obj
 0001:00031cd0       ?Close@MEvent@@QEAAXXZ     0000000180032cd0 f   WinObjects.obj
 0001:00031d30       ?InitName@MEvent@@QEAAXPEB_WK@Z 0000000180032d30 f   WinObjects.obj
 0001:00031d90       ?Open@MEvent@@QEAAPEAXXZ   0000000180032d90 f   WinObjects.obj
 0001:00031e30       ?Wait@MEvent@@QEAAKKH@Z    0000000180032e30 f   WinObjects.obj
 0001:00031ea0       ?GetHandle@MEvent@@QEAAPEAXXZ 0000000180032ea0 f   WinObjects.obj
 0001:00031ec0       ??0MSetter@@QEAA@PEAH@Z    0000000180032ec0 f   WinObjects.obj
 0001:00031f10       ??0MSetter@@QEAA@PEA_N@Z   0000000180032f10 f   WinObjects.obj
 0001:00031f60       ??0MSetter@@QEAA@PEAKK@Z   0000000180032f60 f   WinObjects.obj
 0001:00031fb0       ??1MSetter@@QEAA@XZ        0000000180032fb0 f   WinObjects.obj
 0001:00031fd0       ?Unlock@MSetter@@QEAAXXZ   0000000180032fd0 f   WinObjects.obj
 0001:00032050       ??0MSection@@QEAA@XZ       0000000180033050 f   WinObjects.obj
 0001:00032120       ??1MSection@@QEAA@XZ       0000000180033120 f   WinObjects.obj
 0001:000321e0       ?Process_Lock@MSection@@IEAAXXZ 00000001800331e0 f   WinObjects.obj
 0001:00032200       ?Process_Unlock@MSection@@IEAAXXZ 0000000180033200 f   WinObjects.obj
 0001:00032220       ?ThreadTerminated@MSection@@QEAAXK@Z 0000000180033220 f   WinObjects.obj
 0001:00032280       ?AddRef@MSection@@IEAAXK@Z 0000000180033280 f   WinObjects.obj
 0001:000323c0       ?ReleaseRef@MSection@@IEAAHK@Z 00000001800333c0 f   WinObjects.obj
 0001:000324e0       ?WaitUnlocked@MSection@@IEAAXKK@Z 00000001800334e0 f   WinObjects.obj
 0001:000325b0       ?MyEnterCriticalSection@MSection@@IEAA_NK@Z 00000001800335b0 f   WinObjects.obj
 0001:00032820       ?Lock@MSection@@IEAAHHK@Z  0000000180033820 f   WinObjects.obj
 0001:000329c0       ?Unlock@MSection@@IEAAXH@Z 00000001800339c0 f   WinObjects.obj
 0001:00032a50       ?isLockedExclusive@MSection@@QEAA_NXZ 0000000180033a50 f   WinObjects.obj
 0001:00032ac0       ??0MSectionThread@@QEAA@PEAVMSection@@@Z 0000000180033ac0 f   WinObjects.obj
 0001:00032b00       ??1MSectionThread@@QEAA@XZ 0000000180033b00 f   WinObjects.obj
 0001:00032b40       ??0MSectionLock@@QEAA@XZ   0000000180033b40 f   WinObjects.obj
 0001:00032b70       ??1MSectionLock@@QEAA@XZ   0000000180033b70 f   WinObjects.obj
 0001:00032ba0       ?Lock@MSectionLock@@QEAAHPEAVMSection@@HK@Z 0000000180033ba0 f   WinObjects.obj
 0001:00032c70       ?RelockExclusive@MSectionLock@@QEAAHK@Z 0000000180033c70 f   WinObjects.obj
 0001:00032d00       ?Unlock@MSectionLock@@QEAAXXZ 0000000180033d00 f   WinObjects.obj
 0001:00032d50       ?isLocked@MSectionLock@@QEAAHH@Z 0000000180033d50 f   WinObjects.obj
 0001:00032da0       ??0MSectionLockSimple@@QEAA@XZ 0000000180033da0 f   WinObjects.obj
 0001:00032dc0       ??1MSectionLockSimple@@QEAA@XZ 0000000180033dc0 f   WinObjects.obj
 0001:00032df0       ?Lock@MSectionLockSimple@@QEAAHPEAU_RTL_CRITICAL_SECTION@@K@Z 0000000180033df0 f   WinObjects.obj
 0001:00032ec0       ?Unlock@MSectionLockSimple@@QEAAXXZ 0000000180033ec0 f   WinObjects.obj
 0001:00032f00       ?isLocked@MSectionLockSimple@@QEAAHXZ 0000000180033f00 f   WinObjects.obj
 0001:00032f10       ??0MFileLog@@QEAA@PEB_W0K@Z 0000000180033f10 f   WinObjects.obj
 0001:00032fb0       ?InitFileName@MFileLog@@IEAAJPEB_WK@Z 0000000180033fb0 f   WinObjects.obj
 0001:00033060       ??1MFileLog@@QEAA@XZ       0000000180034060 f   WinObjects.obj
 0001:000330b0       ?CloseLogFile@MFileLog@@QEAAXXZ 00000001800340b0 f   WinObjects.obj
 0001:00033150       ?CreateLogFile@MFileLog@@QEAAJPEB_WKK@Z 0000000180034150 f   WinObjects.obj
 0001:000339f0       ?GetLogFileName@MFileLog@@QEAAPEB_WXZ 00000001800349f0 f   WinObjects.obj
 0001:00033a40       ?LogString@MFileLog@@QEAAXPEBD_N01I@Z 0000000180034a40 f   WinObjects.obj
 0001:00033c00       ?LogString@MFileLog@@QEAAXPEB_W_N01@Z 0000000180034c00 f   WinObjects.obj
 0001:000340a0       ?MonitorEnumProc@MFileLog@@KAHPEAUHMONITOR__@@PEAUHDC__@@PEAUtagRECT@@_J@Z 00000001800350a0 f   WinObjects.obj
 0001:00034250       ?LogStartEnv@MFileLog@@QEAAXPEAUCEStartupEnv@@@Z 0000000180035250 f   WinObjects.obj
 0001:00035090       ??0CToolTip@@QEAA@XZ       0000000180036090 f   WinObjects.obj
 0001:00035130       ??_GCToolTip@@UEAAPEAXI@Z  0000000180036130 f i WinObjects.obj
 0001:00035130       ??_ECToolTip@@UEAAPEAXI@Z  0000000180036130 f i WinObjects.obj
 0001:00035170       ??1CToolTip@@UEAA@XZ       0000000180036170 f   WinObjects.obj
 0001:00035230       ?ShowTip@CToolTip@@QEAAXPEAUHWND__@@0PEB_WHUtagPOINT@@PEAUHINSTANCE__@@@Z 0000000180036230 f   WinObjects.obj
 0001:000356e0       ?HideTip@CToolTip@@QEAAXXZ 00000001800366e0 f   WinObjects.obj
 0001:00035780       ??0CTimer@@QEAA@XZ         0000000180036780 f   WinObjects.obj
 0001:000357c0       ??1CTimer@@QEAA@XZ         00000001800367c0 f   WinObjects.obj
 0001:000357e0       ?IsStarted@CTimer@@QEAA_NXZ 00000001800367e0 f   WinObjects.obj
 0001:000357f0       ?Start@CTimer@@QEAAXI@Z    00000001800367f0 f   WinObjects.obj
 0001:00035870       ?Stop@CTimer@@QEAAXXZ      0000000180036870 f   WinObjects.obj
 0001:000358b0       ?Restart@CTimer@@QEAAXI@Z  00000001800368b0 f   WinObjects.obj
 0001:000358f0       ?Init@CTimer@@QEAAXPEAUHWND__@@_KI@Z 00000001800368f0 f   WinObjects.obj
 0001:00035940       ?MyGetLargestConsoleWindowSize@@YA?AU_COORD@@PEAX@Z 0000000180036940 f   WinObjects.obj
 0001:000359d0       ?DuplicateProcessHandle@@YAPEAXK@Z 00000001800369d0 f   WinObjects.obj
 0001:00035a60       ?FindComspec@@YAXPEAUConEmuComspec@@_N@Z 0000000180036a60 f   WinObjects.obj
 0001:000365c0       ?GetEnvVar@@YAPEA_WPEB_W@Z 00000001800375c0 f   WinObjects.obj
 0001:000366b0       ?UpdateComspec@@YAXPEAUConEmuComspec@@_N@Z 00000001800376b0 f   WinObjects.obj
 0001:00036af0       ?SetEnvVarExpanded@@YAXPEB_W0@Z 0000000180037af0 f   WinObjects.obj
 0001:00036c10       ?GetComspecFromEnvVar@@YAPEB_WPEA_WKW4ComSpecBits@@@Z 0000000180037c10 f   WinObjects.obj
 0001:00036e60       ?GetComspec@@YAPEA_WPEBUConEmuComspec@@@Z 0000000180037e60 f   WinObjects.obj
 0001:00037120       ?IsExportEnvVarAllowed@@YA_NPEB_W@Z 0000000180038120 f   WinObjects.obj
 0001:000371a0       ?ApplyExportEnvVar@@YAXPEB_W@Z 00000001800381a0 f   WinObjects.obj
 0001:00037240       ?ReadTextFile@@YAHPEB_WKAEAPEA_WAEAK2K@Z 0000000180038240 f   WinObjects.obj
 0001:00037840       ?WriteTextFile@@YAHPEB_W0HK_NPEAK@Z 0000000180038840 f   WinObjects.obj
 0001:00037c00       ??$wcscpy_c@$0EAA@@@YAHAEAY0EAA@_WPEB_W@Z 0000000180038c00 f i WinObjects.obj
 0001:00037c30       ??$wcscpy_c@$0BAA@@@YAHAEAY0BAA@_WPEB_W@Z 0000000180038c30 f i WinObjects.obj
 0001:00037c60       ??$wcscpy_c@$0EBA@@@YAHAEAY0EBA@_WPEB_W@Z 0000000180038c60 f i WinObjects.obj
 0001:00037c90       GetProcAddress             0000000180038c90 f   kernel32:KERNEL32.dll
 0001:00037c96       GetCurrentProcessId        0000000180038c96 f   kernel32:KERNEL32.dll
 0001:00037c9c       GetLastError               0000000180038c9c f   kernel32:KERNEL32.dll
 0001:00037ca2       LoadLibraryW               0000000180038ca2 f   kernel32:KERNEL32.dll
 0001:00037ca8       GetModuleHandleW           0000000180038ca8 f   kernel32:KERNEL32.dll
 0001:00037cae       IsDebuggerPresent          0000000180038cae f   kernel32:KERNEL32.dll
 0001:00037cb4       SetEvent                   0000000180038cb4 f   kernel32:KERNEL32.dll
 0001:00037cba       lstrcpyW                   0000000180038cba f   kernel32:KERNEL32.dll
 0001:00037cc0       lstrlenW                   0000000180038cc0 f   kernel32:KERNEL32.dll
 0001:00037cc6       SetEnvironmentVariableW    0000000180038cc6 f   kernel32:KERNEL32.dll
 0001:00037ccc       IsBadStringPtrW            0000000180038ccc f   kernel32:KERNEL32.dll
 0001:00037cd2       GetNumberOfConsoleInputEvents 0000000180038cd2 f   kernel32:KERNEL32.dll
 0001:00037cd8       GetStdHandle               0000000180038cd8 f   kernel32:KERNEL32.dll
 0001:00037cde       GetTickCount               0000000180038cde f   kernel32:KERNEL32.dll
 0001:00037ce4       SetLastError               0000000180038ce4 f   kernel32:KERNEL32.dll
 0001:00037cea       GetCurrentThreadId         0000000180038cea f   kernel32:KERNEL32.dll
 0001:00037cf0       ReadConsoleInputW          0000000180038cf0 f   kernel32:KERNEL32.dll
 0001:00037cf6       PeekConsoleInputW          0000000180038cf6 f   kernel32:KERNEL32.dll
 0001:00037cfc       lstrcatW                   0000000180038cfc f   kernel32:KERNEL32.dll
 0001:00037d02       GetModuleFileNameW         0000000180038d02 f   kernel32:KERNEL32.dll
 0001:00037d08       WriteConsoleInputW         0000000180038d08 f   kernel32:KERNEL32.dll
 0001:00037d0e       WaitForSingleObject        0000000180038d0e f   kernel32:KERNEL32.dll
 0001:00037d14       ReleaseSemaphore           0000000180038d14 f   kernel32:KERNEL32.dll
 0001:00037d1a       WaitForMultipleObjects     0000000180038d1a f   kernel32:KERNEL32.dll
 0001:00037d20       ResetEvent                 0000000180038d20 f   kernel32:KERNEL32.dll
 0001:00037d26       GetConsoleScreenBufferInfo 0000000180038d26 f   kernel32:KERNEL32.dll
 0001:00037d2c       SuspendThread              0000000180038d2c f   kernel32:KERNEL32.dll
 0001:00037d32       ResumeThread               0000000180038d32 f   kernel32:KERNEL32.dll
 0001:00037d38       TerminateProcess           0000000180038d38 f   kernel32:KERNEL32.dll
 0001:00037d3e       GetCurrentProcess          0000000180038d3e f   kernel32:KERNEL32.dll
 0001:00037d44       CloseHandle                0000000180038d44 f   kernel32:KERNEL32.dll
 0001:00037d4a       Module32NextW              0000000180038d4a f   kernel32:KERNEL32.dll
 0001:00037d50       Module32FirstW             0000000180038d50 f   kernel32:KERNEL32.dll
 0001:00037d56       CreateToolhelp32Snapshot   0000000180038d56 f   kernel32:KERNEL32.dll
 0001:00037d5c       GetEnvironmentVariableW    0000000180038d5c f   kernel32:KERNEL32.dll
 0001:00037d62       CreateThread               0000000180038d62 f   kernel32:KERNEL32.dll
 0001:00037d68       CreateSemaphoreW           0000000180038d68 f   kernel32:KERNEL32.dll
 0001:00037d6e       CreateEventW               0000000180038d6e f   kernel32:KERNEL32.dll
 0001:00037d74       OpenFileMappingW           0000000180038d74 f   kernel32:KERNEL32.dll
 0001:00037d7a       VirtualProtect             0000000180038d7a f   kernel32:KERNEL32.dll
 0001:00037d80       MapViewOfFile              0000000180038d80 f   kernel32:KERNEL32.dll
 0001:00037d86       CreateFileMappingW         0000000180038d86 f   kernel32:KERNEL32.dll
 0001:00037d8c       lstrcmpW                   0000000180038d8c f   kernel32:KERNEL32.dll
 0001:00037d92       lstrcpynW                  0000000180038d92 f   kernel32:KERNEL32.dll
 0001:00037d98       lstrcmpiW                  0000000180038d98 f   kernel32:KERNEL32.dll
 0001:00037d9e       UnmapViewOfFile            0000000180038d9e f   kernel32:KERNEL32.dll
 0001:00037da4       TerminateThread            0000000180038da4 f   kernel32:KERNEL32.dll
 0001:00037daa       SetConsoleTitleW           0000000180038daa f   kernel32:KERNEL32.dll
 0001:00037db0       GetConsoleTitleW           0000000180038db0 f   kernel32:KERNEL32.dll
 0001:00037db6       WideCharToMultiByte        0000000180038db6 f   kernel32:KERNEL32.dll
 0001:00037dbc       DeleteFileW                0000000180038dbc f   kernel32:KERNEL32.dll
 0001:00037dc2       CreateProcessW             0000000180038dc2 f   kernel32:KERNEL32.dll
 0001:00037dc8       GetExitCodeProcess         0000000180038dc8 f   kernel32:KERNEL32.dll
 0001:00037dce       SetConsoleMode             0000000180038dce f   kernel32:KERNEL32.dll
 0001:00037dd4       GetConsoleMode             0000000180038dd4 f   kernel32:KERNEL32.dll
 0001:00037dda       GetConsoleCursorInfo       0000000180038dda f   kernel32:KERNEL32.dll
 0001:00037de0       Thread32Next               0000000180038de0 f   kernel32:KERNEL32.dll
 0001:00037de6       Thread32First              0000000180038de6 f   kernel32:KERNEL32.dll
 0001:00037dec       ExpandEnvironmentStringsW  0000000180038dec f   kernel32:KERNEL32.dll
 0001:00037df2       lstrcmpA                   0000000180038df2 f   kernel32:KERNEL32.dll
 0001:00037df8       MultiByteToWideChar        0000000180038df8 f   kernel32:KERNEL32.dll
 0001:00037dfe       lstrlenA                   0000000180038dfe f   kernel32:KERNEL32.dll
 0001:00037e04       lstrcpynA                  0000000180038e04 f   kernel32:KERNEL32.dll
 0001:00037e0a       GetCurrentDirectoryW       0000000180038e0a f   kernel32:KERNEL32.dll
 0001:00037e10       lstrcpyA                   0000000180038e10 f   kernel32:KERNEL32.dll
 0001:00037e16       DisconnectNamedPipe        0000000180038e16 f   kernel32:KERNEL32.dll
 0001:00037e1c       SetThreadPriority          0000000180038e1c f   kernel32:KERNEL32.dll
 0001:00037e22       Sleep                      0000000180038e22 f   kernel32:KERNEL32.dll
 0001:00037e28       FlushFileBuffers           0000000180038e28 f   kernel32:KERNEL32.dll
 0001:00037e2e       ReadFile                   0000000180038e2e f   kernel32:KERNEL32.dll
 0001:00037e34       GetOverlappedResult        0000000180038e34 f   kernel32:KERNEL32.dll
 0001:00037e3a       WriteFile                  0000000180038e3a f   kernel32:KERNEL32.dll
 0001:00037e40       ConnectNamedPipe           0000000180038e40 f   kernel32:KERNEL32.dll
 0001:00037e46       CreateNamedPipeW           0000000180038e46 f   kernel32:KERNEL32.dll
 0001:00037e4c       SearchPathW                0000000180038e4c f   kernel32:KERNEL32.dll
 0001:00037e52       SetConsoleOutputCP         0000000180038e52 f   kernel32:KERNEL32.dll
 0001:00037e58       SetConsoleCP               0000000180038e58 f   kernel32:KERNEL32.dll
 0001:00037e5e       SetFilePointer             0000000180038e5e f   kernel32:KERNEL32.dll
 0001:00037e64       GetFileInformationByHandle 0000000180038e64 f   kernel32:KERNEL32.dll
 0001:00037e6a       CreateFileW                0000000180038e6a f   kernel32:KERNEL32.dll
 0001:00037e70       ReadProcessMemory          0000000180038e70 f   kernel32:KERNEL32.dll
 0001:00037e76       FreeLibrary                0000000180038e76 f   kernel32:KERNEL32.dll
 0001:00037e7c       VerifyVersionInfoW         0000000180038e7c f   kernel32:KERNEL32.dll
 0001:00037e82       VerSetConditionMask        0000000180038e82 f   kernel32:KERNEL32.dll
 0001:00037e88       DebugBreak                 0000000180038e88 f   kernel32:KERNEL32.dll
 0001:00037e8e       SetNamedPipeHandleState    0000000180038e8e f   kernel32:KERNEL32.dll
 0001:00037e94       WaitNamedPipeW             0000000180038e94 f   kernel32:KERNEL32.dll
 0001:00037e9a       TransactNamedPipe          0000000180038e9a f   kernel32:KERNEL32.dll
 0001:00037ea0       GetConsoleWindow           0000000180038ea0 f   kernel32:KERNEL32.dll
 0001:00037ea6       HeapCreate                 0000000180038ea6 f   kernel32:KERNEL32.dll
 0001:00037eac       HeapDestroy                0000000180038eac f   kernel32:KERNEL32.dll
 0001:00037eb2       HeapAlloc                  0000000180038eb2 f   kernel32:KERNEL32.dll
 0001:00037eb8       HeapReAlloc                0000000180038eb8 f   kernel32:KERNEL32.dll
 0001:00037ebe       HeapFree                   0000000180038ebe f   kernel32:KERNEL32.dll
 0001:00037ec4       HeapValidate               0000000180038ec4 f   kernel32:KERNEL32.dll
 0001:00037eca       LocalFree                  0000000180038eca f   kernel32:KERNEL32.dll
 0001:00037ed0       LocalAlloc                 0000000180038ed0 f   kernel32:KERNEL32.dll
 0001:00037ed6       SetConsoleWindowInfo       0000000180038ed6 f   kernel32:KERNEL32.dll
 0001:00037edc       GetConsoleOutputCP         0000000180038edc f   kernel32:KERNEL32.dll
 0001:00037ee2       GetFileSizeEx              0000000180038ee2 f   kernel32:KERNEL32.dll
 0001:00037ee8       FindClose                  0000000180038ee8 f   kernel32:KERNEL32.dll
 0001:00037eee       FindNextFileW              0000000180038eee f   kernel32:KERNEL32.dll
 0001:00037ef4       FindFirstFileW             0000000180038ef4 f   kernel32:KERNEL32.dll
 0001:00037efa       CreateDirectoryW           0000000180038efa f   kernel32:KERNEL32.dll
 0001:00037f00       OpenProcess                0000000180038f00 f   kernel32:KERNEL32.dll
 0001:00037f06       Process32NextW             0000000180038f06 f   kernel32:KERNEL32.dll
 0001:00037f0c       Process32FirstW            0000000180038f0c f   kernel32:KERNEL32.dll
 0001:00037f12       IsBadReadPtr               0000000180038f12 f   kernel32:KERNEL32.dll
 0001:00037f18       VirtualFree                0000000180038f18 f   kernel32:KERNEL32.dll
 0001:00037f1e       VirtualAlloc               0000000180038f1e f   kernel32:KERNEL32.dll
 0001:00037f24       GetSystemInfo              0000000180038f24 f   kernel32:KERNEL32.dll
 0001:00037f2a       GetFullPathNameW           0000000180038f2a f   kernel32:KERNEL32.dll
 0001:00037f30       GetModuleFileNameA         0000000180038f30 f   kernel32:KERNEL32.dll
 0001:00037f36       OpenEventW                 0000000180038f36 f   kernel32:KERNEL32.dll
 0001:00037f3c       InitializeCriticalSection  0000000180038f3c f   kernel32:KERNEL32.dll
 0001:00037f42       DeleteCriticalSection      0000000180038f42 f   kernel32:KERNEL32.dll
 0001:00037f48       EnterCriticalSection       0000000180038f48 f   kernel32:KERNEL32.dll
 0001:00037f4e       LeaveCriticalSection       0000000180038f4e f   kernel32:KERNEL32.dll
 0001:00037f54       TryEnterCriticalSection    0000000180038f54 f   kernel32:KERNEL32.dll
 0001:00037f5a       OpenThread                 0000000180038f5a f   kernel32:KERNEL32.dll
 0001:00037f60       GetLocalTime               0000000180038f60 f   kernel32:KERNEL32.dll
 0001:00037f66       GetVersionExW              0000000180038f66 f   kernel32:KERNEL32.dll
 0001:00037f6c       GetLargestConsoleWindowSize 0000000180038f6c f   kernel32:KERNEL32.dll
 0001:00037f72       DuplicateHandle            0000000180038f72 f   kernel32:KERNEL32.dll
 0001:00037f78       GetWindowsDirectoryW       0000000180038f78 f   kernel32:KERNEL32.dll
 0001:00037f7e       GetFileSize                0000000180038f7e f   kernel32:KERNEL32.dll
 0001:00037f84       MessageBoxW                0000000180038f84 f   user32:USER32.dll
 0001:00037f8a       wsprintfW                  0000000180038f8a f   user32:USER32.dll
 0001:00037f90       IsWindow                   0000000180038f90 f   user32:USER32.dll
 0001:00037f96       GetWindowLongPtrW          0000000180038f96 f   user32:USER32.dll
 0001:00037f9c       GetParent                  0000000180038f9c f   user32:USER32.dll
 0001:00037fa2       PostMessageW               0000000180038fa2 f   user32:USER32.dll
 0001:00037fa8       RegisterWindowMessageW     0000000180038fa8 f   user32:USER32.dll
 0001:00037fae       GetWindowThreadProcessId   0000000180038fae f   user32:USER32.dll
 0001:00037fb4       IsWindowVisible            0000000180038fb4 f   user32:USER32.dll
 0001:00037fba       CharUpperBuffW             0000000180038fba f   user32:USER32.dll
 0001:00037fc0       FillRect                   0000000180038fc0 f   user32:USER32.dll
 0001:00037fc6       ReleaseDC                  0000000180038fc6 f   user32:USER32.dll
 0001:00037fcc       GetDC                      0000000180038fcc f   user32:USER32.dll
 0001:00037fd2       ActivateKeyboardLayout     0000000180038fd2 f   user32:USER32.dll
 0001:00037fd8       LoadKeyboardLayoutW        0000000180038fd8 f   user32:USER32.dll
 0001:00037fde       MapVirtualKeyW             0000000180038fde f   user32:USER32.dll
 0001:00037fe4       VkKeyScanW                 0000000180038fe4 f   user32:USER32.dll
 0001:00037fea       FindWindowW                0000000180038fea f   user32:USER32.dll
 0001:00037ff0       GetSystemMetrics           0000000180038ff0 f   user32:USER32.dll
 0001:00037ff6       IsRectEmpty                0000000180038ff6 f   user32:USER32.dll
 0001:00037ffc       EnumDisplayMonitors        0000000180038ffc f   user32:USER32.dll
 0001:00038002       GetMonitorInfoW            0000000180039002 f   user32:USER32.dll
 0001:00038008       SystemParametersInfoW      0000000180039008 f   user32:USER32.dll
 0001:0003800e       MonitorFromWindow          000000018003900e f   user32:USER32.dll
 0001:00038014       MonitorFromRect            0000000180039014 f   user32:USER32.dll
 0001:0003801a       SetWindowPos               000000018003901a f   user32:USER32.dll
 0001:00038020       ShowWindow                 0000000180039020 f   user32:USER32.dll
 0001:00038026       SendMessageW               0000000180039026 f   user32:USER32.dll
 0001:0003802c       GetWindowRect              000000018003902c f   user32:USER32.dll
 0001:00038032       EnableWindow               0000000180039032 f   user32:USER32.dll
 0001:00038038       IsWindowEnabled            0000000180039038 f   user32:USER32.dll
 0001:0003803e       SetForegroundWindow        000000018003903e f   user32:USER32.dll
 0001:00038044       ShowWindowAsync            0000000180039044 f   user32:USER32.dll
 0001:0003804a       wsprintfA                  000000018003904a f   user32:USER32.dll
 0001:00038050       GetCursorPos               0000000180039050 f   user32:USER32.dll
 0001:00038056       GetWindowTextW             0000000180039056 f   user32:USER32.dll
 0001:0003805c       GetClassNameW              000000018003905c f   user32:USER32.dll
 0001:00038062       GetForegroundWindow        0000000180039062 f   user32:USER32.dll
 0001:00038068       GetKeyboardLayoutList      0000000180039068 f   user32:USER32.dll
 0001:0003806e       GetKeyboardLayout          000000018003906e f   user32:USER32.dll
 0001:00038074       DestroyWindow              0000000180039074 f   user32:USER32.dll
 0001:0003807a       GetClientRect              000000018003907a f   user32:USER32.dll
 0001:00038080       CreateWindowExW            0000000180039080 f   user32:USER32.dll
 0001:00038086       SetTimer                   0000000180039086 f   user32:USER32.dll
 0001:0003808c       KillTimer                  000000018003908c f   user32:USER32.dll
 0001:00038092       DeleteEnhMetaFile          0000000180039092 f   gdi32:GDI32.dll
 0001:00038098       GetEnhMetaFileBits         0000000180039098 f   gdi32:GDI32.dll
 0001:0003809e       CloseEnhMetaFile           000000018003909e f   gdi32:GDI32.dll
 0001:000380a4       GdiFlush                   00000001800390a4 f   gdi32:GDI32.dll
 0001:000380aa       SelectObject               00000001800390aa f   gdi32:GDI32.dll
 0001:000380b0       DeleteDC                   00000001800390b0 f   gdi32:GDI32.dll
 0001:000380b6       DeleteObject               00000001800390b6 f   gdi32:GDI32.dll
 0001:000380bc       CreateSolidBrush           00000001800390bc f   gdi32:GDI32.dll
 0001:000380c2       CreateDIBSection           00000001800390c2 f   gdi32:GDI32.dll
 0001:000380c8       CreateCompatibleDC         00000001800390c8 f   gdi32:GDI32.dll
 0001:000380ce       CreateEnhMetaFileW         00000001800390ce f   gdi32:GDI32.dll
 0001:000380d4       GetDeviceCaps              00000001800390d4 f   gdi32:GDI32.dll
 0001:000380da       GetTextMetricsW            00000001800390da f   gdi32:GDI32.dll
 0001:000380e0       CreateFontIndirectW        00000001800390e0 f   gdi32:GDI32.dll
 0001:000380e6       RegCloseKey                00000001800390e6 f   advapi32:ADVAPI32.dll
 0001:000380ec       RegQueryValueExW           00000001800390ec f   advapi32:ADVAPI32.dll
 0001:000380f2       RegOpenKeyExW              00000001800390f2 f   advapi32:ADVAPI32.dll
 0001:000380f8       RegCreateKeyExW            00000001800390f8 f   advapi32:ADVAPI32.dll
 0001:000380fe       FreeSid                    00000001800390fe f   advapi32:ADVAPI32.dll
 0001:00038104       CheckTokenMembership       0000000180039104 f   advapi32:ADVAPI32.dll
 0001:0003810a       AllocateAndInitializeSid   000000018003910a f   advapi32:ADVAPI32.dll
 0001:00038110       ConvertSidToStringSidW     0000000180039110 f   advapi32:ADVAPI32.dll
 0001:00038116       GetTokenInformation        0000000180039116 f   advapi32:ADVAPI32.dll
 0001:0003811c       OpenProcessToken           000000018003911c f   advapi32:ADVAPI32.dll
 0001:00038122       RegEnumKeyExW              0000000180039122 f   advapi32:ADVAPI32.dll
 0001:00038128       SHGetFolderPathW           0000000180039128 f   shell32:SHELL32.dll
 0001:0003812e       VerQueryValueW             000000018003912e f   version:VERSION.dll
 0001:00038134       GetFileVersionInfoW        0000000180039134 f   version:VERSION.dll
 0001:0003813a       GetFileVersionInfoSizeW    000000018003913a f   version:VERSION.dll
 0001:00038150       memset                     0000000180039150 f   LIBCMT:memset.obj
 0001:00038250       memcmp                     0000000180039250 f   LIBCMT:memcmp.obj
 0001:00038330       memmove                    0000000180039330     LIBCMT:memcpy.obj
 0001:00038330       memcpy                     0000000180039330 f   LIBCMT:memcpy.obj
 0001:00038664       wcsrchr                    0000000180039664 f   LIBCMT:wcsrchr.obj
 0001:00038690       wcschr                     0000000180039690 f   LIBCMT:wcschr.obj
 0001:000386b0       wcsstr                     00000001800396b0 f   LIBCMT:wcsstr.obj
 0001:00038718       wcspbrk                    0000000180039718 f   LIBCMT:wcspbrk.obj
 0001:00038750       wcsncmp                    0000000180039750 f   LIBCMT:wcsncmp.obj
 0001:00038780       ??0_LocaleUpdate@@QEAA@PEAUlocaleinfo_struct@@@Z 0000000180039780 f i LIBCMT:wcstol.obj
 0001:0003882c       ??1_LocaleUpdate@@QEAA@XZ  000000018003982c f i LIBCMT:wcstol.obj
 0001:00038840       ?GetLocaleT@_LocaleUpdate@@QEAAPEAUlocaleinfo_struct@@XZ 0000000180039840 f i LIBCMT:wcstol.obj
 0001:00038a8c       wcstol                     0000000180039a8c f   LIBCMT:wcstol.obj
 0001:00038abc       _wcstol_l                  0000000180039abc f   LIBCMT:wcstol.obj
 0001:00038ae0       wcstoul                    0000000180039ae0 f   LIBCMT:wcstol.obj
 0001:00038b14       _wcstoul_l                 0000000180039b14 f   LIBCMT:wcstol.obj
 0001:00038b3c       strrchr                    0000000180039b3c f   LIBCMT:strrchr.obj
 0001:00038b64       _CRT_INIT                  0000000180039b64 f   LIBCMT:dllcrt0.obj
 0001:00038db8       _DllMainCRTStartup         0000000180039db8 f   LIBCMT:dllcrt0.obj
 0001:000390a4       __updatetmbcinfo           000000018003a0a4 f   LIBCMT:mbctype.obj
 0001:000391f0       _setmbcp_nolock            000000018003a1f0 f   LIBCMT:mbctype.obj
 0001:00039468       _getmbcp                   000000018003a468 f   LIBCMT:mbctype.obj
 0001:000394b8       _setmbcp                   000000018003a4b8 f   LIBCMT:mbctype.obj
 0001:000396b0       __initmbctable             000000018003a6b0 f   LIBCMT:mbctype.obj
 0001:000396d8       _invoke_watson_if_error    000000018003a6d8 f i LIBCMT:setlocal.obj
 0001:00039710       ___setlc_active_func       000000018003a710 f   LIBCMT:setlocal.obj
 0001:00039718       ___unguarded_readlc_active_add_func 000000018003a718 f   LIBCMT:setlocal.obj
 0001:00039720       __freetlocinfo             000000018003a720 f   LIBCMT:setlocal.obj
 0001:0003989c       __addlocaleref             000000018003a89c f   LIBCMT:setlocal.obj
 0001:00039934       __removelocaleref          000000018003a934 f   LIBCMT:setlocal.obj
 0001:00039a68       __updatetlocinfo           000000018003aa68 f   LIBCMT:setlocal.obj
 0001:00039ae0       _configthreadlocale        000000018003aae0 f   LIBCMT:setlocal.obj
 0001:00039bb8       _free_locale               000000018003abb8 f   LIBCMT:setlocal.obj
 0001:00039c60       __free_locale              000000018003ac60 f   LIBCMT:setlocal.obj
 0001:00039c68       _get_current_locale        000000018003ac68 f   LIBCMT:setlocal.obj
 0001:00039d08       __get_current_locale       000000018003ad08 f   LIBCMT:setlocal.obj
 0001:00039d10       __init_dummy               000000018003ad10 f   LIBCMT:setlocal.obj
 0001:00039d14       _strcats                   000000018003ad14 f   LIBCMT:setlocal.obj
 0001:00039d78       __lc_strtolc               000000018003ad78 f   LIBCMT:setlocal.obj
 0001:00039ee0       __lc_lctostr               000000018003aee0 f   LIBCMT:setlocal.obj
 0001:0003a160       _expandlocale              000000018003b160 f   LIBCMT:setlocal.obj
 0001:0003a8cc       _create_locale             000000018003b8cc f   LIBCMT:setlocal.obj
[...]
 0003:00002d78       ?FSFW2800@@3PEAUFarStandardFunctions@@EA 0000000180057d78     ConEmuPlugin2800.obj
 0003:00002fe0       ?InfoA@@3PEAUPluginStartupInfo@@EA 0000000180057fe0     ConEmuPluginA.obj
 0003:00002fe8       ?FSFA@@3PEAUFarStandardFunctions@@EA 0000000180057fe8     ConEmuPluginA.obj
 0003:00003100       ?gbNeedBgActivate@@3HA     0000000180058100     PluginBackground.obj
 0003:00003104       ?gbBgPluginsAllowed@@3HA   0000000180058104     PluginBackground.obj
 0003:00003108       ?gpBgPlugin@@3PEAVCPluginBackground@@EA 0000000180058108     PluginBackground.obj
 0003:00003110       ?gszPluginServerPipe@@3PA_WA 0000000180058110     PluginSrv.obj
 0003:00003318       ?gpPlugServer@@3PEAU?$PipeServer@UCESERVER_REQ@@@@EA 0000000180058318     PluginSrv.obj
 0003:00003320       ?ghServerTerminateEvent@@3PEAXEA 0000000180058320     PluginSrv.obj
 0003:00003328       ?gbInCommonShutdown@@3HA   0000000180058328     Common.obj
 0003:00003330       ?OnShutdownConsole@@3P6AXXZEA 0000000180058330     Common.obj
 0003:00003340       ?gpLocalSecurity@@3PEAU_SECURITY_ATTRIBUTES@@EA 0000000180058340     ConEmuCheck.obj
 0003:00003348       ?ghWorkingModule@@3_KA     0000000180058348     ConEmuCheck.obj
 0003:000033a8       ?AssertMsgBox@@3P6AHPEB_WI0PEAUHWND__@@_N@ZEA 00000001800583a8     MAssert.obj
 0003:000033b0       ?ghHeap@@3PEAXEA           00000001800583b0     Memory.obj
 0003:000033b8       ?gNullDesc@@3PEAVMNullDesc@@EA 00000001800583b8     MSecurity.obj
 0003:000033c0       ?gpConsoleInfoStr@@3PEAU_CONSOLE_INFO@@EA 00000001800583c0     WinConsole.obj
 0003:000033c8       ?ghConsoleSection@@3PEAXEA 00000001800583c8     WinConsole.obj
 0003:000033f0       ?Is_Window@@3P6AHPEAUHWND__@@@ZEA 00000001800583f0     WinObjects.obj
 0003:00003464       __error_mode               0000000180058464     LIBCMT:dllcrt0.obj
 0003:00003468       _aenvptr                   0000000180058468     LIBCMT:dllcrt0.obj
 0003:00003470       _wenvptr                   0000000180058470     LIBCMT:dllcrt0.obj
 0003:00003478       __app_type                 0000000180058478     LIBCMT:dllcrt0.obj
 0003:00003488       __mbulinfo                 0000000180058488     LIBCMT:mbctype.obj
 0003:00003494       __mbcodepage               0000000180058494     LIBCMT:mbctype.obj
 0003:00003498       __ismbcodepage             0000000180058498     LIBCMT:mbctype.obj
 0003:0000349c       __mblcid                   000000018005849c     LIBCMT:mbctype.obj
 0003:000034a0       __locale_changed           00000001800584a0     LIBCMT:setlocal.obj
 0003:000034a8       __lc_handle                00000001800584a8     LIBCMT:nlsdata2.obj
 0003:000034c0       __lc_codepage              00000001800584c0     LIBCMT:nlsdata2.obj
 0003:000034c4       __lc_collate_cp            00000001800584c4     LIBCMT:nlsdata2.obj
 0003:000034c8       __pInvalidArgHandler       00000001800584c8     LIBCMT:invarg.obj
 0003:000034d0       _maxwait                   00000001800584d0     LIBCMT:crtheap.obj
 0003:000034d8       _umaskval                  00000001800584d8     LIBCMT:crt0dat.obj
 0003:000034dc       __argc                     00000001800584dc     LIBCMT:crt0dat.obj
 0003:000034e0       __argv                     00000001800584e0     LIBCMT:crt0dat.obj
 0003:000034e8       __wargv                    00000001800584e8     LIBCMT:crt0dat.obj
 0003:000034f0       _environ                   00000001800584f0     LIBCMT:crt0dat.obj
 0003:000034f8       __initenv                  00000001800584f8     LIBCMT:crt0dat.obj
 0003:00003500       _wenviron                  0000000180058500     LIBCMT:crt0dat.obj
 0003:00003508       __winitenv                 0000000180058508     LIBCMT:crt0dat.obj
 0003:00003510       _pgmptr                    0000000180058510     LIBCMT:crt0dat.obj
 0003:00003518       _wpgmptr                   0000000180058518     LIBCMT:crt0dat.obj
 0003:00003520       _exitflag                  0000000180058520     LIBCMT:crt0dat.obj
 0003:00003524       _C_Termination_Done        0000000180058524     LIBCMT:crt0dat.obj
 0003:00003528       _C_Exit_Done               0000000180058528     LIBCMT:crt0dat.obj
 0003:00003640       _crtheap                   0000000180058640     LIBCMT:heapinit.obj
 0003:00003880       __lconv_static_null        0000000180058880     LIBCMT:lconv.obj
 0003:00003ba8       ?__pInconsistency@@3P6AXXZEA 0000000180058ba8     LIBCMT:hooks.obj
 0003:00003be8       __pPurecall                0000000180058be8     LIBCMT:inithelp.obj
 0003:00003bf8       ?_pnhHeap@@3P6AH_K@ZEA     0000000180058bf8     LIBCMT:handler.obj
 0003:0000422c       _newmode                   000000018005922c     LIBCMT:_newmode.obj
 0003:00004260       _debugger_hook_dummy       0000000180059260     <common>
 0003:00004268       _pDestructExceptionObject  0000000180059268     <common>
 0003:00004270       _nhandle                   0000000180059270     <common>
 0003:00004280       __pioinfo                  0000000180059280     <common>
 0003:00004480       __env_initialized          0000000180059480     <common>
 0003:00004488       __onexitend                0000000180059488     <common>
 0003:00004490       __onexitbegin              0000000180059490     <common>
 0003:00004498       __mbctype_initialized      0000000180059498     <common>
 0003:000044a0       _FPinit                    00000001800594a0     <common>
 0003:000044a8       __dyn_tls_init_callback    00000001800594a8     <common>
 0003:000044b0       __setlc_active             00000001800594b0     <common>
 0003:000044b4       __unguarded_readlc_active  00000001800594b4     <common>
 0003:000044b8       _acmdln                    00000001800594b8     <common>

 entry point at        0001:00038db8

 Static symbols

 0001:00000810       ?StringValidateDestW@@YAJPEB_W_K_K@Z 0000000180001810 f   ConEmuInjects.obj
 0001:00000850       ?StringCopyWorkerW@@YAJPEA_W_KPEA_KPEB_W1@Z 0000000180001850 f   ConEmuInjects.obj
 0001:000025b0       ?LoadFarVersion@@YA_NAEAUFarVersion@@AEAY0CAA@_W@Z 00000001800035b0 f   ConEmuPlugin.obj
 0001:00004000       ?StringValidateDestW@@YAJPEB_W_K_K@Z 0000000180005000 f   ConEmuPlugin.obj
 0001:00004040       ?StringValidateDestAndLengthW@@YAJPEB_W_KPEA_K_K@Z 0000000180005040 f   ConEmuPlugin.obj
 0001:000040b0       ?StringLengthWorkerW@@YAJPEB_W_KPEA_K@Z 00000001800050b0 f   ConEmuPlugin.obj
 0001:00004150       ?StringCopyWorkerW@@YAJPEA_W_KPEA_KPEB_W1@Z 0000000180005150 f   ConEmuPlugin.obj
 0001:00004240       ?ActivatePlugin@@YAHKPEAXK@Z 0000000180005240 f   ConEmuPlugin.obj
 0001:00004560       ?WaitPluginActivateion@@YAKKPEAPEAXHK@Z 0000000180005560 f   ConEmuPlugin.obj
 0001:00005630       ?ChangeExports@@YA_NPEBUExportFunc@@PEAUHINSTANCE__@@@Z 0000000180006630 f   ConEmuPlugin.obj
 0001:0000b5c0       ?GetPanelDir@@YAPEA_WPEAX@Z 000000018000c5c0 f   ConEmuPlugin995.obj
 0001:0000d7f0       ?LoadFarSettingsW995@@YAXPEAUCEFarInterfaceSettings@@PEAUCEFarPanelSettings@@@Z 000000018000e7f0 f   ConEmuPlugin995.obj
 0001:0000dd20       ?CopyPanelInfoW@@YAXPEAUPanelInfo@@PEAUtag_BkPanelInfo@PaintBackgroundArg@@@Z 000000018000ed20 f   ConEmuPlugin995.obj
 0001:0000dfb0       ?CallGuiMacroProc@@YAXXZ   000000018000efb0 f   ConEmuPlugin995.obj
 0001:0000e360       ?CallGuiMacroDlg@@YA_JPEAXHH_J@Z 000000018000f360 f   ConEmuPlugin995.obj
 0001:0000f0c0       ?GetPanelDir@@YAPEA_WPEAX@Z 00000001800100c0 f   ConEmuPlugin1900.obj
 0001:00012730       ?LoadFarSettingsW1900@@YAXPEAUCEFarInterfaceSettings@@PEAUCEFarPanelSettings@@@Z 0000000180013730 f   ConEmuPlugin1900.obj
 0001:00012940       ?GetFarSetting@@YAHPEAX_KPEB_W@Z 0000000180013940 f   ConEmuPlugin1900.obj
 0001:00012e90       ?CopyPanelInfoW@@YAXPEAUPanelInfo@@PEAUtag_BkPanelInfo@PaintBackgroundArg@@@Z 0000000180013e90 f   ConEmuPlugin1900.obj
 0001:00013230       ?CallGuiMacroProc@@YAXXZ   0000000180014230 f   ConEmuPlugin1900.obj
 0001:00013640       ?CallGuiMacroDlg@@YA_JPEAXHH0@Z 0000000180014640 f   ConEmuPlugin1900.obj
 0001:00014580       ?GetPanelDir@@YAPEA_WPEAX@Z 0000000180015580 f   ConEmuPlugin2800.obj
 0001:000171d0       ?LoadFarSettingsW2800@@YAXPEAUCEFarInterfaceSettings@@PEAUCEFarPanelSettings@@@Z 00000001800181d0 f   ConEmuPlugin2800.obj
 0001:000173e0       ?GetFarSetting@@YAHPEAX_KPEB_W@Z 00000001800183e0 f   ConEmuPlugin2800.obj
 0001:00017940       ?CopyPanelInfoW@@YAXPEAUPanelInfo@@PEAUtag_BkPanelInfo@PaintBackgroundArg@@@Z 0000000180018940 f   ConEmuPlugin2800.obj
 0001:00017ce0       ?CallGuiMacroProc@@YAXXZ   0000000180018ce0 f   ConEmuPlugin2800.obj
 0001:000180f0       ?CallGuiMacroDlg@@YA_JPEAX_J10@Z 00000001800190f0 f   ConEmuPlugin2800.obj
 0001:000185b0       ?MAKEFARVERSION@@YA?AUVersionInfo@@KKKKW4VERSION_STAGE@@@Z 00000001800195b0 f   ConEmuPlugin2800.obj
 0001:0001b070       ?LoadFarSettingsA@@YAXPEAUCEFarInterfaceSettings@@PEAUCEFarPanelSettings@@@Z 000000018001c070 f   ConEmuPluginA.obj
 0001:0001b400       ?CopyPanelInfo@@YAXPEAUPanelInfo@@PEAUtag_BkPanelInfo@PaintBackgroundArg@@@Z 000000018001c400 f   ConEmuPluginA.obj
 0001:0001b590       ?CallGuiMacroProc@@YAXXZ   000000018001c590 f   ConEmuPluginA.obj
 0001:0001b9b0       ?CallGuiMacroDlg@@YA_JPEAXHH_J@Z 000000018001c9b0 f   ConEmuPluginA.obj
 0001:0001ea10       ?StringValidateDestW@@YAJPEB_W_K_K@Z 000000018001fa10 f   PluginBackground.obj
 0001:0001ea50       ?StringCopyWorkerW@@YAJPEA_W_KPEA_KPEB_W1@Z 000000018001fa50 f   PluginBackground.obj
 0001:00021970       ?StringValidateDestW@@YAJPEB_W_K_K@Z 0000000180022970 f   PluginSrv.obj
 0001:000219b0       ?StringCopyWorkerW@@YAJPEA_W_KPEA_KPEB_W1@Z 00000001800229b0 f   PluginSrv.obj
 0001:00021e60       ?StringValidateDestW@@YAJPEB_W_K_K@Z 0000000180022e60 f   CmdLine.obj
 0001:00021ea0       ?StringCopyWorkerW@@YAJPEA_W_KPEA_KPEB_W1@Z 0000000180022ea0 f   CmdLine.obj
 0001:000240d0       ?OurSetConsoleCPThread@@YAKPEAX@Z 00000001800250d0 f   CmdLine.obj
 0001:00026810       ?StringValidateDestW@@YAJPEB_W_K_K@Z 0000000180027810 f   Execute.obj
 0001:00026850       ?StringCopyWorkerW@@YAJPEA_W_KPEA_KPEB_W1@Z 0000000180027850 f   Execute.obj
 0001:00027820       ?StringValidateDestW@@YAJPEB_W_K_K@Z 0000000180028820 f   ConEmuCheck.obj
 0001:00027860       ?StringCopyWorkerW@@YAJPEA_W_KPEA_KPEB_W1@Z 0000000180028860 f   ConEmuCheck.obj
 0001:00029180       ?StringValidateDestW@@YAJPEB_W_K_K@Z 000000018002a180 f   ConEmuCheckEx.obj
 0001:000291c0       ?StringCopyWorkerW@@YAJPEA_W_KPEA_KPEB_W1@Z 000000018002a1c0 f   ConEmuCheckEx.obj
 0001:00029350       ?StringValidateDestAndLengthW@@YAJPEB_W_KPEA_K_K@Z 000000018002a350 f   ConEmuCheckEx.obj
 0001:000293c0       ?StringLengthWorkerW@@YAJPEB_W_KPEA_K@Z 000000018002a3c0 f   ConEmuCheckEx.obj
 0001:000297a0       ?StringValidateDestA@@YAJPEBD_K_K@Z 000000018002a7a0 f   Memory.obj
 0001:000297e0       ?StringCopyWorkerA@@YAJPEAD_KPEA_KPEBD1@Z 000000018002a7e0 f   Memory.obj
 0001:00029960       ?StringValidateDestW@@YAJPEB_W_K_K@Z 000000018002a960 f   Memory.obj
 0001:000299a0       ?StringCopyWorkerW@@YAJPEA_W_KPEA_KPEB_W1@Z 000000018002a9a0 f   Memory.obj
 0001:0002f8e0       ?StringValidateDestW@@YAJPEB_W_K_K@Z 00000001800308e0 f   WinObjects.obj
 0001:0002f920       ?StringCopyWorkerW@@YAJPEA_W_KPEA_KPEB_W1@Z 0000000180030920 f   WinObjects.obj
 0001:000302a0       ?CheckRegKeyExist@@YA_NPEAURegKeyExistArg@@@Z 00000001800312a0 f   WinObjects.obj
 0001:000338e0       ?StringValidateDestAndLengthW@@YAJPEB_W_KPEA_K_K@Z 00000001800348e0 f   WinObjects.obj
 0001:00033950       ?StringLengthWorkerW@@YAJPEB_W_KPEA_K@Z 0000000180034950 f   WinObjects.obj
 0001:00038844       ?wcstoxl@@YAKPEAUlocaleinfo_struct@@PEB_WPEAPEB_WHH@Z 0000000180039844 f   LIBCMT:wcstol.obj
 0001:00038ca0       __DllMainCRTStartup        0000000180039ca0 f   LIBCMT:dllcrt0.obj
 0001:00038df8       ?CPtoLCID@@YAHH@Z          0000000180039df8 f   LIBCMT:mbctype.obj
 0001:00038e2c       ?setSBCS@@YAXPEAUthreadmbcinfostruct@@@Z 0000000180039e2c f   LIBCMT:mbctype.obj
 0001:00038ec0       ?setSBUpLow@@YAXPEAUthreadmbcinfostruct@@@Z 0000000180039ec0 f   LIBCMT:mbctype.obj
 0001:00039160       ?getSystemCP@@YAHH@Z       000000018003a160 f   LIBCMT:mbctype.obj
 0001:000399dc       _copytlocinfo_nolock       000000018003a9dc f   LIBCMT:setlocal.obj
 0001:00039a10       _updatetlocinfoEx_nolock   000000018003aa10 f   LIBCMT:setlocal.obj
 0001:00039b5c       sync_legacy_variables_lk   000000018003ab5c f   LIBCMT:setlocal.obj
 0001:00039f78       _setlocale_get_all         000000018003af78 f   LIBCMT:setlocal.obj
 0001:0003a3a0       _setlocale_set_cat         000000018003b3a0 f   LIBCMT:setlocal.obj
 0001:0003a6a8       _setlocale_nolock          000000018003b6a8 f   LIBCMT:setlocal.obj
 0001:0003ba68       _initterm                  000000018003ca68 f   LIBCMT:crt0dat.obj
 0001:0003bc18       doexit                     000000018003cc18 f   LIBCMT:crt0dat.obj
 0001:0003c2d8       parse_cmdline              000000018003d2d8 f   LIBCMT:stdargv.obj
 0001:0003c9e0       xcptlookup                 000000018003d9e0 f   LIBCMT:winxfltr.obj
 0001:0003cd74       ?strncnt@@YAHPEBDH@Z       000000018003dd74 f   LIBCMT:a_map.obj
 0001:0003cd90       ?__crtLCMapStringA_stat@@YAHPEAUlocaleinfo_struct@@KKPEBDHPEADHHH@Z 000000018003dd90 f   LIBCMT:a_map.obj
 0001:0003d368       ?__crtGetStringTypeA_stat@@YAHPEAUlocaleinfo_struct@@KPEBDHPEAGHHH@Z 000000018003e368 f   LIBCMT:a_str.obj
 0001:0003d948       _get_lc_time               000000018003e948 f   LIBCMT:inittime.obj
 0001:0003e204       fix_grouping               000000018003f204 f   LIBCMT:initnum.obj
 0001:0003e494       fix_grouping               000000018003f494 f   LIBCMT:initmon.obj
 0001:0003f4e4       ?_store_str@@YAXPEADPEAPEADPEA_K@Z 00000001800404e4 f   LIBCMT:strftime.obj
 0001:0003f508       ?_store_number@@YAXHPEAPEADPEA_K@Z 0000000180040508 f   LIBCMT:strftime.obj
 0001:0003f56c       ?_store_num@@YAXHHPEAPEADPEA_KI@Z 000000018004056c f   LIBCMT:strftime.obj
 0001:0003f648       ?_expandtime@@YAHPEAUlocaleinfo_struct@@DPEBUtm@@PEAPEADPEA_KPEAU__lc_time_data@@I@Z 0000000180040648 f   LIBCMT:strftime.obj
 0001:0003fca4       ?_store_winword@@YAHPEAUlocaleinfo_struct@@HPEBUtm@@PEAPEADPEA_KPEAU__lc_time_data@@@Z 0000000180040ca4 f   LIBCMT:strftime.obj
 0001:00040800       TranslateName              0000000180041800 f   LIBCMT:getqloc.obj
 0001:00040898       GetLcidFromDefault         0000000180041898 f   LIBCMT:getqloc.obj
 0001:000408bc       ProcessCodePage            00000001800418bc f   LIBCMT:getqloc.obj
 0001:00040984       TestDefaultCountry         0000000180041984 f   LIBCMT:getqloc.obj
 0001:000409ac       LcidFromHexString          00000001800419ac f   LIBCMT:getqloc.obj
 0001:000409e8       GetPrimaryLen              00000001800419e8 f   LIBCMT:getqloc.obj
 0001:00040a04       CountryEnumProc            0000000180041a04 f   LIBCMT:getqloc.obj
 0001:00040aec       TestDefaultLanguage        0000000180041aec f   LIBCMT:getqloc.obj
 0001:00040ba0       LangCountryEnumProc        0000000180041ba0 f   LIBCMT:getqloc.obj
 0001:00040e34       LanguageEnumProc           0000000180041e34 f   LIBCMT:getqloc.obj
 0001:00040f44       GetLcidFromCountry         0000000180041f44 f   LIBCMT:getqloc.obj
 0001:00040f84       GetLcidFromLangCountry     0000000180041f84 f   LIBCMT:getqloc.obj
 0001:00041018       GetLcidFromLanguage        0000000180042018 f   LIBCMT:getqloc.obj
 0001:00041514       ?__crtGetStringTypeW_stat@@YAHPEAUlocaleinfo_struct@@KPEB_WHPEAGHH@Z 0000000180042514 f   LIBCMT:w_str.obj
 0001:00041b70       _onexit_nolock             0000000180042b70 f   LIBCMT:onexit.obj
 0001:00041f68       ctrlevent_capture          0000000180042f68 f   LIBCMT:winsig.obj
 0001:00042000       siglookup                  0000000180043000 f   LIBCMT:winsig.obj
 0001:0004298c       ?x_ismbbtype_l@@YAHPEAUlocaleinfo_struct@@IHH@Z 000000018004398c f   LIBCMT:ismbbyte.obj
 0001:000432ec       _tzset_nolock              00000001800442ec f   LIBCMT:tzset.obj
 0001:0004378c       cvtdate                    000000018004478c f   LIBCMT:tzset.obj
 0001:00043a44       _isindst_nolock            0000000180044a44 f   LIBCMT:tzset.obj
 0001:00044384       xtoa_s                     0000000180045384 f   LIBCMT:xtoas.obj
 0001:000444e8       x64toa_s                   00000001800454e8 f   LIBCMT:xtoas.obj
 0001:000454d8       ?__crtGetLocaleInfoW_stat@@YAHPEAUlocaleinfo_struct@@KKPEA_WHH@Z 00000001800464d8 f   LIBCMT:w_loc.obj
 0001:00045550       ?__crtGetLocaleInfoA_stat@@YAHPEAUlocaleinfo_struct@@KKPEADHH@Z 0000000180046550 f   LIBCMT:a_loc.obj
 0001:00045844       _getenv_s_helper           0000000180046844 f   LIBCMT:getenv.obj
 0001:00045918       _dupenv_s_helper           0000000180046918 f   LIBCMT:getenv.obj
 0001:00045ea0       ?strtoxl@@YAKPEAUlocaleinfo_struct@@PEBDPEAPEBDHH@Z 0000000180046ea0 f   LIBCMT:strtol.obj
 0001:000461d4       ?strtoxq@@YA_KPEAUlocaleinfo_struct@@PEBDPEAPEBDHH@Z 00000001800471d4 f   LIBCMT:strtoq.obj
 0001:000468a0       ?strncnt@@YAHPEBDH@Z       00000001800478a0 f   LIBCMT:a_cmp.obj
 0001:000468bc       ?__crtCompareStringA_stat@@YAHPEAUlocaleinfo_struct@@KKPEBDH1HH@Z 00000001800478bc f   LIBCMT:a_cmp.obj
 0001:00046f60       findenv                    0000000180047f60 f   LIBCMT:setenv.obj
 0001:00046fe4       copy_environ               0000000180047fe4 f   LIBCMT:setenv.obj
 0001:00047730       __DllMainCRTStartup$filt$0 0000000180048730 f   LIBCMT:dllcrt0.obj
 0001:0004774c       __updatetmbcinfo$fin$0     000000018004874c f   LIBCMT:mbctype.obj
 0001:00047765       _setmbcp$fin$0             0000000180048765 f   LIBCMT:mbctype.obj
 0001:0004777e       __updatetlocinfo$fin$0     000000018004877e f   LIBCMT:setlocal.obj
 0001:00047797       _free_locale$fin$1         0000000180048797 f   LIBCMT:setlocal.obj
 0001:000477b7       _free_locale$fin$0         00000001800487b7 f   LIBCMT:setlocal.obj
 0001:000477d0       _get_current_locale$fin$1  00000001800487d0 f   LIBCMT:setlocal.obj
 0001:000477f0       _get_current_locale$fin$0  00000001800487f0 f   LIBCMT:setlocal.obj
 0001:00047809       setlocale$fin$1            0000000180048809 f   LIBCMT:setlocal.obj
 0001:00047829       setlocale$fin$0            0000000180048829 f   LIBCMT:setlocal.obj
 0001:00047849       setlocale$fin$2            0000000180048849 f   LIBCMT:setlocal.obj
 0001:00047863       _initptd$fin$1             0000000180048863 f   LIBCMT:tidtable.obj
 0001:00047883       _initptd$fin$0             0000000180048883 f   LIBCMT:tidtable.obj
 0001:0004789c       _freefls$fin$1             000000018004889c f   LIBCMT:tidtable.obj
 0001:000478bc       _freefls$fin$0             00000001800488bc f   LIBCMT:tidtable.obj
 0001:000478d5       doexit$fin$0               00000001800488d5 f   LIBCMT:crt0dat.obj
 0001:000478f7       _mtinitlocknum$fin$0       00000001800488f7 f   LIBCMT:mlock.obj
 0001:00047913       _onexit$fin$0              0000000180048913 f   LIBCMT:onexit.obj
 0001:00047930       _IsNonwritableInCurrentImage$filt$0 0000000180048930 f   LIBCMT:pesect.obj
 0001:00047951       ctrlevent_capture$fin$0    0000000180048951 f   LIBCMT:winsig.obj
 0001:00047967       signal$fin$0               0000000180048967 f   LIBCMT:winsig.obj
 0001:0004797d       raise$fin$0                000000018004897d f   LIBCMT:winsig.obj
 0001:00047999       __crtInitCritSecAndSpinCount$filt$0 0000000180048999 f   LIBCMT:initcrit.obj
 0001:000479bb       _tzset_nolock$fin$0        00000001800489bb f   LIBCMT:tzset.obj
 0001:000479d4       __tzset$fin$0              00000001800489d4 f   LIBCMT:tzset.obj
 0001:000479ed       _tzset$fin$0               00000001800489ed f   LIBCMT:tzset.obj
 0001:00047a06       _isindst$fin$0             0000000180048a06 f   LIBCMT:tzset.obj
 0001:00047a1f       getenv$fin$0               0000000180048a1f f   LIBCMT:getenv.obj
 0001:00047a38       getenv_s$fin$0             0000000180048a38 f   LIBCMT:getenv.obj
 0001:00047a51       _dupenv_s$fin$0            0000000180048a51 f   LIBCMT:getenv.obj
