 ConEmu

 Timestamp is 55f6004d (Mon Sep 14 02:01:33 2015)

 Preferred load address is 10000000

 Start         Length     Name                   Class
 0001:00000000 0003a5baH .text                   CODE
 0001:0003a5c0 0000000fH .text$yc                CODE
 0002:00000000 000003ecH .idata$5                DATA
 0002:000003ec 00000004H .CRT$XCA                DATA
 0002:000003f0 00000004H .CRT$XCU                DATA
 0002:000003f4 00000004H .CRT$XCZ                DATA
 0002:000003f8 00000004H .CRT$XIA                DATA
 0002:000003fc 00000008H .CRT$XIC                DATA
 0002:00000404 00000004H .CRT$XIZ                DATA
 0002:00000408 00000004H .CRT$XPA                DATA
 0002:0000040c 00000004H .CRT$XPZ                DATA
 0002:00000410 00000004H .CRT$XTA                DATA
 0002:00000414 00000004H .CRT$XTZ                DATA
 0002:00000420 00005ea8H .rdata                  DATA
 0002:000062c8 0000006fH .rdata$debug            DATA
 0002:00006338 000004d4H .xdata$x                DATA
 0002:0000680c 00000078H .idata$2                DATA
 0002:00006884 00000014H .idata$3                DATA
 0002:00006898 000003ecH .idata$4                DATA
 0002:00006c84 0000120cH .idata$6                DATA
 0002:00007e90 000002ddH .edata                  DATA
 0003:00000000 00000f80H .data                   DATA
 0003:00000f80 0000a4b0H .bss                    DATA
 0004:00000000 00000058H .rsrc$01                DATA
 0004:00000060 000002d8H .rsrc$02                DATA

  Address         Publics by Value              Rva+Base       Lib:Object

 0000:00000000       ___safe_se_handler_count   00000000     <absolute>
 0000:00000000       ___safe_se_handler_table   00000000     <absolute>
 0000:00000000       __except_list              00000000     <absolute>
 0000:00000000       ___ImageBase               10000000     <linker-defined>
 0001:00000000       ??0CmdArg@@QAE@XZ          10001000 f   CmdArg.obj
 0001:00000040       ??0CmdArg@@QAE@PA_W@Z      10001040 f   CmdArg.obj
 0001:00000090       ??4CmdArg@@QAEAAU0@PA_W@Z  10001090 f   CmdArg.obj
 0001:000000b0       ??4CmdArg@@QAEAAU0@PB_W@Z  100010b0 f   CmdArg.obj
 0001:000000d0       ??1CmdArg@@QAE@XZ          100010d0 f   CmdArg.obj
 0001:00000140       ?GetBuffer@CmdArg@@QAEPA_WH@Z 10001140 f   CmdArg.obj
 0001:00000240       ?Detach@CmdArg@@QAEPA_WXZ  10001240 f   CmdArg.obj
 0001:00000270       ?Attach@CmdArg@@QAEPB_WPA_W@Z 10001270 f   CmdArg.obj
 0001:00000290       ?AttachInt@CmdArg@@AAEPB_WAAPA_W@Z 10001290 f   CmdArg.obj
 0001:00000310       ?Empty@CmdArg@@QAEXXZ      10001310 f   CmdArg.obj
 0001:00000360       ?IsEmpty@CmdArg@@QAE_NXZ   10001360 f   CmdArg.obj
 0001:000003a0       ?Set@CmdArg@@QAEPB_WPB_WH@Z 100013a0 f   CmdArg.obj
 0001:00000430       ?StringCchCopyNW@@YGJPA_WIPB_WI@Z 10001430 f i CmdArg.obj
 0001:00000570       ?SavePathVar@CmdArg@@QAEXPB_W@Z 10001570 f   CmdArg.obj
 0001:000005b0       ?SaveEnvVar@CmdArg@@QAEXPB_W0@Z 100015b0 f   CmdArg.obj
 0001:00000630       ?SetAt@CmdArg@@QAEXH_W@Z   10001630 f   CmdArg.obj
 0001:00000660       ?GetPosFrom@CmdArg@@QAEXABU1@@Z 10001660 f   CmdArg.obj
 0001:000006a0       ?IsNeedDequote@@YI_NPB_W_NPAPB_W@Z 100016a0 f   CmdLine.obj
 0001:00000870       ??BCmdArg@@QBEPB_WXZ       10001870 f i CmdLine.obj
 0001:00000880       ?NextArg@@YIHPAPB_WAAUCmdArg@@0@Z 10001880 f   CmdLine.obj
 0001:00000cd0       ?NextLine@@YIHPAPB_WAAUCmdArg@@K@Z 10001cd0 f   CmdLine.obj
 0001:00000e40       ?AddEndSlash@@YIHPA_WH@Z   10001e40 f   CmdLine.obj
 0001:00000ec0       ?SkipNonPrintable@@YIPB_WPB_W@Z 10001ec0 f   CmdLine.obj
 0001:00000f20       ?CompareFileMask@@YI_NPB_W0@Z 10001f20 f   CmdLine.obj
 0001:000010f0       ?wcschr@@YAPA_WPA_W_W@Z    100020f0 f i CmdLine.obj
 0001:00001110       ?GetDrive@@YIPB_WPB_WPA_WH@Z 10002110 f   CmdLine.obj
 0001:00001310       ?GetDirectory@@YIHAAUCmdArg@@@Z 10002310 f   CmdLine.obj
 0001:000013a0       ?IsNeedCmd@@YI_NHPB_WAAUCmdArg@@PAPB_WPAH333@Z 100023a0 f   CmdLine.obj
 0001:00001ac0       ?Disable@MWow64Disable@@QAEXXZ 10002ac0 f i CmdLine.obj
 0001:00001af0       ??0MWow64Disable@@QAE@XZ   10002af0 f i CmdLine.obj
 0001:00001b70       ??1MWow64Disable@@QAE@XZ   10002b70 f i CmdLine.obj
 0001:00001b90       ?Restore@MWow64Disable@@QAEXXZ 10002b90 f i CmdLine.obj
 0001:00001bd0       ?IsExecutable@@YI_NPB_WPAPA_W@Z 10002bd0 f   CmdLine.obj
 0001:00001cc0       ?CheckProcessName@@YI_NPB_WPAPB_W1@Z 10002cc0 f   CmdLine.obj
 0001:00001d90       ?IsConsoleService@@YI_NPB_W@Z 10002d90 f   CmdLine.obj
 0001:00001de0       ?IsConsoleServer@@YI_NPB_W@Z 10002de0 f   CmdLine.obj
 0001:00001e30       ?IsGitBashHelper@@YI_NPB_W@Z 10002e30 f   CmdLine.obj
 0001:00001e80       ?IsFarExe@@YI_NPB_W@Z      10002e80 f   CmdLine.obj
 0001:00001ed0       ?IsCmdProcessor@@YI_NPB_W@Z 10002ed0 f   CmdLine.obj
 0001:00001f20       ?IsQuotationNeeded@@YI_NPB_W@Z 10002f20 f   CmdLine.obj
 0001:00001f60       ?MergeCmdLine@@YIPA_WPB_W0@Z 10002f60 f   CmdLine.obj
 0001:00001ff0       ?JoinPath@@YIPA_WPB_W00@Z  10002ff0 f   CmdLine.obj
 0001:00002150       ?IsFilePath@@YI_NPB_W_N@Z  10003150 f   CmdLine.obj
 0001:00002310       ?PointToName@@YIPB_WPB_W@Z 10003310 f   CmdLine.obj
 0001:000023a0       ?PointToName@@YIPBDPBD@Z   100033a0 f   CmdLine.obj
 0001:00002420       ?PointToExt@@YIPB_WPB_W@Z  10003420 f   CmdLine.obj
 0001:00002460       ?Unquote@@YIPB_WPA_W_N@Z   10003460 f   CmdLine.obj
 0001:000024f0       ?wcsrchr@@YAPA_WPA_W_W@Z   100034f0 f i CmdLine.obj
 0001:00002510       ?IsNewConsoleArg@@YI_NPB_W0@Z 10003510 f   CmdLine.obj
 0001:000025f0       ?PackInputRecord@@YIHPBU_INPUT_RECORD@@PAUMsgStr@MSG64@@@Z 100035f0 f   Common.obj
 0001:00002800       ?UnpackInputRecord@@YIHPBUMsgStr@MSG64@@PAU_INPUT_RECORD@@@Z 10003800 f   Common.obj
 0001:00002a60       ?TranslateKeyPress@@YIXGK_WHPAU_INPUT_RECORD@@1@Z 10003a60 f   Common.obj
 0001:00002c50       ?GetCommand@CESERVER_REQ_NEWCMD@@QAEPA_WXZ 10003c50 f   Common.obj
 0001:00002c90       ?GetEnvStrings@CESERVER_REQ_NEWCMD@@QAEPA_WXZ 10003c90 f   Common.obj
 0001:00002ce0       ?SetCommand@CESERVER_REQ_NEWCMD@@QAEXPB_W@Z 10003ce0 f   Common.obj
 0001:00002d60       ?SetEnvStrings@CESERVER_REQ_NEWCMD@@QAEXPB_WK@Z 10003d60 f   Common.obj
 0001:00002e80       ?IsEnvBlockVariableValid@@YI_NPB_WAAPB_W@Z 10003e80 f   Common.obj
 0001:00002ee0       ?IsEnvBlockVariableValid@@YI_NPB_W@Z 10003ee0 f   Common.obj
 0001:00002f20       ?CommonShutdown@@YIXXZ     10003f20 f   Common.obj
 0001:00002f50       ?ModuleName@@YIPB_WPB_W@Z  10003f50 f   ConEmuCheck.obj
 0001:00003030       ?ExecuteOpenPipe@@YIPAXPB_WAAY0CAI@_W0KKHPAXH@Z 10004030 f   ConEmuCheck.obj
 0001:00003250       ?ExecutePrepareCmd@@YIXPAUCESERVER_REQ@@KI@Z 10004250 f   ConEmuCheck.obj
 0001:000032a0       ?ExecutePrepareCmd@@YIXPAUCESERVER_REQ_HDR@@KI@Z 100042a0 f   ConEmuCheck.obj
 0001:00003340       ?ExecuteNewCmd@@YIPAUCESERVER_REQ@@KI@Z 10004340 f   ConEmuCheck.obj
 0001:000033a0       ?ExecuteNewCmd@@YI_NAAPAUCESERVER_REQ@@AAKKI@Z 100043a0 f   ConEmuCheck.obj
 0001:00003420       ?LoadSrvMapping@@YIHPAUHWND__@@AAUCESERVER_CONSOLE_MAPPING_HDR@@@Z 10004420 f   ConEmuCheck.obj
 0001:00003550       ?LoadGuiMapping@@YIHKAAUConEmuGuiMapping@@@Z 10004550 f   ConEmuCheck.obj
 0001:00003670       ?ExecuteNewCmdOnCreate@@YIPAUCESERVER_REQ@@PAUCESERVER_CONSOLE_MAPPING_HDR@@PAUHWND__@@W4CmdOnCreateType@@PB_W33PAK444HHPAX55@Z 10004670 f   ConEmuCheck.obj
 0001:00003a00       ?StringCchCopyW@@YGJPA_WIPB_W@Z 10004a00 f i ConEmuCheck.obj
 0001:00003b30       ?ExecuteGuiCmd@@YIPAUCESERVER_REQ@@PAUHWND__@@PAU1@0H@Z 10004b30 f   ConEmuCheck.obj
 0001:00003bc0       ?ExecuteSrvCmd@@YIPAUCESERVER_REQ@@KPAU1@PAUHWND__@@HKH@Z 10004bc0 f   ConEmuCheck.obj
 0001:00003c60       ?ExecuteHkCmd@@YIPAUCESERVER_REQ@@KPAU1@PAUHWND__@@HH@Z 10004c60 f   ConEmuCheck.obj
 0001:00003d00       ?ExecuteCmd@@YIPAUCESERVER_REQ@@PB_WPAU1@KPAUHWND__@@HKH@Z 10004d00 f   ConEmuCheck.obj
 0001:00004030       ?ExecuteFreeResult@@YIXAAPAUCESERVER_REQ@@@Z 10005030 f   ConEmuCheck.obj
 0001:00004070       ?AllocateSendCurrentDirectory@@YI_NAAPAUCESERVER_REQ@@AAKPB_W2@Z 10005070 f   ConEmuCheck.obj
 0001:00004180       ?SendCurrentDirectory@@YIXPAUHWND__@@PB_W1@Z 10005180 f   ConEmuCheck.obj
 0001:000041e0       ?isConsoleClass@@YI_NPB_W@Z 100051e0 f   ConEmuCheck.obj
 0001:00004230       ?isConsoleWindow@@YI_NPAUHWND__@@@Z 10005230 f   ConEmuCheck.obj
 0001:00004330       ?myGetConsoleWindow@@YIPAUHWND__@@XZ 10005330 f   ConEmuCheck.obj
 0001:000043e0       ?GetConEmuHWND@@YIPAUHWND__@@H@Z 100053e0 f   ConEmuCheck.obj
 0001:00004590       ??BHWND2@@QBEPAUHWND__@@XZ 10005590 f i ConEmuCheck.obj
 0001:000045a0       ??BHWND2@@QBEKXZ           100055a0 f i ConEmuCheck.obj
 0001:000045b0       ?ConEmuCheck@@YIHPAPAUHWND__@@@Z 100055b0 f   ConEmuCheck.obj
 0001:000045f0       ?GuiMessageBox@@YIHPAUHWND__@@PB_W1H@Z 100055f0 f   ConEmuCheck.obj
 0001:000047b0       ?InitName@?$MFileMapping@UCESERVER_CONSOLE_MAPPING_HDR@@@@QAEPB_WPB_WKK@Z 100057b0 f i ConEmuCheck.obj
 0001:00004800       ?CloseMap@?$MFileMapping@UCESERVER_CONSOLE_MAPPING_HDR@@@@QAEXXZ 10005800 f i ConEmuCheck.obj
 0001:00004870       ?Open@?$MFileMapping@UCESERVER_CONSOLE_MAPPING_HDR@@@@QAEPAUCESERVER_CONSOLE_MAPPING_HDR@@HH@Z 10005870 f i ConEmuCheck.obj
 0001:00004890       ??0?$MFileMapping@UCESERVER_CONSOLE_MAPPING_HDR@@@@QAE@XZ 10005890 f i ConEmuCheck.obj
 0001:000048f0       ??1?$MFileMapping@UCESERVER_CONSOLE_MAPPING_HDR@@@@QAE@XZ 100058f0 f i ConEmuCheck.obj
 0001:00004910       ?InitName@?$MFileMapping@UConEmuGuiMapping@@@@QAEPB_WPB_WKK@Z 10005910 f i ConEmuCheck.obj
 0001:00004960       ?CloseMap@?$MFileMapping@UConEmuGuiMapping@@@@QAEXXZ 10005960 f i ConEmuCheck.obj
 0001:000049d0       ?Open@?$MFileMapping@UConEmuGuiMapping@@@@QAEPAUConEmuGuiMapping@@HH@Z 100059d0 f i ConEmuCheck.obj
 0001:000049f0       ??0?$MFileMapping@UConEmuGuiMapping@@@@QAE@XZ 100059f0 f i ConEmuCheck.obj
 0001:00004a50       ??1?$MFileMapping@UConEmuGuiMapping@@@@QAE@XZ 10005a50 f i ConEmuCheck.obj
 0001:00004a70       ?ClosePtr@?$MFileMapping@UCESERVER_CONSOLE_MAPPING_HDR@@@@QAEXXZ 10005a70 f i ConEmuCheck.obj
 0001:00004aa0       ?InternalOpenCreate@?$MFileMapping@UCESERVER_CONSOLE_MAPPING_HDR@@@@IAEPAUCESERVER_CONSOLE_MAPPING_HDR@@HHH@Z 10005aa0 f i ConEmuCheck.obj
 0001:00004c80       ?ClosePtr@?$MFileMapping@UConEmuGuiMapping@@@@QAEXXZ 10005c80 f i ConEmuCheck.obj
 0001:00004cb0       ?InternalOpenCreate@?$MFileMapping@UConEmuGuiMapping@@@@IAEPAUConEmuGuiMapping@@HHH@Z 10005cb0 f i ConEmuCheck.obj
 0001:00004e90       ??$wcscpy_c@$0CA@@@YIHAAY0CA@_WPB_W@Z 10005e90 f i ConEmuCheck.obj
 0001:00004ec0       ??$wcscpy_c@$0CAI@@@YIHAAY0CAI@_WPB_W@Z 10005ec0 f i ConEmuCheck.obj
 0001:00004ef0       ?LoadGuiMapping@@YIHPAUHWND__@@AAUConEmuGuiMapping@@@Z 10005ef0 f   ConEmuCheckEx.obj
 0001:00004f30       ?IsConEmuExeExist@@YIHPB_WAAY0BAF@_W@Z 10005f30 f   ConEmuCheckEx.obj
 0001:00004fe0       ?FindConEmuBaseDir@@YIHAAY0BAF@_W0PAUHINSTANCE__@@@Z 10005fe0 f   ConEmuCheckEx.obj
 0001:00005590       ??$wcscpy_c@$0BAF@@@YIHAAY0BAF@_WPB_W@Z 10006590 f i ConEmuCheckEx.obj
 0001:000056a0       ??$wcscpy_add@$0BAF@@@YIHPA_WAAY0BAF@_WPB_W@Z 100066a0 f i ConEmuCheckEx.obj
 0001:000056f0       ??$wcscat_c@$0BAF@@@YIHAAY0BAF@_WPB_W@Z 100066f0 f i ConEmuCheckEx.obj
 0001:00005720       ?StringCchCatW@@YGJPA_WIPB_W@Z 10006720 f i ConEmuCheckEx.obj
 0001:00005840       ?StartupHooks@@YI_NPAUHINSTANCE__@@@Z 10006840 f   ConEmuInjects.obj
 0001:00005c10       ?ShutdownHooks@@YIXXZ      10006c10 f   ConEmuInjects.obj
 0001:00005dc0       ??$wcscpy_c@$0EA@@@YIHAAY0EA@_WPB_W@Z 10006dc0 f i ConEmuInjects.obj
 0001:00005ed0       _DllMain@12                10006ed0 f   ConEmuPlugin.obj
 0001:00005f10       ?GetPluginInfo@@YGXPAX@Z   10006f10 f   ConEmuPlugin.obj
 0001:00005f80       ?GetPluginInfoW@@YGXPAX@Z  10006f80 f   ConEmuPlugin.obj
 0001:00005fb0       ?IsConsoleActive@@YGHXZ    10006fb0 f   ConEmuPlugin.obj
 0001:00006010       ?GetFarHWND2@@YGPAUHWND__@@H@Z 10007010 f   ConEmuPlugin.obj
 0001:00006080       ?GetFarHWND@@YGPAUHWND__@@XZ 10007080 f   ConEmuPlugin.obj
 0001:00006090       ?IsTerminalMode@@YGHXZ     10007090 f   ConEmuPlugin.obj
 0001:000060a0       ?GetFarVersion@@YGXPAUFarVersion@@@Z 100070a0 f   ConEmuPlugin.obj
 0001:000060d0       ?RegisterPanelView@@YGHPAUPanelViewInit@@@Z 100070d0 f   ConEmuPlugin.obj
 0001:000062c0       ?RegisterBackground@@YGHPAURegisterBackgroundArg@@@Z 100072c0 f   ConEmuPlugin.obj
 0001:00006350       ?SyncExecute@@YGHPAUHINSTANCE__@@P6GXJ@ZJ@Z 10007350 f   ConEmuPlugin.obj
 0001:000063a0       ?ActivateConsole@@YGHXZ    100073a0 f   ConEmuPlugin.obj
 0001:00006430       ??4HWND2@@QAEAAU0@PAUHWND__@@@Z 10007430 f i ConEmuPlugin.obj
 0001:00006450       ?SetStartupInfo@@YGXPAX@Z  10007450 f   ConEmuPlugin.obj
 0001:000064c0       _SetStartupInfoW@4         100074c0 f   ConEmuPlugin.obj
 0001:000064f0       ?GetMinFarVersion@@YGHXZ   100074f0 f   ConEmuPlugin.obj
 0001:00006540       _GetMinFarVersionW@0       10007540 f   ConEmuPlugin.obj
 0001:00006550       _ProcessSynchroEventW@8    10007550 f   ConEmuPlugin.obj
 0001:00006570       ?ProcessSynchroEventW3@@YGHPAX@Z 10007570 f   ConEmuPlugin.obj
 0001:000065a0       ?ProcessEditorEvent@@YGHHPAX@Z 100075a0 f   ConEmuPlugin.obj
 0001:000065c0       _ProcessEditorEventW@8     100075c0 f   ConEmuPlugin.obj
 0001:000065e0       ?ProcessEditorEventW3@@YGHPAX@Z 100075e0 f   ConEmuPlugin.obj
 0001:00006610       ?ProcessViewerEvent@@YGHHPAX@Z 10007610 f   ConEmuPlugin.obj
 0001:00006630       _ProcessViewerEventW@8     10007630 f   ConEmuPlugin.obj
 0001:00006650       ?ProcessViewerEventW3@@YGHPAX@Z 10007650 f   ConEmuPlugin.obj
 0001:00006680       ?ProcessEditorInput@@YGHPBU_INPUT_RECORD@@@Z 10007680 f   ConEmuPlugin.obj
 0001:000066a0       _ProcessEditorInputW@4     100076a0 f   ConEmuPlugin.obj
 0001:000066d0       ?OpenPlugin@@YGPAXHH@Z     100076d0 f   ConEmuPlugin.obj
 0001:000066f0       _OpenPluginW@8             100076f0 f   ConEmuPlugin.obj
 0001:00006730       ?OpenW@@YGPAXPBX@Z         10007730 f   ConEmuPlugin.obj
 0001:00006760       ?ExitFAR@@YGXXZ            10007760 f   ConEmuPlugin.obj
 0001:000067b0       _ExitFARW@0                100077b0 f   ConEmuPlugin.obj
 0001:00006800       ?ExitFARW3@@YGXPAX@Z       10007800 f   ConEmuPlugin.obj
 0001:00006860       ?SetupExportsFar3@@YIXXZ   10007860 f   ConEmuPlugin.obj
 0001:00006a80       ?_calloc@@YIPAXII@Z        10007a80 f   ConEmuPlugin.obj
 0001:00006aa0       ?_malloc@@YIPAXI@Z         10007aa0 f   ConEmuPlugin.obj
 0001:00006ac0       ?_free@@YIXPAX@Z           10007ac0 f   ConEmuPlugin.obj
 0001:00006ae0       ??0CPluginW1900@@QAE@XZ    10007ae0 f   ConEmuPlugin1900.obj
 0001:00006d70       ??_ECPluginW1900@@UAEPAXI@Z 10007d70 f i ConEmuPlugin1900.obj
 0001:00006d70       ??_GCPluginW1900@@UAEPAXI@Z 10007d70 f i ConEmuPlugin1900.obj
 0001:00006da0       ??1CPluginW1900@@UAE@XZ    10007da0 f i ConEmuPlugin1900.obj
 0001:00006dc0       ?ProcessEditorEventPtr@CPluginW1900@@UAEHPAX@Z 10007dc0 f   ConEmuPlugin1900.obj
 0001:00006df0       ?ProcessViewerEventPtr@CPluginW1900@@UAEHPAX@Z 10007df0 f   ConEmuPlugin1900.obj
 0001:00006e20       ?ProcessSynchroEventPtr@CPluginW1900@@UAEHPAX@Z 10007e20 f   ConEmuPlugin1900.obj
 0001:00006e50       ?GetPanelDir@CPluginW1900@@UAEPA_WKPA_WH@Z 10007e50 f   ConEmuPlugin1900.obj
 0001:00006fe0       ?GetPanelInfo@CPluginW1900@@UAE_NKPAUCEPanelInfo@@@Z 10007fe0 f   ConEmuPlugin1900.obj
 0001:00007460       ?GetPanelItemInfo@CPluginW1900@@UAE_NABUCEPanelInfo@@_NHAAU_WIN32_FIND_DATAW@@PAPA_W@Z 10008460 f   ConEmuPlugin1900.obj
 0001:00007690       ?PanelControlApi@CPluginW1900@@UAEHPAXHH0@Z 10008690 f   ConEmuPlugin1900.obj
 0001:000076e0       ?GetPluginInfoPtr@CPluginW1900@@UAEXPAX@Z 100086e0 f   ConEmuPlugin1900.obj
 0001:00007760       ?SetStartupInfoPtr@CPluginW1900@@UAEXPAX@Z 10008760 f   ConEmuPlugin1900.obj
 0001:000078d0       ?GetEditorModifiedState@CPluginW1900@@UAEKXZ 100088d0 f   ConEmuPlugin1900.obj
 0001:00007910       ?ProcessEditorInputPtr@CPluginW1900@@UAEHPBX@Z 10008910 f   ConEmuPlugin1900.obj
 0001:00007950       ?GetWindowCount@CPluginW1900@@UAEHXZ 10008950 f   ConEmuPlugin1900.obj
 0001:000079a0       ?UpdateConEmuTabsApi@CPluginW1900@@UAE_NH@Z 100089a0 f   ConEmuPlugin1900.obj
 0001:00007f80       ?ExitFar@CPluginW1900@@UAEXXZ 10008f80 f   ConEmuPlugin1900.obj
 0001:00008010       ?ShowMessage@CPluginW1900@@UAEHPB_WH_N@Z 10009010 f   ConEmuPlugin1900.obj
 0001:000080c0       ?GetMsg@CPluginW1900@@UAEPB_WHPA_WI@Z 100090c0 f   ConEmuPlugin1900.obj
 0001:00008140       ?SetWindow@CPluginW1900@@UAEXH@Z 10009140 f   ConEmuPlugin1900.obj
 0001:000081a0       ?PostMacroApi@CPluginW1900@@UAEXPB_WPAU_INPUT_RECORD@@_N@Z 100091a0 f   ConEmuPlugin1900.obj
 0001:000088f0       ?wcsstr@@YAPA_WPA_WPB_W@Z  100098f0 f i ConEmuPlugin1900.obj
 0001:00008910       ?ShowPluginMenu@CPluginW1900@@UAEHPAUConEmuPluginMenuItem@@HH@Z 10009910 f   ConEmuPlugin1900.obj
 0001:00008b00       ?OpenEditor@CPluginW1900@@UAE_NPB_W_N11HH@Z 10009b00 f   ConEmuPlugin1900.obj
 0001:00008c50       ?ExecuteSynchroApi@CPluginW1900@@UAE_NXZ 10009c50 f   ConEmuPlugin1900.obj
 0001:00008c90       ?WaitEndSynchro@CPluginW1900@@UAEXXZ 10009c90 f   ConEmuPlugin1900.obj
 0001:00008ca0       ?StopWaitEndSynchro@CPluginW1900@@UAEXXZ 10009ca0 f   ConEmuPlugin1900.obj
 0001:00008cb0       ?IsMacroActive@CPluginW1900@@UAE_NXZ 10009cb0 f   ConEmuPlugin1900.obj
 0001:00008d00       ?GetMacroArea@CPluginW1900@@UAEHXZ 10009d00 f   ConEmuPlugin1900.obj
 0001:00008d30       ?RedrawAll@CPluginW1900@@UAEXXZ 10009d30 f   ConEmuPlugin1900.obj
 0001:00008d70       ?InputBox@CPluginW1900@@UAE_NPB_W000AAPA_W@Z 10009d70 f   ConEmuPlugin1900.obj
 0001:00008df0       ?ShowUserScreen@CPluginW1900@@UAEX_N@Z 10009df0 f   ConEmuPlugin1900.obj
 0001:00008e40       ?LoadFarColors@CPluginW1900@@UAEXAAY0BAA@E@Z 10009e40 f   ConEmuPlugin1900.obj
 0001:00009000       ?FarColor_3_2@@YIEABUFarColor@@@Z 1000a000 f i ConEmuPlugin1900.obj
 0001:00009110       ?Color2FgIndex@Far3Color@@SIXKAAGPBK@Z 1000a110 f i ConEmuPlugin1900.obj
 0001:00009250       ?Max@Far3Color@@SIHHH@Z    1000a250 f i ConEmuPlugin1900.obj
 0001:00009280       ?GetStdIndex@Far3Color@@SIHKPBK@Z 1000a280 f i ConEmuPlugin1900.obj
 0001:000092e0       ?GetStdPalette@Far3Color@@SIPBKXZ 1000a2e0 f i ConEmuPlugin1900.obj
 0001:000092f0       ?Color2BgIndex@Far3Color@@SIXKHAAGPBK@Z 1000a2f0 f i ConEmuPlugin1900.obj
 0001:00009460       ?LoadFarSettings@CPluginW1900@@UAEXPAUCEFarInterfaceSettings@@PAUCEFarPanelSettings@@@Z 1000a460 f   ConEmuPlugin1900.obj
 0001:00009670       ?GetFarRect@CPluginW1900@@UAE_NAAU_SMALL_RECT@@@Z 1000a670 f   ConEmuPlugin1900.obj
 0001:000096e0       ?CheckPanelExist@CPluginW1900@@UAE_NXZ 1000a6e0 f   ConEmuPlugin1900.obj
 0001:00009730       ?GetActiveWindowType@CPluginW1900@@UAEHXZ 1000a730 f   ConEmuPlugin1900.obj
 0001:000097f0       ?GetWindowTypeName@CPluginW1900@@UAEPB_WH@Z 1000a7f0 f   ConEmuPlugin1900.obj
 0001:00009880       ?GuiMacroDlg@CPluginW1900@@UAEXXZ 1000a880 f   ConEmuPlugin1900.obj
 0001:00009e60       ?Open@CPluginW1900@@UAEPAXPBX@Z 1000ae60 f   ConEmuPlugin1900.obj
 0001:0000a000       _GetGlobalInfoW@4          1000b000 f   ConEmuPlugin2800.obj
 0001:0000a1e0       ??0CPluginW2800@@QAE@XZ    1000b1e0 f   ConEmuPlugin2800.obj
 0001:0000a470       ??_GCPluginW2800@@UAEPAXI@Z 1000b470 f i ConEmuPlugin2800.obj
 0001:0000a470       ??_ECPluginW2800@@UAEPAXI@Z 1000b470 f i ConEmuPlugin2800.obj
 0001:0000a4a0       ??1CPluginW2800@@UAE@XZ    1000b4a0 f i ConEmuPlugin2800.obj
 0001:0000a4c0       ?GetPanelDir@CPluginW2800@@UAEPA_WKPA_WH@Z 1000b4c0 f   ConEmuPlugin2800.obj
 0001:0000a650       ?GetPanelInfo@CPluginW2800@@UAE_NKPAUCEPanelInfo@@@Z 1000b650 f   ConEmuPlugin2800.obj
 0001:0000aad0       ?GetPanelItemInfo@CPluginW2800@@UAE_NABUCEPanelInfo@@_NHAAU_WIN32_FIND_DATAW@@PAPA_W@Z 1000bad0 f   ConEmuPlugin2800.obj
 0001:0000ad00       ?PanelControlApi@CPluginW2800@@UAEHPAXHH0@Z 1000bd00 f   ConEmuPlugin2800.obj
 0001:0000ad50       ?GetPluginInfoPtr@CPluginW2800@@UAEXPAX@Z 1000bd50 f   ConEmuPlugin2800.obj
 0001:0000add0       ?SetStartupInfoPtr@CPluginW2800@@UAEXPAX@Z 1000bdd0 f   ConEmuPlugin2800.obj
 0001:0000af40       ?GetEditorModifiedState@CPluginW2800@@UAEKXZ 1000bf40 f   ConEmuPlugin2800.obj
 0001:0000af80       ?ProcessEditorEventPtr@CPluginW2800@@UAEHPAX@Z 1000bf80 f   ConEmuPlugin2800.obj
 0001:0000afb0       ?ProcessViewerEventPtr@CPluginW2800@@UAEHPAX@Z 1000bfb0 f   ConEmuPlugin2800.obj
 0001:0000afe0       ?ProcessSynchroEventPtr@CPluginW2800@@UAEHPAX@Z 1000bfe0 f   ConEmuPlugin2800.obj
 0001:0000b010       ?ProcessEditorInputPtr@CPluginW2800@@UAEHPBX@Z 1000c010 f   ConEmuPlugin2800.obj
 0001:0000b050       ?GetWindowCount@CPluginW2800@@UAEHXZ 1000c050 f   ConEmuPlugin2800.obj
 0001:0000b0a0       ?UpdateConEmuTabsApi@CPluginW2800@@UAE_NH@Z 1000c0a0 f   ConEmuPlugin2800.obj
 0001:0000b930       ?ExitFar@CPluginW2800@@UAEXXZ 1000c930 f   ConEmuPlugin2800.obj
 0001:0000b9c0       ?ShowMessage@CPluginW2800@@UAEHPB_WH_N@Z 1000c9c0 f   ConEmuPlugin2800.obj
 0001:0000ba70       ?GetMsg@CPluginW2800@@UAEPB_WHPA_WI@Z 1000ca70 f   ConEmuPlugin2800.obj
 0001:0000baf0       ?SetWindow@CPluginW2800@@UAEXH@Z 1000caf0 f   ConEmuPlugin2800.obj
 0001:0000bb50       ?PostMacroApi@CPluginW2800@@UAEXPB_WPAU_INPUT_RECORD@@_N@Z 1000cb50 f   ConEmuPlugin2800.obj
 0001:0000bef0       ?ShowPluginMenu@CPluginW2800@@UAEHPAUConEmuPluginMenuItem@@HH@Z 1000cef0 f   ConEmuPlugin2800.obj
 0001:0000c0e0       ?OpenEditor@CPluginW2800@@UAE_NPB_W_N11HH@Z 1000d0e0 f   ConEmuPlugin2800.obj
 0001:0000c230       ?ExecuteSynchroApi@CPluginW2800@@UAE_NXZ 1000d230 f   ConEmuPlugin2800.obj
 0001:0000c270       ?WaitEndSynchro@CPluginW2800@@UAEXXZ 1000d270 f   ConEmuPlugin2800.obj
 0001:0000c280       ?StopWaitEndSynchro@CPluginW2800@@UAEXXZ 1000d280 f   ConEmuPlugin2800.obj
 0001:0000c290       ?IsMacroActive@CPluginW2800@@UAE_NXZ 1000d290 f   ConEmuPlugin2800.obj
 0001:0000c2e0       ?GetMacroArea@CPluginW2800@@UAEHXZ 1000d2e0 f   ConEmuPlugin2800.obj
 0001:0000c310       ?RedrawAll@CPluginW2800@@UAEXXZ 1000d310 f   ConEmuPlugin2800.obj
 0001:0000c350       ?InputBox@CPluginW2800@@UAE_NPB_W000AAPA_W@Z 1000d350 f   ConEmuPlugin2800.obj
 0001:0000c3d0       ?ShowUserScreen@CPluginW2800@@UAEX_N@Z 1000d3d0 f   ConEmuPlugin2800.obj
 0001:0000c420       ?LoadFarColors@CPluginW2800@@UAEXAAY0BAA@E@Z 1000d420 f   ConEmuPlugin2800.obj
 0001:0000c5e0       ?LoadFarSettings@CPluginW2800@@UAEXPAUCEFarInterfaceSettings@@PAUCEFarPanelSettings@@@Z 1000d5e0 f   ConEmuPlugin2800.obj
 0001:0000c7f0       ?GetFarRect@CPluginW2800@@UAE_NAAU_SMALL_RECT@@@Z 1000d7f0 f   ConEmuPlugin2800.obj
 0001:0000c860       ?CheckPanelExist@CPluginW2800@@UAE_NXZ 1000d860 f   ConEmuPlugin2800.obj
 0001:0000c8b0       ?GetActiveWindowType@CPluginW2800@@UAEHXZ 1000d8b0 f   ConEmuPlugin2800.obj
 0001:0000c980       ?GetWindowTypeName@CPluginW2800@@UAEPB_WH@Z 1000d980 f   ConEmuPlugin2800.obj
 0001:0000ca10       ?GuiMacroDlg@CPluginW2800@@UAEXXZ 1000da10 f   ConEmuPlugin2800.obj
 0001:0000cf80       ?Open@CPluginW2800@@UAEPAXPBX@Z 1000df80 f   ConEmuPlugin2800.obj
 0001:0000d1b0       ??0FarMacroValue@@QAE@XZ   1000e1b0 f i ConEmuPlugin2800.obj
 0001:0000d1f0       ??0?$MArray@UWindowInfo@@@@QAE@XZ 1000e1f0 f i ConEmuPlugin2800.obj
 0001:0000d230       ??1?$MArray@UWindowInfo@@@@QAE@XZ 1000e230 f i ConEmuPlugin2800.obj
 0001:0000d250       ??A?$MArray@UWindowInfo@@@@QBEABUWindowInfo@@H@Z 1000e250 f i ConEmuPlugin2800.obj
 0001:0000d270       ??A?$MArray@UWindowInfo@@@@QAEAAUWindowInfo@@H@Z 1000e270 f i ConEmuPlugin2800.obj
 0001:0000d290       ?push_back@?$MArray@UWindowInfo@@@@QAEHABUWindowInfo@@@Z 1000e290 f i ConEmuPlugin2800.obj
 0001:0000d320       ?insert@?$MArray@UWindowInfo@@@@QAEXHABUWindowInfo@@@Z 1000e320 f i ConEmuPlugin2800.obj
 0001:0000d3e0       ?erase@?$MArray@UWindowInfo@@@@QAEXH@Z 1000e3e0 f i ConEmuPlugin2800.obj
 0001:0000d470       ?size@?$MArray@UWindowInfo@@@@QBEHXZ 1000e470 f i ConEmuPlugin2800.obj
 0001:0000d490       ?clear@?$MArray@UWindowInfo@@@@QAEXXZ 1000e490 f i ConEmuPlugin2800.obj
 0001:0000d4e0       ?addsize@?$MArray@UWindowInfo@@@@QAEXH@Z 1000e4e0 f i ConEmuPlugin2800.obj
 0001:0000d5d0       ??0CPluginW995@@QAE@XZ     1000e5d0 f   ConEmuPlugin995.obj
 0001:0000d860       ?Open@CPluginW995@@UAEPAXPBX@Z 1000e860 f i ConEmuPlugin995.obj
 0001:0000d880       ?ProcessEditorEventPtr@CPluginW995@@UAEHPAX@Z 1000e880 f i ConEmuPlugin995.obj
 0001:0000d890       ?ProcessSynchroEventPtr@CPluginW995@@UAEHPAX@Z 1000e890 f i ConEmuPlugin995.obj
 0001:0000d8a0       ?ProcessViewerEventPtr@CPluginW995@@UAEHPAX@Z 1000e8a0 f i ConEmuPlugin995.obj
 0001:0000d8b0       ??_ECPluginW995@@UAEPAXI@Z 1000e8b0 f i ConEmuPlugin995.obj
 0001:0000d8b0       ??_GCPluginW995@@UAEPAXI@Z 1000e8b0 f i ConEmuPlugin995.obj
 0001:0000d8e0       ??1CPluginW995@@UAE@XZ     1000e8e0 f i ConEmuPlugin995.obj
 0001:0000d900       ?GetPanelDir@CPluginW995@@UAEPA_WKPA_WH@Z 1000e900 f   ConEmuPlugin995.obj
 0001:0000da30       ?GetPanelInfo@CPluginW995@@UAE_NKPAUCEPanelInfo@@@Z 1000ea30 f   ConEmuPlugin995.obj
 0001:0000dd10       ?GetPanelItemInfo@CPluginW995@@UAE_NABUCEPanelInfo@@_NHAAU_WIN32_FIND_DATAW@@PAPA_W@Z 1000ed10 f   ConEmuPlugin995.obj
 0001:0000df20       ?PanelControlApi@CPluginW995@@UAEHPAXHH0@Z 1000ef20 f   ConEmuPlugin995.obj
 0001:0000df70       ?GetPluginInfoPtr@CPluginW995@@UAEXPAX@Z 1000ef70 f   ConEmuPlugin995.obj
 0001:0000e010       ?SetStartupInfoPtr@CPluginW995@@UAEXPAX@Z 1000f010 f   ConEmuPlugin995.obj
 0001:0000e1c0       ?GetEditorModifiedState@CPluginW995@@UAEKXZ 1000f1c0 f   ConEmuPlugin995.obj
 0001:0000e200       ?ProcessEditorInputPtr@CPluginW995@@UAEHPBX@Z 1000f200 f   ConEmuPlugin995.obj
 0001:0000e230       ?GetWindowCount@CPluginW995@@UAEHXZ 1000f230 f   ConEmuPlugin995.obj
 0001:0000e280       ?UpdateConEmuTabsApi@CPluginW995@@UAE_NH@Z 1000f280 f   ConEmuPlugin995.obj
 0001:0000e560       ?ExitFar@CPluginW995@@UAEXXZ 1000f560 f   ConEmuPlugin995.obj
 0001:0000e5f0       ?ShowMessage@CPluginW995@@UAEHPB_WH_N@Z 1000f5f0 f   ConEmuPlugin995.obj
 0001:0000e670       ?GetMsg@CPluginW995@@UAEPB_WHPA_WI@Z 1000f670 f   ConEmuPlugin995.obj
 0001:0000e6f0       ?SetWindow@CPluginW995@@UAEXH@Z 1000f6f0 f   ConEmuPlugin995.obj
 0001:0000e750       ?PostMacroApi@CPluginW995@@UAEXPB_WPAU_INPUT_RECORD@@_N@Z 1000f750 f   ConEmuPlugin995.obj
 0001:0000e820       ?ShowPluginMenu@CPluginW995@@UAEHPAUConEmuPluginMenuItem@@HH@Z 1000f820 f   ConEmuPlugin995.obj
 0001:0000e9b0       ?OpenEditor@CPluginW995@@UAE_NPB_W_N11HH@Z 1000f9b0 f   ConEmuPlugin995.obj
 0001:0000ead0       ?ExecuteSynchroApi@CPluginW995@@UAE_NXZ 1000fad0 f   ConEmuPlugin995.obj
 0001:0000eb10       ?WaitEndSynchro@CPluginW995@@UAEXXZ 1000fb10 f   ConEmuPlugin995.obj
 0001:0000ecc0       ?StopWaitEndSynchro@CPluginW995@@UAEXXZ 1000fcc0 f   ConEmuPlugin995.obj
 0001:0000ecf0       ?IsMacroActive@CPluginW995@@UAE_NXZ 1000fcf0 f   ConEmuPlugin995.obj
 0001:0000ed50       ?GetMacroArea@CPluginW995@@UAEHXZ 1000fd50 f   ConEmuPlugin995.obj
 0001:0000ed90       ?RedrawAll@CPluginW995@@UAEXXZ 1000fd90 f   ConEmuPlugin995.obj
 0001:0000edd0       ?InputBox@CPluginW995@@UAE_NPB_W000AAPA_W@Z 1000fdd0 f   ConEmuPlugin995.obj
 0001:0000ee40       ?ShowUserScreen@CPluginW995@@UAEX_N@Z 1000fe40 f   ConEmuPlugin995.obj
 0001:0000ee90       ?LoadFarColors@CPluginW995@@UAEXAAY0BAA@E@Z 1000fe90 f   ConEmuPlugin995.obj
 0001:0000ef70       ?LoadFarSettings@CPluginW995@@UAEXPAUCEFarInterfaceSettings@@PAUCEFarPanelSettings@@@Z 1000ff70 f   ConEmuPlugin995.obj
 0001:0000efe0       ?GetFarRect@CPluginW995@@UAE_NAAU_SMALL_RECT@@@Z 1000ffe0 f   ConEmuPlugin995.obj
 0001:0000f050       ?CheckPanelExist@CPluginW995@@UAE_NXZ 10010050 f   ConEmuPlugin995.obj
 0001:0000f0a0       ?GetActiveWindowType@CPluginW995@@UAEHXZ 100100a0 f   ConEmuPlugin995.obj
 0001:0000f170       ?GetWindowTypeName@CPluginW995@@UAEPB_WH@Z 10010170 f   ConEmuPlugin995.obj
 0001:0000f200       ?GuiMacroDlg@CPluginW995@@UAEXXZ 10010200 f   ConEmuPlugin995.obj
 0001:0000f750       ??0CPluginAnsi@@QAE@XZ     10010750 f   ConEmuPluginA.obj
 0001:0000f9b0       ?ExecuteSynchroApi@CPluginAnsi@@UAE_NXZ 100109b0 f i ConEmuPluginA.obj
 0001:0000f9c0       ?GetFarRect@CPluginAnsi@@UAE_NAAU_SMALL_RECT@@@Z 100109c0 f i ConEmuPluginA.obj
 0001:0000f9d0       ?Open@CPluginAnsi@@UAEPAXPBX@Z 100109d0 f i ConEmuPluginA.obj
 0001:0000f9f0       ?ProcessEditorEventPtr@CPluginAnsi@@UAEHPAX@Z 100109f0 f i ConEmuPluginA.obj
 0001:0000fa00       ?ProcessEditorInputPtr@CPluginAnsi@@UAEHPBX@Z 10010a00 f i ConEmuPluginA.obj
 0001:0000fa10       ?ProcessSynchroEventPtr@CPluginAnsi@@UAEHPAX@Z 10010a10 f i ConEmuPluginA.obj
 0001:0000fa20       ?ProcessViewerEventPtr@CPluginAnsi@@UAEHPAX@Z 10010a20 f i ConEmuPluginA.obj
 0001:0000fa30       ?StopWaitEndSynchro@CPluginAnsi@@UAEXXZ 10010a30 f i ConEmuPluginA.obj
 0001:0000fa40       ?WaitEndSynchro@CPluginAnsi@@UAEXXZ 10010a40 f i ConEmuPluginA.obj
 0001:0000fa50       ??_GCPluginAnsi@@UAEPAXI@Z 10010a50 f i ConEmuPluginA.obj
 0001:0000fa50       ??_ECPluginAnsi@@UAEPAXI@Z 10010a50 f i ConEmuPluginA.obj
 0001:0000fa80       ??1CPluginAnsi@@UAE@XZ     10010a80 f i ConEmuPluginA.obj
 0001:0000faa0       ?GetPanelDir@CPluginAnsi@@UAEPA_WKPA_WH@Z 10010aa0 f   ConEmuPluginA.obj
 0001:0000fba0       ?GetPanelInfo@CPluginAnsi@@UAE_NKPAUCEPanelInfo@@@Z 10010ba0 f   ConEmuPluginA.obj
 0001:0000fe80       ?GetPanelItemInfo@CPluginAnsi@@UAE_NABUCEPanelInfo@@_NHAAU_WIN32_FIND_DATAW@@PAPA_W@Z 10010e80 f   ConEmuPluginA.obj
 0001:00010000       ?PanelControlApi@CPluginAnsi@@UAEHPAXHH0@Z 10011000 f   ConEmuPluginA.obj
 0001:00010050       ?SetStartupInfoPtr@CPluginAnsi@@UAEXPAX@Z 10011050 f   ConEmuPluginA.obj
 0001:00010210       ?GetPluginInfoPtr@CPluginAnsi@@UAEXPAX@Z 10011210 f   ConEmuPluginA.obj
 0001:000102c0       ?GetEditorModifiedState@CPluginAnsi@@UAEKXZ 100112c0 f   ConEmuPluginA.obj
 0001:00010300       ?GetWindowCount@CPluginAnsi@@UAEHXZ 10011300 f   ConEmuPluginA.obj
 0001:00010350       ?UpdateConEmuTabsApi@CPluginAnsi@@UAE_NH@Z 10011350 f   ConEmuPluginA.obj
 0001:00010610       ?ExitFar@CPluginAnsi@@UAEXXZ 10011610 f   ConEmuPluginA.obj
 0001:00010670       ?SetWindow@CPluginAnsi@@UAEXH@Z 10011670 f   ConEmuPluginA.obj
 0001:000106e0       ?PostMacroApi@CPluginAnsi@@UAEXPB_WPAU_INPUT_RECORD@@_N@Z 100116e0 f   ConEmuPluginA.obj
 0001:000107d0       ?ShowPluginMenu@CPluginAnsi@@UAEHPAUConEmuPluginMenuItem@@HH@Z 100117d0 f   ConEmuPluginA.obj
 0001:000109c0       ?OpenEditor@CPluginAnsi@@UAE_NPB_W_N11HH@Z 100119c0 f   ConEmuPluginA.obj
 0001:00010b20       ?ShowMessage@CPluginAnsi@@UAEHPB_WH_N@Z 10011b20 f   ConEmuPluginA.obj
 0001:00010bf0       ?GetMsg@CPluginAnsi@@UAEPB_WHPA_WI@Z 10011bf0 f   ConEmuPluginA.obj
 0001:00010cb0       ?IsMacroActive@CPluginAnsi@@UAE_NXZ 10011cb0 f   ConEmuPluginA.obj
 0001:00010d20       ?GetMacroArea@CPluginAnsi@@UAEHXZ 10011d20 f   ConEmuPluginA.obj
 0001:00010d30       ?RedrawAll@CPluginAnsi@@UAEXXZ 10011d30 f   ConEmuPluginA.obj
 0001:00010d70       ?InputBox@CPluginAnsi@@UAE_NPB_W000AAPA_W@Z 10011d70 f   ConEmuPluginA.obj
 0001:00010ea0       ?ShowUserScreen@CPluginAnsi@@UAEX_N@Z 10011ea0 f   ConEmuPluginA.obj
 0001:00010ef0       ?LoadFarColors@CPluginAnsi@@UAEXAAY0BAA@E@Z 10011ef0 f   ConEmuPluginA.obj
 0001:00010fe0       ?LoadFarSettings@CPluginAnsi@@UAEXPAUCEFarInterfaceSettings@@PAUCEFarPanelSettings@@@Z 10011fe0 f   ConEmuPluginA.obj
 0001:00011050       ?CheckPanelExist@CPluginAnsi@@UAE_NXZ 10012050 f   ConEmuPluginA.obj
 0001:000110a0       ?GetActiveWindowType@CPluginAnsi@@UAEHXZ 100120a0 f   ConEmuPluginA.obj
 0001:00011120       ?GetWindowTypeName@CPluginAnsi@@UAEPB_WH@Z 10012120 f   ConEmuPluginA.obj
 0001:000111b0       ?GuiMacroDlg@CPluginAnsi@@UAEXXZ 100121b0 f   ConEmuPluginA.obj
 0001:00011800       ?Plugin@@YIPAVCPluginBase@@XZ 10012800 f   ConEmuPluginBase.obj
 0001:00011930       ??0CPluginBase@@QAE@XZ     10012930 f   ConEmuPluginBase.obj
 0001:00011be0       ??_GCPluginBase@@UAEPAXI@Z 10012be0 f i ConEmuPluginBase.obj
 0001:00011be0       ??_ECPluginBase@@UAEPAXI@Z 10012be0 f i ConEmuPluginBase.obj
 0001:00011c10       ??1CPluginBase@@UAE@XZ     10012c10 f   ConEmuPluginBase.obj
 0001:00011c30       ?DllMain_ProcessAttach@CPluginBase@@KIXPAUHINSTANCE__@@@Z 10012c30 f   ConEmuPluginBase.obj
 0001:00011d20       ?DllMain_ProcessDetach@CPluginBase@@KIXXZ 10012d20 f   ConEmuPluginBase.obj
 0001:00011ea0       ??_GMSection@@QAEPAXI@Z    10012ea0 f i ConEmuPluginBase.obj
 0001:00011ed0       ??_GCPluginBackground@@QAEPAXI@Z 10012ed0 f i ConEmuPluginBase.obj
 0001:00011f00       ?LoadFarVersion@CPluginBase@@SI_NXZ 10012f00 f   ConEmuPluginBase.obj
 0001:00012340       ?ShowMessageGui@CPluginBase@@QAEHHH@Z 10013340 f   ConEmuPluginBase.obj
 0001:000123f0       ?BackgroundMacroError@CPluginBase@@SGKPAX@Z 100133f0 f   ConEmuPluginBase.obj
 0001:00012440       ?PostMacro@CPluginBase@@QAEXPB_WPAU_INPUT_RECORD@@_N@Z 10013440 f   ConEmuPluginBase.obj
 0001:00012500       ?isMacroActive@CPluginBase@@QAE_NAAH@Z 10013500 f   ConEmuPluginBase.obj
 0001:00012550       ?CheckBufferEnabled@CPluginBase@@QAE_NXZ 10013550 f   ConEmuPluginBase.obj
 0001:000125e0       ?PanelControl@CPluginBase@@QAEHPAXHH0@Z 100135e0 f   ConEmuPluginBase.obj
 0001:00012690       ?GetPanelInfo@CPluginBase@@QAE_NKPAUBkPanelInfo@@@Z 10013690 f   ConEmuPluginBase.obj
 0001:00012730       ?FillUpdateBackground@CPluginBase@@QAEXPAUPaintBackgroundArg@@@Z 10013730 f   ConEmuPluginBase.obj
 0001:00012900       ?StorePanelDirs@CPluginBase@@QAE_NPB_W0@Z 10013900 f   ConEmuPluginBase.obj
 0001:00012ab0       _wmemmove                  10013ab0 f i ConEmuPluginBase.obj
 0001:00012ad0       ?UpdatePanelDirs@CPluginBase@@QAEXXZ 10013ad0 f   ConEmuPluginBase.obj
 0001:00012cc0       ?IsFarLua@FarVersion@@QBE_NXZ 10013cc0 f i ConEmuPluginBase.obj
 0001:00012d10       ?RunExternalProgram@CPluginBase@@QAE_NPA_W@Z 10013d10 f   ConEmuPluginBase.obj
 0001:00012f00       ?ProcessCommandLine@CPluginBase@@QAE_NPA_W@Z 10013f00 f   ConEmuPluginBase.obj
 0001:00012f40       ?ShowPluginMenu@CPluginBase@@QAEXW4PluginCallCommands@@@Z 10013f40 f   ConEmuPluginBase.obj
 0001:000131f0       ?ShowTabsList@CPluginBase@@QAEXXZ 100141f0 f   ConEmuPluginBase.obj
 0001:000135c0       ?ShowPanelsList@CPluginBase@@QAEXXZ 100145c0 f   ConEmuPluginBase.obj
 0001:00013740       ?DataSize@CESERVER_REQ@@QAEKXZ 10014740 f i ConEmuPluginBase.obj
 0001:00013780       ?EditViewConsoleOutput@CPluginBase@@QAEX_N@Z 10014780 f   ConEmuPluginBase.obj
 0001:00013840       ?SwitchTabCommand@CPluginBase@@QAEXW4PluginMenuCommands@@@Z 10014840 f   ConEmuPluginBase.obj
 0001:00013900       ?ProcessSynchroEvent@CPluginBase@@QAEHHPAX@Z 10014900 f   ConEmuPluginBase.obj
 0001:000139b0       ?ProcessEditorInputInternal@CPluginBase@@QAEXABU_INPUT_RECORD@@@Z 100149b0 f   ConEmuPluginBase.obj
 0001:00013a10       ?ProcessEditorViewerEvent@CPluginBase@@QAEHHH@Z 10014a10 f   ConEmuPluginBase.obj
 0001:00013b20       ?isModalEditorViewer@CPluginBase@@QAE_NXZ 10014b20 f   ConEmuPluginBase.obj
 0001:00013b70       ?GetMainThreadId@CPluginBase@@SIKXZ 10014b70 f   ConEmuPluginBase.obj
 0001:00013c10       ?ShowConsoleInfo@CPluginBase@@QAEXXZ 10014c10 f   ConEmuPluginBase.obj
 0001:00013d90       ?RunExternalProgramW@CPluginBase@@SI_NPA_W0_N@Z 10014d90 f   ConEmuPluginBase.obj
 0001:00014000       ?StartDebugger@CPluginBase@@QAE_NXZ 10015000 f   ConEmuPluginBase.obj
 0001:00014330       ?Attach2Gui@CPluginBase@@QAE_NXZ 10015330 f   ConEmuPluginBase.obj
 0001:000147f0       ?FindServerCmd@CPluginBase@@QAE_NKAAK_N@Z 100157f0 f   ConEmuPluginBase.obj
 0001:000148e0       ?ShowMessage@CPluginBase@@QAEHHH@Z 100158e0 f   ConEmuPluginBase.obj
 0001:00014960       ?OutDataAlloc@CPluginBase@@SI_NK@Z 10015960 f   ConEmuPluginBase.obj
 0001:000149d0       ?OutDataRealloc@CPluginBase@@SI_NK@Z 100159d0 f   ConEmuPluginBase.obj
 0001:00014ab0       ?OutDataWrite@CPluginBase@@SI_NPAXK@Z 10015ab0 f   ConEmuPluginBase.obj
 0001:00014b80       ?CreateTabs@CPluginBase@@SI_NH@Z 10015b80 f   ConEmuPluginBase.obj
 0001:00014c50       ?AddTab@CPluginBase@@QAE_NAAHH_N1HPB_W2HHHH@Z 10015c50 f   ConEmuPluginBase.obj
 0001:00015060       _wmemcmp                   10016060 f i ConEmuPluginBase.obj
 0001:000150c0       ?SendTabs@CPluginBase@@SIXH_N@Z 100160c0 f   ConEmuPluginBase.obj
 0001:000152a0       ?CloseTabs@CPluginBase@@SIXXZ 100162a0 f   ConEmuPluginBase.obj
 0001:00015320       ?UpdateConEmuTabs@CPluginBase@@QAE_N_N@Z 10016320 f   ConEmuPluginBase.obj
 0001:00015620       ?CheckResources@CPluginBase@@QAEX_N@Z 10016620 f   ConEmuPluginBase.obj
 0001:00015790       ?InitResources@CPluginBase@@QAEXXZ 10016790 f   ConEmuPluginBase.obj
 0001:000159f0       ?CloseMapHeader@CPluginBase@@SIXXZ 100169f0 f   ConEmuPluginBase.obj
 0001:00015a20       ?OpenMapHeader@CPluginBase@@SIHXZ 10016a20 f   ConEmuPluginBase.obj
 0001:00015b40       ?InitRootRegKey@CPluginBase@@IAEXXZ 10016b40 f   ConEmuPluginBase.obj
 0001:00015c60       ?SetRootRegKey@CPluginBase@@IAEXPA_W@Z 10016c60 f   ConEmuPluginBase.obj
 0001:00015d60       ?LoadPanelTabsFromRegistry@CPluginBase@@IAEXXZ 10016d60 f   ConEmuPluginBase.obj
 0001:00015e60       ?InitHWND@CPluginBase@@SIXXZ 10016e60 f   ConEmuPluginBase.obj
 0001:00016100       ?CheckConEmuDetached@CPluginBase@@SIXXZ 10017100 f   ConEmuPluginBase.obj
 0001:000161a0       ?EmergencyShow@CPluginBase@@KIXXZ 100171a0 f   ConEmuPluginBase.obj
 0001:00016200       ?MonitorThreadProcW@CPluginBase@@SGKPAX@Z 10017200 f   ConEmuPluginBase.obj
 0001:000166b0       ?OpenPluginCommon@CPluginBase@@QAEPAXHH_N@Z 100176b0 f   ConEmuPluginBase.obj
 0001:00016a30       ?ExitFarCommon@CPluginBase@@QAEX_N@Z 10017a30 f   ConEmuPluginBase.obj
 0001:00016a80       ?OnMainThreadActivated@CPluginBase@@QAEXXZ 10017a80 f   ConEmuPluginBase.obj
 0001:00016c50       ?ProcessSetWindowCommand@CPluginBase@@QAEXXZ 10017c50 f   ConEmuPluginBase.obj
 0001:00016d90       ?CommonPluginStartup@CPluginBase@@QAEXXZ 10017d90 f   ConEmuPluginBase.obj
 0001:00016eb0       ?StopThread@CPluginBase@@QAEX_N@Z 10017eb0 f   ConEmuPluginBase.obj
 0001:00017220       ??_G?$MFileMapping@UCESERVER_CONSOLE_MAPPING_HDR@@@@QAEPAXI@Z 10018220 f i ConEmuPluginBase.obj
 0001:00017250       ?ShutdownPluginStep@CPluginBase@@SIXPB_WHHHH@Z 10018250 f   ConEmuPluginBase.obj
 0001:00017270       ?ExecuteSynchro@CPluginBase@@QAEXXZ 10018270 f   ConEmuPluginBase.obj
 0001:00017330       ?WaitPluginActivation@CPluginBase@@SIKKPAPAXHK@Z 10018330 f   ConEmuPluginBase.obj
 0001:00017490       ?ActivatePlugin@CPluginBase@@QAE_NKPAXK@Z 10018490 f   ConEmuPluginBase.obj
 0001:00017720       ?cmd_OpenEditorLine@CPluginBase@@QAE_NPAUCESERVER_REQ_FAREDITOR@@@Z 10018720 f   ConEmuPluginBase.obj
 0001:00017810       ?cmd_RedrawFarCall@CPluginBase@@QAE_NAAPAUCESERVER_REQ@@PAPAU2@@Z 10018810 f   ConEmuPluginBase.obj
 0001:000178c0       ?cmd_SetWindow@CPluginBase@@QAE_NPAX_N@Z 100188c0 f   ConEmuPluginBase.obj
 0001:00017980       ?cmd_LeftClickSync@CPluginBase@@QAEXPAX@Z 10018980 f   ConEmuPluginBase.obj
 0001:00017ab0       ?cmd_CloseQSearch@CPluginBase@@QAEXXZ 10018ab0 f   ConEmuPluginBase.obj
 0001:00017af0       ?cmd_EMenu@CPluginBase@@QAEXPAX@Z 10018af0 f   ConEmuPluginBase.obj
 0001:00017bc0       ?cmd_ExternalCallback@CPluginBase@@QAE_NPAX@Z 10018bc0 f   ConEmuPluginBase.obj
 0001:00017c40       ?cmd_ConSetFont@CPluginBase@@QAEXPAX@Z 10018c40 f   ConEmuPluginBase.obj
 0001:00017c90       ?cmd_GuiChanged@CPluginBase@@QAEXPAX@Z 10018c90 f   ConEmuPluginBase.obj
 0001:00017d70       ?ProcessCommand@CPluginBase@@QAE_NKHPAXPAPAUCESERVER_REQ@@_N@Z 10018d70 f   ConEmuPluginBase.obj
 0001:000182a0       ?FarSetConsoleSize@CPluginBase@@SI_NFF@Z 100192a0 f   ConEmuPluginBase.obj
 0001:000183c0       ?ReloadFarInfoApi@CPluginBase@@IAE_NXZ 100193c0 f   ConEmuPluginBase.obj
 0001:00018600       ?ReloadFarInfo@CPluginBase@@QAE_N_N@Z 10019600 f   ConEmuPluginBase.obj
 0001:000188d0       ?pcc_Selected@CPluginBase@@SI_NW4PluginMenuCommands@@@Z 100198d0 f   ConEmuPluginBase.obj
 0001:00018940       ?pcc_Disabled@CPluginBase@@SI_NW4PluginMenuCommands@@@Z 10019940 f   ConEmuPluginBase.obj
 0001:000189f0       ?TouchReadPeekConsoleInputs@CPluginBase@@SIXH@Z 100199f0 f   ConEmuPluginBase.obj
 0001:00018a50       ?OnConsolePeekReadInput@CPluginBase@@SIX_N@Z 10019a50 f   ConEmuPluginBase.obj
 0001:00018c50       ?ActiveServerPID@CESERVER_CONSOLE_MAPPING_HDR@@QBEKXZ 10019c50 f i ConEmuPluginBase.obj
 0001:00018c90       ?UngetDummyMouseEvent@CPluginBase@@SI_N_NPAUHookCallbackArg@@@Z 10019c90 f   ConEmuPluginBase.obj
 0001:00018ec0       ??4HANDLE2@@QAEAAU0@PAX@Z  10019ec0 f i ConEmuPluginBase.obj
 0001:00018ee0       ?FillLoadedParm@CPluginBase@@SIXPAUConEmuLoadedArg@@PAUHINSTANCE__@@H@Z 10019ee0 f   ConEmuPluginBase.obj
 0001:00018fc0       ?NotifyConEmuUnloaded@CPluginBase@@SIXXZ 10019fc0 f   ConEmuPluginBase.obj
 0001:00019100       ?OnPanelViewCallbacks@CPluginBase@@SI_NPAUHookCallbackArg@@P6GHPAXPAU_INPUT_RECORD@@KPAKPAH@Z5@Z 1001a100 f   ConEmuPluginBase.obj
 0001:000191e0       ?OnShellExecuteExW_Except@CPluginBase@@SGXPAUHookCallbackArg@@@Z 1001a1e0 f   ConEmuPluginBase.obj
 0001:00019220       ?OnGetNumberOfConsoleInputEventsPost@CPluginBase@@SGXPAUHookCallbackArg@@@Z 1001a220 f   ConEmuPluginBase.obj
 0001:00019260       ?OnConsolePeekInput@CPluginBase@@SGHPAUHookCallbackArg@@@Z 1001a260 f   ConEmuPluginBase.obj
 0001:000192e0       ?OnConsolePeekInputPost@CPluginBase@@SGXPAUHookCallbackArg@@@Z 1001a2e0 f   ConEmuPluginBase.obj
 0001:00019320       ?OnConsoleReadInputWork@CPluginBase@@SIHPAUHookCallbackArg@@@Z 1001a320 f   ConEmuPluginBase.obj
 0001:000193c0       ?OnConsoleReadInput@CPluginBase@@SGHPAUHookCallbackArg@@@Z 1001a3c0 f   ConEmuPluginBase.obj
 0001:000193d0       ?OnConsoleReadInputPost@CPluginBase@@SGXPAUHookCallbackArg@@@Z 1001a3d0 f   ConEmuPluginBase.obj
 0001:00019610       ?OnWriteConsoleOutput@CPluginBase@@SGHPAUHookCallbackArg@@@Z 1001a610 f   ConEmuPluginBase.obj
 0001:000196f0       ?OnConsoleDetaching@CPluginBase@@SGHPAUHookCallbackArg@@@Z 1001a6f0 f   ConEmuPluginBase.obj
 0001:00019820       ?OnConsoleWasAttached@CPluginBase@@SGXPAUHookCallbackArg@@@Z 1001a820 f   ConEmuPluginBase.obj
 0001:00019890       ?OnCurDirChanged@CPluginBase@@SGXXZ 1001a890 f   ConEmuPluginBase.obj
 0001:00019910       ?OnLibraryLoaded@CPluginBase@@SGXPAUHINSTANCE__@@@Z 1001a910 f   ConEmuPluginBase.obj
 0001:00019990       ?ToUnicode@CPluginBase@@SIPA_WPBD@Z 1001a990 f   ConEmuPluginBase.obj
 0001:00019a10       ?ToOem@CPluginBase@@SIXPB_WPADH@Z 1001aa10 f   ConEmuPluginBase.obj
 0001:00019a60       ?ToOem@CPluginBase@@SIPADPB_W@Z 1001aa60 f   ConEmuPluginBase.obj
 0001:00019ac0       ?ProcessDragFrom@CPluginBase@@QAEXXZ 1001aac0 f   ConEmuPluginBase.obj
 0001:0001a0b0       ?ProcessDragTo@CPluginBase@@QAEXXZ 1001b0b0 f   ConEmuPluginBase.obj
 0001:0001a4b0       ?IsCurrentTabModal@CPluginBase@@QAE_NXZ 1001b4b0 f   ConEmuPluginBase.obj
 0001:0001a570       ?PrintText@CPluginBase@@QAE_NPB_W@Z 1001b570 f   ConEmuPluginBase.obj
 0001:0001a860       ?Ptr@?$MFileMapping@UCESERVER_CONSOLE_MAPPING_HDR@@@@QAEPAUCESERVER_CONSOLE_MAPPING_HDR@@XZ 1001b860 f i ConEmuPluginBase.obj
 0001:0001a880       ??$wcscpy_c@$0BBE@@@YIHAAY0BBE@_WPB_W@Z 1001b880 f i ConEmuPluginBase.obj
 0001:0001a8b0       ??$wcscat_c@$0BBE@@@YIHAAY0BBE@_WPB_W@Z 1001b8b0 f i ConEmuPluginBase.obj
 0001:0001a8e0       ??$wcscat_c@$0CAE@@@YIHAAY0CAE@_WPB_W@Z 1001b8e0 f i ConEmuPluginBase.obj
 0001:0001a910       ?EvaluateDefaultFontWidth@@YIHHPB_W@Z 1001b910 f   EmergencyShow.obj
 0001:0001aa50       ?SetUserFriendlyFont@@YIXPAUHWND__@@HH@Z 1001ba50 f   EmergencyShow.obj
 0001:0001af40       ?CorrectConsolePos@@YIXPAUHWND__@@@Z 1001bf40 f   EmergencyShow.obj
 0001:0001b080       ?EmergencyShow@@YIXPAUHWND__@@HH@Z 1001c080 f   EmergencyShow.obj
 0001:0001b1d0       ?IsFileBatch@@YI_NPB_W@Z   1001c1d0 f   Execute.obj
 0001:0001b250       ?GetImageSubsystem@@YI_NPB_WAAK11@Z 1001c250 f   Execute.obj
 0001:0001b570       ?GetImageSubsystem@@YI_NAAK0@Z 1001c570 f   Execute.obj
 0001:0001b620       ?GetImageSubsystem@@YI_NU_PROCESS_INFORMATION@@AAK1@Z 1001c620 f   Execute.obj
 0001:0001b810       ?GetEnclosingSectionHeader@@YIPAU_IMAGE_SECTION_HEADER@@KPAUIMAGE_MAPPING@@@Z 1001c810 f   Execute.obj
 0001:0001b8a0       ?GetPtrFromRVA@@YIPAXKPAUIMAGE_MAPPING@@@Z 1001c8a0 f   Execute.obj
 0001:0001b900       ?FindImageSubsystem@@YI_NPB_WAAK1PAK@Z 1001c900 f   Execute.obj
 0001:0001c2e0       ??0HkFunc@@QAE@XZ          1001d2e0 f   HkFunc.obj
 0001:0001c340       ?Init@HkFunc@@IAE_NXZ      1001d340 f   HkFunc.obj
 0001:0001c3e0       ?SetInternalMode@HkFunc@@QAEXPAUHINSTANCE__@@P6GHXZ@Z 1001d3e0 f   HkFunc.obj
 0001:0001c410       ?OnHooksUnloaded@HkFunc@@QAEXXZ 1001d410 f   HkFunc.obj
 0001:0001c460       ?isConEmuHk@HkFunc@@QAE_NXZ 1001d460 f   HkFunc.obj
 0001:0001c480       ?getLargestConsoleWindowSize@HkFunc@@QAE?AU_COORD@@PAX@Z 1001d480 f   HkFunc.obj
 0001:0001c500       ?setConsoleScreenBufferSize@HkFunc@@QAEHPAXU_COORD@@@Z 1001d500 f   HkFunc.obj
 0001:0001c570       ?getConsoleWindow@HkFunc@@QAEPAUHWND__@@XZ 1001d570 f   HkFunc.obj
 0001:0001c5c0       ?virtualAlloc@HkFunc@@QAEPAXPAXKKK@Z 1001d5c0 f   HkFunc.obj
 0001:0001c640       ?createProcess@HkFunc@@QAEHPB_WPA_WPAU_SECURITY_ATTRIBUTES@@2HKPAX0PAU_STARTUPINFOW@@PAU_PROCESS_INFORMATION@@@Z 1001d640 f   HkFunc.obj
 0001:0001c6f0       ?HeapInitialize@@YI_NXZ    1001d6f0 f   Memory.obj
 0001:0001c720       ?HeapDeinitialize@@YIXXZ   1001d720 f   Memory.obj
 0001:0001c750       ?xf_malloc@@YAPAXI@Z       1001d750 f   Memory.obj
 0001:0001c780       ?xf_calloc@@YAPAXII@Z      1001d780 f   Memory.obj
 0001:0001c7b0       ?xf_realloc@@YAPAXPAXI@Z   1001d7b0 f   Memory.obj
 0001:0001c7f0       ?xf_free@@YAXPAX@Z         1001d7f0 f   Memory.obj
 0001:0001c820       ?xf_validate@@YA_NPAX@Z    1001d820 f   Memory.obj
 0001:0001c850       ??2@YAPAXI@Z               1001d850 f   Memory.obj
 0001:0001c870       ??_U@YAPAXI@Z              1001d870 f   Memory.obj
 0001:0001c890       ??3@YAXPAX@Z               1001d890 f   Memory.obj
 0001:0001c8b0       ??_V@YAXPAX@Z              1001d8b0 f   Memory.obj
 0001:0001c8d0       ?lstrdup@@YIPADPBD@Z       1001d8d0 f   Memory.obj
 0001:0001c940       ?StringCchCopyA@@YGJPADIPBD@Z 1001d940 f i Memory.obj
 0001:0001ca60       ?lstrdup@@YIPA_WPB_WI@Z    1001da60 f   Memory.obj
 0001:0001cbc0       ?lstrdupW@@YIPA_WPBDI@Z    1001dbc0 f   Memory.obj
 0001:0001cc40       ?lstrmerge@@YIPA_WPB_W0000@Z 1001dc40 f   Memory.obj
 0001:0001cd70       ?lstrmerge@@YI_NPAPA_WPB_W111@Z 1001dd70 f   Memory.obj
 0001:0001cdd0       ?FindMonitorsWorkspace@@YGHPAUHMONITOR__@@PAUHDC__@@PAUtagRECT@@J@Z 1001ddd0 f   Monitors.obj
 0001:0001ce50       ?GetAllMonitorsWorkspace@@YI?AUtagRECT@@XZ 1001de50 f   Monitors.obj
 0001:0001ced0       ?FindPrimaryMonitor@@YGHPAUHMONITOR__@@PAUHDC__@@PAUtagRECT@@J@Z 1001ded0 f   Monitors.obj
 0001:0001cf50       ?GetMonitorInfoSafe@@YI_NPAUHMONITOR__@@AAUtagMONITORINFO@@@Z 1001df50 f   Monitors.obj
 0001:0001cfb0       ?GetPrimaryMonitorInfo@@YIPAUHMONITOR__@@PAUtagMONITORINFO@@@Z 1001dfb0 f   Monitors.obj
 0001:0001d060       ?GetNearestMonitorInfo@@YIPAUHMONITOR__@@PAUtagMONITORINFO@@PAU1@PBUtagRECT@@PAUHWND__@@@Z 1001e060 f   Monitors.obj
 0001:0001d150       ?EnumAllMonitors@@YGHPAUHMONITOR__@@PAUHDC__@@PAUtagRECT@@J@Z 1001e150 f   Monitors.obj
 0001:0001d1c0       ?MonitorSortCallback@@YIHAAU_FindAllMonitorsItem@@0@Z 1001e1c0 f   Monitors.obj
 0001:0001d230       ?GetNextMonitorInfo@@YIPAUHMONITOR__@@PAUtagMONITORINFO@@PBUtagRECT@@_N@Z 1001e230 f   Monitors.obj
 0001:0001d400       ??0_FindAllMonitors@@QAE@XZ 1001e400 f i Monitors.obj
 0001:0001d420       ??1_FindAllMonitors@@QAE@XZ 1001e420 f i Monitors.obj
 0001:0001d440       ?FindTaskbarWindow@@YIPAUHWND__@@PAUtagRECT@@@Z 1001e440 f   Monitors.obj
 0001:0001d4b0       ?IsTaskbarAutoHidden@@YI_NPAUtagRECT@@PAI@Z 1001e4b0 f   Monitors.obj
 0001:0001d570       ??0?$MArray@U_FindAllMonitorsItem@@@@QAE@XZ 1001e570 f i Monitors.obj
 0001:0001d5b0       ??1?$MArray@U_FindAllMonitorsItem@@@@QAE@XZ 1001e5b0 f i Monitors.obj
 0001:0001d5d0       ??A?$MArray@U_FindAllMonitorsItem@@@@QAEAAU_FindAllMonitorsItem@@H@Z 1001e5d0 f i Monitors.obj
 0001:0001d5f0       ?push_back@?$MArray@U_FindAllMonitorsItem@@@@QAEHABU_FindAllMonitorsItem@@@Z 1001e5f0 f i Monitors.obj
 0001:0001d680       ?size@?$MArray@U_FindAllMonitorsItem@@@@QBEHXZ 1001e680 f i Monitors.obj
 0001:0001d6a0       ?sort@?$MArray@U_FindAllMonitorsItem@@@@QAEXP6IHAAU_FindAllMonitorsItem@@0@Z@Z 1001e6a0 f i Monitors.obj
 0001:0001d790       ?clear@?$MArray@U_FindAllMonitorsItem@@@@QAEXXZ 1001e790 f i Monitors.obj
 0001:0001d7e0       ?addsize@?$MArray@U_FindAllMonitorsItem@@@@QAEXH@Z 1001e7e0 f i Monitors.obj
 0001:0001d8d0       ??0MSection@@QAE@XZ        1001e8d0 f   MSection.obj
 0001:0001d980       ??1MSection@@QAE@XZ        1001e980 f   MSection.obj
 0001:0001da20       ?Process_Lock@MSection@@IAEXXZ 1001ea20 f   MSection.obj
 0001:0001da40       ?Process_Unlock@MSection@@IAEXXZ 1001ea40 f   MSection.obj
 0001:0001da60       ?ThreadTerminated@MSection@@QAEXK@Z 1001ea60 f   MSection.obj
 0001:0001dab0       ?AddRef@MSection@@IAEXK@Z  1001eab0 f   MSection.obj
 0001:0001dba0       ?ReleaseRef@MSection@@IAEHK@Z 1001eba0 f   MSection.obj
 0001:0001dc70       ?WaitUnlocked@MSection@@IAEXKK@Z 1001ec70 f   MSection.obj
 0001:0001dd10       ?MyEnterCriticalSection@MSection@@IAE_NK@Z 1001ed10 f   MSection.obj
 0001:0001de80       ?Lock@MSection@@IAEHHK@Z   1001ee80 f   MSection.obj
 0001:0001dfd0       ?Unlock@MSection@@IAEXH@Z  1001efd0 f   MSection.obj
 0001:0001e040       ?isLockedExclusive@MSection@@QAE_NXZ 1001f040 f   MSection.obj
 0001:0001e090       ??0MSectionThread@@QAE@PAVMSection@@@Z 1001f090 f   MSection.obj
 0001:0001e0c0       ??1MSectionThread@@QAE@XZ  1001f0c0 f   MSection.obj
 0001:0001e0f0       ??0MSectionLock@@QAE@XZ    1001f0f0 f   MSection.obj
 0001:0001e120       ??1MSectionLock@@QAE@XZ    1001f120 f   MSection.obj
 0001:0001e150       ?Lock@MSectionLock@@QAEHPAVMSection@@HK@Z 1001f150 f   MSection.obj
 0001:0001e1d0       ?RelockExclusive@MSectionLock@@QAEHK@Z 1001f1d0 f   MSection.obj
 0001:0001e240       ?Unlock@MSectionLock@@QAEXXZ 1001f240 f   MSection.obj
 0001:0001e280       ?isLocked@MSectionLock@@QAEHH@Z 1001f280 f   MSection.obj
 0001:0001e2d0       ??0MSectionSimple@@QAE@_N@Z 1001f2d0 f   MSectionSimple.obj
 0001:0001e320       ??1MSectionSimple@@QAE@XZ  1001f320 f   MSectionSimple.obj
 0001:0001e340       ?IsInitialized@MSectionSimple@@QAE_NXZ 1001f340 f   MSectionSimple.obj
 0001:0001e380       ?Init@MSectionSimple@@QAEXXZ 1001f380 f   MSectionSimple.obj
 0001:0001e3b0       ?Close@MSectionSimple@@QAEXXZ 1001f3b0 f   MSectionSimple.obj
 0001:0001e3e0       ?Enter@MSectionSimple@@QAEXXZ 1001f3e0 f   MSectionSimple.obj
 0001:0001e400       ?Leave@MSectionSimple@@QAEXXZ 1001f400 f   MSectionSimple.obj
 0001:0001e420       ?TryEnter@MSectionSimple@@QAE_NXZ 1001f420 f   MSectionSimple.obj
 0001:0001e460       ?RecreateAndLock@MSectionSimple@@QAE_NXZ 1001f460 f   MSectionSimple.obj
 0001:0001e4f0       ??0MSectionLockSimple@@QAE@XZ 1001f4f0 f   MSectionSimple.obj
 0001:0001e510       ??1MSectionLockSimple@@QAE@XZ 1001f510 f   MSectionSimple.obj
 0001:0001e530       ?Lock@MSectionLockSimple@@QAEHPAUMSectionSimple@@K@Z 1001f530 f   MSectionSimple.obj
 0001:0001e5e0       ?Unlock@MSectionLockSimple@@QAEXXZ 1001f5e0 f   MSectionSimple.obj
 0001:0001e610       ?isLocked@MSectionLockSimple@@QAEHXZ 1001f610 f   MSectionSimple.obj
 0001:0001e630       ?NullSecurity@@YIPAU_SECURITY_ATTRIBUTES@@XZ 1001f630 f   MSecurity.obj
 0001:0001e680       ??0MNullDesc@@QAE@XZ       1001f680 f i MSecurity.obj
 0001:0001e6e0       ?NullSecurity@MNullDesc@@QAEPAU_SECURITY_ATTRIBUTES@@XZ 1001f6e0 f i MSecurity.obj
 0001:0001e7e0       ?LoadAdvApi@MNullDesc@@IAEHXZ 1001f7e0 f i MSecurity.obj
 0001:0001ea30       ?UnloadAdvApi@MNullDesc@@IAEXXZ 1001fa30 f i MSecurity.obj
 0001:0001ea60       ?LocalSecurity@@YIPAU_SECURITY_ATTRIBUTES@@XZ 1001fa60 f   MSecurity.obj
 0001:0001eab0       ?LocalSecurity@MNullDesc@@QAEPAU_SECURITY_ATTRIBUTES@@XZ 1001fab0 f i MSecurity.obj
 0001:0001ecd0       ?ShutdownSecurity@@YIXXZ   1001fcd0 f   MSecurity.obj
 0001:0001ed20       ??_GMNullDesc@@QAEPAXI@Z   1001fd20 f i MSecurity.obj
 0001:0001ed50       ??1MNullDesc@@QAE@XZ       1001fd50 f i MSecurity.obj
 0001:0001edd0       ??0MSetter@@QAE@PAJ@Z      1001fdd0 f   MSetter.obj
 0001:0001ee10       ??0MSetter@@QAE@PA_N@Z     1001fe10 f   MSetter.obj
 0001:0001ee50       ??0MSetter@@QAE@PAKK@Z     1001fe50 f   MSetter.obj
 0001:0001ee90       ??1MSetter@@QAE@XZ         1001fe90 f   MSetter.obj
 0001:0001eeb0       ?Unlock@MSetter@@QAEXXZ    1001feb0 f   MSetter.obj
 0001:0001ef40       ?msprintf@@YAPB_WPA_WIPB_WZZ 1001ff40 f   MStrSafe.obj
 0001:0001f560       ?msprintf@@YAPBDPADIPBDZZ  10020560 f   MStrSafe.obj
 0001:0001f9c0       ?lstrcmpni@@YIHPBD0H@Z     100209c0 f   MStrSafe.obj
 0001:0001faf0       ?lstrcmpni@@YIHPB_W0H@Z    10020af0 f   MStrSafe.obj
 0001:0001fc50       ?startswith@@YIHPB_W0_N@Z  10020c50 f   MStrSafe.obj
 0001:0001fce0       ??0CPluginBackground@@QAE@XZ 10020ce0 f   PluginBackground.obj
 0001:0001ff20       ??1CPluginBackground@@QAE@XZ 10020f20 f   PluginBackground.obj
 0001:00020170       ?RegisterSubplugin@CPluginBackground@@QAEHPAURegisterBackgroundArg@@@Z 10021170 f   PluginBackground.obj
 0001:00020520       ?ReallocItems@CPluginBackground@@IAEXH@Z 10021520 f   PluginBackground.obj
 0001:000205a0       ?OnMainThreadActivated@CPluginBackground@@QAEXHH@Z 100215a0 f   PluginBackground.obj
 0001:000206c0       ?SetForceCheck@CPluginBackground@@QAEXXZ 100216c0 f   PluginBackground.obj
 0001:000206f0       ?SetForceUpdate@CPluginBackground@@QAEX_N@Z 100216f0 f   PluginBackground.obj
 0001:00020730       ?SetForceThLoad@CPluginBackground@@QAEXXZ 10021730 f   PluginBackground.obj
 0001:00020770       ?IsParmChanged@CPluginBackground@@IAE_NPAUPaintBackgroundArg@@0@Z 10021770 f   PluginBackground.obj
 0001:00020a50       ?CheckPanelFolders@CPluginBackground@@IAEXH@Z 10021a50 f   PluginBackground.obj
 0001:00020b50       ?SetDcPanelRect@CPluginBackground@@IAEXPAUtagRECT@@PAUBkPanelInfo@@PAUPaintBackgroundArg@@@Z 10021b50 f   PluginBackground.obj
 0001:00020c90       ?UpdateBackground_Exec@CPluginBackground@@KIXPAURegisterBackgroundArg@@PAUPaintBackgroundArg@@@Z 10021c90 f   PluginBackground.obj
 0001:00020ce0       ?UpdateBackground@CPluginBackground@@IAEXXZ 10021ce0 f   PluginBackground.obj
 0001:00021b50       ?LoadThSet@CPluginBackground@@IAEHH@Z 10022b50 f   PluginBackground.obj
 0001:00021d70       ?MonitorBackground@CPluginBackground@@QAEXXZ 10022d70 f   PluginBackground.obj
 0001:00021e20       ?GetTo@?$MFileMapping@UPanelViewSetMapping@@@@QAE_NPAUPanelViewSetMapping@@H@Z 10022e20 f i PluginBackground.obj
 0001:00021e70       ?InitName@?$MFileMapping@UPanelViewSetMapping@@@@QAEPB_WPB_WKK@Z 10022e70 f i PluginBackground.obj
 0001:00021ec0       ?CloseMap@?$MFileMapping@UPanelViewSetMapping@@@@QAEXXZ 10022ec0 f i PluginBackground.obj
 0001:00021f30       ?Open@?$MFileMapping@UPanelViewSetMapping@@@@QAEPAUPanelViewSetMapping@@HH@Z 10022f30 f i PluginBackground.obj
 0001:00021f50       ??0?$MFileMapping@UPanelViewSetMapping@@@@QAE@XZ 10022f50 f i PluginBackground.obj
 0001:00021fb0       ??1?$MFileMapping@UPanelViewSetMapping@@@@QAE@XZ 10022fb0 f i PluginBackground.obj
 0001:00021fd0       ?IsValid@?$MFileMapping@UPanelViewSetMapping@@@@QAE_NXZ 10022fd0 f i PluginBackground.obj
 0001:00021ff0       ?ClosePtr@?$MFileMapping@UPanelViewSetMapping@@@@QAEXXZ 10022ff0 f i PluginBackground.obj
 0001:00022020       ?InternalOpenCreate@?$MFileMapping@UPanelViewSetMapping@@@@IAEPAUPanelViewSetMapping@@HHH@Z 10023020 f i PluginBackground.obj
 0001:000222e0       ?PlugServerInit@@YIXXZ     100232e0 f   PluginSrv.obj
 0001:000222f0       ?PlugServerStart@@YI_NXZ   100232f0 f   PluginSrv.obj
 0001:000223e0       ?PlugServerStop@@YIX_N@Z   100233e0 f   PluginSrv.obj
 0001:00022440       ?cmd_FarSetChanged@@YIXPAUFAR_REQ_FARSETCHANGED@@@Z 10023440 f   PluginSrv.obj
 0001:000224b0       ?PlugServerCommand@@YGHPAXPAUCESERVER_REQ@@AAPAU1@AAK3J@Z 100234b0 f   PluginSrv.obj
 0001:00022bc0       ?PlugServerFree@@YGXPAUCESERVER_REQ@@J@Z 10023bc0 f   PluginSrv.obj
 0001:00022bd0       ?SetOverlapped@?$PipeServer@UCESERVER_REQ@@@@QAEX_N@Z 10023bd0 f i PluginSrv.obj
 0001:00022bf0       ?SetLoopCommands@?$PipeServer@UCESERVER_REQ@@@@QAEX_N@Z 10023bf0 f i PluginSrv.obj
 0001:00022c10       ?SetDummyAnswerSize@?$PipeServer@UCESERVER_REQ@@@@QAEXH@Z 10023c10 f i PluginSrv.obj
 0001:00022c30       ?SetMaxCount@?$PipeServer@UCESERVER_REQ@@@@QAEXH@Z 10023c30 f i PluginSrv.obj
 0001:00022c70       ?StartPipeServer@?$PipeServer@UCESERVER_REQ@@@@QAE_N_NPB_WJPAU_SECURITY_ATTRIBUTES@@P6GHPAXPAUCESERVER_REQ@@AAPAU3@AAK6J@ZP6GX4J@ZP6GH3J@Z99@Z 10023c70 f i PluginSrv.obj
 0001:00022e50       ?StopPipeServer@?$PipeServer@UCESERVER_REQ@@@@QAEX_NAA_N@Z 10023e50 f i PluginSrv.obj
 0001:000234e0       ?BreakConnection@?$PipeServer@UCESERVER_REQ@@@@QAEXPAX@Z 100244e0 f i PluginSrv.obj
 0001:00023500       ?DumpError@?$PipeServer@UCESERVER_REQ@@@@IAEXPAUPipeInst@1@PB_WH@Z 10024500 f i PluginSrv.obj
 0001:000235f0       ?_Disconnect@?$PipeServer@UCESERVER_REQ@@@@IAEXPAUPipeInst@1@_N11@Z 100245f0 f i PluginSrv.obj
 0001:00023670       ?StartPipeInstance@?$PipeServer@UCESERVER_REQ@@@@IAE_NPAUPipeInst@1@@Z 10024670 f i PluginSrv.obj
 0001:000237f0       ?TerminatePipeThread@?$PipeServer@UCESERVER_REQ@@@@KIXAAPAXABUPipeInst@1@AA_N@Z 100247f0 f i PluginSrv.obj
 0001:00023880       ?_PipeServerThread@?$PipeServer@UCESERVER_REQ@@@@KGKPAX@Z 10024880 f i PluginSrv.obj
 0001:000238f0       ?PipeServerThread@?$PipeServer@UCESERVER_REQ@@@@IAEKPAUPipeInst@1@@Z 100248f0 f i PluginSrv.obj
 0001:00023c80       ?PipeServerRead@?$PipeServer@UCESERVER_REQ@@@@IAEHPAUPipeInst@1@@Z 10024c80 f i PluginSrv.obj
 0001:00024010       ?PipeServerWrite@?$PipeServer@UCESERVER_REQ@@@@IAEHPAUPipeInst@1@PBXKPAKH@Z 10025010 f i PluginSrv.obj
 0001:000241b0       ?WaitForClient@?$PipeServer@UCESERVER_REQ@@@@IAE_NPAUPipeInst@1@AAH1@Z 100251b0 f i PluginSrv.obj
 0001:00024590       ?WriteDummyAnswer@?$PipeServer@UCESERVER_REQ@@@@IAEHPAUPipeInst@1@@Z 10025590 f i PluginSrv.obj
 0001:00024610       ?WaitOverlapped@?$PipeServer@UCESERVER_REQ@@@@IAEHPAUPipeInst@1@PAK@Z 10025610 f i PluginSrv.obj
 0001:00024840       ?AllocRequestBuf@PipeInst@?$PipeServer@UCESERVER_REQ@@@@QAEPAUCESERVER_REQ@@K@Z 10025840 f i PluginSrv.obj
 0001:000248c0       ??$wcscpy_c@$0BAE@@@YIHAAY0BAE@_WPB_W@Z 100258c0 f i PluginSrv.obj
 0001:000249d0       ?SetConEmuEnvHWND@@YIXPB_WPAUHWND__@@@Z 100259d0 f   SetEnvVar.obj
 0001:00024a20       ?SetConEmuEnvVar@@YIXPAUHWND__@@@Z 10025a20 f   SetEnvVar.obj
 0001:00024a90       ?SetConEmuEnvVarChild@@YIXPAUHWND__@@0@Z 10025a90 f   SetEnvVar.obj
 0001:00024ac0       ?SetConEmuWorkEnvVar@@YIXPAUHINSTANCE__@@@Z 10025ac0 f   SetEnvVar.obj
 0001:00024c40       ??0CEnvStrings@@QAE@PA_W@Z 10025c40 f   SetEnvVar.obj
 0001:00024cd0       ??1CEnvStrings@@QAE@XZ     10025cd0 f   SetEnvVar.obj
 0001:00024d00       ?ShutdownConsole@@YGXXZ    10025d00 f   WConsole.obj
 0001:00024d50       ?SetConsoleInfo@@YIHPAUHWND__@@PAU_CONSOLE_INFO@@@Z 10025d50 f   WConsole.obj
 0001:00025030       ?GetConsoleSizeInfo@@YIXPAU_CONSOLE_INFO@@@Z 10026030 f   WConsole.obj
 0001:000250e0       ?apiGetConsoleScreenBufferInfoEx@@YIHPAXPAUMY_CONSOLE_SCREEN_BUFFER_INFOEX@@@Z 100260e0 f   WConsole.obj
 0001:00025150       ?apiSetConsoleScreenBufferInfoEx@@YIHPAXPAUMY_CONSOLE_SCREEN_BUFFER_INFOEX@@@Z 10026150 f   WConsole.obj
 0001:000251d0       ?apiGetConsoleFontSize@@YIHPAXAAH1AAY0CA@_W@Z 100261d0 f   WConsole.obj
 0001:00025270       ?apiSetConsoleFontSize@@YIHPAXHHPB_W@Z 10026270 f   WConsole.obj
 0001:000253c0       ?apiFixFontSizeForBufferSize@@YIHPAXU_COORD@@PADH@Z 100263c0 f   WConsole.obj
 0001:000258d0       ?SetConsoleFontSizeTo@@YIXPAUHWND__@@HHPB_WGG@Z 100268d0 f   WConsole.obj
 0001:00025e50       ?apiPauseConsoleOutput@@YIHPAUHWND__@@_N@Z 10026e50 f   WConsole.obj
 0001:00025f30       ?apiGetConsoleSelectionInfo@@YIHPAU_CONSOLE_SELECTION_INFO@@@Z 10026f30 f   WConsole.obj
 0001:00026020       ?MyGetLargestConsoleWindowSize@@YI?AU_COORD@@PAX@Z 10027020 f   WConsole.obj
 0001:000260a0       ?SearchAppPaths@@YI_NPB_WAAUCmdArg@@_NPAU1@@Z 100270a0 f   WFiles.obj
 0001:000265d0       ?GetFullPathNameEx@@YIPA_WPB_W@Z 100275d0 f   WFiles.obj
 0001:000266b0       ?FindFileName@@YI_NPB_WAAUCmdArg@@@Z 100276b0 f   WFiles.obj
 0001:000268a0       ?MakePathProperCase@@YI_NAAUCmdArg@@@Z 100278a0 f   WFiles.obj
 0001:00026ad0       ?ReadTextFile@@YIHPB_WKAAPA_WAAK2K@Z 10027ad0 f   WFiles.obj
 0001:00026f00       ?WriteTextFile@@YIHPB_W0HK_NPAK@Z 10027f00 f   WFiles.obj
 0001:00027180       ?FilesExists@@YI_NPB_W0_NH@Z 10028180 f   WFiles.obj
 0001:000272c0       ?IsDotsName@@YI_NPB_W@Z    100282c0 f   WFiles.obj
 0001:00027320       ?FileExistSubDir@@YI_NPB_W0HAAUCmdArg@@@Z 10028320 f   WFiles.obj
 0001:00027520       ?DirectoryExists@@YI_NPB_W@Z 10028520 f   WFiles.obj
 0001:00027680       ?MyCreateDirectory@@YI_NPA_W@Z 10028680 f   WFiles.obj
 0001:00027790       ?FileCompare@@YI_NPB_W0@Z  10028790 f   WFiles.obj
 0001:000279b0       ?apiCancelSynchronousIo@@YIHPAX@Z 100289b0 f   WFiles.obj
 0001:00027a40       ?HasZoneIdentifier@@YI_NPB_WAAH@Z 10028a40 f   WFiles.obj
 0001:00027b00       ?DropZoneIdentifier@@YI_NPB_WAAK@Z 10028b00 f   WFiles.obj
 0001:00027bb0       ?getWindowInfo@@YIXPAUHWND__@@AAY0EAA@_W_NPAK@Z 10028bb0 f   WObjects.obj
 0001:00027d70       ?FileExists@@YI_NPB_WPAK@Z 10028d70 f   WObjects.obj
 0001:00027f50       ?FileSearchInDir@@YI_NPB_WAAUCmdArg@@@Z 10028f50 f   WObjects.obj
 0001:00028110       ?FileExistsSearch@@YI_NPB_WAAUCmdArg@@_N2@Z 10029110 f   WObjects.obj
 0001:00028220       ?GetShortFileName@@YI_NPB_WHPA_WH@Z 10029220 f   WObjects.obj
 0001:00028430       ?GetShortFileNameEx@@YIPA_WPB_WH@Z 10029430 f   WObjects.obj
 0001:00028860       ?IsWine@@YI_NXZ            10029860 f   WObjects.obj
 0001:00028980       ?IsWinPE@@YI_NXZ           10029980 f   WObjects.obj
 0001:000289f0       ?GetOsVersionInformational@@YI_NPAU_OSVERSIONINFOW@@@Z 100299f0 f   WObjects.obj
 0001:00028a20       ?IsWinVerOrHigher@@YI_NG@Z 10029a20 f   WObjects.obj
 0001:00028ad0       ?IsWin2kEql@@YI_NXZ        10029ad0 f   WObjects.obj
 0001:00028b70       ?IsWin5family@@YI_NXZ      10029b70 f   WObjects.obj
 0001:00028c00       ?IsWinXPSP1@@YI_NXZ        10029c00 f   WObjects.obj
 0001:00028cc0       ?IsWin6@@YI_NXZ            10029cc0 f   WObjects.obj
 0001:00028d00       ?IsWin7@@YI_NXZ            10029d00 f   WObjects.obj
 0001:00028d40       ?IsWin8@@YI_NXZ            10029d40 f   WObjects.obj
 0001:00028d80       ?IsWin10@@YI_NXZ           10029d80 f   WObjects.obj
 0001:00028dc0       ?IsDbcs@@YI_NXZ            10029dc0 f   WObjects.obj
 0001:00028de0       ?IsWindows64@@YI_NXZ       10029de0 f   WObjects.obj
 0001:00028e70       ?IsHwFullScreenAvailable@@YI_NXZ 10029e70 f   WObjects.obj
 0001:00028f10       ?IsVsNetHostExe@@YI_NPB_W@Z 10029f10 f   WObjects.obj
 0001:00028f90       ?IsGDB@@YI_NPB_W@Z         10029f90 f   WObjects.obj
 0001:00028fe0       ?GetProcessBits@@YIHKPAX@Z 10029fe0 f   WObjects.obj
 0001:000290d0       ?GetProcessInfo@@YI_NKPAUtagPROCESSENTRY32W@@@Z 1002a0d0 f   WObjects.obj
 0001:000291c0       ?isTerminalMode@@YI_NXZ    1002a1c0 f   WObjects.obj
 0001:000294e0       ?IsModuleValid@@YI_NPAUHINSTANCE__@@H@Z 1002a4e0 f   WObjects.obj
 0001:00029620       ?CheckCallbackPtr@@YI_NPAUHINSTANCE__@@IPAP6GHXZHHH@Z 1002a620 f   WObjects.obj
 0001:00029770       ?ExpandMacroValues@@YIPA_WPB_WPAPB_WI@Z 1002a770 f   WObjects.obj
 0001:00029930       ?ExpandEnvStr@@YIPA_WPB_W@Z 1002a930 f   WObjects.obj
 0001:00029a10       ?GetEnvVar@@YIPA_WPB_W@Z   1002aa10 f   WObjects.obj
 0001:00029ae0       ?GetComspecFromEnvVar@@YIPB_WPA_WKW4ComSpecBits@@@Z 1002aae0 f   WObjects.obj
 0001:00029d60       ?GetComspec@@YIPA_WPBUConEmuComspec@@@Z 1002ad60 f   WObjects.obj
 0001:00029fa0       ?IsExportEnvVarAllowed@@YI_NPB_W@Z 1002afa0 f   WObjects.obj
 0001:0002a010       ?ApplyExportEnvVar@@YIXPB_W@Z 1002b010 f   WObjects.obj
 0001:0002a090       ?CoordInSmallRect@@YI_NABU_COORD@@ABU_SMALL_RECT@@@Z 1002b090 f   WObjects.obj
 0001:0002a100       ?GetCpFromString@@YIIPB_WPAPB_W@Z 1002b100 f   WObjects.obj
 0001:0002a270       ??$wcscpy_c@$0EAA@@@YIHAAY0EAA@_WPB_W@Z 1002b270 f i WObjects.obj
 0001:0002a2a0       ??$wcscpy_c@$0BAA@@@YIHAAY0BAA@_WPB_W@Z 1002b2a0 f i WObjects.obj
 0001:0002a2d0       ?apiThreadHelper@@YGKPAX@Z 1002b2d0 f   WThreads.obj
 0001:0002a450       ?apiCreateThread@@YIPAXP6GKPAX@Z0PAKPBDH@Z 1002b450 f   WThreads.obj
 0001:0002a5c0       ??0ConEmuThreadStartArg@@QAE@P6GKPAX@Z0K@Z 1002b5c0 f i WThreads.obj
 0001:0002a600       ?apiTerminateThreadEx@@YIHPAXKPBDH@Z 1002b600 f   WThreads.obj
 0001:0002a710       ?SetThreadName@@YIXKPAD@Z  1002b710 f   WThreads.obj
 0001:0002a7a0       ?apiSetForegroundWindow@@YI_NPAUHWND__@@@Z 1002b7a0 f   WUser.obj
 0001:0002a7d0       ?apiShowWindow@@YI_NPAUHWND__@@H@Z 1002b7d0 f   WUser.obj
 0001:0002a800       ?apiShowWindowAsync@@YI_NPAUHWND__@@H@Z 1002b800 f   WUser.obj
 0001:0002a830       ?IsUserAdmin@@YI_NXZ       1002b830 f   WUser.obj
 0001:0002a920       ?GetLogonSID@@YI_NPAXPAPA_W@Z 1002b920 f   WUser.obj
 0001:0002aa40       ?RemoveOldComSpecC@@YIXXZ  1002ba40 f   WUser.obj
 0001:0002ab70       ?DuplicateProcessHandle@@YIPAXK@Z 1002bb70 f   WUser.obj
 0001:0002abe0       ?FindComspec@@YIXPAUConEmuComspec@@_N@Z 1002bbe0 f   WUser.obj
 0001:0002b5b0       ?UpdateComspec@@YIXPAUConEmuComspec@@_N@Z 1002c5b0 f   WUser.obj
 0001:0002b8f0       ?SetEnvVarExpanded@@YIXPB_W0@Z 1002c8f0 f   WUser.obj
 0001:0002bad0       _wcsrchr                   1002cad0 f   libCRT:strrchr.obj
 0001:0002bb00       _wcschr                    1002cb00 f   libCRT:strchr.obj
 0001:0002bb30       _strpbrk                   1002cb30 f   libCRT:strpbrk.obj
 0001:0002bbc0       _wcspbrk                   1002cbc0 f   libCRT:strpbrk.obj
 0001:0002bc10       _wcsncmp                   1002cc10 f   libCRT:strncmp.obj
 0001:0002bc60       _strrchr                   1002cc60 f   libCRT:strrchr.obj
 0001:0002bc90       _wcsstr                    1002cc90 f   libCRT:strstr.obj
 0001:0002bcf0       _memset                    1002ccf0 f   libCRT:memset.obj
 0001:0002bd30       _memmove                   1002cd30 f   libCRT:memmove.obj
 0001:0002bd90       __aullshr                  1002cd90 f   libCRT:vc_ullshr.obj
 0001:0002bdb0       _memcpy                    1002cdb0 f   libCRT:memcpy.obj
 0001:0002bde0       _memcmp                    1002cde0 f   libCRT:memcmp.obj
 0001:0002be20       _iswdigit                  1002ce20 f i libCRT:strtol.obj
 0001:0002be40       _iswspace                  1002ce40 f i libCRT:strtol.obj
 0001:0002c000       _wcstol                    1002d000 f   libCRT:strtol.obj
 0001:0002c020       _wcstoul                   1002d020 f   libCRT:strtol.obj
 0001:0002c040       _strchr                    1002d040 f   libCRT:strchr.obj
 0001:0002c056       _SetEnvironmentVariableW@8 1002d056 f   kernel32:KERNEL32.dll
 0001:0002c05c       _lstrlenW@4                1002d05c f   kernel32:KERNEL32.dll
 0001:0002c062       _lstrcpynW@12              1002d062 f   kernel32:KERNEL32.dll
 0001:0002c068       _lstrcmpiW@8               1002d068 f   kernel32:KERNEL32.dll
 0001:0002c06e       _lstrcmpW@8                1002d06e f   kernel32:KERNEL32.dll
 0001:0002c074       _GetCurrentDirectoryW@8    1002d074 f   kernel32:KERNEL32.dll
 0001:0002c07a       _SearchPathW@24            1002d07a f   kernel32:KERNEL32.dll
 0001:0002c080       _GetProcAddress@8          1002d080 f   kernel32:KERNEL32.dll
 0001:0002c086       _GetModuleHandleW@4        1002d086 f   kernel32:KERNEL32.dll
 0001:0002c08c       _GetModuleFileNameW@12     1002d08c f   kernel32:KERNEL32.dll
 0001:0002c092       _SetNamedPipeHandleState@16 1002d092 f   kernel32:KERNEL32.dll
 0001:0002c098       _GetCurrentProcessId@0     1002d098 f   kernel32:KERNEL32.dll
 0001:0002c09e       _Sleep@4                   1002d09e f   kernel32:KERNEL32.dll
 0001:0002c0a4       _SetLastError@4            1002d0a4 f   kernel32:KERNEL32.dll
 0001:0002c0aa       _WaitNamedPipeW@8          1002d0aa f   kernel32:KERNEL32.dll
 0001:0002c0b0       _WaitForSingleObject@8     1002d0b0 f   kernel32:KERNEL32.dll
 0001:0002c0b6       _GetLastError@0            1002d0b6 f   kernel32:KERNEL32.dll
 0001:0002c0bc       _CreateFileW@28            1002d0bc f   kernel32:KERNEL32.dll
 0001:0002c0c2       _GetTickCount@0            1002d0c2 f   kernel32:KERNEL32.dll
 0001:0002c0c8       _IsDebuggerPresent@0       1002d0c8 f   kernel32:KERNEL32.dll
 0001:0002c0ce       _GetCurrentThreadId@0      1002d0ce f   kernel32:KERNEL32.dll
 0001:0002c0d4       _ReadFile@20               1002d0d4 f   kernel32:KERNEL32.dll
 0001:0002c0da       _CloseHandle@4             1002d0da f   kernel32:KERNEL32.dll
 0001:0002c0e0       _TransactNamedPipe@28      1002d0e0 f   kernel32:KERNEL32.dll
 0001:0002c0e6       _WriteFile@20              1002d0e6 f   kernel32:KERNEL32.dll
 0001:0002c0ec       _GetConsoleWindow@0        1002d0ec f   kernel32:KERNEL32.dll
 0001:0002c0f2       _UnmapViewOfFile@4         1002d0f2 f   kernel32:KERNEL32.dll
 0001:0002c0f8       _MapViewOfFile@20          1002d0f8 f   kernel32:KERNEL32.dll
 0001:0002c0fe       _OpenFileMappingW@12       1002d0fe f   kernel32:KERNEL32.dll
 0001:0002c104       _LoadLibraryW@4            1002d104 f   kernel32:KERNEL32.dll
 0001:0002c10a       _CreateFileMappingW@24     1002d10a f   kernel32:KERNEL32.dll
 0001:0002c110       _VirtualProtect@16         1002d110 f   kernel32:KERNEL32.dll
 0001:0002c116       _lstrcpyW@8                1002d116 f   kernel32:KERNEL32.dll
 0001:0002c11c       _MultiByteToWideChar@24    1002d11c f   kernel32:KERNEL32.dll
 0001:0002c122       _lstrcpynA@12              1002d122 f   kernel32:KERNEL32.dll
 0001:0002c128       _lstrlenA@4                1002d128 f   kernel32:KERNEL32.dll
 0001:0002c12e       _WideCharToMultiByte@32    1002d12e f   kernel32:KERNEL32.dll
 0001:0002c134       _lstrcpyA@8                1002d134 f   kernel32:KERNEL32.dll
 0001:0002c13a       _lstrcatW@8                1002d13a f   kernel32:KERNEL32.dll
 0001:0002c140       _GetConsoleCursorInfo@8    1002d140 f   kernel32:KERNEL32.dll
 0001:0002c146       _GetConsoleScreenBufferInfo@8 1002d146 f   kernel32:KERNEL32.dll
 0001:0002c14c       _GetStdHandle@4            1002d14c f   kernel32:KERNEL32.dll
 0001:0002c152       _InterlockedIncrement@4    1002d152 f   kernel32:KERNEL32.dll
 0001:0002c158       _GetConsoleTitleW@8        1002d158 f   kernel32:KERNEL32.dll
 0001:0002c15e       _DeleteFileW@4             1002d15e f   kernel32:KERNEL32.dll
 0001:0002c164       _Thread32Next@8            1002d164 f   kernel32:KERNEL32.dll
 0001:0002c16a       _Thread32First@8           1002d16a f   kernel32:KERNEL32.dll
 0001:0002c170       _CreateToolhelp32Snapshot@8 1002d170 f   kernel32:KERNEL32.dll
 0001:0002c176       _GetConsoleMode@8          1002d176 f   kernel32:KERNEL32.dll
 0001:0002c17c       _GetExitCodeProcess@8      1002d17c f   kernel32:KERNEL32.dll
 0001:0002c182       _CreateProcessW@40         1002d182 f   kernel32:KERNEL32.dll
 0001:0002c188       _SetConsoleMode@8          1002d188 f   kernel32:KERNEL32.dll
 0001:0002c18e       _GetEnvironmentStringsW@0  1002d18e f   kernel32:KERNEL32.dll
 0001:0002c194       _GetEnvironmentVariableW@12 1002d194 f   kernel32:KERNEL32.dll
 0001:0002c19a       _WaitForMultipleObjects@16 1002d19a f   kernel32:KERNEL32.dll
 0001:0002c1a0       _CreateEventW@16           1002d1a0 f   kernel32:KERNEL32.dll
 0001:0002c1a6       _SetConsoleTitleW@4        1002d1a6 f   kernel32:KERNEL32.dll
 0001:0002c1ac       _CreateSemaphoreW@16       1002d1ac f   kernel32:KERNEL32.dll
 0001:0002c1b2       _ResetEvent@4              1002d1b2 f   kernel32:KERNEL32.dll
 0001:0002c1b8       _TerminateProcess@8        1002d1b8 f   kernel32:KERNEL32.dll
 0001:0002c1be       _GetCurrentProcess@0       1002d1be f   kernel32:KERNEL32.dll
 0001:0002c1c4       _SetEvent@4                1002d1c4 f   kernel32:KERNEL32.dll
 0001:0002c1ca       _IsBadStringPtrW@8         1002d1ca f   kernel32:KERNEL32.dll
 0001:0002c1d0       _Module32NextW@8           1002d1d0 f   kernel32:KERNEL32.dll
 0001:0002c1d6       _Module32FirstW@8          1002d1d6 f   kernel32:KERNEL32.dll
 0001:0002c1dc       _InterlockedDecrement@4    1002d1dc f   kernel32:KERNEL32.dll
 0001:0002c1e2       _ReleaseSemaphore@12       1002d1e2 f   kernel32:KERNEL32.dll
 0001:0002c1e8       _WriteConsoleInputW@16     1002d1e8 f   kernel32:KERNEL32.dll
 0001:0002c1ee       _GetNumberOfConsoleInputEvents@8 1002d1ee f   kernel32:KERNEL32.dll
 0001:0002c1f4       _ReadConsoleInputW@16      1002d1f4 f   kernel32:KERNEL32.dll
 0001:0002c1fa       _PeekConsoleInputW@16      1002d1fa f   kernel32:KERNEL32.dll
 0001:0002c200       _SuspendThread@4           1002d200 f   kernel32:KERNEL32.dll
 0001:0002c206       _ResumeThread@4            1002d206 f   kernel32:KERNEL32.dll
 0001:0002c20c       _VerifyVersionInfoW@16     1002d20c f   kernel32:KERNEL32.dll
 0001:0002c212       _VerSetConditionMask@16    1002d212 f   kernel32:KERNEL32.dll
 0001:0002c218       _ReleaseMutex@4            1002d218 f   kernel32:KERNEL32.dll
 0001:0002c21e       _CreateMutexW@12           1002d21e f   kernel32:KERNEL32.dll
 0001:0002c224       _SetFilePointer@16         1002d224 f   kernel32:KERNEL32.dll
 0001:0002c22a       _GetFileInformationByHandle@8 1002d22a f   kernel32:KERNEL32.dll
 0001:0002c230       _ReadProcessMemory@20      1002d230 f   kernel32:KERNEL32.dll
 0001:0002c236       _FreeLibrary@4             1002d236 f   kernel32:KERNEL32.dll
 0001:0002c23c       _ExpandEnvironmentStringsW@12 1002d23c f   kernel32:KERNEL32.dll
 0001:0002c242       _DebugBreak@0              1002d242 f   kernel32:KERNEL32.dll
 0001:0002c248       _GetLargestConsoleWindowSize@4 1002d248 f   kernel32:KERNEL32.dll
 0001:0002c24e       _SetConsoleScreenBufferSize@8 1002d24e f   kernel32:KERNEL32.dll
 0001:0002c254       _VirtualAlloc@16           1002d254 f   kernel32:KERNEL32.dll
 0001:0002c25a       _HeapCreate@12             1002d25a f   kernel32:KERNEL32.dll
 0001:0002c260       _HeapDestroy@4             1002d260 f   kernel32:KERNEL32.dll
 0001:0002c266       _HeapAlloc@12              1002d266 f   kernel32:KERNEL32.dll
 0001:0002c26c       _HeapReAlloc@16            1002d26c f   kernel32:KERNEL32.dll
 0001:0002c272       _HeapFree@12               1002d272 f   kernel32:KERNEL32.dll
 0001:0002c278       _HeapValidate@12           1002d278 f   kernel32:KERNEL32.dll
 0001:0002c27e       _OpenThread@12             1002d27e f   kernel32:KERNEL32.dll
 0001:0002c284       _InitializeCriticalSection@4 1002d284 f   kernel32:KERNEL32.dll
 0001:0002c28a       _DeleteCriticalSection@4   1002d28a f   kernel32:KERNEL32.dll
 0001:0002c290       _EnterCriticalSection@4    1002d290 f   kernel32:KERNEL32.dll
 0001:0002c296       _LeaveCriticalSection@4    1002d296 f   kernel32:KERNEL32.dll
 0001:0002c29c       _TryEnterCriticalSection@4 1002d29c f   kernel32:KERNEL32.dll
 0001:0002c2a2       _LocalFree@4               1002d2a2 f   kernel32:KERNEL32.dll
 0001:0002c2a8       _LocalAlloc@8              1002d2a8 f   kernel32:KERNEL32.dll
 0001:0002c2ae       _lstrcmpiA@8               1002d2ae f   kernel32:KERNEL32.dll
 0001:0002c2b4       _GetExitCodeThread@8       1002d2b4 f   kernel32:KERNEL32.dll
 0001:0002c2ba       _DisconnectNamedPipe@4     1002d2ba f   kernel32:KERNEL32.dll
 0001:0002c2c0       _SetThreadPriority@8       1002d2c0 f   kernel32:KERNEL32.dll
 0001:0002c2c6       _FlushFileBuffers@4        1002d2c6 f   kernel32:KERNEL32.dll
 0001:0002c2cc       _GetOverlappedResult@16    1002d2cc f   kernel32:KERNEL32.dll
 0001:0002c2d2       _ConnectNamedPipe@8        1002d2d2 f   kernel32:KERNEL32.dll
 0001:0002c2d8       _CreateNamedPipeW@32       1002d2d8 f   kernel32:KERNEL32.dll
 0001:0002c2de       _FreeEnvironmentStringsW@4 1002d2de f   kernel32:KERNEL32.dll
 0001:0002c2e4       _SetConsoleWindowInfo@12   1002d2e4 f   kernel32:KERNEL32.dll
 0001:0002c2ea       _GetConsoleOutputCP@0      1002d2ea f   kernel32:KERNEL32.dll
 0001:0002c2f0       _GetFullPathNameW@16       1002d2f0 f   kernel32:KERNEL32.dll
 0001:0002c2f6       _FindClose@4               1002d2f6 f   kernel32:KERNEL32.dll
 0001:0002c2fc       _FindFirstFileW@8          1002d2fc f   kernel32:KERNEL32.dll
 0001:0002c302       _GetFileSize@8             1002d302 f   kernel32:KERNEL32.dll
 0001:0002c308       _FindNextFileW@8           1002d308 f   kernel32:KERNEL32.dll
 0001:0002c30e       _CreateDirectoryW@8        1002d30e f   kernel32:KERNEL32.dll
 0001:0002c314       _GetFileSizeEx@8           1002d314 f   kernel32:KERNEL32.dll
 0001:0002c31a       _GetPrivateProfileIntW@16  1002d31a f   kernel32:KERNEL32.dll
 0001:0002c320       _WritePrivateProfileStringW@16 1002d320 f   kernel32:KERNEL32.dll
 0001:0002c326       _GetVersionExW@4           1002d326 f   kernel32:KERNEL32.dll
 0001:0002c32c       _OpenProcess@12            1002d32c f   kernel32:KERNEL32.dll
 0001:0002c332       _Process32NextW@8          1002d332 f   kernel32:KERNEL32.dll
 0001:0002c338       _Process32FirstW@8         1002d338 f   kernel32:KERNEL32.dll
 0001:0002c33e       _IsBadReadPtr@8            1002d33e f   kernel32:KERNEL32.dll
 0001:0002c344       _VirtualFree@12            1002d344 f   kernel32:KERNEL32.dll
 0001:0002c34a       _GetSystemInfo@4           1002d34a f   kernel32:KERNEL32.dll
 0001:0002c350       _GetWindowsDirectoryW@8    1002d350 f   kernel32:KERNEL32.dll
 0001:0002c356       _CreateThread@24           1002d356 f   kernel32:KERNEL32.dll
 0001:0002c35c       _TerminateThread@8         1002d35c f   kernel32:KERNEL32.dll
 0001:0002c362       _RaiseException@16         1002d362 f   kernel32:KERNEL32.dll
 0001:0002c368       _DuplicateHandle@28        1002d368 f   kernel32:KERNEL32.dll
 0001:0002c36e       _CharUpperBuffW@8          1002d36e f   user32:USER32.dll
 0001:0002c374       _MapVirtualKeyW@8          1002d374 f   user32:USER32.dll
 0001:0002c37a       _VkKeyScanW@4              1002d37a f   user32:USER32.dll
 0001:0002c380       _IsWindow@4                1002d380 f   user32:USER32.dll
 0001:0002c386       _GetWindowLongW@8          1002d386 f   user32:USER32.dll
 0001:0002c38c       _GetClassNameW@12          1002d38c f   user32:USER32.dll
 0001:0002c392       _GetWindowThreadProcessId@8 1002d392 f   user32:USER32.dll
 0001:0002c398       _FindWindowW@8             1002d398 f   user32:USER32.dll
 0001:0002c39e       _MessageBoxW@16            1002d39e f   user32:USER32.dll
[...]
 0003:00002b54       ?gnDummyMouseEventFromMacro@@3JA 10047b54     ConEmuPluginBase.obj
 0003:00002b58       ?csData@@3PAVMSection@@A   10047b58     ConEmuPluginBase.obj
 0003:00002b5c       ?gpCmdRet@@3PAUCESERVER_REQ@@A 10047b5c     ConEmuPluginBase.obj
 0003:00002b60       ?gpData@@3PAEA             10047b60     ConEmuPluginBase.obj
 0003:00002b64       ?gpCursor@@3PAEA           10047b64     ConEmuPluginBase.obj
 0003:00002b68       ?gnDataSize@@3KA           10047b68     ConEmuPluginBase.obj
 0003:00002b6c       ?gpReqCommandData@@3PAXA   10047b6c     ConEmuPluginBase.obj
 0003:00002b70       ?ghReqCommandEvent@@3PAXA  10047b70     ConEmuPluginBase.obj
 0003:00002b74       ?gbReqCommandWaiting@@3HA  10047b74     ConEmuPluginBase.obj
 0003:00002b78       ?gnMsgTabChanged@@3IA      10047b78     ConEmuPluginBase.obj
 0003:00002b7c       ?csTabs@@3PAVMSection@@A   10047b7c     ConEmuPluginBase.obj
 0003:00002b80       ?gbPlugKeyChanged@@3HA     10047b80     ConEmuPluginBase.obj
 0003:00002b84       ?ghRegMonitorKey@@3PAUHKEY__@@A 10047b84     ConEmuPluginBase.obj
 0003:00002b88       ?ghRegMonitorEvt@@3PAXA    10047b88     ConEmuPluginBase.obj
 0003:00002b8c       ?ghPluginSemaphore@@3PAXA  10047b8c     ConEmuPluginBase.obj
 0003:00002b90       ?gsFarLang@@3PA_WA         10047b90     ConEmuPluginBase.obj
 0003:00002c10       ?gbNeedPostTabSend@@3HA    10047c10     ConEmuPluginBase.obj
 0003:00002c14       ?gbNeedPostEditCheck@@3HA  10047c14     ConEmuPluginBase.obj
 0003:00002c18       ?gbNeedPostReloadFarInfo@@3HA 10047c18     ConEmuPluginBase.obj
 0003:00002c1c       ?gnNeedPostTabSendTick@@3KA 10047c1c     ConEmuPluginBase.obj
 0003:00002c20       ?gpConMapInfo@@3PBUCESERVER_CONSOLE_MAPPING_HDR@@B 10047c20     ConEmuPluginBase.obj
 0003:00002c24       ?gbStartedUnderConsole2@@3HA 10047c24     ConEmuPluginBase.obj
 0003:00002c28       ?gnSelfPID@@3KA            10047c28     ConEmuPluginBase.obj
 0003:00002c2c       ?ghFarInfoMapping@@3PAXA   10047c2c     ConEmuPluginBase.obj
 0003:00002c30       ?gpFarInfo@@3PAUCEFAR_INFO_MAPPING@@A 10047c30     ConEmuPluginBase.obj
 0003:00002c34       ?gpFarInfoMapping@@3PAUCEFAR_INFO_MAPPING@@A 10047c34     ConEmuPluginBase.obj
 0003:00002c38       ?ghFarAliveEvent@@3PAXA    10047c38     ConEmuPluginBase.obj
 0003:00002c3c       ?gPanelRegLeft@@3UPanelViewRegInfo@@A 10047c3c     ConEmuPluginBase.obj
 0003:00002c54       ?gPanelRegRight@@3UPanelViewRegInfo@@A 10047c54     ConEmuPluginBase.obj
 0003:00002c6c       ?ghConEmuCtrlPressed@@3PAXA 10047c6c     ConEmuPluginBase.obj
 0003:00002c70       ?ghConEmuShiftPressed@@3PAXA 10047c70     ConEmuPluginBase.obj
 0003:00002c74       ?gbWaitConsoleInputEmpty@@3HA 10047c74     ConEmuPluginBase.obj
 0003:00002c78       ?gbWaitConsoleWrite@@3HA   10047c78     ConEmuPluginBase.obj
 0003:00002c7c       ?ghConsoleInputEmpty@@3PAXA 10047c7c     ConEmuPluginBase.obj
 0003:00002c80       ?ghConsoleWrite@@3PAXA     10047c80     ConEmuPluginBase.obj
 0003:00002c84       ?gnSynchroCount@@3HA       10047c84     ConEmuPluginBase.obj
 0003:00002c9c       ?hkFunc@@3UHkFunc@@A       10047c9c     HkFunc.obj
 0003:00002cbc       ?AssertMsgBox@@3P6IHPB_WI0PAUHWND__@@_N@ZA 10047cbc     MAssert.obj
 0003:00002cc0       ?ghHeap@@3PAXA             10047cc0     Memory.obj
 0003:00002cc4       ?gNullDesc@@3PAVMNullDesc@@A 10047cc4     MSecurity.obj
 0003:00002cc8       ?gbNeedBgActivate@@3HA     10047cc8     PluginBackground.obj
 0003:00002ccc       ?gbBgPluginsAllowed@@3HA   10047ccc     PluginBackground.obj
 0003:00002cd0       ?gpBgPlugin@@3PAVCPluginBackground@@A 10047cd0     PluginBackground.obj
 0003:00002cd8       ?gszPluginServerPipe@@3PA_WA 10047cd8     PluginSrv.obj
 0003:00002ee0       ?gpPlugServer@@3PAU?$PipeServer@UCESERVER_REQ@@@@A 10047ee0     PluginSrv.obj
 0003:00002ee4       ?ghServerTerminateEvent@@3PAXA 10047ee4     PluginSrv.obj
 0003:00002ee8       ?gbForcedServerTermination@@3_NA 10047ee8     PluginSrv.obj
 0003:00002ef0       ?gpConsoleInfoStr@@3PAU_CONSOLE_INFO@@A 10047ef0     WConsole.obj
 0003:00002ef4       ?ghConsoleSection@@3PAXA   10047ef4     WConsole.obj
 0003:00002ef8       ?g_LastSetConsoleFont@@3UMY_CONSOLE_FONT_INFOEX@@A 10047ef8     WConsole.obj
 0003:00002f70       ?gfnSearchAppPaths@@3P6I_NPB_WAAUCmdArg@@_NPAU1@@ZA 10047f70     WObjects.obj
 0003:0000a7d0       ?g_ThreadsIdx@@3JA         1004f7d0     WThreads.obj
 0003:0000a7dc       __aenvptr                  1004f7dc     LIBCMT:dllcrt0.obj
 0003:0000a7e0       __wenvptr                  1004f7e0     LIBCMT:dllcrt0.obj
 0003:0000a7e4       ___error_mode              1004f7e4     LIBCMT:dllcrt0.obj
 0003:0000a7e8       ___app_type                1004f7e8     LIBCMT:dllcrt0.obj
 0003:0000a878       __umaskval                 1004f878     LIBCMT:crt0dat.obj
 0003:0000a87c       __osplatform               1004f87c     LIBCMT:crt0dat.obj
 0003:0000a880       __osver                    1004f880     LIBCMT:crt0dat.obj
 0003:0000a884       __winver                   1004f884     LIBCMT:crt0dat.obj
 0003:0000a888       __winmajor                 1004f888     LIBCMT:crt0dat.obj
 0003:0000a88c       __winminor                 1004f88c     LIBCMT:crt0dat.obj
 0003:0000a890       ___argc                    1004f890     LIBCMT:crt0dat.obj
 0003:0000a894       ___argv                    1004f894     LIBCMT:crt0dat.obj
 0003:0000a898       ___wargv                   1004f898     LIBCMT:crt0dat.obj
 0003:0000a89c       __environ                  1004f89c     LIBCMT:crt0dat.obj
 0003:0000a8a0       ___initenv                 1004f8a0     LIBCMT:crt0dat.obj
 0003:0000a8a4       __wenviron                 1004f8a4     LIBCMT:crt0dat.obj
 0003:0000a8a8       ___winitenv                1004f8a8     LIBCMT:crt0dat.obj
 0003:0000a8ac       __pgmptr                   1004f8ac     LIBCMT:crt0dat.obj
 0003:0000a8b0       __wpgmptr                  1004f8b0     LIBCMT:crt0dat.obj
 0003:0000a8b4       __exitflag                 1004f8b4     LIBCMT:crt0dat.obj
 0003:0000a8b8       __C_Termination_Done       1004f8b8     LIBCMT:crt0dat.obj
 0003:0000a8bc       __C_Exit_Done              1004f8bc     LIBCMT:crt0dat.obj
 0003:0000a8c0       _gpFlsAlloc                1004f8c0     LIBCMT:tidtable.obj
 0003:0000a8c4       _gpFlsGetValue             1004f8c4     LIBCMT:tidtable.obj
 0003:0000a8c8       _gpFlsSetValue             1004f8c8     LIBCMT:tidtable.obj
 0003:0000a8cc       _gpFlsFree                 1004f8cc     LIBCMT:tidtable.obj
 0003:0000a9dc       __crtheap                  1004f9dc     LIBCMT:heapinit.obj
 0003:0000ae48       ?__pInconsistency@@3P6AXXZA 1004fe48     LIBCMT:hooks.obj
 0003:0000ae68       ?_pnhHeap@@3P6AHI@ZA       1004fe68     LIBCMT:handler.obj
 0003:0000ae6c       ___locale_changed          1004fe6c     LIBCMT:setlocal.obj
 0003:0000ae70       ___lc_handle               1004fe70     LIBCMT:nlsdata2.obj
 0003:0000ae88       ___lc_codepage             1004fe88     LIBCMT:nlsdata2.obj
 0003:0000ae8c       ___lc_collate_cp           1004fe8c     LIBCMT:nlsdata2.obj
 0003:0000ae94       ___mbulinfo                1004fe94     LIBCMT:mbctype.obj
 0003:0000aea0       ___mbcodepage              1004fea0     LIBCMT:mbctype.obj
 0003:0000aea4       ___ismbcodepage            1004fea4     LIBCMT:mbctype.obj
 0003:0000aea8       ___mblcid                  1004fea8     LIBCMT:mbctype.obj
 0003:0000aeac       __maxwait                  1004feac     LIBCMT:crtheap.obj
 0003:0000aeb0       ___sbh_pHeaderDefer        1004feb0     LIBCMT:sbheap.obj
 0003:0000aeb4       __newmode                  1004feb4     LIBCMT:_newmode.obj
 0003:0000b1e8       ___lconv_static_null       100501e8     LIBCMT:lconv.obj
 0003:0000b1ec       ___lconv_static_W_null     100501ec     LIBCMT:lconv.obj
 0003:0000b2bc       ___sbh_initialized         100502bc     <common>
 0003:0000b2c0       ___sbh_cntHeaderList       100502c0     <common>
 0003:0000b2c4       ___sbh_pHeaderList         100502c4     <common>
 0003:0000b2c8       ___sbh_threshold           100502c8     <common>
 0003:0000b2cc       ___sbh_pHeaderScan         100502cc     <common>
 0003:0000b2d0       ___sbh_sizeHeaderList      100502d0     <common>
 0003:0000b2d4       ___sbh_indGroupDefer       100502d4     <common>
 0003:0000b2d8       ___setlc_active            100502d8     <common>
 0003:0000b2dc       ___unguarded_readlc_active 100502dc     <common>
 0003:0000b2e0       ___active_heap             100502e0     <common>
 0003:0000b2e4       __nhandle                  100502e4     <common>
 0003:0000b300       ___pioinfo                 10050300     <common>
 0003:0000b400       ___env_initialized         10050400     <common>
 0003:0000b404       ___onexitend               10050404     <common>
 0003:0000b408       ___onexitbegin             10050408     <common>
 0003:0000b40c       ___mbctype_initialized     1005040c     <common>
 0003:0000b410       __FPinit                   10050410     <common>
 0003:0000b414       ___initenv_end             10050414     <common>
 0003:0000b418       ___winitenv_end            10050418     <common>
 0003:0000b41c       ___dyn_tls_init_callback   1005041c     <common>
 0003:0000b420       __pDestructExceptionObject 10050420     <common>
 0003:0000b424       ___sse2_available          10050424     <common>
 0003:0000b428       __acmdln                   10050428     <common>
 0003:0000b42c       __pRawDllMain              1005042c     <common>

 entry point at        0001:0002cc25

 Static symbols

 0001:00000490       ?StringValidateDestW@@YGJPB_WII@Z 10001490 f   CmdArg.obj
 0001:000004c0       ?StringCopyWorkerW@@YGJPA_WIPAIPB_WI@Z 100014c0 f   CmdArg.obj
 0001:00003a50       ?StringValidateDestW@@YGJPB_WII@Z 10004a50 f   ConEmuCheck.obj
 0001:00003a80       ?StringCopyWorkerW@@YGJPA_WIPAIPB_WI@Z 10004a80 f   ConEmuCheck.obj
 0001:000055c0       ?StringValidateDestW@@YGJPB_WII@Z 100065c0 f   ConEmuCheckEx.obj
 0001:000055f0       ?StringCopyWorkerW@@YGJPA_WIPAIPB_WI@Z 100065f0 f   ConEmuCheckEx.obj
 0001:00005780       ?StringValidateDestAndLengthW@@YGJPB_WIPAII@Z 10006780 f   ConEmuCheckEx.obj
 0001:000057d0       ?StringLengthWorkerW@@YGJPB_WIPAI@Z 100067d0 f   ConEmuCheckEx.obj
 0001:00005df0       ?StringValidateDestW@@YGJPB_WII@Z 10006df0 f   ConEmuInjects.obj
 0001:00005e20       ?StringCopyWorkerW@@YGJPA_WIPAIPB_WI@Z 10006e20 f   ConEmuInjects.obj
 0001:00006880       ?ChangeExports@@YI_NPBUExportFunc@@PAUHINSTANCE__@@@Z 10007880 f   ConEmuPlugin.obj
 0001:000095f0       ?GetFarSetting@@YIHPAXIPB_W@Z 1000a5f0 f   ConEmuPlugin1900.obj
 0001:00009890       ?CallGuiMacroProc@@YIXXZ   1000a890 f   ConEmuPlugin1900.obj
 0001:00009c60       ?CallGuiMacroDlg@@YGHPAXHH0@Z 1000ac60 f   ConEmuPlugin1900.obj
 0001:0000a180       ?MAKEFARVERSION@@YI?AUVersionInfo@@KKKKW4VERSION_STAGE@@@Z 1000b180 f   ConEmuPlugin2800.obj
 0001:0000b8b0       ?WExists@@YIHABUWindowInfo@@ABV?$MArray@UWindowInfo@@@@@Z 1000c8b0 f   ConEmuPlugin2800.obj
 0001:0000c770       ?GetFarSetting@@YIHPAXIPB_W@Z 1000d770 f   ConEmuPlugin2800.obj
 0001:0000ca20       ?CallGuiMacroProc@@YIXXZ   1000da20 f   ConEmuPlugin2800.obj
 0001:0000cd80       ?CallGuiMacroDlg@@YGHPAXHH0@Z 1000dd80 f   ConEmuPlugin2800.obj
 0001:0000d1d0       ?FreeMacroResult@@YGXPAXPAUFarMacroValue@@I@Z 1000e1d0 f   ConEmuPlugin2800.obj
 0001:0000f210       ?CallGuiMacroProc@@YIXXZ   10010210 f   ConEmuPlugin995.obj
 0001:0000f570       ?CallGuiMacroDlg@@YGJPAXHHJ@Z 10010570 f   ConEmuPlugin995.obj
 0001:000111c0       ?CallGuiMacroProc@@YIXXZ   100121c0 f   ConEmuPluginA.obj
 0001:00011570       ?CallGuiMacroDlg@@YGJPAXHHJ@Z 10012570 f   ConEmuPluginA.obj
 0001:00011fa0       ?LoadFarVersion@@YI_NAAUFarVersion@@AAY0CAA@_W@Z 10012fa0 f   ConEmuPluginBase.obj
 0001:00012040       ?SetDefaultFarVersion@@YIXAAUFarVersion@@@Z 10013040 f   ConEmuPluginBase.obj
 0001:00012090       ?LoadFarVersion@@YI_NPB_WAAUFarVersion@@AAY0CAA@_W@Z 10013090 f   ConEmuPluginBase.obj
 0001:000120f0       ?LoadAppVersion@@YI_NPB_WAAUtagVS_FIXEDFILEINFO@@AAY0CAA@_W@Z 100130f0 f   ConEmuPluginBase.obj
 0001:000122e0       ?ConvertVersionToFarVersion@@YIXABUtagVS_FIXEDFILEINFO@@AAUFarVersion@@@Z 100132e0 f   ConEmuPluginBase.obj
 0001:0001a6c0       ?StringValidateDestW@@YGJPB_WII@Z 1001b6c0 f   ConEmuPluginBase.obj
 0001:0001a6f0       ?StringValidateDestAndLengthW@@YGJPB_WIPAII@Z 1001b6f0 f   ConEmuPluginBase.obj
 0001:0001a740       ?StringLengthWorkerW@@YGJPB_WIPAI@Z 1001b740 f   ConEmuPluginBase.obj
 0001:0001a7b0       ?StringCopyWorkerW@@YGJPA_WIPAIPB_WI@Z 1001b7b0 f   ConEmuPluginBase.obj
 0001:0001c200       ?StringValidateDestW@@YGJPB_WII@Z 1001d200 f   Execute.obj
 0001:0001c230       ?StringCopyWorkerW@@YGJPA_WIPAIPB_WI@Z 1001d230 f   Execute.obj
 0001:0001c990       ?StringValidateDestA@@YGJPBDII@Z 1001d990 f   Memory.obj
 0001:0001c9c0       ?StringCopyWorkerA@@YGJPADIPAIPBDI@Z 1001d9c0 f   Memory.obj
 0001:0001cae0       ?StringValidateDestW@@YGJPB_WII@Z 1001dae0 f   Memory.obj
 0001:0001cb10       ?StringCopyWorkerW@@YGJPA_WIPAIPB_WI@Z 1001db10 f   Memory.obj
 0001:00022200       ?StringValidateDestW@@YGJPB_WII@Z 10023200 f   PluginBackground.obj
 0001:00022230       ?StringCopyWorkerW@@YGJPA_WIPAIPB_WI@Z 10023230 f   PluginBackground.obj
 0001:000248f0       ?StringValidateDestW@@YGJPB_WII@Z 100258f0 f   PluginSrv.obj
 0001:00024920       ?StringCopyWorkerW@@YGJPA_WIPAIPB_WI@Z 10025920 f   PluginSrv.obj
 0001:00028350       ?StringValidateDestW@@YGJPB_WII@Z 10029350 f   WObjects.obj
 0001:00028380       ?StringCopyWorkerW@@YGJPA_WIPAIPB_WI@Z 10029380 f   WObjects.obj
 0001:000288d0       ?CheckRegKeyExist@@YI_NPAURegKeyExistArg@@@Z 100298d0 f   WObjects.obj
 0001:00029ca0       ?StringValidateDestAndLengthW@@YGJPB_WIPAII@Z 1002aca0 f   WObjects.obj
 0001:00029cf0       ?StringLengthWorkerW@@YGJPB_WIPAI@Z 1002acf0 f   WObjects.obj
 0001:0002b9f0       ?StringValidateDestW@@YGJPB_WII@Z 1002c9f0 f   WUser.obj
 0001:0002ba20       ?StringCopyWorkerW@@YGJPA_WIPAIPB_WI@Z 1002ca20 f   WUser.obj
 0001:0002be60       ?strtoxl@@YAKPB_WPAPA_WHH@Z 1002ce60 f   libCRT:strtol.obj
 0001:0002c9da       ___DllMainCRTStartup@12    1002d9da f   LIBCMT:dllcrt0.obj
 0001:0002cc3b       _has_osfxsr_set            1002dc3b f   LIBCMT:cpu_disp.obj
 0001:0002cd54       __unwind_handler           1002dd54 f   LIBCMT:exsup.obj
 0001:0002ce70       _ValidateScopeTableHandlers 1002de70 f   LIBCMT:eh3valid.obj
 0001:0002d299       _xcptlookup                1002e299 f   LIBCMT:winxfltr.obj
 0001:0002d4f0       __initterm                 1002e4f0 f   LIBCMT:crt0dat.obj
 0001:0002d653       _doexit                    1002e653 f   LIBCMT:crt0dat.obj
 0001:0002e400       _parse_cmdline             1002f400 f   LIBCMT:stdargv.obj
 0001:0002ea40       _ValidateLocalCookies      1002fa40 f   LIBCMT:chandler4.obj
 0001:0002f35e       _ctrlevent_capture@4       1003035e f   LIBCMT:winsig.obj
 0001:0002f3f9       _siglookup                 100303f9 f   LIBCMT:winsig.obj
 0001:0002f964       ___crtInitCritSecNoSpinCount@8 10030964 f   LIBCMT:initcrit.obj
 0001:0002fd61       __copytlocinfo_nolock      10030d61 f   LIBCMT:setlocal.obj
 0001:0002fd87       __updatetlocinfoEx_nolock  10030d87 f   LIBCMT:setlocal.obj
 0001:0002feaa       _sync_legacy_variables_lk  10030eaa f   LIBCMT:setlocal.obj
 0001:00030204       __setlocale_get_all        10031204 f   LIBCMT:setlocal.obj
 0001:000305e7       __setlocale_set_cat        100315e7 f   LIBCMT:setlocal.obj
 0001:000308e5       __setlocale_nolock         100318e5 f   LIBCMT:setlocal.obj
 0001:00030dd9       ?CPtoLCID@@YAHH@Z          10031dd9 f   LIBCMT:mbctype.obj
 0001:00030e08       ?setSBCS@@YAXPAUthreadmbcinfostruct@@@Z 10031e08 f   LIBCMT:mbctype.obj
 0001:00030e6c       ?setSBUpLow@@YAXPAUthreadmbcinfostruct@@@Z 10031e6c f   LIBCMT:mbctype.obj
 0001:0003114b       ?getSystemCP@@YAHH@Z       1003214b f   LIBCMT:mbctype.obj
 0001:00032789       ?x_ismbbtype_l@@YAHPAUlocaleinfo_struct@@IHH@Z 10033789 f   LIBCMT:ismbbyte.obj
 0001:00032d4c       __unwind_handler4          10033d4c f   LIBCMT:exsup4.obj
 0001:000331ff       __get_lc_time              100341ff f   LIBCMT:inittime.obj
 0001:00033df0       _fix_grouping              10034df0 f   LIBCMT:initnum.obj
 0001:00034081       _fix_grouping              10035081 f   LIBCMT:initmon.obj
 0001:00034fb8       ?_store_str@@YAXPADPAPADPAI@Z 10035fb8 f   LIBCMT:_strftime.obj
 0001:00034fd8       ?_store_number@@YAXHPAPADPAI@Z 10035fd8 f   LIBCMT:_strftime.obj
 0001:0003500e       ?_store_num@@YAXHHPAPADPAII@Z 1003600e f   LIBCMT:_strftime.obj
 0001:00035089       ?_expandtime@@YAHPAUlocaleinfo_struct@@DPBUtm@@PAPADPAIPAU__lc_time_data@@I@Z 10036089 f   LIBCMT:_strftime.obj
 0001:0003543d       ?_store_winword@@YAHPAUlocaleinfo_struct@@HPBUtm@@PAPADPAIPAU__lc_time_data@@@Z 1003643d f   LIBCMT:_strftime.obj
 0001:00035bdb       _TranslateName             10036bdb f   LIBCMT:getqloc.obj
 0001:00035c3d       _GetLcidFromDefault        10036c3d f   LIBCMT:getqloc.obj
 0001:00035c51       _ProcessCodePage           10036c51 f   LIBCMT:getqloc.obj
 0001:00035ccd       _TestDefaultCountry        10036ccd f   LIBCMT:getqloc.obj
 0001:00035cf1       _LcidFromHexString         10036cf1 f   LIBCMT:getqloc.obj
 0001:00035d25       _GetPrimaryLen             10036d25 f   LIBCMT:getqloc.obj
 0001:00035d40       _CountryEnumProc@4         10036d40 f   LIBCMT:getqloc.obj
 0001:00035dd8       _TestDefaultLanguage       10036dd8 f   LIBCMT:getqloc.obj
 0001:00035e4f       _LangCountryEnumProc@4     10036e4f f   LIBCMT:getqloc.obj
 0001:00036055       _LanguageEnumProc@4        10037055 f   LIBCMT:getqloc.obj
 0001:00036116       _GetLcidFromCountry        10037116 f   LIBCMT:getqloc.obj
 0001:00036148       _GetLcidFromLangCountry    10037148 f   LIBCMT:getqloc.obj
 0001:000361bd       _GetLcidFromLanguage       100371bd f   LIBCMT:getqloc.obj
 0001:000363ff       ?__crtGetStringTypeA_stat@@YAHPAUlocaleinfo_struct@@KPBDHPAGHHH@Z 100373ff f   LIBCMT:_a_str.obj
 0001:000366bb       ?strncnt@@YAHPBDH@Z        100376bb f   LIBCMT:_a_map.obj
 0001:000366d9       ?__crtLCMapStringA_stat@@YAHPAUlocaleinfo_struct@@KKPBDHPADHHH@Z 100376d9 f   LIBCMT:_a_map.obj
 0001:00037223       __tzset_nolock             10038223 f   LIBCMT:tzset.obj
 0001:00037589       _cvtdate                   10038589 f   LIBCMT:tzset.obj
 0001:00037780       __isindst_nolock           10038780 f   LIBCMT:tzset.obj
 0001:0003806f       _xtoa_s@20                 1003906f f   LIBCMT:xtoas.obj
 0001:000381b3       @x64toa_s@24               100391b3 f   LIBCMT:xtoas.obj
 0001:000386c7       ?__crtGetLocaleInfoA_stat@@YAHPAUlocaleinfo_struct@@KKPADHH@Z 100396c7 f   LIBCMT:_a_loc.obj
 0001:000388d5       __getenv_s_helper          100398d5 f   LIBCMT:getenv.obj
 0001:0003896f       __dupenv_s_helper          1003996f f   LIBCMT:getenv.obj
 0001:00038e7b       ?strtoxlX@@YAKPAUlocaleinfo_struct@@PBDPAPBDHHH@Z 10039e7b f   LIBCMT:_strtol.obj
 0001:000390e4       ?strtoxl@@YAKPAUlocaleinfo_struct@@PBDPAPBDHH@Z 1003a0e4 f   LIBCMT:_strtol.obj
 0001:00039195       ?strtoxq@@YA_KPAUlocaleinfo_struct@@PBDPAPBDHH@Z 1003a195 f   LIBCMT:_strtoq.obj
 0001:00039774       ?__crtGetStringTypeW_stat@@YAHPAUlocaleinfo_struct@@KPBGHPAGHH@Z 1003a774 f   LIBCMT:_w_str.obj
 0001:00039b64       ?strncnt@@YAHPBDH@Z        1003ab64 f   LIBCMT:_a_cmp.obj
 0001:00039b82       ?__crtCompareStringA_stat@@YAHPAUlocaleinfo_struct@@KKPBDH1HH@Z 1003ab82 f   LIBCMT:_a_cmp.obj
 0001:0003a057       _findenv                   1003b057 f   LIBCMT:setenv.obj
 0001:0003a0a9       _copy_environ              1003b0a9 f   LIBCMT:setenv.obj
 0001:0003a5c0       ??__EhkFunc@@YAXXZ         1003b5c0 f   HkFunc.obj
