 ConEmuBg.x64

 Timestamp is 5553e052 (Thu May 14 02:37:54 2015)

 Preferred load address is 0000000180000000

 Start         Length     Name                   Class
 0001:00000000 00007f68H .text                   CODE
 0002:00000000 000002a8H .idata$5                DATA
 0002:000002b0 000012f0H .rdata                  DATA
 0002:000015a0 00000370H .xdata                  DATA
 0002:00001910 00000078H .idata$2                DATA
 0002:00001988 00000014H .idata$3                DATA
 0002:000019a0 000002a8H .idata$4                DATA
 0002:00001c48 000005bcH .idata$6                DATA
 0002:00002210 0000018fH .edata                  DATA
 0003:00000000 000019e0H .data                   DATA
 0003:000019e0 00000a38H .bss                    DATA
 0004:00000000 00000504H .pdata                  DATA
 0005:00000000 00000058H .rsrc$01                DATA
 0005:00000060 000002e8H .rsrc$02                DATA

  Address         Publics by Value              Rva+Base               Lib:Object

 0000:00000000       ___safe_se_handler_count   0000000000000000     <absolute>
 0000:00000000       ___safe_se_handler_table   0000000000000000     <absolute>
 0000:00000000       __ImageBase                0000000180000000     <linker-defined>
 0001:00000000       ?QueryInterface@MStream@@UEAAJAEBU_GUID@@PEAPEAX@Z 0000000180001000 f i ConEmuBg.obj
 0001:000000a0       ?AddRef@MStream@@UEAAKXZ   00000001800010a0 f i ConEmuBg.obj
 0001:000000b0       ?Release@MStream@@UEAAKXZ  00000001800010b0 f i ConEmuBg.obj
 0001:000000e0       ?Read@MStream@@UEAAJPEAXKPEAK@Z 00000001800010e0 f i ConEmuBg.obj
 0001:00000168       ?Write@MStream@@UEAAJPEBXKPEAK@Z 0000000180001168 f i ConEmuBg.obj
 0001:00000230       ?Seek@MStream@@UEAAJT_LARGE_INTEGER@@KPEAT_ULARGE_INTEGER@@@Z 0000000180001230 f i ConEmuBg.obj
 0001:000002a0       ?SetSize@MStream@@UEAAJT_ULARGE_INTEGER@@@Z 00000001800012a0 f i ConEmuBg.obj
 0001:00000354       ?Commit@MStream@@UEAAJK@Z  0000000180001354 f i ConEmuBg.obj
 0001:00000360       ?Clone@MStream@@UEAAJPEAPEAUIStream@@@Z 0000000180001360 f i ConEmuBg.obj
 0001:00000360       ?LockRegion@MStream@@UEAAJT_ULARGE_INTEGER@@0K@Z 0000000180001360 f i ConEmuBg.obj
 0001:00000360       ?Revert@MStream@@UEAAJXZ   0000000180001360 f i ConEmuBg.obj
 0001:00000360       ?CopyTo@MStream@@UEAAJPEAUIStream@@T_ULARGE_INTEGER@@PEAT3@2@Z 0000000180001360 f i ConEmuBg.obj
 0001:00000360       ?UnlockRegion@MStream@@UEAAJT_ULARGE_INTEGER@@0K@Z 0000000180001360 f i ConEmuBg.obj
 0001:00000368       ?Stat@MStream@@UEAAJPEAUtagSTATSTG@@K@Z 0000000180001368 f i ConEmuBg.obj
 0001:000003c8       ??_EMStream@@UEAAPEAXI@Z   00000001800013c8 f i ConEmuBg.obj
 0001:000003c8       ??_GMStream@@UEAAPEAXI@Z   00000001800013c8 f i ConEmuBg.obj
 0001:00000614       GetMinFarVersionW          0000000180001614 f   ConEmuBg.obj
 0001:0000061c       ?GetPluginInfoWcmn@@YAXPEAX@Z 000000018000161c f   ConEmuBg.obj
 0001:000007b0       ?LoadFarVersion@@YAHXZ     00000001800017b0 f   ConEmuBg.obj
 0001:0000088c       ?ReportFail@@YAXPEB_W@Z    000000018000188c f   ConEmuBg.obj
 0001:00000928       ?WasXmlLoaded@@YA_NXZ      0000000180001928 f   ConEmuBg.obj
 0001:00000938       ?Close@CachedImage@@QEAAXXZ 0000000180001938 f i ConEmuBg.obj
 0001:000009c8       ?Init@GDIPlusDecoder@@QEAA_NXZ 00000001800019c8 f i ConEmuBg.obj
 0001:00000cc0       ?FreeThreadProc@GDIPlusDecoder@@SAKPEAX@Z 0000000180001cc0 f i ConEmuBg.obj
 0001:00000ce0       ?Close@GDIPlusDecoder@@QEAAXXZ 0000000180001ce0 f i ConEmuBg.obj
 0001:00000db4       ?ParseColors@@YAXPEB_WHAEAY0CA@KAEAH@Z 0000000180001db4 f   ConEmuBg.obj
 0001:00000e94       ?RGB2HSV@@YAXAEBURGBColor@@AEAUHSVColor@@@Z 0000000180001e94 f   ConEmuBg.obj
 0001:00000f8c       ?HSV2RGB@@YAXAEBUHSVColor@@AEAURGBColor@@@Z 0000000180001f8c f   ConEmuBg.obj
 0001:0000139c       ?GetStatusLineCount@@YAHPEAUPaintBackgroundArg@@H@Z 000000018000239c f   ConEmuBg.obj
 0001:000015c4       ?FormatSize@@YAXT_ULARGE_INTEGER@@PEA_W@Z 00000001800025c4 f   ConEmuBg.obj
 0001:000016ac       ?SettingsLoad@@YAXXZ       00000001800026ac f   ConEmuBg.obj
 0001:00001724       ?SettingsLoadReg@@YAXPEB_W@Z 0000000180002724 f   ConEmuBg.obj
 0001:000018dc       ?SettingsSave@@YAXXZ       00000001800028dc f   ConEmuBg.obj
 0001:00001928       ?SettingsSaveReg@@YAXPEB_W@Z 0000000180002928 f   ConEmuBg.obj
 0001:00001a0c       ?GetMsgW@@YAPEB_WH@Z       0000000180002a0c f   ConEmuBg.obj
 0001:00001a58       ?OpenW@@YAPEAXPEBX@Z       0000000180002a58 f   ConEmuBg.obj
 0001:00001a88       ConfigureW                 0000000180002a88 f   ConEmuBg.obj
 0001:00001ad0       ?ConfigureW3@@YAHPEAX@Z    0000000180002ad0 f   ConEmuBg.obj
 0001:00001b18       ?OpenPluginWcmn@@YAPEAXH_J@Z 0000000180002b18 f   ConEmuBg.obj
 0001:00001b50       ?FMatch@@YA_NPEB_WPEA_W@Z  0000000180002b50 f   ConEmuBg.obj
 0001:00001cb0       ?StringCchCopyW@@YAJPEA_W_KPEB_W@Z 0000000180002cb0 f i ConEmuBg.obj
 0001:00001d1c       ?StringCchCatW@@YAJPEA_W_KPEB_W@Z 0000000180002d1c f i ConEmuBg.obj
 0001:00001de4       DllMain                    0000000180002de4 f   ConEmuBg.obj
 0001:00001e3c       _DllMainCRTStartup         0000000180002e3c f   ConEmuBg.obj
 0001:00001e50       ?CheckXmlFile@@YA_N_N@Z    0000000180002e50 f   ConEmuBg.obj
 0001:000022fc       ?GdipInit@@YA_NXZ          00000001800032fc f   ConEmuBg.obj
 0001:000023bc       ?CompareNames@@YA_NPEB_WPEA_W@Z 00000001800033bc f   ConEmuBg.obj
 0001:000024d0       ??$wcscpy_c@$0BAE@@@YAHAEAY0BAE@_WPEB_W@Z 00000001800034d0 f i ConEmuBg.obj
 0001:0000251c       ??$SafeDelete@UMSectionSimple@@@@YAXAEAPEAUMSectionSimple@@@Z 000000018000351c f i ConEmuBg.obj
 0001:0000254c       ?Init@CachedImage@@QEAA_NPEB_WPEAUHDC__@@IIQEAU2@@Z 000000018000354c f i ConEmuBg.obj
 0001:00002674       ?GetImage@GDIPlusDecoder@@QEAAPEAUCachedImage@@PEB_W@Z 0000000180003674 f i ConEmuBg.obj
 0001:00002b20       ?GdipDone@@YAXXZ           0000000180003b20 f   ConEmuBg.obj
 0001:00002c38       ?ExitPlugin@@YAXXZ         0000000180003c38 f   ConEmuBg.obj
 0001:00002c90       ?ExitFARW3@@YAXPEAX@Z      0000000180003c90 f   ConEmuBg.obj
 0001:00002c90       ExitFARW                   0000000180003c90 f   ConEmuBg.obj
 0001:00002ccc       ?FillPanelParams@@YAHPEAUPaintBackgroundArg@@PEAUBkPanelInfo@@PEAUDrawInfo@@@Z 0000000180003ccc f   ConEmuBg.obj
 0001:00003bf4       ?PaintPanel@@YAHPEAUPaintBackgroundArg@@HAEAKAEAH@Z 0000000180004bf4 f   ConEmuBg.obj
 0001:00004e14       ?PaintConEmuBackground@@YAHPEAUPaintBackgroundArg@@@Z 0000000180005e14 f   ConEmuBg.obj
 0001:00004f58       ?StartPlugin@@YAXH@Z       0000000180005f58 f   ConEmuBg.obj
 0001:000050ac       SetStartupInfoW            00000001800060ac f   ConEmuBg.obj
 0001:00005110       ?OnConEmuLoaded@@YAXPEAUConEmuLoadedArg@@@Z 0000000180006110 f   ConEmuBg.obj
 0001:00005144       ?GetPluginInfoW995@@YAXPEAX@Z 0000000180006144 f   ConEmuBg995.obj
 0001:000051b0       ?SetStartupInfoW995@@YAXPEAX@Z 00000001800061b0 f   ConEmuBg995.obj
 0001:00005350       OpenPluginW                0000000180006350 f   ConEmuBg995.obj
 0001:00005370       ?ExitFARW995@@YAXXZ        0000000180006370 f   ConEmuBg995.obj
 0001:000053c4       ?GetMsgW995@@YAPEB_WH@Z    00000001800063c4 f   ConEmuBg995.obj
 0001:000058e4       ?ConfigureW995@@YAHH@Z     00000001800068e4 f   ConEmuBg995.obj
 0001:00005900       ?SettingsLoadW995@@YAXXZ   0000000180006900 f   ConEmuBg995.obj
 0001:0000590c       ?SettingsSaveW995@@YAXXZ   000000018000690c f   ConEmuBg995.obj
 0001:00005918       ?FMatchW995@@YA_NPEB_WPEA_W@Z 0000000180006918 f   ConEmuBg995.obj
 0001:0000593c       ?GetPluginInfoW1900@@YAXPEAX@Z 000000018000693c f   ConEmuBg1900.obj
 0001:000059ac       ?SetStartupInfoW1900@@YAXPEAX@Z 00000001800069ac f   ConEmuBg1900.obj
 0001:00005ae8       ?OpenW2800@@YAPEAXPEBX@Z   0000000180006ae8 f   ConEmuBg2800.obj
 0001:00005ae8       ?OpenW1900@@YAPEAXPEBX@Z   0000000180006ae8 f   ConEmuBg1900.obj
 0001:00005b0c       ?ExitFARW1900@@YAXXZ       0000000180006b0c f   ConEmuBg1900.obj
 0001:00005b48       ?GetMsgW1900@@YAPEB_WH@Z   0000000180006b48 f   ConEmuBg1900.obj
 0001:000060d4       ?ConfigureW1900@@YAHH@Z    00000001800070d4 f   ConEmuBg1900.obj
 0001:000060f0       ?SettingsLoadW1900@@YAXXZ  00000001800070f0 f   ConEmuBg1900.obj
 0001:00006298       ?SettingsSaveW1900@@YAXXZ  0000000180007298 f   ConEmuBg1900.obj
 0001:000063d4       ?FMatchW1900@@YA_NPEB_WPEA_W@Z 00000001800073d4 f   ConEmuBg1900.obj
 0001:000063f8       GetGlobalInfoW             00000001800073f8 f   ConEmuBg2800.obj
 0001:000064b0       ?GetPluginInfoW2800@@YAXPEAX@Z 00000001800074b0 f   ConEmuBg2800.obj
 0001:00006520       ?SetStartupInfoW2800@@YAXPEAX@Z 0000000180007520 f   ConEmuBg2800.obj
 0001:0000665c       ?ExitFARW2800@@YAXXZ       000000018000765c f   ConEmuBg2800.obj
 0001:00006698       ?GetMsgW2800@@YAPEB_WH@Z   0000000180007698 f   ConEmuBg2800.obj
 0001:00006c2c       ?ConfigureW2800@@YAHH@Z    0000000180007c2c f   ConEmuBg2800.obj
 0001:00006c48       ?SettingsLoadW2800@@YAXXZ  0000000180007c48 f   ConEmuBg2800.obj
 0001:00006df4       ?SettingsSaveW2800@@YAXXZ  0000000180007df4 f   ConEmuBg2800.obj
 0001:00006f38       ?FMatchW2800@@YA_NPEB_WPEA_W@Z 0000000180007f38 f   ConEmuBg2800.obj
 0001:00006f5c       GetMinFarVersion           0000000180007f5c f   ConEmuBgA.obj
 0001:00006f94       SetStartupInfo             0000000180007f94 f   ConEmuBgA.obj
 0001:00007160       GetPluginInfo              0000000180008160 f   ConEmuBgA.obj
 0001:000071e4       ExitFAR                    00000001800081e4 f   ConEmuBgA.obj
 0001:000077f0       Configure                  00000001800087f0 f   ConEmuBgA.obj
 0001:0000780c       OpenPlugin                 000000018000880c f   ConEmuBgA.obj
 0001:0000782c       ?SettingsLoadA@@YAXXZ      000000018000882c f   ConEmuBgA.obj
 0001:00007838       ?SettingsSaveA@@YAXXZ      0000000180008838 f   ConEmuBgA.obj
 0001:00007844       ?FMatchA@@YA_NPEBDPEAD@Z   0000000180008844 f   ConEmuBgA.obj
 0001:00007864       ?HeapInitialize@@YA_NXZ    0000000180008864 f   Memory.obj
 0001:0000789c       ?HeapDeinitialize@@YAXXZ   000000018000889c f   Memory.obj
 0001:000078c0       ?xf_malloc@@YAPEAX_K@Z     00000001800088c0 f   Memory.obj
 0001:000078c0       ??2@YAPEAX_K@Z             00000001800088c0 f   Memory.obj
 0001:000078d4       ?xf_calloc@@YAPEAX_K0@Z    00000001800088d4 f   Memory.obj
 0001:000078f0       ?xf_free@@YAXPEAX@Z        00000001800088f0 f   Memory.obj
 0001:00007918       ??3@YAXPEAX@Z              0000000180008918 f   Memory.obj
 0001:00007920       ?lstrdup@@YAPEA_WPEB_W_K@Z 0000000180008920 f   Memory.obj
 0001:0000799c       ?lstrmerge@@YAPEA_WPEB_W0000@Z 000000018000899c f   Memory.obj
 0001:00007a94       ?TryEnter@MSectionSimple@@QEAA_NXZ 0000000180008a94 f   MSectionSimple.obj
 0001:00007abc       ??0MSectionLockSimple@@QEAA@XZ 0000000180008abc f   MSectionSimple.obj
 0001:00007ac8       ?Unlock@MSectionLockSimple@@QEAAXXZ 0000000180008ac8 f   MSectionSimple.obj
 0001:00007af0       ??0MSectionSimple@@QEAA@_N@Z 0000000180008af0 f   MSectionSimple.obj
 0001:00007b28       ??1MSectionSimple@@QEAA@XZ 0000000180008b28 f   MSectionSimple.obj
 0001:00007b48       ??1MSectionLockSimple@@QEAA@XZ 0000000180008b48 f   MSectionSimple.obj
 0001:00007b5c       ?Lock@MSectionLockSimple@@QEAAHPEAUMSectionSimple@@K@Z 0000000180008b5c f   MSectionSimple.obj
 0001:00007c00       wcschr                     0000000180008c00 f   libCRT64:strchr.obj
 0001:00007c20       wcsrchr                    0000000180008c20 f   libCRT64:strrchr.obj
 0001:00007c50       wcsstr                     0000000180008c50 f   libCRT64:strstr.obj
 0001:00007cc0       memmove                    0000000180008cc0 f   libCRT64:memmove.obj
 0001:00007ef0       wcstoul                    0000000180008ef0 f   libCRT64:strtol.obj
 0001:00007f00       memset                     0000000180008f00 f   libCRT64:memset.obj
 0001:00007f30       memcpy                     0000000180008f30 f   libCRT64:memcpy.obj
 0001:00007f56       VerQueryValueW             0000000180008f56 f   version:VERSION.dll
 0001:00007f5c       GetFileVersionInfoW        0000000180008f5c f   version:VERSION.dll
 0001:00007f62       GetFileVersionInfoSizeW    0000000180008f62 f   version:VERSION.dll
 0002:00000000       __imp_RegSetValueExW       0000000180009000     advapi32:ADVAPI32.dll
 0002:00000008       __imp_RegOpenKeyExW        0000000180009008     advapi32:ADVAPI32.dll
 0002:00000010       __imp_RegQueryValueExW     0000000180009010     advapi32:ADVAPI32.dll
 0002:00000018       __imp_RegCloseKey          0000000180009018     advapi32:ADVAPI32.dll
 0002:00000020       __imp_RegCreateKeyExW      0000000180009020     advapi32:ADVAPI32.dll
 0002:00000028       \177ADVAPI32_NULL_THUNK_DATA 0000000180009028     advapi32:ADVAPI32.dll
 0002:00000030       __imp_DeleteDC             0000000180009030     gdi32:GDI32.dll
 0002:00000038       __imp_DeleteObject         0000000180009038     gdi32:GDI32.dll
 0002:00000040       __imp_SelectObject         0000000180009040     gdi32:GDI32.dll
 0002:00000048       __imp_CreateSolidBrush     0000000180009048     gdi32:GDI32.dll
 0002:00000050       __imp_BitBlt               0000000180009050     gdi32:GDI32.dll
 0002:00000058       __imp_CreateCompatibleBitmap 0000000180009058     gdi32:GDI32.dll
 0002:00000060       __imp_CreateCompatibleDC   0000000180009060     gdi32:GDI32.dll
 0002:00000068       __imp_SetTextColor         0000000180009068     gdi32:GDI32.dll
 0002:00000070       __imp_CreateFontIndirectW  0000000180009070     gdi32:GDI32.dll
 0002:00000078       __imp_StretchBlt           0000000180009078     gdi32:GDI32.dll
 0002:00000080       __imp_SetBkMode            0000000180009080     gdi32:GDI32.dll
 0002:00000088       \177GDI32_NULL_THUNK_DATA  0000000180009088     gdi32:GDI32.dll
 0002:00000090       __imp_WaitForSingleObject  0000000180009090     kernel32:KERNEL32.dll
 0002:00000098       __imp_CreateThread         0000000180009098     kernel32:KERNEL32.dll
 0002:000000a0       __imp_ReadConsoleOutputW   00000001800090a0     kernel32:KERNEL32.dll
 0002:000000a8       __imp_GetConsoleScreenBufferInfo 00000001800090a8     kernel32:KERNEL32.dll
 0002:000000b0       __imp_GetStdHandle         00000001800090b0     kernel32:KERNEL32.dll
 0002:000000b8       __imp_lstrcpynW            00000001800090b8     kernel32:KERNEL32.dll
 0002:000000c0       __imp_WideCharToMultiByte  00000001800090c0     kernel32:KERNEL32.dll
 0002:000000c8       __imp_FindNextChangeNotification 00000001800090c8     kernel32:KERNEL32.dll
 0002:000000d0       __imp_ReadFile             00000001800090d0     kernel32:KERNEL32.dll
 0002:000000d8       __imp_GetFileInformationByHandle 00000001800090d8     kernel32:KERNEL32.dll
 0002:000000e0       __imp_CreateFileW          00000001800090e0     kernel32:KERNEL32.dll
 0002:000000e8       __imp_FindFirstChangeNotificationW 00000001800090e8     kernel32:KERNEL32.dll
 0002:000000f0       __imp_FindCloseChangeNotification 00000001800090f0     kernel32:KERNEL32.dll
 0002:000000f8       __imp_ExpandEnvironmentStringsW 00000001800090f8     kernel32:KERNEL32.dll
 0002:00000100       __imp_lstrcmpW             0000000180009100     kernel32:KERNEL32.dll
 0002:00000108       __imp_lstrcmpiW            0000000180009108     kernel32:KERNEL32.dll
 0002:00000110       __imp_GetTempPathW         0000000180009110     kernel32:KERNEL32.dll
 0002:00000118       __imp_TerminateThread      0000000180009118     kernel32:KERNEL32.dll
 0002:00000120       __imp_GetDriveTypeW        0000000180009120     kernel32:KERNEL32.dll
 0002:00000128       __imp_GetDiskFreeSpaceExW  0000000180009128     kernel32:KERNEL32.dll
 0002:00000130       __imp_MultiByteToWideChar  0000000180009130     kernel32:KERNEL32.dll
 0002:00000138       __imp_lstrlenA             0000000180009138     kernel32:KERNEL32.dll
 0002:00000140       __imp_lstrcpynA            0000000180009140     kernel32:KERNEL32.dll
 0002:00000148       __imp_lstrcpyA             0000000180009148     kernel32:KERNEL32.dll
 0002:00000150       __imp_HeapCreate           0000000180009150     kernel32:KERNEL32.dll
 0002:00000158       __imp_HeapDestroy          0000000180009158     kernel32:KERNEL32.dll
 0002:00000160       __imp_InitializeCriticalSection 0000000180009160     kernel32:KERNEL32.dll
 0002:00000168       __imp_DeleteCriticalSection 0000000180009168     kernel32:KERNEL32.dll
 0002:00000170       __imp_LeaveCriticalSection 0000000180009170     kernel32:KERNEL32.dll
 0002:00000178       __imp_TryEnterCriticalSection 0000000180009178     kernel32:KERNEL32.dll
 0002:00000180       __imp_Sleep                0000000180009180     kernel32:KERNEL32.dll
 0002:00000188       __imp_GetTickCount         0000000180009188     kernel32:KERNEL32.dll
 0002:00000190       __imp_CloseHandle          0000000180009190     kernel32:KERNEL32.dll
 0002:00000198       __imp_LoadLibraryW         0000000180009198     kernel32:KERNEL32.dll
 0002:000001a0       __imp_GetProcAddress       00000001800091a0     kernel32:KERNEL32.dll
 0002:000001a8       __imp_FreeLibrary          00000001800091a8     kernel32:KERNEL32.dll
 0002:000001b0       __imp_GetCurrentProcessId  00000001800091b0     kernel32:KERNEL32.dll
 0002:000001b8       __imp_VirtualProtect       00000001800091b8     kernel32:KERNEL32.dll
 0002:000001c0       __imp_GetModuleFileNameW   00000001800091c0     kernel32:KERNEL32.dll
 0002:000001c8       __imp_lstrcpyW             00000001800091c8     kernel32:KERNEL32.dll
 0002:000001d0       __imp_GetLastError         00000001800091d0     kernel32:KERNEL32.dll
 0002:000001d8       __imp_lstrcatW             00000001800091d8     kernel32:KERNEL32.dll
 0002:000001e0       __imp_lstrlenW             00000001800091e0     kernel32:KERNEL32.dll
 0002:000001e8       __imp_GetLocalTime         00000001800091e8     kernel32:KERNEL32.dll
 0002:000001f0       __imp_SystemTimeToFileTime 00000001800091f0     kernel32:KERNEL32.dll
 0002:000001f8       __imp_HeapReAlloc          00000001800091f8     kernel32:KERNEL32.dll
 0002:00000200       __imp_HeapAlloc            0000000180009200     kernel32:KERNEL32.dll
 0002:00000208       __imp_GetProcessHeap       0000000180009208     kernel32:KERNEL32.dll
 0002:00000210       __imp_OutputDebugStringW   0000000180009210     kernel32:KERNEL32.dll
 0002:00000218       __imp_HeapFree             0000000180009218     kernel32:KERNEL32.dll
 0002:00000220       \177KERNEL32_NULL_THUNK_DATA 0000000180009220     kernel32:KERNEL32.dll
 0002:00000228       __imp_FillRect             0000000180009228     user32:USER32.dll
 0002:00000230       __imp_DrawTextW            0000000180009230     user32:USER32.dll
 0002:00000238       __imp_CharUpperBuffW       0000000180009238     user32:USER32.dll
 0002:00000240       __imp_GetDC                0000000180009240     user32:USER32.dll
 0002:00000248       __imp_CharLowerBuffW       0000000180009248     user32:USER32.dll
 0002:00000250       __imp_ReleaseDC            0000000180009250     user32:USER32.dll
 0002:00000258       __imp_MessageBoxW          0000000180009258     user32:USER32.dll
 0002:00000260       __imp_wsprintfW            0000000180009260     user32:USER32.dll
 0002:00000268       \177USER32_NULL_THUNK_DATA 0000000180009268     user32:USER32.dll
 0002:00000270       __imp_GetFileVersionInfoSizeW 0000000180009270     version:VERSION.dll
 0002:00000278       __imp_GetFileVersionInfoW  0000000180009278     version:VERSION.dll
 0002:00000280       __imp_VerQueryValueW       0000000180009280     version:VERSION.dll
 0002:00000288       \177VERSION_NULL_THUNK_DATA 0000000180009288     version:VERSION.dll
 0002:00000290       __imp_CoUninitialize       0000000180009290     ole32:ole32.dll
 0002:00000298       __imp_CoInitialize         0000000180009298     ole32:ole32.dll
 0002:000002a0       \177ole32_NULL_THUNK_DATA  00000001800092a0     ole32:ole32.dll
 0002:000002b0       ??_C@_1BO@DPOJIDLN@?$AAB?$AAa?$AAc?$AAk?$AAg?$AAr?$AAo?$AAu?$AAn?$AAd?$AA?4?$AAx?$AAm?$AAl?$AA?$AA@ 00000001800092b0     ConEmuBg.obj
 0002:000002d0       ??_C@_0L@DJCGGOCO@ConfigureW?$AA@ 00000001800092d0     ConEmuBg.obj
 0002:000002e0       ??_C@_08BCACMCCB@ExitFARW?$AA@ 00000001800092e0     ConEmuBg.obj
 0002:000002f0       ??_C@_1BM@NBLKFLKP@?$AAX?$AAm?$AAl?$AAC?$AAo?$AAn?$AAf?$AAi?$AAg?$AAF?$AAi?$AAl?$AAe?$AA?$AA@ 00000001800092f0     ConEmuBg.obj
 0002:00000310       ??_C@_1BM@GCLEPEKO@?$AAP?$AAl?$AAu?$AAg?$AAi?$AAn?$AAE?$AAn?$AAa?$AAb?$AAl?$AAe?$AAd?$AA?$AA@ 0000000180009310     ConEmuBg.obj
 0002:00000330       ??_7MStream@@6B@           0000000180009330     ConEmuBg.obj
 0002:000003a8       ??_C@_1CA@GGFPMHLH@?$AA?6?$AAE?$AAr?$AAr?$AAC?$AAo?$AAd?$AAe?$AA?$DN?$AA0?$AAx?$AA?$CF?$AA0?$AA8?$AAX?$AA?$AA@ 00000001800093a8     ConEmuBg.obj
 0002:000003c8       ??_C@_1DM@INOMAGPD@?$AAI?$AAn?$AAv?$AAa?$AAl?$AAi?$AAd?$AA?5?$AAF?$AAa?$AAr?$AAP?$AAa?$AAt?$AAh?$AA?5?$AAw?$AAa?$AAs?$AA?5?$AAs?$AAp?$AAe?$AAc?$AAi?$AAf?$AAi?$AAe?$AAd?$AA?$AA@ 00000001800093c8     ConEmuBg.obj
 0002:00000410       ??_C@_1GC@COKOAMPP@?$AAL?$AAo?$AAa?$AAd?$AAF?$AAa?$AAr?$AAV?$AAe?$AAr?$AAs?$AAi?$AAo?$AAn?$AA?4?$AAG?$AAe?$AAt?$AAF?$AAi?$AAl?$AAe?$AAV?$AAe?$AAr?$AAs?$AAi?$AAo?$AAn?$AAI?$AAn?$AAf@ 0000000180009410     ConEmuBg.obj
 0002:00000480       ??_C@_1GC@BJIMIHFH@?$AAL?$AAo?$AAa?$AAd?$AAF?$AAa?$AAr?$AAV?$AAe?$AAr?$AAs?$AAi?$AAo?$AAn?$AA?5?$AAf?$AAa?$AAi?$AAl?$AAe?$AAd?$AA?$CB?$AA?5?$AAC?$AAa?$AAn?$AA?8?$AAt?$AA?5?$AAa?$AAl?$AAl@ 0000000180009480     ConEmuBg.obj
 0002:000004f0       ??_C@_1FK@EOBKNMNM@?$AAL?$AAo?$AAa?$AAd?$AAF?$AAa?$AAr?$AAV?$AAe?$AAr?$AAs?$AAi?$AAo?$AAn?$AA?4?$AAG?$AAe?$AAt?$AAF?$AAi?$AAl?$AAe?$AAV?$AAe?$AAr?$AAs?$AAi?$AAo?$AAn?$AAI?$AAn?$AAf@ 00000001800094f0     ConEmuBg.obj
 0002:00000550       ??_C@_1FG@LALGGOEO@?$AAL?$AAo?$AAa?$AAd?$AAF?$AAa?$AAr?$AAV?$AAe?$AAr?$AAs?$AAi?$AAo?$AAn?$AA?4?$AAV?$AAe?$AAr?$AAQ?$AAu?$AAe?$AAr?$AAy?$AAV?$AAa?$AAl?$AAu?$AAe?$AA?$CI?$AA?$CC?$AA?2?$AA?$CC@ 0000000180009550     ConEmuBg.obj
 0002:000005a8       ??_C@_13FPGAJAPJ@?$AA?2?$AA?$AA@ 00000001800095a8     ConEmuBg.obj
 0002:000005b0       ??_C@_1FG@LNADFPCE@?$AAL?$AAo?$AAa?$AAd?$AAF?$AAa?$AAr?$AAV?$AAe?$AAr?$AAs?$AAi?$AAo?$AAn?$AA?4?$AAG?$AAe?$AAt?$AAM?$AAo?$AAd?$AAu?$AAl?$AAe?$AAF?$AAi?$AAl?$AAe?$AAN?$AAa?$AAm?$AAe@ 00000001800095b0     ConEmuBg.obj
 0002:00000608       ??_C@_1CA@DIJECNLO@?$AA?6?$AAC?$AAo?$AAn?$AAf?$AAi?$AAg?$AA?5?$AAv?$AAa?$AAl?$AAu?$AAe?$AA?3?$AA?5?$AA?$AA@ 0000000180009608     ConEmuBg.obj
 0002:00000628       ??_C@_1BI@NADJHDOD@?$AA?6?$AAE?$AAx?$AAp?$AAa?$AAn?$AAd?$AAe?$AAd?$AA?3?$AA?5?$AA?$AA@ 0000000180009628     ConEmuBg.obj
 0002:00000640       ??_C@_1O@DPFEOIGE@?$AA?$DM?$AAN?$AAU?$AAL?$AAL?$AA?$DO?$AA?$AA@ 0000000180009640     ConEmuBg.obj
 0002:00000650       ??_C@_1CC@JLFNPNCD@?$AAC?$AAo?$AAn?$AAE?$AAm?$AAu?$AAB?$AAg?$AA?0?$AA?5?$AAP?$AAI?$AAD?$AA?$DN?$AA?$CF?$AAu?$AA?$AA@ 0000000180009650     ConEmuBg.obj
 0002:00000680       ??_C@_1EG@ENHOOKPB@?$AAF?$AAu?$AAn?$AAc?$AAt?$AAi?$AAo?$AAn?$AAs?$AA?5?$AAn?$AAo?$AAt?$AA?5?$AAf?$AAo?$AAu?$AAn?$AAd?$AA?5?$AAi?$AAn?$AA?5?$AAG?$AAd?$AAi?$AAP?$AAl?$AAu?$AAs?$AA?4?$AAd@ 0000000180009680     ConEmuBg.obj
 0002:000006c8       ??_C@_1CM@JMKADHIE@?$AAG?$AAd?$AAi?$AAp?$AAl?$AAu?$AAs?$AAS?$AAt?$AAa?$AAr?$AAt?$AAu?$AAp?$AA?5?$AAf?$AAa?$AAi?$AAl?$AAe?$AAd?$AA?$AA@ 00000001800096c8     ConEmuBg.obj
 0002:000006f8       ??_C@_0BI@GEKGFIAG@GdipBitmapConvertFormat?$AA@ 00000001800096f8     ConEmuBg.obj
 0002:00000710       ??_C@_0BM@MMIJHLFD@GdipGetImageGraphicsContext?$AA@ 0000000180009710     ConEmuBg.obj
 0002:00000730       ??_C@_0O@KHJJFDII@GdipReleaseDC?$AA@ 0000000180009730     ConEmuBg.obj
 0002:00000740       ??_C@_09EJEFPMLL@GdipGetDC?$AA@ 0000000180009740     ConEmuBg.obj
 0002:00000750       ??_C@_0BD@MFGJCODH@GdipDeleteGraphics?$AA@ 0000000180009750     ConEmuBg.obj
 0002:00000768       ??_C@_0BC@PACDIGJN@GdipCreateFromHDC?$AA@ 0000000180009768     ConEmuBg.obj
 0002:00000780       ??_C@_0P@DANGKLEH@GdipDrawImageI?$AA@ 0000000180009780     ConEmuBg.obj
 0002:00000790       ??_C@_0BB@MGCHKKMH@GdipDisposeImage?$AA@ 0000000180009790     ConEmuBg.obj
 0002:000007a8       ??_C@_0BD@JIGBIPOH@GdipGetImageHeight?$AA@ 00000001800097a8     ConEmuBg.obj
 0002:000007c0       ??_C@_0BC@DPLNHGNM@GdipGetImageWidth?$AA@ 00000001800097c0     ConEmuBg.obj
 0002:000007d8       ??_C@_0BJ@IPKMAACN@GdipCreateBitmapFromFile?$AA@ 00000001800097d8     ConEmuBg.obj
 0002:000007f8       ??_C@_0BA@OMKIAPCJ@GdiplusShutdown?$AA@ 00000001800097f8     ConEmuBg.obj
 0002:00000808       ??_C@_0P@NIGHOHPH@GdiplusStartup?$AA@ 0000000180009808     ConEmuBg.obj
 0002:00000818       ??_C@_1CO@CNEBCEFN@?$AAG?$AAd?$AAi?$AAP?$AAl?$AAu?$AAs?$AA?4?$AAd?$AAl?$AAl?$AA?5?$AAn?$AAo?$AAt?$AA?5?$AAf?$AAo?$AAu?$AAn?$AAd?$AA?$CB?$AA?$AA@ 0000000180009818     ConEmuBg.obj
 0002:00000848       ??_C@_1BI@LOJECBFD@?$AAG?$AAd?$AAi?$AAP?$AAl?$AAu?$AAs?$AA?4?$AAd?$AAl?$AAl?$AA?$AA@ 0000000180009848     ConEmuBg.obj
 0002:00000860       ??_C@_1GC@KCIBPHOM@?$AAG?$AAe?$AAt?$AAM?$AAo?$AAd?$AAu?$AAl?$AAe?$AAF?$AAi?$AAl?$AAe?$AAN?$AAa?$AAm?$AAe?$AA?5?$AAf?$AAa?$AAi?$AAl?$AAe?$AAd?$AA?5?$AAi?$AAn?$AA?5?$AAG?$AAD?$AAI?$AAP@ 0000000180009860     ConEmuBg.obj
 0002:000008c8       ??_C@_1M@MDEFCCAF@?$AA?$CF?$AAu?$AA?5?$AA?$CF?$AAs?$AA?$AA@ 00000001800098c8     ConEmuBg.obj
 0002:000008d8       ??_C@_1BC@MFPHLBKH@?$AA?$CF?$AAu?$AA?4?$AA?$CF?$AAu?$AA?5?$AA?$CF?$AAs?$AA?$AA@ 00000001800098d8     ConEmuBg.obj
 0002:000008ec       ??_C@_15HDKOMGBN@?$AAP?$AAB?$AA?$AA@ 00000001800098ec     ConEmuBg.obj
 0002:000008f4       ??_C@_15OIDPIEAL@?$AAT?$AAB?$AA?$AA@ 00000001800098f4     ConEmuBg.obj
 0002:000008fc       ??_C@_15GNHNPEDO@?$AAG?$AAB?$AA?$AA@ 00000001800098fc     ConEmuBg.obj
 0002:00000904       ??_C@_15MMOGNHFI@?$AAM?$AAB?$AA?$AA@ 0000000180009904     ConEmuBg.obj
 0002:0000090c       ??_C@_15BKLPDEEF@?$AAK?$AAB?$AA?$AA@ 000000018000990c     ConEmuBg.obj
 0002:00000914       ??_C@_13OPKGLAFF@?$AAB?$AA?$AA@ 0000000180009914     ConEmuBg.obj
 0002:00000918       ??_C@_11LOCGONAA@?$AA?$AA@ 0000000180009918     ConEmuBg.obj
 0002:00000920       ??_C@_1HE@IENNFNAG@?$AAC?$AAo?$AAn?$AAf?$AAi?$AAg?$AAu?$AAr?$AAa?$AAt?$AAi?$AAo?$AAn?$AA?5?$AAx?$AAm?$AAl?$AA?5?$AAf?$AAi?$AAl?$AAe?$AA?5?$AAw?$AAa?$AAs?$AA?5?$AAn?$AAo?$AAt?$AA?5?$AAf@ 0000000180009920     ConEmuBg.obj
 0002:000009a0       ??_C@_1GA@PEKCNEOL@?$AAC?$AAa?$AAn?$AA?8?$AAt?$AA?5?$AAr?$AAe?$AAa?$AAd?$AA?5?$AA?$CF?$AAu?$AA?5?$AAb?$AAy?$AAt?$AAe?$AAs?$AA?5?$AAf?$AAr?$AAo?$AAm?$AA?5?$AAx?$AAm?$AAl?$AA?5?$AAc?$AAo?$AAn@ 00000001800099a0     ConEmuBg.obj
 0002:00000a00       ??_C@_1FM@NIEBMEBA@?$AAC?$AAa?$AAn?$AA?8?$AAt?$AA?5?$AAa?$AAl?$AAl?$AAo?$AAc?$AAa?$AAt?$AAe?$AA?5?$AA?$CF?$AAu?$AA?5?$AAb?$AAy?$AAt?$AAe?$AAs?$AA?5?$AAf?$AAo?$AAr?$AA?5?$AAx?$AAm?$AAl?$AA?5@ 0000000180009a00     ConEmuBg.obj
 0002:00000a60       ??_C@_1EE@OPEIBADO@?$AAC?$AAa?$AAn?$AA?8?$AAt?$AA?5?$AAi?$AAn?$AAi?$AAt?$AAi?$AAa?$AAl?$AAi?$AAz?$AAe?$AA?5?$AAn?$AAa?$AAm?$AAe?$AA?5?$AAo?$AAf?$AA?5?$AAx?$AAm?$AAl?$AA?5?$AAf?$AAi?$AAl@ 0000000180009a60     ConEmuBg.obj
 0002:00000ab0       ??_C@_1EA@MFDKJDBE@?$AAC?$AAo?$AAn?$AAf?$AAi?$AAg?$AAu?$AAr?$AAa?$AAt?$AAi?$AAo?$AAn?$AA?5?$AAx?$AAm?$AAl?$AA?5?$AAf?$AAi?$AAl?$AAe?$AA?5?$AAi?$AAs?$AA?5?$AAe?$AAm?$AAp?$AAt?$AAy?$AA?$AA@ 0000000180009ab0     ConEmuBg.obj
 0002:00000af0       ??_C@_1GC@JKFCNIDB@?$AAT?$AAo?$AAo?$AA?5?$AAl?$AAo?$AAn?$AAg?$AA?5?$AAx?$AAm?$AAl?$AA?5?$AAp?$AAa?$AAt?$AAh?$AA?5?$AAa?$AAf?$AAt?$AAe?$AAr?$AA?5?$AAE?$AAx?$AAp?$AAa?$AAn?$AAd?$AAE?$AAn@ 0000000180009af0     ConEmuBg.obj
 0002:00000b60       ??_C@_1GM@NPCBAKPP@?$AAf?$AAu?$AAn?$AAc?$AAt?$AAi?$AAo?$AAn?$AA?5?$AAC?$AAr?$AAe?$AAa?$AAt?$AAe?$AAX?$AAm?$AAl?$AAR?$AAe?$AAa?$AAd?$AAe?$AAr?$AA?5?$AAi?$AAn?$AA?5?$AAt?$AAh?$AAe?$AA?5@ 0000000180009b60     ConEmuBg.obj
 0002:00000bd0       ??_C@_0BA@EICHKACL@CreateXmlReader?$AA@ 0000000180009bd0     ConEmuBg.obj
 0002:00000be0       ??_C@_1CM@BLKKKOJI@?$AAx?$AAm?$AAl?$AAl?$AAi?$AAt?$AAe?$AA?4?$AAd?$AAl?$AAl?$AA?5?$AAn?$AAo?$AAt?$AA?5?$AAf?$AAo?$AAu?$AAn?$AAd?$AA?$AA@ 0000000180009be0     ConEmuBg.obj
 0002:00000c10       ??_C@_1BI@DCLCNAFM@?$AAx?$AAm?$AAl?$AAl?$AAi?$AAt?$AAe?$AA?4?$AAd?$AAl?$AAl?$AA?$AA@ 0000000180009c10     ConEmuBg.obj
 0002:00000c30       ??_C@_1HA@MHONNEJA@?$AAC?$AAr?$AAe?$AAa?$AAt?$AAe?$AAC?$AAo?$AAm?$AAp?$AAa?$AAt?$AAi?$AAb?$AAl?$AAe?$AA?$FL?$AAD?$AAC?$AA?$HM?$AAB?$AAi?$AAt?$AAm?$AAa?$AAp?$AA?$FN?$AA?5?$AAf?$AAa?$AAi?$AAl@ 0000000180009c30     ConEmuBg.obj
 0002:00000ca0       ??_C@_1EK@HIHBLDLC@?$AAC?$AAa?$AAn?$AA?8?$AAt?$AA?5?$AAa?$AAl?$AAl?$AAo?$AAc?$AAa?$AAt?$AAe?$AA?5?$AAm?$AAe?$AAm?$AAo?$AAr?$AAy?$AA?5?$AAf?$AAo?$AAr?$AA?5?$AAs?$AAz?$AAF?$AAu?$AAl?$AAl@ 0000000180009ca0     ConEmuBg.obj
 0002:00000cf0       ??_C@_1DO@BMBIALGO@?$AAG?$AAe?$AAt?$AAI?$AAm?$AAa?$AAg?$AAe?$AAS?$AAi?$AAz?$AAe?$AA?5?$AAf?$AAa?$AAi?$AAl?$AAe?$AAd?$AA?0?$AA?5?$AAE?$AAr?$AAr?$AA?$DN?$AA?$CF?$AAi?$AA?6?$AA?$CF?$AAs?$AA?$AA@ 0000000180009cf0     ConEmuBg.obj
 0002:00000d30       ??_C@_1EG@KBBKNBAB@?$AAC?$AAr?$AAe?$AAa?$AAt?$AAe?$AAC?$AAo?$AAm?$AAp?$AAa?$AAt?$AAi?$AAb?$AAl?$AAe?$AA?$FL?$AAD?$AAC?$AA?$HM?$AAB?$AAi?$AAt?$AAm?$AAa?$AAp?$AA?$FN?$AA?5?$AAf?$AAa?$AAi?$AAl@ 0000000180009d30     ConEmuBg.obj
 0002:00000d78       ??_C@_1DI@COJKFCDM@?$AAG?$AAd?$AAi?$AAp?$AAG?$AAe?$AAt?$AAD?$AAC?$AA?5?$AAf?$AAa?$AAi?$AAl?$AAe?$AAd?$AA?0?$AA?5?$AAE?$AAr?$AAr?$AA?$DN?$AA?$CF?$AAi?$AA?6?$AA?$CF?$AAs?$AA?$AA@ 0000000180009d78     ConEmuBg.obj
 0002:00000db0       ??_C@_1EM@FGINKPEA@?$AAC?$AAa?$AAn?$AA?8?$AAt?$AA?5?$AAa?$AAl?$AAl?$AAo?$AAc?$AAa?$AAt?$AAe?$AA?5?$AAm?$AAe?$AAm?$AAo?$AAr?$AAy?$AA?5?$AAf?$AAo?$AAr?$AA?5?$AAC?$AAa?$AAc?$AAh?$AAe?$AAd@ 0000000180009db0     ConEmuBg.obj
 0002:00000e00       ??_C@_1EC@FCMECJAF@?$AAG?$AAd?$AAi?$AAp?$AAD?$AAr?$AAa?$AAw?$AAI?$AAm?$AAa?$AAg?$AAe?$AAI?$AA?5?$AAf?$AAa?$AAi?$AAl?$AAe?$AAd?$AA?0?$AA?5?$AAE?$AAr?$AAr?$AA?$DN?$AA?$CF?$AAi?$AA?6?$AA?$CF?$AAs@ 0000000180009e00     ConEmuBg.obj
 0002:00000e50       ??_C@_1EI@MNPBDJFF@?$AAG?$AAd?$AAi?$AAp?$AAC?$AAr?$AAe?$AAa?$AAt?$AAe?$AAF?$AAr?$AAo?$AAm?$AAH?$AAD?$AAC?$AA?5?$AAf?$AAa?$AAi?$AAl?$AAe?$AAd?$AA?0?$AA?5?$AAE?$AAr?$AAr?$AA?$DN?$AA?$CF?$AAi@ 0000000180009e50     ConEmuBg.obj
 0002:00000e98       ??_C@_1DI@MGMDCCIK@?$AAC?$AAa?$AAn?$AA?8?$AAt?$AA?5?$AAl?$AAo?$AAa?$AAd?$AA?5?$AAi?$AAm?$AAa?$AAg?$AAe?$AA?0?$AA?5?$AAE?$AAr?$AAr?$AA?$DN?$AA?$CF?$AAi?$AA?6?$AA?$CF?$AAs?$AA?$AA@ 0000000180009e98     ConEmuBg.obj
 0002:00000ed0       ??_C@_17DCNMIAEN@?$AAr?$AAe?$AAf?$AA?$AA@ 0000000180009ed0     ConEmuBg.obj
 0002:00000ed8       ??_C@_17EHOCEIDI@?$AAi?$AAm?$AAg?$AA?$AA@ 0000000180009ed8     ConEmuBg.obj
 0002:00000ee0       ??_C@_1BI@FHFKHMCH@?$AAP?$AAA?$AAN?$AAE?$AAL?$AAF?$AAO?$AAR?$AAM?$AAA?$AAT?$AA?$AA@ 0000000180009ee0     ConEmuBg.obj
 0002:00000ef8       ??_C@_1BG@DCPGEGPA@?$AAV?$AAO?$AAL?$AAU?$AAM?$AAE?$AAF?$AAR?$AAE?$AAE?$AA?$AA@ 0000000180009ef8     ConEmuBg.obj
 0002:00000f10       ??_C@_1BG@CACAJBGP@?$AAV?$AAO?$AAL?$AAU?$AAM?$AAE?$AAS?$AAI?$AAZ?$AAE?$AA?$AA@ 0000000180009f10     ConEmuBg.obj
 0002:00000f28       ??_C@_1O@DFDGIFKD@?$AAV?$AAO?$AAL?$AAU?$AAM?$AAE?$AA?$AA@ 0000000180009f28     ConEmuBg.obj
 0002:00000f38       ??_C@_1M@CNKDNHCK@?$AA?5?$AA?7?$AA?$AN?$AA?6?$AA?$CL?$AA?$AA@ 0000000180009f38     ConEmuBg.obj
 0002:00000f48       ??_C@_1M@NFEAPLNL@?$AAt?$AAi?$AAt?$AAl?$AAe?$AA?$AA@ 0000000180009f48     ConEmuBg.obj
 0002:00000f58       ??_C@_17FDPGNGBJ@?$AAo?$AAf?$AAf?$AA?$AA@ 0000000180009f58     ConEmuBg.obj
 0002:00000f60       ??_C@_1M@GACLNJGJ@?$AAl?$AAa?$AAr?$AAg?$AAe?$AA?$AA@ 0000000180009f60     ConEmuBg.obj
 0002:00000f70       ??_C@_1M@LPGODFOM@?$AAs?$AAp?$AAa?$AAc?$AAe?$AA?$AA@ 0000000180009f70     ConEmuBg.obj
 0002:00000f80       ??_C@_17IHBDLLG@?$AAy?$AAe?$AAs?$AA?$AA@ 0000000180009f80     ConEmuBg.obj
 0002:00000f88       ??_C@_1M@OAJKEOAM@?$AAs?$AAh?$AAi?$AAf?$AAt?$AA?$AA@ 0000000180009f88     ConEmuBg.obj
 0002:00000f98       ??_C@_1BE@OACCNEKL@?$AAb?$AAg?$AAr?$AA_?$AAl?$AAi?$AAg?$AAh?$AAt?$AA?$AA@ 0000000180009f98     ConEmuBg.obj
 0002:00000fb0       ??_C@_1BC@JFCNIMOB@?$AAb?$AAg?$AAr?$AA_?$AAd?$AAa?$AAr?$AAk?$AA?$AA@ 0000000180009fb0     ConEmuBg.obj
 0002:00000fc8       ??_C@_17NMNENAKF@?$AAb?$AAg?$AAr?$AA?$AA@ 0000000180009fc8     ConEmuBg.obj
 0002:00000fd0       ??_C@_1BE@OGMDEBBA@?$AAr?$AAg?$AAb?$AA_?$AAl?$AAi?$AAg?$AAh?$AAt?$AA?$AA@ 0000000180009fd0     ConEmuBg.obj
 0002:00000fe8       ??_C@_1BC@NNDMOMJF@?$AAr?$AAg?$AAb?$AA_?$AAd?$AAa?$AAr?$AAk?$AA?$AA@ 0000000180009fe8     ConEmuBg.obj
 0002:00001000       ??_C@_17PAHGLGBB@?$AAr?$AAg?$AAb?$AA?$AA@ 000000018000a000     ConEmuBg.obj
 0002:00001008       ??_C@_1M@EENKLIPJ@?$AAc?$AAo?$AAl?$AAo?$AAr?$AA?$AA@ 000000018000a008     ConEmuBg.obj
 0002:00001018       ??_C@_1BC@LGPIFEA@?$AAd?$AAi?$AAs?$AAa?$AAb?$AAl?$AAe?$AAd?$AA?$AA@ 000000018000a018     ConEmuBg.obj
 0002:00001030       ??_C@_1O@JODKLKCF@?$AAf?$AAo?$AAr?$AAm?$AAa?$AAt?$AA?$AA@ 000000018000a030     ConEmuBg.obj
 0002:00001040       ??_C@_1BE@FDJCBAKA@?$AAp?$AAa?$AAt?$AAh?$AAm?$AAa?$AAt?$AAc?$AAh?$AA?$AA@ 000000018000a040     ConEmuBg.obj
 0002:00001058       ??_C@_19LFDMGLCC@?$AAT?$AAE?$AAM?$AAP?$AA?$AA@ 000000018000a058     ConEmuBg.obj
 0002:00001068       ??_C@_1BC@FAFPDLON@?$AAp?$AAa?$AAt?$AAh?$AAt?$AAy?$AAp?$AAe?$AA?$AA@ 000000018000a068     ConEmuBg.obj
 0002:00001080       ??_C@_1BA@EJELCCEN@?$AAR?$AAA?$AAM?$AAD?$AAI?$AAS?$AAK?$AA?$AA@ 000000018000a080     ConEmuBg.obj
 0002:00001090       ??_C@_1M@NEPFDHKI@?$AAC?$AAD?$AAR?$AAO?$AAM?$AA?$AA@ 000000018000a090     ConEmuBg.obj
 0002:000010a0       ??_C@_1O@OAMNPHFH@?$AAR?$AAE?$AAM?$AAO?$AAT?$AAE?$AA?$AA@ 000000018000a0a0     ConEmuBg.obj
 0002:000010b0       ??_C@_1M@PEPLLLCM@?$AAF?$AAI?$AAX?$AAE?$AAD?$AA?$AA@ 000000018000a0b0     ConEmuBg.obj
 0002:000010c0       ??_C@_1BE@JMGCMLBE@?$AAR?$AAE?$AAM?$AAO?$AAV?$AAA?$AAB?$AAL?$AAE?$AA?$AA@ 000000018000a0c0     ConEmuBg.obj
 0002:000010d8       ??_C@_1BI@BCACJIAB@?$AAN?$AAO?$AA_?$AAR?$AAO?$AAO?$AAT?$AA_?$AAD?$AAI?$AAR?$AA?$AA@ 000000018000a0d8     ConEmuBg.obj
 0002:000010f0       ??_C@_1BE@FAHOEFOG@?$AAd?$AAr?$AAi?$AAv?$AAe?$AAt?$AAy?$AAp?$AAe?$AA?$AA@ 000000018000a0f0     ConEmuBg.obj
 0002:00001108       ??_C@_19FILLMKCG@?$AAI?$AAN?$AAF?$AAO?$AA?$AA@ 000000018000a108     ConEmuBg.obj
 0002:00001118       ??_C@_1M@KIGDKMPO@?$AAQ?$AAV?$AAI?$AAE?$AAW?$AA?$AA@ 000000018000a118     ConEmuBg.obj
 0002:00001128       ??_C@_19EINGHGNA@?$AAT?$AAR?$AAE?$AAE?$AA?$AA@ 000000018000a128     ConEmuBg.obj
 0002:00001138       ??_C@_1O@BDNPEFIG@?$AAP?$AAL?$AAU?$AAG?$AAI?$AAN?$AA?$AA@ 000000018000a138     ConEmuBg.obj
 0002:00001148       ??_C@_1M@EKGBHJEJ@?$AAD?$AAR?$AAI?$AAV?$AAE?$AA?$AA@ 000000018000a148     ConEmuBg.obj
 0002:00001158       ??_C@_1O@EFKGOBLP@?$AAV?$AAI?$AAE?$AAW?$AAE?$AAR?$AA?$AA@ 000000018000a158     ConEmuBg.obj
 0002:00001168       ??_C@_1O@PEPCDNON@?$AAE?$AAD?$AAI?$AAT?$AAO?$AAR?$AA?$AA@ 000000018000a168     ConEmuBg.obj
 0002:00001178       ??_C@_1M@HLGJKDIH@?$AAP?$AAA?$AAN?$AAE?$AAL?$AA?$AA@ 000000018000a178     ConEmuBg.obj
 0002:00001188       ??_C@_1O@OCKFCHPL@?$AAP?$AAA?$AAN?$AAE?$AAL?$AAS?$AA?$AA@ 000000018000a188     ConEmuBg.obj
 0002:00001198       ??_C@_19FHBCDCCA@?$AAt?$AAy?$AAp?$AAe?$AA?$AA@ 000000018000a198     ConEmuBg.obj
 0002:000011a8       ??_C@_1M@HCONLDPB@?$AAp?$AAa?$AAn?$AAe?$AAl?$AA?$AA@ 000000018000a1a8     ConEmuBg.obj
 0002:000011b8       ??_C@_1O@IANIHGAM@?$AAw?$AAi?$AAn?$AAd?$AAo?$AAw?$AA?$AA@ 000000018000a1b8     ConEmuBg.obj
 0002:000011c8       _GUID_7279fc81_709d_4095_b63d_69fe4b0d9030 000000018000a1c8     ConEmuBg.obj
 0002:000011d8       ??_C@_1O@FLJJBOMO@?$AA?2?$AAT?$AAE?$AAM?$AAP?$AA?2?$AA?$AA@ 000000018000a1d8     ConEmuBg.obj
 0002:000011e8       ??_C@_1M@KAKMLIHO@?$AAA?$AAr?$AAi?$AAa?$AAl?$AA?$AA@ 000000018000a1e8     ConEmuBg.obj
 0002:00001200       ??_C@_1EI@KDEPAOIE@?$AAC?$AAo?$AAn?$AAE?$AAm?$AAu?$AAB?$AAk?$AA?3?$AA?5?$AA?$CF?$AAs?$AA?5?$AA?9?$AA?5?$AA?$HL?$AA?$CF?$AAi?$AA?0?$AA?$CF?$AAi?$AA?0?$AA?$CF?$AAi?$AA?0?$AA?$CF?$AAi?$AA?$CJ?$AA?5?$AA?$CD?$AA?$CF?$AA0@ 000000018000a200     ConEmuBg.obj
 0002:00001248       ??_C@_1DA@JALAODAO@?$AAi?$AAm?$AAg?$AA?1?$AAd?$AAr?$AAi?$AAv?$AAe?$AA_?$AAr?$AAe?$AAm?$AAo?$AAv?$AAa?$AAb?$AAl?$AAe?$AA?4?$AAp?$AAn?$AAg?$AA?$AA@ 000000018000a248     ConEmuBg.obj
 0002:00001278       ??_C@_1CM@FDAGABBA@?$AAi?$AAm?$AAg?$AA?1?$AAd?$AAr?$AAi?$AAv?$AAe?$AA_?$AAn?$AAe?$AAt?$AAw?$AAo?$AAr?$AAk?$AA?4?$AAp?$AAn?$AAg?$AA?$AA@ 000000018000a278     ConEmuBg.obj
 0002:000012a8       ??_C@_1CI@DLJJCGCI@?$AAi?$AAm?$AAg?$AA?1?$AAd?$AAr?$AAi?$AAv?$AAe?$AA_?$AAc?$AAd?$AAr?$AAo?$AAm?$AA?4?$AAp?$AAn?$AAg?$AA?$AA@ 000000018000a2a8     ConEmuBg.obj
 0002:000012d0       ??_C@_1CM@NJAGAAPF@?$AAi?$AAm?$AAg?$AA?1?$AAd?$AAr?$AAi?$AAv?$AAe?$AA_?$AAr?$AAa?$AAm?$AAd?$AAi?$AAs?$AAk?$AA?4?$AAp?$AAn?$AAg?$AA?$AA@ 000000018000a2d0     ConEmuBg.obj
 0002:00001300       ??_C@_1CI@FIJFGDPK@?$AAi?$AAm?$AAg?$AA?1?$AAd?$AAr?$AAi?$AAv?$AAe?$AA_?$AAf?$AAi?$AAx?$AAe?$AAd?$AA?4?$AAp?$AAn?$AAg?$AA?$AA@ 000000018000a300     ConEmuBg.obj
 0002:00001328       ??_C@_1BO@KJOLJEJK@?$AAi?$AAm?$AAg?$AA?1?$AAp?$AAl?$AAu?$AAg?$AAi?$AAn?$AA?4?$AAp?$AAn?$AAg?$AA?$AA@ 000000018000a328     ConEmuBg.obj
 0002:00001348       ??_C@_19DKAIAFPE@?$AAL?$AAe?$AAf?$AAt?$AA?$AA@ 000000018000a348     ConEmuBg.obj
 0002:00001360       ??_C@_1FK@LJOGCJPM@?$AAC?$AAo?$AAn?$AAE?$AAm?$AAu?$AAB?$AAk?$AA?3?$AA?5?$AAD?$AAi?$AAs?$AAa?$AAb?$AAl?$AAe?$AAd?$AA?5?$AA?$CF?$AAs?$AA?5?$AA?9?$AA?5?$AA?$HL?$AA?$CF?$AAi?$AA?0?$AA?$CF?$AAi?$AA?0?$AA?$CF@ 000000018000a360     ConEmuBg.obj
 0002:000013c0       ??_C@_1M@KDEMMBOH@?$AAR?$AAi?$AAg?$AAh?$AAt?$AA?$AA@ 000000018000a3c0     ConEmuBg.obj
 0002:000013d0       ??_C@_1FG@IGPHDCHD@?$AAC?$AAo?$AAn?$AAE?$AAm?$AAu?$AAB?$AAk?$AA?3?$AA?5?$AAI?$AAn?$AAv?$AAi?$AAs?$AAi?$AAb?$AAl?$AAe?$AA?5?$AAR?$AAi?$AAg?$AAh?$AAt?$AA?5?$AA?9?$AA?5?$AA?$HL?$AA?$CF?$AAi?$AA?0@ 000000018000a3d0     ConEmuBg.obj
 0002:00001430       ??_C@_1FE@OJCEMPCK@?$AAC?$AAo?$AAn?$AAE?$AAm?$AAu?$AAB?$AAk?$AA?3?$AA?5?$AAI?$AAn?$AAv?$AAi?$AAs?$AAi?$AAb?$AAl?$AAe?$AA?5?$AAL?$AAe?$AAf?$AAt?$AA?5?$AA?9?$AA?5?$AA?$HL?$AA?$CF?$AAi?$AA?0?$AA?$CF@ 000000018000a430     ConEmuBg.obj
 0002:00001488       ??_C@_1BE@POBJGOHE@?$AAC?$AAo?$AAn?$AAE?$AAm?$AAu?$AAB?$AAg?$AA?2?$AA?$AA@ 000000018000a488     ConEmuBg995.obj
 0002:000014a0       ??_C@_1DE@DJEAMLPH@?$AAC?$AAo?$AAn?$AAE?$AAm?$AAu?$AA?4?$AAM?$AAa?$AAx?$AAi?$AAm?$AAu?$AAs?$AA5?$AA?$EA?$AAg?$AAm?$AAa?$AAi?$AAl?$AA?4?$AAc?$AAo?$AAm?$AA?$AA@ 000000018000a4a0     ConEmuBg2800.obj
 0002:000014e0       ??_C@_1GC@GCGDBDMO@?$AAP?$AAa?$AAi?$AAn?$AAt?$AA?5?$AAF?$AAa?$AAr?$AA?5?$AAp?$AAa?$AAn?$AAe?$AAl?$AAs?$AA?5?$AAb?$AAa?$AAc?$AAk?$AAg?$AAr?$AAo?$AAu?$AAn?$AAd?$AA?5?$AAi?$AAn?$AA?5?$AAt@ 000000018000a4e0     ConEmuBg2800.obj
 0002:00001548       ??_C@_1CE@PJKCDLK@?$AAC?$AAo?$AAn?$AAE?$AAm?$AAu?$AA?5?$AAB?$AAa?$AAc?$AAk?$AAg?$AAr?$AAo?$AAu?$AAn?$AAd?$AA?$AA@ 000000018000a548     ConEmuBg2800.obj
 0002:00001570       IID_IUnknown               000000018000a570     uuid:unknwn_i.obj
 0002:00001580       IID_ISequentialStream      000000018000a580     uuid:objidl_i.obj
 0002:00001590       IID_IStream                000000018000a590     uuid:objidl_i.obj
 0002:00001910       __IMPORT_DESCRIPTOR_KERNEL32 000000018000a910     kernel32:KERNEL32.dll
 0002:00001924       __IMPORT_DESCRIPTOR_USER32 000000018000a924     user32:USER32.dll
 0002:00001938       __IMPORT_DESCRIPTOR_GDI32  000000018000a938     gdi32:GDI32.dll
 0002:0000194c       __IMPORT_DESCRIPTOR_ADVAPI32 000000018000a94c     advapi32:ADVAPI32.dll
 0002:00001960       __IMPORT_DESCRIPTOR_ole32  000000018000a960     ole32:ole32.dll
 0002:00001974       __IMPORT_DESCRIPTOR_VERSION 000000018000a974     version:VERSION.dll
 0002:00001988       __NULL_IMPORT_DESCRIPTOR   000000018000a988     kernel32:KERNEL32.dll
 0003:00000000       ?gSettings@@3PAUConEmuBgSettings@@A 000000018000c000     ConEmuBg.obj
 0003:00000048       ?szDefaultXmlName@@3PEB_WEB 000000018000c048     ConEmuBg.obj
 0003:00000050       ?Far3Func@@3PAUExportFunc@@A 000000018000c050     ConEmuBg.obj
 0003:000004e0       ?guid_ConEmuBg@@3U_GUID@@A 000000018000c4e0     ConEmuBg2800.obj
 0003:000004f0       ?guid_ConEmuBgCfgDlg@@3U_GUID@@A 000000018000c4f0     ConEmuBg2800.obj
 0003:00000500       ?guid_ConEmuBgPluginMenu@@3U_GUID@@A 000000018000c500     ConEmuBg2800.obj
 0003:00000510       ?guid_ConEmuBgPluginConfig@@3U_GUID@@A 000000018000c510     ConEmuBg2800.obj
 0003:000019e0       ?ghPluginModule@@3PEAUHINSTANCE__@@EA 000000018000d9e0     ConEmuBg.obj
 0003:000019e8       ?gFarVersion@@3UFarVersion@@A 000000018000d9e8     ConEmuBg.obj
 0003:000019f4       ?gbInStartPlugin@@3_NA     000000018000d9f4     ConEmuBg.obj
 0003:000019f5       ?gbSetStartupInfoOk@@3_NA  000000018000d9f5     ConEmuBg.obj
 0003:000019f6       ?gbGdiPlusInitialized@@3_NA 000000018000d9f6     ConEmuBg.obj
 0003:00001a00       ?gbBackgroundEnabled@@3HA  000000018000da00     ConEmuBg.obj
 0003:00001a04       ?gbMonitorFileChange@@3HA  000000018000da04     ConEmuBg.obj
 0003:00001a08       ?gbInfoW_OK@@3HA           000000018000da08     ConEmuBg.obj
 0003:00001a10       ?gsXmlConfigFile@@3PA_WA   000000018000da10     ConEmuBg.obj
 0003:00001c18       ?gfCreateXmlReader@@3P6AJAEBU_GUID@@PEAPEAXPEAX@ZEA 000000018000dc18     ConEmuBg.obj
 0003:00001c20       ?ghXmlLite@@3PEAUHINSTANCE__@@EA 000000018000dc20     ConEmuBg.obj
 0003:00001c28       ?XmlFile@@3UXmlConfigFile@@A 000000018000dc28     ConEmuBg.obj
 0003:00001c48       ?gpszXmlFile@@3PEA_WEA     000000018000dc48     ConEmuBg.obj
 0003:00001c50       ?gpszXmlFolder@@3PEA_WEA   000000018000dc50     ConEmuBg.obj
 0003:00001c58       ?ghXmlNotification@@3PEAXEA 000000018000dc58     ConEmuBg.obj
 0003:00001c60       ?gpDecoder@@3PEAUGDIPlusDecoder@@EA 000000018000dc60     ConEmuBg.obj
 0003:00001c70       ?InfoW995@@3PEAUPluginStartupInfo@@EA 000000018000dc70     ConEmuBg995.obj
 0003:00001c78       ?FSFW995@@3PEAUFarStandardFunctions@@EA 000000018000dc78     ConEmuBg995.obj
 0003:00001e98       ?InfoW1900@@3PEAUPluginStartupInfo@@EA 000000018000de98     ConEmuBg1900.obj
 0003:00001ea0       ?FSFW1900@@3PEAUFarStandardFunctions@@EA 000000018000dea0     ConEmuBg1900.obj
 0003:000020b8       ?InfoW2800@@3PEAUPluginStartupInfo@@EA 000000018000e0b8     ConEmuBg2800.obj
 0003:000020c0       ?FSFW2800@@3PEAUFarStandardFunctions@@EA 000000018000e0c0     ConEmuBg2800.obj
 0003:000022d8       ?InfoA@@3PEAUPluginStartupInfo@@EA 000000018000e2d8     ConEmuBgA.obj
 0003:000022e0       ?FSFA@@3PEAUFarStandardFunctions@@EA 000000018000e2e0     ConEmuBgA.obj
 0003:00002408       ?AssertMsgBox@@3P6AHPEB_WI0PEAUHWND__@@_N@ZEA 000000018000e408     MAssert.obj
 0003:00002410       ?ghHeap@@3PEAXEA           000000018000e410     Memory.obj

 entry point at        0001:00001e3c

 Static symbols

 0001:0000043c       ?LoadFarVersion@@YA_NPEB_WAEAUFarVersion@@AEAY0CAA@_W@Z 000000018000143c f   ConEmuBg.obj
 0001:0000064c       ?ChangeExports@@YA_NPEBUExportFunc@@PEAUHINSTANCE__@@@Z 000000018000164c f   ConEmuBg.obj
 0001:000053f4       ?ConfigDlgProc@@YA_JPEAXHH_J@Z 00000001800063f4 f   ConEmuBg995.obj
 0001:000054cc       ?ConfigureProc@@YAHH@Z     00000001800064cc f   ConEmuBg995.obj
 0001:00005b7c       ?ConfigDlgProc@@YA_JPEAXHH0@Z 0000000180006b7c f   ConEmuBg1900.obj
 0001:00005c54       ?ConfigureProc@@YAHH@Z     0000000180006c54 f   ConEmuBg1900.obj
 0001:000066cc       ?ConfigDlgProc@@YA_JPEAX_J10@Z 00000001800076cc f   ConEmuBg2800.obj
 0001:000067a8       ?ConfigureProc@@YAHH@Z     00000001800077a8 f   ConEmuBg2800.obj
 0001:00007240       ?ConfigDlgProc@@YA_JPEAXHH_J@Z 0000000180008240 f   ConEmuBgA.obj
 0001:00007328       ?ConfigureProc@@YAHH@Z     0000000180008328 f   ConEmuBgA.obj
 0001:00007d20       ?strtoxl@@YAKPEB_WPEAPEA_WHH@Z 0000000180008d20 f   libCRT64:strtol.obj
