 ConEmuTh

 Timestamp is 5553deeb (Thu May 14 02:31:55 2015)

 Preferred load address is 10000000

 Start         Length     Name                   Class
 0001:00000000 00014a82H .text                   CODE
 0002:00000000 0000030cH .idata$5                DATA
 0002:0000030c 00000004H .CRT$XCA                DATA
 0002:00000310 00000004H .CRT$XCZ                DATA
 0002:00000314 00000004H .CRT$XIA                DATA
 0002:00000318 00000008H .CRT$XIC                DATA
 0002:00000320 00000004H .CRT$XIZ                DATA
 0002:00000324 00000004H .CRT$XPA                DATA
 0002:00000328 00000004H .CRT$XPZ                DATA
 0002:0000032c 00000004H .CRT$XTA                DATA
 0002:00000330 00000004H .CRT$XTZ                DATA
 0002:00000338 0000263cH .rdata                  DATA
 0002:00002978 00000364H .xdata$x                DATA
 0002:00002cdc 0000008cH .idata$2                DATA
 0002:00002d68 00000014H .idata$3                DATA
 0002:00002d7c 0000030cH .idata$4                DATA
 0002:00003088 00000d44H .idata$6                DATA
 0002:00003dd0 00000168H .edata                  DATA
 0003:00000000 00000e00H .data                   DATA
 0003:00000e00 0002222cH .bss                    DATA
 0004:00000000 000000e8H .rsrc$01                DATA
 0004:000000f0 000013a8H .rsrc$02                DATA

  Address         Publics by Value              Rva+Base       Lib:Object

 0000:00000000       ___safe_se_handler_count   00000000     <absolute>
 0000:00000000       ___safe_se_handler_table   00000000     <absolute>
 0000:00000000       __except_list              00000000     <absolute>
 0000:00000000       ___ImageBase               10000000     <linker-defined>
 0001:00000000       ?GetBuffer@CmdArg@@QAEPA_WH@Z 10001000 f   CmdArg.obj
 0001:00000079       ?Empty@CmdArg@@QAEXXZ      10001079 f   CmdArg.obj
 0001:0000009b       ?IsEmpty@CmdArg@@QAE_NXZ   1000109b f   CmdArg.obj
 0001:000000ae       ?StringCchCopyNW@@YGJPA_WIPB_WI@Z 100010ae f i CmdArg.obj
 0001:0000012a       ??0CmdArg@@QAE@XZ          1000112a f   CmdArg.obj
 0001:00000140       ??1CmdArg@@QAE@XZ          10001140 f   CmdArg.obj
 0001:00000176       ?AttachInt@CmdArg@@AAEPB_WAAPA_W@Z 10001176 f   CmdArg.obj
 0001:000001ac       ?Set@CmdArg@@QAEPB_WPB_WH@Z 100011ac f   CmdArg.obj
 0001:0000020d       ?SavePathVar@CmdArg@@QAEXPB_W@Z 1000120d f   CmdArg.obj
 0001:00000238       ?Attach@CmdArg@@QAEPB_WPA_W@Z 10001238 f   CmdArg.obj
 0001:00000245       ?PointToName@@YIPB_WPB_W@Z 10001245 f   CmdLine.obj
 0001:00000280       ?PointToExt@@YIPB_WPB_W@Z  10001280 f   CmdLine.obj
 0001:00000295       ?Unquote@@YIPB_WPA_W_N@Z   10001295 f   CmdLine.obj
 0001:000002d8       ?CommonShutdown@@YIXXZ     100012d8 f   Common.obj
 0001:00000342       ?ExecutePrepareCmd@@YIXPAUCESERVER_REQ_HDR@@KI@Z 10001342 f   ConEmuCheck.obj
 0001:000003a5       ?ExecuteFreeResult@@YIXAAPAUCESERVER_REQ@@@Z 100013a5 f   ConEmuCheck.obj
 0001:000003b6       ?StringCchCopyW@@YGJPA_WIPB_W@Z 100013b6 f i ConEmuCheck.obj
 0001:000003e8       ?ExecutePrepareCmd@@YIXPAUCESERVER_REQ@@KI@Z 100013e8 f   ConEmuCheck.obj
 0001:00000416       ?ExecuteNewCmd@@YIPAUCESERVER_REQ@@KI@Z 10001416 f   ConEmuCheck.obj
 0001:00000450       ?ModuleName@@YIPB_WPB_W@Z  10001450 f   ConEmuCheck.obj
 0001:000004d8       ?ExecuteOpenPipe@@YIPAXPB_WAAY0CAI@_W0KKHPAX@Z 100014d8 f   ConEmuCheck.obj
 0001:00000627       ?ExecuteCmd@@YIPAUCESERVER_REQ@@PB_WPAU1@KPAUHWND__@@HK@Z 10001627 f   ConEmuCheck.obj
 0001:00000783       ?ExecuteGuiCmd@@YIPAUCESERVER_REQ@@PAUHWND__@@PAU1@0H@Z 10001783 f   ConEmuCheck.obj
 0001:000009ef       _GetMinFarVersionW@0       100019ef f   ConEmuTh.obj
 0001:000009f5       ?GetPluginInfoWcmn@@YGXPAX@Z 100019f5 f   ConEmuTh.obj
 0001:00000a22       ?GetMainThreadId@@YIKXZ    10001a22 f   ConEmuTh.obj
 0001:00000bc4       ?LoadFarVersion@@YIHXZ     10001bc4 f   ConEmuTh.obj
 0001:00000c0f       ?OpenW@@YGPAXPBUOpenInfo@@@Z 10001c0f f   ConEmuTh.obj
 0001:00000c3e       ?ShowMessage@@YIHHH@Z      10001c3e f   ConEmuTh.obj
 0001:00000c76       ?GetMsgW@@YIPB_WH@Z        10001c76 f   ConEmuTh.obj
 0001:00000caf       ?PostMacro@@YIXPA_W@Z      10001caf f   ConEmuTh.obj
 0001:00000de3       ?ShowPluginMenu@@YIHXZ     10001de3 f   ConEmuTh.obj
 0001:00000e1b       ?CheckPanelSettings@@YIHH@Z 10001e1b f   ConEmuTh.obj
 0001:00000e53       ?LoadPanelItemInfo@@YIXPAUCeFullPanelInfo@@H@Z 10001e53 f   ConEmuTh.obj
 0001:00000e8b       ?GetActivePanel@@YIPAUCeFullPanelInfo@@XZ 10001e8b f   ConEmuTh.obj
 0001:00000ecc       ?ResetUngetBuffer@@YIXXZ   10001ecc f   ConEmuTh.obj
 0001:00000edb       ?OnPreReadConsole@@YGHPAXPAU_INPUT_RECORD@@KPAKPAH@Z 10001edb f   ConEmuTh.obj
 0001:00000ef7       ?ShowLastError@@YIHXZ      10001ef7 f   ConEmuTh.obj
 0001:00000f64       ?GetFocusedThumbnails@@YIPAUCeFullPanelInfo@@XZ 10001f64 f   ConEmuTh.obj
 0001:00000faf       ?CheckWindows@@YI_NXZ      10001faf f   ConEmuTh.obj
 0001:00001026       ?CheckVarsInitialized@@YIXXZ 10002026 f   ConEmuTh.obj
 0001:0000113b       ?ExecuteInMainThread@@YIXPAUConEmuThSynchroArg@@@Z 1000213b f   ConEmuTh.obj
 0001:000011a7       ?GetFarRect@@YIHPAU_SMALL_RECT@@@Z 100021a7 f   ConEmuTh.obj
 0001:00001215       ?SettingsLoad@@YIHPB_WPAK@Z 10002215 f   ConEmuTh.obj
 0001:0000124d       ?SettingsLoadReg@@YIHPB_W0PAK@Z 1000224d f   ConEmuTh.obj
 0001:000012af       ?SettingsSave@@YIXPB_WPAK@Z 100022af f   ConEmuTh.obj
 0001:000012e7       ?SettingsSaveReg@@YIXPB_W0PAK@Z 100022e7 f   ConEmuTh.obj
 0001:00001333       ?SavePanelViewState@@YIXHK@Z 10002333 f   ConEmuTh.obj
 0001:00001360       ?isPreloadByDefault@@YI_NXZ 10002360 f   ConEmuTh.obj
 0001:00001388       ?FreeUserData@CePluginPanelItem@@QAEXXZ 10002388 f   ConEmuTh.obj
 0001:000013c9       ?FreeItem@CePluginPanelItem@@QAEXXZ 100023c9 f   ConEmuTh.obj
 0001:000013de       ??0?$MFileMapping@Utag_DetectedDialog@@@@QAE@XZ 100023de f i ConEmuTh.obj
 0001:000013de       ??0?$MFileMapping@UPanelViewSetMapping@@@@QAE@XZ 100023de f i ConEmuTh.obj
 0001:00001402       ?ClosePtr@?$MFileMapping@Utag_DetectedDialog@@@@QAEXXZ 10002402 f i ConEmuTh.obj
 0001:00001402       ?ClosePtr@?$MFileMapping@UPanelViewSetMapping@@@@QAEXXZ 10002402 f i ConEmuTh.obj
 0001:00001419       _DllMain@12                10002419 f   ConEmuTh.obj
 0001:000014be       ?ReloadResourcesW@@YIXXZ   100024be f   ConEmuTh.obj
 0001:00001521       ?ReloadPanelsInfo@@YIXXZ   10002521 f   ConEmuTh.obj
 0001:00001677       ?OnPreWriteConsoleOutput@@YGHPAXPBU_CHAR_INFO@@U_COORD@@2PAU_SMALL_RECT@@@Z 10002677 f   ConEmuTh.obj
 0001:0000178a       ?IsThumbnailsActive@@YIPAUCeFullPanelInfo@@H@Z 1000278a f   ConEmuTh.obj
 0001:00001922       ?SettingsLoadOther@@YIXPB_W@Z 10002922 f   ConEmuTh.obj
 0001:00001a1c       ?SetFrom@?$MFileMapping@Utag_DetectedDialog@@@@QAE_NPBUtag_DetectedDialog@@H@Z 10002a1c f i ConEmuTh.obj
 0001:00001a6c       ?CloseMap@?$MFileMapping@UPanelViewSetMapping@@@@QAEXXZ 10002a6c f i ConEmuTh.obj
 0001:00001a6c       ?CloseMap@?$MFileMapping@Utag_DetectedDialog@@@@QAEXXZ 10002a6c f i ConEmuTh.obj
 0001:00001aa0       ?ProcessConsoleInput@@YIHHPAU_INPUT_RECORD@@KPAK@Z 10002aa0 f   ConEmuTh.obj
 0001:00001d43       ?UpdateEnvVar@@YIXH@Z      10002d43 f   ConEmuTh.obj
 0001:00001d63       ?InitName@?$MFileMapping@Utag_DetectedDialog@@@@QAEPB_WPB_WKK@Z 10002d63 f i ConEmuTh.obj
 0001:00001d63       ?InitName@?$MFileMapping@UPanelViewSetMapping@@@@QAEPB_WPB_WKK@Z 10002d63 f i ConEmuTh.obj
 0001:00001d93       ?InternalOpenCreate@?$MFileMapping@Utag_DetectedDialog@@@@IAEPAUtag_DetectedDialog@@HHH@Z 10002d93 f i ConEmuTh.obj
 0001:00001eaa       ?InternalOpenCreate@?$MFileMapping@UPanelViewSetMapping@@@@IAEPAUPanelViewSetMapping@@HHH@Z 10002eaa f i ConEmuTh.obj
 0001:00001fc1       ??_G?$MFileMapping@Utag_DetectedDialog@@@@QAEPAXI@Z 10002fc1 f i ConEmuTh.obj
 0001:00001fe2       ?OnPostPeekConsole@@YGHPAXPAU_INPUT_RECORD@@KPAKPAH@Z 10002fe2 f   ConEmuTh.obj
 0001:0000201f       ?OnPostReadConsole@@YGHPAXPAU_INPUT_RECORD@@KPAKPAH@Z 1000301f f   ConEmuTh.obj
 0001:0000205d       ?ExitPlugin@@YIXXZ         1000305d f   ConEmuTh.obj
 0001:0000214c       _ExitFARW@0                1000314c f   ConEmuTh.obj
 0001:00002173       ?ExitFARW3@@YGXPAX@Z       10003173 f   ConEmuTh.obj
 0001:000021a1       ?OnReadyForPanelsReload@@YIXXZ 100031a1 f   ConEmuTh.obj
 0001:000022bb       ?ProcessSynchroEventCommon@@YIHHPAX@Z 100032bb f   ConEmuTh.obj
 0001:000023fb       _ProcessSynchroEventW@8    100033fb f   ConEmuTh.obj
 0001:0000240b       ?LoadThSet@@YIHK@Z         1000340b f   ConEmuTh.obj
 0001:00002566       ?CheckConEmu@@YIHH@Z       10003566 f   ConEmuTh.obj
 0001:00002640       ?StartPlugin@@YIXH@Z       10003640 f   ConEmuTh.obj
 0001:00002754       ?OnPrePeekConsole@@YGHPAXPAU_INPUT_RECORD@@KPAKPAH@Z 10003754 f   ConEmuTh.obj
 0001:000027f7       ?EntryPoint@@YIXHH_N@Z     100037f7 f   ConEmuTh.obj
 0001:00002973       _SetStartupInfoW@4         10003973 f   ConEmuTh.obj
 0001:000029c7       ?OpenPluginWcmn@@YIPAXHH_N@Z 100039c7 f   ConEmuTh.obj
 0001:00002a08       ?GetStdIndex@Far3Color@@SIHKPBK@Z 10003a08 f i ConEmuTh1900.obj
 0001:00002a22       ?Color2FgIndex@Far3Color@@SIXKAAGPBK@Z 10003a22 f i ConEmuTh1900.obj
 0001:00002af1       ?Color2BgIndex@Far3Color@@SIXKHAAGPBK@Z 10003af1 f i ConEmuTh1900.obj
 0001:00002bd7       ?FarColor_3_2@@YIEABUFarColor@@@Z 10003bd7 f i ConEmuTh1900.obj
 0001:00002c68       ?GetPluginInfoW1900@@YIXPAX@Z 10003c68 f   ConEmuTh1900.obj
 0001:00002cb9       ?SetStartupInfoW1900@@YIXPAX@Z 10003cb9 f   ConEmuTh1900.obj
 0001:00002da7       ?OpenW1900@@YIPAXPBX@Z     10003da7 f   ConEmuTh1900.obj
 0001:00002dff       ?ExitFARW1900@@YIXXZ       10003dff f   ConEmuTh1900.obj
 0001:00002e2e       ?ShowMessageW1900@@YIHPB_WH@Z 10003e2e f   ConEmuTh1900.obj
 0001:00002e9e       ?ShowMessageW1900@@YIHHH@Z 10003e9e f   ConEmuTh1900.obj
 0001:00002ece       ?GetMsgW1900@@YIPB_WH@Z    10003ece f   ConEmuTh1900.obj
 0001:00002eed       ?PostMacroW1900@@YIXPA_W@Z 10003eed f   ConEmuTh1900.obj
 0001:00002f52       ?ShowPluginMenuW1900@@YIHXZ 10003f52 f   ConEmuTh1900.obj
 0001:000030eb       ?LoadPanelItemInfoW1900@@YIXPAUCeFullPanelInfo@@H@Z 100040eb f   ConEmuTh1900.obj
 0001:000033ab       ?LoadPanelInfoW1900@@YIHH@Z 100043ab f   ConEmuTh1900.obj
 0001:000037ba       ?ReloadPanelsInfoW1900@@YIXXZ 100047ba f   ConEmuTh1900.obj
 0001:000037d3       ?SetCurrentPanelItemW1900@@YIXHHH@Z 100047d3 f   ConEmuTh1900.obj
 0001:000038ab       ?CheckPanelSettingsW1900@@YIHH@Z 100048ab f   ConEmuTh1900.obj
 0001:0000394c       ?ExecuteInMainThreadW1900@@YIXPAUConEmuThSynchroArg@@@Z 1000494c f   ConEmuTh1900.obj
 0001:00003963       ?GetFarRectW1900@@YIXPAU_SMALL_RECT@@@Z 10004963 f   ConEmuTh1900.obj
 0001:00003991       ?CheckFarPanelsW1900@@YI_NXZ 10004991 f   ConEmuTh1900.obj
 0001:000039d5       ?SettingsLoadW1900@@YIHPB_WPAK@Z 100049d5 f   ConEmuTh1900.obj
 0001:00003a6a       ?SettingsSaveW1900@@YIXPB_WPAK@Z 10004a6a f   ConEmuTh1900.obj
 0001:00003b04       ?IsFarLua@FarVersion@@QBE_NXZ 10004b04 f i ConEmuTh2800.obj
 0001:00003b1f       _GetGlobalInfoW@4          10004b1f f   ConEmuTh2800.obj
 0001:00003bb2       ?GetPluginInfoW2800@@YIXPAX@Z 10004bb2 f   ConEmuTh2800.obj
 0001:00003c03       ?SetStartupInfoW2800@@YIXPAX@Z 10004c03 f   ConEmuTh2800.obj
 0001:00003cf1       ?ProcessSynchroEventW3@@YGHPAX@Z 10004cf1 f   ConEmuTh2800.obj
 0001:00003d03       ?ExitFARW2800@@YIXXZ       10004d03 f   ConEmuTh2800.obj
 0001:00003d32       ?ShowMessageW2800@@YIHPB_WH@Z 10004d32 f   ConEmuTh2800.obj
 0001:00003da2       ?ShowMessageW2800@@YIHHH@Z 10004da2 f   ConEmuTh2800.obj
 0001:00003dd2       ?GetMsgW2800@@YIPB_WH@Z    10004dd2 f   ConEmuTh2800.obj
 0001:00003df1       ?PostMacroW2800@@YIXPA_W@Z 10004df1 f   ConEmuTh2800.obj
 0001:00003e58       ?ShowPluginMenuW2800@@YIHXZ 10004e58 f   ConEmuTh2800.obj
 0001:00003ff1       ?FreePanelItemUserData2800@@YIXPAXKP6GHXZ@Z 10004ff1 f   ConEmuTh2800.obj
 0001:0000401a       ?LoadPanelItemInfoW2800@@YIXPAUCeFullPanelInfo@@H@Z 1000501a f   ConEmuTh2800.obj
 0001:00004316       ?LoadPanelInfoW2800@@YIHH@Z 10005316 f   ConEmuTh2800.obj
 0001:00004725       ?ReloadPanelsInfoW2800@@YIXXZ 10005725 f   ConEmuTh2800.obj
 0001:0000473e       ?SetCurrentPanelItemW2800@@YIXHHH@Z 1000573e f   ConEmuTh2800.obj
 0001:00004810       ?SetCurrentPanelItemW2800Int@@YIXHHH@Z 10005810 f   ConEmuTh2800.obj
 0001:000048e4       ?CheckPanelSettingsW2800@@YIHH@Z 100058e4 f   ConEmuTh2800.obj
 0001:00004985       ?ExecuteInMainThreadW2800@@YIXPAUConEmuThSynchroArg@@@Z 10005985 f   ConEmuTh2800.obj
 0001:0000499c       ?GetFarRectW2800@@YIXPAU_SMALL_RECT@@@Z 1000599c f   ConEmuTh2800.obj
 0001:000049ca       ?CheckFarPanelsW2800@@YI_NXZ 100059ca f   ConEmuTh2800.obj
 0001:00004a28       ?SettingsLoadW2800@@YIHPB_WPAK@Z 10005a28 f   ConEmuTh2800.obj
 0001:00004ab3       ?SettingsSaveW2800@@YIXPB_WPAK@Z 10005ab3 f   ConEmuTh2800.obj
 0001:00004b43       ?OpenW2800@@YIPAXPBX@Z     10005b43 f   ConEmuTh2800.obj
 0001:00004be5       ?GetPluginInfoW995@@YIXPAX@Z 10005be5 f   ConEmuTh995.obj
 0001:00004c3d       ?SetStartupInfoW995@@YIXPAX@Z 10005c3d f   ConEmuTh995.obj
 0001:00004d82       _OpenPluginW@8             10005d82 f   ConEmuTh995.obj
 0001:00004db2       ?ExitFARW995@@YIXXZ        10005db2 f   ConEmuTh995.obj
 0001:00004df8       ?ShowMessageW995@@YIHPB_WH@Z 10005df8 f   ConEmuTh995.obj
 0001:00004e1d       ?ShowMessageW995@@YIHHH@Z  10005e1d f   ConEmuTh995.obj
 0001:00004e4b       ?GetMsgW995@@YIPB_WH@Z     10005e4b f   ConEmuTh995.obj
 0001:00004e68       ?PostMacroW995@@YIXPA_W@Z  10005e68 f   ConEmuTh995.obj
 0001:00004ebb       ?ShowPluginMenuW995@@YIHXZ 10005ebb f   ConEmuTh995.obj
 0001:00004fdb       ?LoadPanelItemInfoW995@@YIXPAUCeFullPanelInfo@@H@Z 10005fdb f   ConEmuTh995.obj
 0001:00005120       ?LoadPanelInfo995@@YIHH@Z  10006120 f   ConEmuTh995.obj
 0001:000053d4       ?ReloadPanelsInfoW995@@YIXXZ 100063d4 f   ConEmuTh995.obj
 0001:000053ed       ?SetCurrentPanelItemW995@@YIXHHH@Z 100063ed f   ConEmuTh995.obj
 0001:000054b4       ?CheckPanelSettingsW995@@YIHH@Z 100064b4 f   ConEmuTh995.obj
 0001:00005510       ?ExecuteInMainThreadW995@@YIXPAUConEmuThSynchroArg@@@Z 10006510 f   ConEmuTh995.obj
 0001:00005523       ?GetFarRectW995@@YIXPAU_SMALL_RECT@@@Z 10006523 f   ConEmuTh995.obj
 0001:0000554d       ?CheckFarPanelsW995@@YI_NXZ 1000654d f   ConEmuTh995.obj
 0001:00005592       ?SettingsLoadW995@@YIHPB_WPAK@Z 10006592 f   ConEmuTh995.obj
 0001:000055a3       ?SettingsSaveW995@@YIXPB_WPAK@Z 100065a3 f   ConEmuTh995.obj
 0001:000055b4       ?SettingsLoadOtherW995@@YIXXZ 100065b4 f   ConEmuTh995.obj
 0001:000055bf       _GetMinFarVersion@0        100065bf f   ConEmuThA.obj
 0001:000055ee       _GetPluginInfo@4           100065ee f   ConEmuThA.obj
 0001:0000564f       _ExitFAR@0                 1000664f f   ConEmuThA.obj
 0001:0000569a       ?ShowMessageA@@YIHPBDH@Z   1000669a f   ConEmuThA.obj
 0001:000056c9       ?ShowMessageA@@YIHHH@Z     100066c9 f   ConEmuThA.obj
 0001:00005701       ?PostMacroA@@YIXPAD@Z      10006701 f   ConEmuThA.obj
 0001:00005759       ?ShowPluginMenuA@@YIHXZ    10006759 f   ConEmuThA.obj
 0001:000058d9       ?GetMsgA@@YIPB_WHPA_W@Z    100068d9 f   ConEmuThA.obj
 0001:00005979       ?LoadPanelInfoA@@YIHH@Z    10006979 f   ConEmuThA.obj
 0001:00005cd0       ?ReloadPanelsInfoA@@YIXXZ  10006cd0 f   ConEmuThA.obj
 0001:00005ce9       ?SetCurrentPanelItemA@@YIXHHH@Z 10006ce9 f   ConEmuThA.obj
 0001:00005dc1       ?CheckPanelSettingsA@@YIHH@Z 10006dc1 f   ConEmuThA.obj
 0001:00005e29       ?CheckFarPanelsA@@YI_NXZ   10006e29 f   ConEmuThA.obj
 0001:00005e8c       ?SettingsLoadA@@YIHPB_WPAK@Z 10006e8c f   ConEmuThA.obj
 0001:00005e9d       ?SettingsSaveA@@YIXPB_WPAK@Z 10006e9d f   ConEmuThA.obj
 0001:00005eae       ?SettingsLoadOtherA@@YIXXZ 10006eae f   ConEmuThA.obj
 0001:00005eb9       ?ReloadResourcesA@@YIXXZ   10006eb9 f   ConEmuThA.obj
 0001:00005f46       _SetStartupInfo@4          10006f46 f   ConEmuThA.obj
 0001:000060b6       _OpenPlugin@8              100070b6 f   ConEmuThA.obj
 0001:000060d9       ?GetIndexFromWndCoord@CeFullPanelInfo@@QAEHHHAAH@Z 100070d9 f   Display.obj
 0001:00006150       ?GetConCoordFromIndex@CeFullPanelInfo@@QAEHHAAU_COORD@@@Z 10007150 f   Display.obj
 0001:000061e6       ?LoadItemColors@CeFullPanelInfo@@QAEXHPAUCePluginPanelItem@@PAUCePluginPanelItemColor@@HH@Z 100071e6 f   Display.obj
 0001:0000640e       ?GetItemColors@CeFullPanelInfo@@QAEPAUHBRUSH__@@HPAUCePluginPanelItem@@PAUCePluginPanelItemColor@@HAAK2@Z 1000740e f   Display.obj
 0001:00006468       ?CalcTopPanelItem@CeFullPanelInfo@@QAEHHH@Z 10007468 f   Display.obj
 0001:00006516       ?DisplayReloadPanel@CeFullPanelInfo@@QAEXXZ 10007516 f   Display.obj
 0001:00006539       ?UnregisterPanelView@CeFullPanelInfo@@QAEH_N@Z 10007539 f   Display.obj
 0001:00006636       ?RequestSetPos@CeFullPanelInfo@@QAEXHHH@Z 10007636 f   Display.obj
 0001:000066ed       ?ReallocItems@CeFullPanelInfo@@QAEHH@Z 100076ed f   Display.obj
 0001:00006810       ?FarItem2CeItem@CeFullPanelInfo@@QAEHHPB_W0KU_FILETIME@@_KHPAXKP6GHXZ2K@Z 10007810 f   Display.obj
 0001:00006ad5       ?BisItem2CeItem@CeFullPanelInfo@@QAEHHH_KKKHH@Z 10007ad5 f   Display.obj
 0001:00006b60       ?DrawItemText@CeFullPanelInfo@@QAEHPAUHDC__@@PAUtagRECT@@1PAUCePluginPanelItem@@PB_WPAUHBRUSH__@@H@Z 10007b60 f   Display.obj
 0001:0000700b       ?Close@CeFullPanelInfo@@QAEXXZ 1000800b f   Display.obj
 0001:0000703f       ?FinalRelease@CeFullPanelInfo@@QAEXXZ 1000803f f   Display.obj
 0001:00007109       ?PaintItem@CeFullPanelInfo@@QAEHPAUHDC__@@HHHPAUCePluginPanelItem@@PAUCePluginPanelItemColor@@HHPAUHBRUSH__@@3K@Z 10008109 f   Display.obj
 0001:0000752b       ?Invalidate@CeFullPanelInfo@@QAEXXZ 1000852b f   Display.obj
 0001:0000756e       ?Paint@CeFullPanelInfo@@QAEXPAUHWND__@@AAUtagPAINTSTRUCT@@AAUtagRECT@@@Z 1000856e f   Display.obj
 0001:00007c85       ?OnSettingsChanged@CeFullPanelInfo@@QAEHH@Z 10008c85 f   Display.obj
 0001:00007d16       ?DisplayWndProc@CeFullPanelInfo@@SGJPAUHWND__@@IIJ@Z 10008d16 f   Display.obj
 0001:000081be       ?InvalidateAll@CeFullPanelInfo@@SIXXZ 100091be f   Display.obj
 0001:000081fc       ?RegisterPanelView@CeFullPanelInfo@@QAEHXZ 100091fc f   Display.obj
 0001:0000846e       ?CreateView@CeFullPanelInfo@@QAEPAUHWND__@@XZ 1000946e f   Display.obj
 0001:00008724       ?DisplayThread@CeFullPanelInfo@@SGKPAX@Z 10009724 f   Display.obj
 0001:00008818       ?LoadModules@CImgCache@@IAEXXZ 10009818 f   ImgCache.obj
 0001:00008a5e       ?FreeModules@CImgCache@@IAEXXZ 10009a5e f   ImgCache.obj
 0001:00008b19       ?SetCacheLocation@CImgCache@@QAEXPB_W@Z 10009b19 f   ImgCache.obj
 0001:00008b75       ?CheckLoadDibCreated@CImgCache@@IAEHXZ 10009b75 f   ImgCache.obj
 0001:00008c81       ?CheckDrawDibCreated@CImgCache@@IAEHXZ 10009c81 f   ImgCache.obj
 0001:00008d8d       ?FindInCache@CImgCache@@IAEHPAUCePluginPanelItem@@PAHI@Z 10009d8d f   ImgCache.obj
 0001:00008f2a       ?CopyBits@CImgCache@@IAEXU_COORD@@PAEK01@Z 10009f2a f   ImgCache.obj
 0001:00008f82       ?LoadShellIcon@CImgCache@@QAEHPAUIMAGE_CACHE_INFO@@H@Z 10009f82 f   ImgCache.obj
 0001:0000920b       ?LoadThumbnail@CImgCache@@QAEHPAUIMAGE_CACHE_INFO@@@Z 1000a20b f   ImgCache.obj
 0001:0000972d       ??0?$CQueueProcessor@PAUIMAGE_CACHE_INFO@@@@QAE@XZ 1000a72d f i ImgCache.obj
 0001:0000977e       ?IsStopRequested@?$CQueueProcessor@PAUIMAGE_CACHE_INFO@@@@UAE_NABQAUIMAGE_CACHE_INFO@@@Z 1000a77e f i ImgCache.obj
 0001:0000978f       ?ProcessItem@?$CQueueProcessor@PAUIMAGE_CACHE_INFO@@@@MAEJAAPAUIMAGE_CACHE_INFO@@J@Z 1000a78f f i ImgCache.obj
 0001:00009797       ?OnItemFailed@?$CQueueProcessor@PAUIMAGE_CACHE_INFO@@@@MAEXAAPAUIMAGE_CACHE_INFO@@J@Z 1000a797 f i ImgCache.obj
 0001:00009797       ?OnItemReady@?$CQueueProcessor@PAUIMAGE_CACHE_INFO@@@@MAEXAAPAUIMAGE_CACHE_INFO@@J@Z 1000a797 f i ImgCache.obj
 0001:00009797       ?ApplyChanges@?$CQueueProcessor@PAUIMAGE_CACHE_INFO@@@@MAEXAAPAUIMAGE_CACHE_INFO@@ABQAU2@@Z 1000a797 f i ImgCache.obj
 0001:0000979a       ?OnThreadStarted@?$CQueueProcessor@PAUIMAGE_CACHE_INFO@@@@MAEJXZ 1000a79a f i ImgCache.obj
 0001:0000979d       ?CopyItem@?$CQueueProcessor@PAUIMAGE_CACHE_INFO@@@@MAEXPBQAUIMAGE_CACHE_INFO@@PAPAU2@@Z 1000a79d f i ImgCache.obj
 0001:000097b9       ?IsEqual@?$CQueueProcessor@PAUIMAGE_CACHE_INFO@@@@MAE_NABQAUIMAGE_CACHE_INFO@@J0J@Z 1000a7b9 f i ImgCache.obj
 0001:000097ef       ?FreeItem@?$CQueueProcessor@PAUIMAGE_CACHE_INFO@@@@MAEXABQAUIMAGE_CACHE_INFO@@@Z 1000a7ef f i ImgCache.obj
 0001:000097f2       ?CheckHighPriority@?$CQueueProcessor@PAUIMAGE_CACHE_INFO@@@@MAE_NABQAUIMAGE_CACHE_INFO@@@Z 1000a7f2 f i ImgCache.obj
 0001:000097f2       ?CheckHighPriority@CImgLoader@@UAE_NAAPBUIMAGE_CACHE_INFO@@@Z 1000a7f2 f i ImgCache.obj
 0001:000097f7       ?ClearQueue@?$CQueueProcessor@PAUIMAGE_CACHE_INFO@@@@AAEXXZ 1000a7f7 f i ImgCache.obj
 0001:00009854       ?InitializeQueue@?$CQueueProcessor@PAUIMAGE_CACHE_INFO@@@@AAEXH@Z 1000a854 f i ImgCache.obj
 0001:000098c5       ?CheckWaitingCount@?$CQueueProcessor@PAUIMAGE_CACHE_INFO@@@@AAEXXZ 1000a8c5 f i ImgCache.obj
 0001:000098fc       ?ProcessItem@?$CQueueProcessor@PAUIMAGE_CACHE_INFO@@@@IAEJPAUProcessingItem@1@@Z 1000a8fc f i ImgCache.obj
 0001:0000993d       ??0CImgCache@@QAE@PAUHINSTANCE__@@@Z 1000a93d f   ImgCache.obj
 0001:00009a3d       ?PaintItem@CImgCache@@QAEHPAUHDC__@@HHHPAUCePluginPanelItem@@PAPB_WPAH@Z 1000aa3d f   ImgCache.obj
 0001:00009e6b       ?Terminate@?$CQueueProcessor@PAUIMAGE_CACHE_INFO@@@@QAEXK@Z 1000ae6b f i ImgCache.obj
 0001:00009eac       ?FindOrCreate@?$CQueueProcessor@PAUIMAGE_CACHE_INFO@@@@AAEPAUProcessingItem@1@ABQAUIMAGE_CACHE_INFO@@J_NW4ProcessingPriority@@@Z 1000aeac f i ImgCache.obj
 0001:0000a018       ?ProcessingStep@?$CQueueProcessor@PAUIMAGE_CACHE_INFO@@@@IAE_NXZ 1000b018 f i ImgCache.obj
 0001:0000a189       ??$SafeDelete@UMSectionSimple@@@@YIXAAPAUMSectionSimple@@@Z 1000b189 f i ImgCache.obj
 0001:0000a1a7       ?Reset@CImgCache@@QAEXXZ   1000b1a7 f   ImgCache.obj
 0001:0000a2ec       ?Init@CImgCache@@QAEXK@Z   1000b2ec f   ImgCache.obj
 0001:0000a330       ??1?$CQueueProcessor@PAUIMAGE_CACHE_INFO@@@@UAE@XZ 1000b330 f i ImgCache.obj
 0001:0000a386       ?ProcessingThread@?$CQueueProcessor@PAUIMAGE_CACHE_INFO@@@@KGKPAX@Z 1000b386 f i ImgCache.obj
 0001:0000a3a9       ??1CImgCache@@QAE@XZ       1000b3a9 f   ImgCache.obj
 0001:0000a43c       ?OnThreadStarted@CImgLoader@@UAEJXZ 1000b43c f i ImgCache.obj
 0001:0000a447       ?OnThreadStopped@CImgLoader@@UAEXXZ 1000b447 f i ImgCache.obj
 0001:0000a44d       ?IsEqual@CImgLoader@@UAE_NAAPBUIMAGE_CACHE_INFO@@JAAPAU2@J@Z 1000b44d f i ImgCache.obj
 0001:0000a46f       ?ProcessItem@CImgLoader@@UAEJAAPAUIMAGE_CACHE_INFO@@J@Z 1000b46f f i ImgCache.obj
 0001:0000a4b4       ?IsTerminationRequested@CImgLoader@@UAE_NXZ 1000b4b4 f i ImgCache.obj
 0001:0000a4b4       ?IsTerminationRequested@?$CQueueProcessor@PAUIMAGE_CACHE_INFO@@@@MAE_NXZ 1000b4b4 f i ImgCache.obj
 0001:0000a4b8       ?CheckThread@?$CQueueProcessor@PAUIMAGE_CACHE_INFO@@@@IAEJXZ 1000b4b8 f i ImgCache.obj
 0001:0000a545       ??_GCImgLoader@@UAEPAXI@Z  1000b545 f i ImgCache.obj
 0001:0000a545       ??_ECImgLoader@@UAEPAXI@Z  1000b545 f i ImgCache.obj
 0001:0000a545       ??_G?$CQueueProcessor@PAUIMAGE_CACHE_INFO@@@@UAEPAXI@Z 1000b545 f i ImgCache.obj
 0001:0000a545       ??_E?$CQueueProcessor@PAUIMAGE_CACHE_INFO@@@@UAEPAXI@Z 1000b545 f i ImgCache.obj
 0001:0000a561       ?RequestItem@?$CQueueProcessor@PAUIMAGE_CACHE_INFO@@@@QAEJ_NW4ProcessingPriority@@QAUIMAGE_CACHE_INFO@@J@Z 1000b561 f i ImgCache.obj
 0001:0000a605       ?RequestItem@CImgCache@@QAEHPAUCePluginPanelItem@@I@Z 1000b605 f   ImgCache.obj
 0001:0000a6a6       ?HeapInitialize@@YI_NXZ    1000b6a6 f   Memory.obj
 0001:0000a6cc       ?HeapDeinitialize@@YIXXZ   1000b6cc f   Memory.obj
 0001:0000a6e4       ?xf_malloc@@YAPAXI@Z       1000b6e4 f   Memory.obj
 0001:0000a6f7       ?xf_calloc@@YAPAXII@Z      1000b6f7 f   Memory.obj
 0001:0000a710       ?xf_realloc@@YAPAXPAXI@Z   1000b710 f   Memory.obj
 0001:0000a727       ?xf_free@@YAXPAX@Z         1000b727 f   Memory.obj
 0001:0000a745       ??2@YAPAXI@Z               1000b745 f   Memory.obj
 0001:0000a74a       ??3@YAXPAX@Z               1000b74a f   Memory.obj
 0001:0000a74f       ?lstrdup@@YIPA_WPB_WI@Z    1000b74f f   Memory.obj
 0001:0000a792       ?lstrmerge@@YIPA_WPB_W0000@Z 1000b792 f   Memory.obj
 0001:0000a828       ??0MSection@@QAE@XZ        1000b828 f   MSection.obj
 0001:0000a88d       ??1MSection@@QAE@XZ        1000b88d f   MSection.obj
 0001:0000a8e8       ?AddRef@MSection@@IAEXK@Z  1000b8e8 f   MSection.obj
 0001:0000a946       ?ReleaseRef@MSection@@IAEHK@Z 1000b946 f   MSection.obj
 0001:0000a9af       ?WaitUnlocked@MSection@@IAEXKK@Z 1000b9af f   MSection.obj
 0001:0000aa0a       ?MyEnterCriticalSection@MSection@@IAE_NK@Z 1000ba0a f   MSection.obj
 0001:0000aaf4       ?Lock@MSection@@IAEHHK@Z   1000baf4 f   MSection.obj
 0001:0000abb9       ?Unlock@MSection@@IAEXH@Z  1000bbb9 f   MSection.obj
 0001:0000abf3       ??0MSectionLock@@QAE@XZ    1000bbf3 f   MSection.obj
 0001:0000ac00       ?Lock@MSectionLock@@QAEHPAVMSection@@HK@Z 1000bc00 f   MSection.obj
 0001:0000ac4a       ?Unlock@MSectionLock@@QAEXXZ 1000bc4a f   MSection.obj
 0001:0000ac67       ??1MSectionLock@@QAE@XZ    1000bc67 f   MSection.obj
 0001:0000ac80       ?Init@MSectionSimple@@QAEXXZ 1000bc80 f   MSectionSimple.obj
 0001:0000ac96       ?Close@MSectionSimple@@QAEXXZ 1000bc96 f   MSectionSimple.obj
 0001:0000acac       ?Enter@MSectionSimple@@QAEXXZ 1000bcac f   MSectionSimple.obj
 0001:0000acb4       ?Leave@MSectionSimple@@QAEXXZ 1000bcb4 f   MSectionSimple.obj
 0001:0000acbc       ?TryEnter@MSectionSimple@@QAE_NXZ 1000bcbc f   MSectionSimple.obj
 0001:0000acdb       ?RecreateAndLock@MSectionSimple@@QAE_NXZ 1000bcdb f   MSectionSimple.obj
 0001:0000ad26       ??0MSectionLockSimple@@QAE@XZ 1000bd26 f   MSectionSimple.obj
 0001:0000ad30       ?Unlock@MSectionLockSimple@@QAEXXZ 1000bd30 f   MSectionSimple.obj
 0001:0000ad4c       ??0MSectionSimple@@QAE@_N@Z 1000bd4c f   MSectionSimple.obj
 0001:0000ad75       ??1MSectionSimple@@QAE@XZ  1000bd75 f   MSectionSimple.obj
 0001:0000ad7a       ??1MSectionLockSimple@@QAE@XZ 1000bd7a f   MSectionSimple.obj
 0001:0000ad86       ?Lock@MSectionLockSimple@@QAEHPAUMSectionSimple@@K@Z 1000bd86 f   MSectionSimple.obj
 0001:0000adf2       ?UnloadAdvApi@MNullDesc@@IAEXXZ 1000bdf2 f i MSecurity.obj
 0001:0000ae09       ??0MNullDesc@@QAE@XZ       1000be09 f i MSecurity.obj
 0001:0000ae2b       ??1MNullDesc@@QAE@XZ       1000be2b f i MSecurity.obj
 0001:0000ae5c       ?LoadAdvApi@MNullDesc@@IAEHXZ 1000be5c f i MSecurity.obj
 0001:0000af8f       ?LocalSecurity@MNullDesc@@QAEPAU_SECURITY_ATTRIBUTES@@XZ 1000bf8f f i MSecurity.obj
 0001:0000b0c8       ?LocalSecurity@@YIPAU_SECURITY_ATTRIBUTES@@XZ 1000c0c8 f   MSecurity.obj
 0001:0000b0f6       ?ShutdownSecurity@@YIXXZ   1000c0f6 f   MSecurity.obj
 0001:0000b118       ?msprintf@@YAPB_WPA_WIPB_WZZ 1000c118 f   MStrSafe.obj
 0001:0000b487       _wmemcmp                   1000c487 f i RgnDetect.obj
 0001:0000b4b8       ??0CRgnDetect@@QAE@XZ      1000c4b8 f   RgnDetect.obj
 0001:0000b579       ??1CRgnDetect@@QAE@XZ      1000c579 f   RgnDetect.obj
 0001:0000b5c2       ?GetDetectedDialogsPtr@CRgnDetect@@QBEPBUtag_DetectedDialog@@XZ 1000c5c2 f   RgnDetect.obj
 0001:0000b5c6       ?GetFlags@CRgnDetect@@QBEKXZ 1000c5c6 f   RgnDetect.obj
 0001:0000b5cd       ?FindFrameRight_ByBottom@CRgnDetect@@IAE_NPA_WPAUtag_CharAttr@@HHAAH22@Z 1000c5cd f   RgnDetect.obj
 0001:0000b67d       ?FindFrameLeft_ByBottom@CRgnDetect@@IAE_NPA_WPAUtag_CharAttr@@HHAAH22@Z 1000c67d f   RgnDetect.obj
 0001:0000b726       ?FindFrameTop_ByLeft@CRgnDetect@@IAE_NPA_WPAUtag_CharAttr@@HHAAH22@Z 1000c726 f   RgnDetect.obj
 0001:0000b7ab       ?FindFrameTop_ByRight@CRgnDetect@@IAE_NPA_WPAUtag_CharAttr@@HHAAH22@Z 1000c7ab f   RgnDetect.obj
 0001:0000b85e       ?FindFrameBottom_ByRight@CRgnDetect@@IAE_NPA_WPAUtag_CharAttr@@HHAAH22@Z 1000c85e f   RgnDetect.obj
 0001:0000b910       ?FindFrameBottom_ByLeft@CRgnDetect@@IAE_NPA_WPAUtag_CharAttr@@HHAAH22@Z 1000c910 f   RgnDetect.obj
 0001:0000b99a       ?FindDialog_Inner@CRgnDetect@@IAE_NPA_WPAUtag_CharAttr@@HHAAH2@Z 1000c99a f   RgnDetect.obj
 0001:0000bab0       ?FindFrame_TopLeft@CRgnDetect@@IAE_NPA_WPAUtag_CharAttr@@HHAAH222@Z 1000cab0 f   RgnDetect.obj
 0001:0000bb70       ?ExpandDialogFrame@CRgnDetect@@IAE_NPA_WPAUtag_CharAttr@@HHAAH2HH22@Z 1000cb70 f   RgnDetect.obj
 0001:0000be22       ?FindByBackground@CRgnDetect@@IAE_NPA_WPAUtag_CharAttr@@HHAAH222AA_N@Z 1000ce22 f   RgnDetect.obj
 0001:0000bef2       ?MarkDialog@CRgnDetect@@IAEHPA_WPAUtag_CharAttr@@HHHHHH_N2K@Z 1000cef2 f   RgnDetect.obj
 0001:0000c5c7       ?OnWindowSizeChanged@CRgnDetect@@QAEXXZ 1000d5c7 f   RgnDetect.obj
 0001:0000c5cf       ?OnWriteConsoleOutput@CRgnDetect@@QAEXPBU_CHAR_INFO@@U_COORD@@1PAU_SMALL_RECT@@PBK@Z 1000d5cf f   RgnDetect.obj
 0001:0000c80a       ?SetFarRect@CRgnDetect@@QAEXPAU_SMALL_RECT@@@Z 1000d80a f   RgnDetect.obj
 0001:0000c89b       ?TextWidth@CRgnDetect@@QAEHXZ 1000d89b f   RgnDetect.obj
 0001:0000c8c0       ?TextHeight@CRgnDetect@@QAEHXZ 1000d8c0 f   RgnDetect.obj
 0001:0000c8e5       ?GetCharAttr@CRgnDetect@@QAEHHHAA_WAAUtag_CharAttr@@@Z 1000d8e5 f   RgnDetect.obj
 0001:0000c959       ?FindFrameRight_ByTop@CRgnDetect@@IAE_NPA_WPAUtag_CharAttr@@HHAAH22@Z 1000d959 f   RgnDetect.obj
 0001:0000ca41       ?FindFrameLeft_ByTop@CRgnDetect@@IAE_NPA_WPAUtag_CharAttr@@HHAAH22@Z 1000da41 f   RgnDetect.obj
 0001:0000cb55       ?FindDialog_TopLeft@CRgnDetect@@IAE_NPA_WPAUtag_CharAttr@@HHAAH222AA_N@Z 1000db55 f   RgnDetect.obj
 0001:0000cbdb       ?FindDialog_TopRight@CRgnDetect@@IAE_NPA_WPAUtag_CharAttr@@HHAAH222AA_N@Z 1000dbdb f   RgnDetect.obj
 0001:0000cc6e       ?FindDialog_Left@CRgnDetect@@IAE_NPA_WPAUtag_CharAttr@@HHAAH222AA_N@Z 1000dc6e f   RgnDetect.obj
 0001:0000cdb3       ?FindDialog_Right@CRgnDetect@@IAE_NPA_WPAUtag_CharAttr@@HHAAH222AA_N@Z 1000ddb3 f   RgnDetect.obj
 0001:0000ce79       ?FindDialog_Any@CRgnDetect@@IAE_NPA_WPAUtag_CharAttr@@HHAAH222AA_N@Z 1000de79 f   RgnDetect.obj
 0001:0000d042       ?DetectDialog@CRgnDetect@@IAE_NPA_WPAUtag_CharAttr@@HHHHPAH2@Z 1000e042 f   RgnDetect.obj
 0001:0000d2ad       ?InitializeSBI@CRgnDetect@@QAEHPBK@Z 1000e2ad f   RgnDetect.obj
 0001:0000d5de       ?PrepareTransparent@CRgnDetect@@QAEXPBUCEFAR_INFO_MAPPING@@PBKPBU_CONSOLE_SCREEN_BUFFER_INFO@@PA_WPAUtag_CharAttr@@HH@Z 1000e5de f   RgnDetect.obj
 0001:0000dc6b       ?PrepareTransparent@CRgnDetect@@QAEXPBUCEFAR_INFO_MAPPING@@PBK@Z 1000ec6b f   RgnDetect.obj
 0001:0000dd0e       ?SearchAppPaths@@YI_NPB_WAAUCmdArg@@_NPAU1@@Z 1000ed0e f   WFiles.obj
 0001:0000dffd       ?FileExists@@YI_NPB_WPAK@Z 1000effd f   WObjects.obj
 0001:0000e115       ?IsWindows64@@YI_NXZ       1000f115 f   WObjects.obj
 0001:0000e17b       ?isTerminalMode@@YI_NXZ    1000f17b f   WObjects.obj
 0001:0000e376       ?ExpandEnvStr@@YIPA_WPB_W@Z 1000f376 f   WObjects.obj
 0001:0000e3f1       ?GetEnvVar@@YIPA_WPB_W@Z   1000f3f1 f   WObjects.obj
 0001:0000e460       ?apiShowWindow@@YI_NPAUHWND__@@H@Z 1000f460 f   WUser.obj
 0001:0000e470       _wcschr                    1000f470 f   libCRT:strchr.obj
 0001:0000e4a0       _wcsrchr                   1000f4a0 f   libCRT:strrchr.obj
 0001:0000e4d0       _wcspbrk                   1000f4d0 f   libCRT:strpbrk.obj
 0001:0000e520       _memmove                   1000f520 f   libCRT:memmove.obj
 0001:0000e580       _memset                    1000f580 f   libCRT:memset.obj
 0001:0000e5c0       __allshr                   1000f5c0 f   libCRT:vc_llshr.obj
 0001:0000e5f0       __alldiv                   1000f5f0 f   libCRT:vc_lldiv.obj
 0001:0000e6a0       __allmul                   1000f6a0 f   libCRT:vc_llmul.obj
 0001:0000e6d4       _VerQueryValueW@16         1000f6d4 f   version:VERSION.dll
 0001:0000e6da       _GetFileVersionInfoW@16    1000f6da f   version:VERSION.dll
 0001:0000e6e0       _GetFileVersionInfoSizeW@8 1000f6e0 f   version:VERSION.dll
 0001:0000e6f0       __ftol2_sse                1000f6f0 f   libcmt:ftol2.obj
 0001:0000e6f9       __ftol2_pentium4           1000f6f9 f   libcmt:ftol2.obj
 0001:0000e70c       __ftol2_sse_excpt          1000f70c f   libcmt:ftol2.obj
 0001:0000e726       __ftol2                    1000f726 f   libcmt:ftol2.obj
 0001:0000e79c       __SEH_prolog               1000f79c f   libcmt:sehprolg.obj
 0001:0000e7d7       __SEH_epilog               1000f7d7 f   libcmt:sehprolg.obj
 0001:0000e7f0       __except_handler3          1000f7f0 f   libcmt:exsup3.obj
 0001:0000e8ee       __seh_longjmp_unwind@4     1000f8ee f   libcmt:exsup3.obj
 0001:0000e909       ___CppXcptFilter           1000f909 f i libcmt:dllcrt0.obj
 0001:0000e929       ___CRT_INIT@12             1000f929 f   libcmt:dllcrt0.obj
 0001:0000ead5       __CRT_INIT@12              1000fad5 f   libcmt:dllcrt0.obj
 0001:0000ed36       __DllMainCRTStartup@12     1000fd36 f   libcmt:dllcrt0.obj
 0001:0000ed9c       __get_sse2_info            1000fd9c f   libcmt:cpu_disp.obj
 0001:0000edfe       ___sse2_available_init     1000fdfe f   libcmt:cpu_disp.obj
 0001:0000ee0b       _CallDestructExceptionObject 1000fe0b f   libcmt:calldtor.obj
 0001:0000ee44       __global_unwind2           1000fe44 f   libcmt:exsup.obj
 0001:0000eea9       __local_unwind2            1000fea9 f   libcmt:exsup.obj
 0001:0000ef2d       __abnormal_termination     1000ff2d f   libcmt:exsup.obj
 0001:0000ef50       __NLG_Notify1              1000ff50 f   libcmt:exsup.obj
 0001:0000ef59       __NLG_Notify               1000ff59 f   libcmt:exsup.obj
 0001:0000ef70       __NLG_Dispatch             1000ff70     libcmt:exsup.obj
 0001:0000ef70       __NLG_Dispatch2            1000ff70     libcmt:exsup.obj
 0001:0000ef78       __NLG_Call                 1000ff78 f   libcmt:exsup.obj
 0001:0000ef7a       __NLG_Return2              1000ff7a     libcmt:exsup.obj
 0001:0000f040       __ValidateEH3RN            10010040 f   libcmt:eh3valid.obj
 0001:0000f3a8       ?OnThreadStopped@?$CQueueProcessor@PAUIMAGE_CACHE_INFO@@@@MAEXXZ 100103a8 f   ImgCache.obj
 0001:0000f3a8       ?SettingsLoadOtherW2800@@YIXXZ 100103a8 f   ConEmuTh2800.obj
 0001:0000f3a8       __initp_misc_winxfltr      100103a8 f   libcmt:winxfltr.obj
 0001:0000f3a8       ?LoadPanelItemInfoA@@YIXPAUCeFullPanelInfo@@H@Z 100103a8 f   ConEmuThA.obj
 0001:0000f3a8       ?SettingsLoadOtherW1900@@YIXXZ 100103a8 f   ConEmuTh1900.obj
 0001:0000f3a9       __XcptFilter               100103a9 f   libcmt:winxfltr.obj
 0001:0000f509       __initterm_e               10010509 f i libcmt:crt0dat.obj
 0001:0000f52d       __amsg_exit                1001052d f   libcmt:crt0dat.obj
 0001:0000f556       ___crtCorExitProcess       10010556 f   libcmt:crt0dat.obj
 0001:0000f581       ___crtExitProcess          10010581 f   libcmt:crt0dat.obj
 0001:0000f5b6       __get_osplatform           100105b6 f   libcmt:crt0dat.obj
 0001:0000f5f2       __get_winmajor             100105f2 f   libcmt:crt0dat.obj
 0001:0000f633       __cinit                    10010633 f   libcmt:crt0dat.obj
 0001:0000f789       __exit                     10010789 f   libcmt:crt0dat.obj
 0001:0000f79f       __cexit                    1001079f f   libcmt:crt0dat.obj
 0001:0000f7ae       __init_pointers            100107ae f   libcmt:crt0dat.obj
 0001:0000f7f0       __encode_pointer           100107f0 f   libcmt:tidtable.obj
 0001:0000f863       __encoded_null             10010863 f   libcmt:tidtable.obj
 0001:0000f86c       __decode_pointer           1001086c f   libcmt:tidtable.obj
 0001:0000f8df       ___crtTlsAlloc@4           100108df f   libcmt:tidtable.obj
 0001:0000f8e8       ___set_flsgetvalue         100108e8 f   libcmt:tidtable.obj
 0001:0000f912       __mtterm                   10010912 f   libcmt:tidtable.obj
 0001:0000f94f       __initptd                  1001094f f   libcmt:tidtable.obj
 0001:0000fa17       __getptd_noexit            10010a17 f   libcmt:tidtable.obj
 0001:0000fa93       __getptd                   10010a93 f   libcmt:tidtable.obj
 0001:0000faad       __freefls@4                10010aad f   libcmt:tidtable.obj
 0001:0000fbf8       __freeptd                  10010bf8 f   libcmt:tidtable.obj
 0001:0000fc66       __mtinit                   10010c66 f   libcmt:tidtable.obj
 0001:0000fde0       _free                      10010de0 f   libcmt:free.obj
 0001:0000fe6e       __calloc_impl              10010e6e f   libcmt:calloc.obj
 0001:0000ff8c       _calloc                    10010f8c f   libcmt:calloc.obj
 0001:0000ffcd       __ioinit                   10010fcd f   libcmt:ioinit.obj
 0001:00010207       __ioterm                   10011207 f   libcmt:ioinit.obj
 0001:00010255       __setenvp                  10011255 f   libcmt:stdenvp.obj
 0001:0001035b       _ULongLongToULong          1001135b f i libcmt:stdargv.obj
 0001:00010386       _ULongAdd                  10011386 f i libcmt:stdargv.obj
 0001:0001058f       __setargv                  1001158f f   libcmt:stdargv.obj
 0001:0001067e       ___crtGetEnvironmentStringsA 1001167e f   libcmt:a_env.obj
 0001:000107b5       ___heap_select             100117b5 f   libcmt:heapinit.obj
 0001:00010812       __heap_init                10011812 f   libcmt:heapinit.obj
 0001:00010872       __heap_term                10011872 f   libcmt:heapinit.obj
 0001:000108e6       @__security_check_cookie@4 100118e6 f   libcmt:secchk.obj
 0001:000108f6       ___security_init_cookie    100118f6 f   libcmt:gs_support.obj
 0001:00010988       __SEH_prolog4              10011988 f   libcmt:sehprolg4.obj
 0001:000109cd       __SEH_epilog4              100119cd f   libcmt:sehprolg4.obj
 0001:000109f0       __except_handler4          100119f0 f   libcmt:chandler4.obj
 0001:00010b80       __ValidateImageBase        10011b80 f   libcmt:pesect.obj
 0001:00010bc0       __FindPESection            10011bc0 f   libcmt:pesect.obj
 0001:00010c04       __IsNonwritableInCurrentImage 10011c04 f   libcmt:pesect.obj
 0001:00010c70       __NMSG_WRITE               10011c70 f   libcmt:crt0msg.obj
 0001:00010df5       __FF_MSGBANNER             10011df5 f   libcmt:crt0msg.obj
 0001:00010e2e       __mtinitlocks              10011e2e f   libcmt:mlock.obj
 0001:00010e7f       __mtdeletelocks            10011e7f f   libcmt:mlock.obj
 0001:00010ed6       __unlock                   10011ed6 f   libcmt:mlock.obj
 0001:00010eed       __mtinitlocknum            10011eed f   libcmt:mlock.obj
 0001:00010fb0       __lock                     10011fb0 f   libcmt:mlock.obj
 0001:00010fe3       __invoke_watson            10011fe3 f   libcmt:invarg.obj
 0001:00011089       __invalid_parameter        10012089 f   libcmt:invarg.obj
 0001:00011094       __get_errno_from_oserr     10012094 f   libcmt:dosmap.obj
 0001:000110d6       __errno                    100120d6 f   libcmt:dosmap.obj
 0001:000110e9       __initp_misc_cfltcvt_tab   100120e9 f   libcmt:cmiscdat.obj
 0001:0001110a       ?terminate@@YAXXZ          1001210a f   libcmt:hooks.obj
 0001:00011143       __initp_eh_hooks           10012143 f   libcmt:hooks.obj
 0001:00011154       __initp_misc_winsig        10012154 f   libcmt:winsig.obj
 0001:000111a9       ___get_sigabrt             100121a9 f   libcmt:winsig.obj
 0001:000111b6       _raise                     100121b6 f   libcmt:winsig.obj
 0001:00011366       __initp_misc_rand_s        10012366 f   libcmt:rand_s.obj
 0001:00011375       __initp_misc_initcrit      10012375 f   libcmt:initcrit.obj
 0001:00011399       ___crtInitCritSecAndSpinCount 10012399 f   libcmt:initcrit.obj
 0001:0001146d       ___crtInitCritSecAndSpinCountEx 1001246d f   libcmt:initcrit.obj
 0001:00011481       __initp_heap_handler       10012481 f   libcmt:handler.obj
 0001:00011490       __callnewh                 10012490 f   libcmt:handler.obj
 0001:000114b8       ___freetlocinfo            100124b8 f   libcmt:setlocal.obj
 0001:00011601       ___addlocaleref            10012601 f   libcmt:setlocal.obj
 0001:00011690       ___removelocaleref         10012690 f   libcmt:setlocal.obj
 0001:00011767       ___updatetlocinfo          10012767 f   libcmt:setlocal.obj
 0001:00011a08       ___updatetmbcinfo          10012a08 f   libcmt:mbctype.obj
 0001:00011ab3       ??0_LocaleUpdate@@QAE@PAUlocaleinfo_struct@@@Z 10012ab3 f i libcmt:mbctype.obj
 0001:00011bd0       __setmbcp_nolock           10012bd0 f   libcmt:mbctype.obj
 0001:00011d87       __setmbcp                  10012d87 f   libcmt:mbctype.obj
 0001:00011f21       ___initmbctable            10012f21 f   libcmt:mbctype.obj
 0001:00011f3f       __calloc_crt               10012f3f f   libcmt:crtheap.obj
 0001:00011f8b       ___sbh_heap_init           10012f8b f   libcmt:sbheap.obj
 0001:00011fd9       ___sbh_find_block          10012fd9 f   libcmt:sbheap.obj
 0001:00012009       ___sbh_free_block          10013009 f   libcmt:sbheap.obj
 0001:0001231f       ___sbh_alloc_new_region    1001331f f   libcmt:sbheap.obj
 0001:000123cf       ___sbh_alloc_new_group     100133cf f   libcmt:sbheap.obj
 0001:000124d7       ___sbh_alloc_block         100134d7 f   libcmt:sbheap.obj
 0001:000127bc       _strcpy_s                  100137bc f   libcmt:strcpy_s.obj
 0001:00012877       __ismbblead                10013877 f   libcmt:ismbbyte.obj
 0001:0001288f       _V6_HeapAlloc              1001388f f   libcmt:malloc.obj
 0001:000128de       _malloc                    100138de f   libcmt:malloc.obj
 0001:000129b0       _memcpy                    100139b0 f   libcmt:memcpy.obj
 0001:00012d15       ___report_gsfailure        10013d15 f   libcmt:gs_report.obj
 0001:00012df8       __local_unwind4            10013df8 f   libcmt:exsup4.obj
 0001:00012ece       __seh_longjmp_unwind4@4    10013ece f   libcmt:exsup4.obj
 0001:00012eea       @_EH4_CallFilterFunc@8     10013eea f   libcmt:exsup4.obj
 0001:00012f01       @_EH4_TransferToHandler@8  10013f01 f   libcmt:exsup4.obj
 0001:00012f1a       @_EH4_GlobalUnwind@4       10013f1a f   libcmt:exsup4.obj
 0001:00012f34       @_EH4_LocalUnwind@16       10013f34 f   libcmt:exsup4.obj
 0001:00012f4b       ___crtMessageBoxA          10013f4b f   libcmt:crtmbox.obj
 0001:000130ed       _strcat_s                  100140ed f   libcmt:strcat_s.obj
 0001:00013161       __set_error_mode           10014161 f   libcmt:errmode.obj
 0001:000131ac       __fptrap                   100141ac f   libcmt:crt0fp.obj
 0001:000131b5       _abort                     100141b5 f   libcmt:abort.obj
 0001:000132cc       ___free_lc_time            100142cc f   libcmt:inittime.obj
 0001:00013643       ___free_lconv_num          10014643 f   libcmt:initnum.obj
 0001:000136ac       ___free_lconv_mon          100146ac f   libcmt:initmon.obj
 0001:000137aa       __MarkAllocaS              100147aa f i libcmt:_strftime.obj
 0001:000137c0       __freea                    100147c0 f i libcmt:_strftime.obj
 0001:000137e0       _strcspn                   100147e0 f   libcmt:strcspn.obj
 0001:000139e0       ___crtGetStringTypeA       100149e0 f   libcmt:_a_str.obj
 0001:00013ed6       ___crtLCMapStringA         10014ed6 f   libcmt:_a_map.obj
 0001:00013fa3       __VEC_memcpy               10014fa3 f   libcmt:p4_memcpy.obj
 0001:00014090       ___ascii_stricmp           10015090 f   libcmt:_stricmp.obj
 0001:000140de       __isleadbyte_l             100150de f i libcmt:__wctype.obj
 0001:00014120       __alloca_probe_16          10015120 f   libcmt:alloca16.obj
 0001:00014136       __alloca_probe_8           10015136     libcmt:alloca16.obj
 0001:0001414c       _atol                      1001514c f   libcmt:atox.obj
 0001:0001416e       ___ansicp                  1001516e f   libcmt:convrtcp.obj
 0001:000141b7       ___convertcp               100151b7 f   libcmt:convrtcp.obj
 0001:00014371       __resetstkoflw             10015371 f   libcmt:resetstk.obj
 0001:000144d8       __SEH_prolog4_GS           100154d8 f   libcmt:sehprolg4gs.obj
 0001:00014520       __SEH_epilog4_GS           10015520 f   libcmt:sehprolg4gs.obj
 0001:00014530       __alloca_probe             10015530     libcmt:chkstk.obj
 0001:00014530       __chkstk                   10015530 f   libcmt:chkstk.obj
 0001:00014796       _strtolX                   10015796 f   libcmt:_strtol.obj
 0001:000147d0       ___ascii_strnicmp          100157d0 f   libcmt:_strnicm.obj
 0001:00014840       __aulldvrm                 10015840 f   libcmt:ulldvrm.obj
 0001:000148d5       __isctype_l                100158d5 f   libcmt:_isctype.obj
 0001:000149a0       _strchr                    100159a0 f   libcmt:strchr.obj
 0001:000149a6       ___from_strstr_to_strchr   100159a6     libcmt:strchr.obj
 0001:00014a5e       _Thread32Next@8            10015a5e f   kernel32:KERNEL32.dll
 0001:00014a64       _Thread32First@8           10015a64 f   kernel32:KERNEL32.dll
 0001:00014a6a       _CreateToolhelp32Snapshot@8 10015a6a f   kernel32:KERNEL32.dll
 0001:00014a70       _Process32NextW@8          10015a70 f   kernel32:KERNEL32.dll
 0001:00014a76       _Process32FirstW@8         10015a76 f   kernel32:KERNEL32.dll
 0001:00014a7c       _RtlUnwind@16              10015a7c f   kernel32:KERNEL32.dll
 0002:00000000       __imp__RegCreateKeyExW@36  10016000     advapi32:ADVAPI32.dll
 0002:00000004       __imp__RegSetValueExW@24   10016004     advapi32:ADVAPI32.dll
 0002:00000008       __imp__RegOpenKeyExW@20    10016008     advapi32:ADVAPI32.dll
 0002:0000000c       __imp__RegQueryValueExW@24 1001600c     advapi32:ADVAPI32.dll
 0002:00000010       __imp__RegCloseKey@4       10016010     advapi32:ADVAPI32.dll
 0002:00000014       \177ADVAPI32_NULL_THUNK_DATA 10016014     advapi32:ADVAPI32.dll
 0002:00000018       __imp__CreateCompatibleBitmap@12 10016018     gdi32:GDI32.dll
 0002:0000001c       __imp__CreateCompatibleDC@4 1001601c     gdi32:GDI32.dll
 0002:00000020       __imp__CreateFontW@56      10016020     gdi32:GDI32.dll
 0002:00000024       __imp__BitBlt@36           10016024     gdi32:GDI32.dll
 0002:00000028       __imp__CreateDIBSection@24 10016028     gdi32:GDI32.dll
 0002:0000002c       __imp__GdiFlush@0          1001602c     gdi32:GDI32.dll
 0002:00000030       __imp__GetObjectW@12       10016030     gdi32:GDI32.dll
 0002:00000034       __imp__StretchBlt@44       10016034     gdi32:GDI32.dll
 0002:00000038       __imp__GdiAlphaBlend@44    10016038     gdi32:GDI32.dll
 0002:0000003c       __imp__SetStretchBltMode@8 1001603c     gdi32:GDI32.dll
 0002:00000040       __imp__DeleteDC@4          10016040     gdi32:GDI32.dll
 0002:00000044       __imp__SelectObject@8      10016044     gdi32:GDI32.dll
 0002:00000048       __imp__Rectangle@20        10016048     gdi32:GDI32.dll
 0002:0000004c       __imp__SetTextColor@8      1001604c     gdi32:GDI32.dll
 0002:00000050       __imp__SetBkColor@8        10016050     gdi32:GDI32.dll
 0002:00000054       __imp__CreatePen@12        10016054     gdi32:GDI32.dll
 0002:00000058       __imp__MoveToEx@16         10016058     gdi32:GDI32.dll
 0002:0000005c       __imp__LineTo@12           1001605c     gdi32:GDI32.dll
 0002:00000060       __imp__GetStockObject@4    10016060     gdi32:GDI32.dll
 0002:00000064       __imp__CreateSolidBrush@4  10016064     gdi32:GDI32.dll
 0002:00000068       __imp__DeleteObject@4      10016068     gdi32:GDI32.dll
 0002:0000006c       \177GDI32_NULL_THUNK_DATA  1001606c     gdi32:GDI32.dll
 0002:00000070       __imp__lstrcatW@8          10016070     kernel32:KERNEL32.dll
 0002:00000074       __imp__lstrcpyW@8          10016074     kernel32:KERNEL32.dll
 0002:00000078       __imp__Thread32Next@8      10016078     kernel32:KERNEL32.dll
 0002:0000007c       __imp__Thread32First@8     1001607c     kernel32:KERNEL32.dll
 0002:00000080       __imp__CreateToolhelp32Snapshot@8 10016080     kernel32:KERNEL32.dll
 0002:00000084       __imp__VirtualProtect@16   10016084     kernel32:KERNEL32.dll
 0002:00000088       __imp__WriteConsoleInputW@16 10016088     kernel32:KERNEL32.dll
 0002:0000008c       __imp__GetStdHandle@4      1001608c     kernel32:KERNEL32.dll
 0002:00000090       __imp__WideCharToMultiByte@32 10016090     kernel32:KERNEL32.dll
 0002:00000094       __imp__LocalFree@4         10016094     kernel32:KERNEL32.dll
 0002:00000098       __imp__ReadConsoleInputW@16 10016098     kernel32:KERNEL32.dll
 0002:0000009c       __imp__TerminateThread@8   1001609c     kernel32:KERNEL32.dll
 0002:000000a0       __imp__lstrcpynA@12        100160a0     kernel32:KERNEL32.dll
 0002:000000a4       __imp__MultiByteToWideChar@24 100160a4     kernel32:KERNEL32.dll
 0002:000000a8       __imp__lstrlenA@4          100160a8     kernel32:KERNEL32.dll
 0002:000000ac       __imp__LocalAlloc@8        100160ac     kernel32:KERNEL32.dll
 0002:000000b0       __imp__FileTimeToSystemTime@8 100160b0     kernel32:KERNEL32.dll
 0002:000000b4       __imp__GetExitCodeThread@8 100160b4     kernel32:KERNEL32.dll
 0002:000000b8       __imp__WaitForMultipleObjects@16 100160b8     kernel32:KERNEL32.dll
 0002:000000bc       __imp__CreateThread@24     100160bc     kernel32:KERNEL32.dll
 0002:000000c0       __imp__CreateEventW@16     100160c0     kernel32:KERNEL32.dll
 0002:000000c4       __imp__SetEvent@4          100160c4     kernel32:KERNEL32.dll
 0002:000000c8       __imp__FindClose@4         100160c8     kernel32:KERNEL32.dll
 0002:000000cc       __imp__FindNextFileW@8     100160cc     kernel32:KERNEL32.dll
 0002:000000d0       __imp__FreeLibrary@4       100160d0     kernel32:KERNEL32.dll
 0002:000000d4       __imp__FindFirstFileW@8    100160d4     kernel32:KERNEL32.dll
 0002:000000d8       __imp__GetTempPathW@8      100160d8     kernel32:KERNEL32.dll
 0002:000000dc       __imp__IsBadReadPtr@8      100160dc     kernel32:KERNEL32.dll
 0002:000000e0       __imp__ResetEvent@4        100160e0     kernel32:KERNEL32.dll
 0002:000000e4       __imp__HeapCreate@12       100160e4     kernel32:KERNEL32.dll
 0002:000000e8       __imp__HeapDestroy@4       100160e8     kernel32:KERNEL32.dll
 0002:000000ec       __imp__HeapAlloc@12        100160ec     kernel32:KERNEL32.dll
 0002:000000f0       __imp__HeapReAlloc@16      100160f0     kernel32:KERNEL32.dll
 0002:000000f4       __imp__HeapFree@12         100160f4     kernel32:KERNEL32.dll
 0002:000000f8       __imp__OpenThread@12       100160f8     kernel32:KERNEL32.dll
 0002:000000fc       __imp__InitializeCriticalSection@4 100160fc     kernel32:KERNEL32.dll
 0002:00000100       __imp__DeleteCriticalSection@4 10016100     kernel32:KERNEL32.dll
 0002:00000104       __imp__EnterCriticalSection@4 10016104     kernel32:KERNEL32.dll
 0002:00000108       __imp__LeaveCriticalSection@4 10016108     kernel32:KERNEL32.dll
 0002:0000010c       __imp__TryEnterCriticalSection@4 1001610c     kernel32:KERNEL32.dll
 0002:00000110       __imp__VerifyVersionInfoW@16 10016110     kernel32:KERNEL32.dll
 0002:00000114       __imp__VerSetConditionMask@16 10016114     kernel32:KERNEL32.dll
 0002:00000118       __imp__ReadConsoleOutputW@20 10016118     kernel32:KERNEL32.dll
 0002:0000011c       __imp__GetConsoleScreenBufferInfo@8 1001611c     kernel32:KERNEL32.dll
 0002:00000120       __imp__GetFileInformationByHandle@8 10016120     kernel32:KERNEL32.dll
 0002:00000124       __imp__GetCurrentProcess@0 10016124     kernel32:KERNEL32.dll
 0002:00000128       __imp__Process32NextW@8    10016128     kernel32:KERNEL32.dll
 0002:0000012c       __imp__CreateFileMappingW@24 1001612c     kernel32:KERNEL32.dll
 0002:00000130       __imp__VirtualFree@12      10016130     kernel32:KERNEL32.dll
 0002:00000134       __imp__VirtualAlloc@16     10016134     kernel32:KERNEL32.dll
 0002:00000138       __imp__GetSystemInfo@4     10016138     kernel32:KERNEL32.dll
 0002:0000013c       __imp__ExpandEnvironmentStringsW@12 1001613c     kernel32:KERNEL32.dll
 0002:00000140       __imp__GetEnvironmentVariableW@12 10016140     kernel32:KERNEL32.dll
 0002:00000144       __imp__GetCommandLineA@0   10016144     kernel32:KERNEL32.dll
 0002:00000148       __imp__GetVersionExA@4     10016148     kernel32:KERNEL32.dll
 0002:0000014c       __imp__RtlUnwind@16        1001614c     kernel32:KERNEL32.dll
 0002:00000150       __imp__VirtualQuery@12     10016150     kernel32:KERNEL32.dll
 0002:00000154       __imp__InterlockedExchange@8 10016154     kernel32:KERNEL32.dll
 0002:00000158       __imp__GetModuleHandleA@4  10016158     kernel32:KERNEL32.dll
 0002:0000015c       __imp__ExitProcess@4       1001615c     kernel32:KERNEL32.dll
 0002:00000160       __imp__TlsGetValue@4       10016160     kernel32:KERNEL32.dll
 0002:00000164       __imp__TlsAlloc@0          10016164     kernel32:KERNEL32.dll
 0002:00000168       __imp__TlsSetValue@8       10016168     kernel32:KERNEL32.dll
 0002:0000016c       __imp__TlsFree@4           1001616c     kernel32:KERNEL32.dll
 0002:00000170       __imp__InterlockedIncrement@4 10016170     kernel32:KERNEL32.dll
 0002:00000174       __imp__InterlockedDecrement@4 10016174     kernel32:KERNEL32.dll
 0002:00000178       __imp__SetHandleCount@4    10016178     kernel32:KERNEL32.dll
 0002:0000017c       __imp__GetFileType@4       1001617c     kernel32:KERNEL32.dll
 0002:00000180       __imp__GetStartupInfoA@4   10016180     kernel32:KERNEL32.dll
 0002:00000184       __imp__GetModuleFileNameA@12 10016184     kernel32:KERNEL32.dll
 0002:00000188       __imp__FreeEnvironmentStringsA@4 10016188     kernel32:KERNEL32.dll
 0002:0000018c       __imp__LoadLibraryW@4      1001618c     kernel32:KERNEL32.dll
 0002:00000190       __imp__FreeEnvironmentStringsW@4 10016190     kernel32:KERNEL32.dll
 0002:00000194       __imp__GetEnvironmentStringsW@0 10016194     kernel32:KERNEL32.dll
 0002:00000198       __imp__QueryPerformanceCounter@4 10016198     kernel32:KERNEL32.dll
 0002:0000019c       __imp__GetSystemTimeAsFileTime@4 1001619c     kernel32:KERNEL32.dll
 0002:000001a0       __imp__OutputDebugStringA@4 100161a0     kernel32:KERNEL32.dll
 0002:000001a4       __imp__LoadLibraryExA@12   100161a4     kernel32:KERNEL32.dll
 0002:000001a8       __imp__GetCPInfo@8         100161a8     kernel32:KERNEL32.dll
 0002:000001ac       __imp__GetACP@0            100161ac     kernel32:KERNEL32.dll
 0002:000001b0       __imp__GetOEMCP@0          100161b0     kernel32:KERNEL32.dll
 0002:000001b4       __imp__TerminateProcess@8  100161b4     kernel32:KERNEL32.dll
 0002:000001b8       __imp__UnhandledExceptionFilter@4 100161b8     kernel32:KERNEL32.dll
 0002:000001bc       __imp__SetUnhandledExceptionFilter@4 100161bc     kernel32:KERNEL32.dll
 0002:000001c0       __imp__GetLocaleInfoA@16   100161c0     kernel32:KERNEL32.dll
 0002:000001c4       __imp__GetStringTypeA@20   100161c4     kernel32:KERNEL32.dll
 0002:000001c8       __imp__GetStringTypeW@16   100161c8     kernel32:KERNEL32.dll
 0002:000001cc       __imp__LCMapStringA@24     100161cc     kernel32:KERNEL32.dll
 0002:000001d0       __imp__LCMapStringW@24     100161d0     kernel32:KERNEL32.dll
 0002:000001d4       __imp__WriteFile@20        100161d4     kernel32:KERNEL32.dll
 0002:000001d8       __imp__TransactNamedPipe@28 100161d8     kernel32:KERNEL32.dll
 0002:000001dc       __imp__ReadFile@20         100161dc     kernel32:KERNEL32.dll
 0002:000001e0       __imp__CreateFileW@28      100161e0     kernel32:KERNEL32.dll
 0002:000001e4       __imp__WaitForSingleObject@8 100161e4     kernel32:KERNEL32.dll
 0002:000001e8       __imp__WaitNamedPipeW@8    100161e8     kernel32:KERNEL32.dll
 0002:000001ec       __imp__Sleep@4             100161ec     kernel32:KERNEL32.dll
 0002:000001f0       __imp__SetNamedPipeHandleState@16 100161f0     kernel32:KERNEL32.dll
 0002:000001f4       __imp__GetModuleFileNameW@12 100161f4     kernel32:KERNEL32.dll
 0002:000001f8       __imp__OpenFileMappingW@12 100161f8     kernel32:KERNEL32.dll
 0002:000001fc       __imp__MapViewOfFile@20    100161fc     kernel32:KERNEL32.dll
 0002:00000200       __imp__UnmapViewOfFile@4   10016200     kernel32:KERNEL32.dll
 0002:00000204       __imp__CloseHandle@4       10016204     kernel32:KERNEL32.dll
 0002:00000208       __imp__SetLastError@4      10016208     kernel32:KERNEL32.dll
 0002:0000020c       __imp__GetCurrentThreadId@0 1001620c     kernel32:KERNEL32.dll
 0002:00000210       __imp__GetCurrentProcessId@0 10016210     kernel32:KERNEL32.dll
 0002:00000214       __imp__GetTickCount@0      10016214     kernel32:KERNEL32.dll
 0002:00000218       __imp__GetLastError@0      10016218     kernel32:KERNEL32.dll
 0002:0000021c       __imp__IsDebuggerPresent@0 1001621c     kernel32:KERNEL32.dll
 0002:00000220       __imp__lstrcmpiW@8         10016220     kernel32:KERNEL32.dll
 0002:00000224       __imp__lstrcmpW@8          10016224     kernel32:KERNEL32.dll
 0002:00000228       __imp__GetModuleHandleW@4  10016228     kernel32:KERNEL32.dll
 0002:0000022c       __imp__GetProcAddress@8    1001622c     kernel32:KERNEL32.dll
 0002:00000230       __imp__lstrcpynW@12        10016230     kernel32:KERNEL32.dll
 0002:00000234       __imp__lstrlenW@4          10016234     kernel32:KERNEL32.dll
 0002:00000238       __imp__SetEnvironmentVariableW@8 10016238     kernel32:KERNEL32.dll
 0002:0000023c       __imp__Process32FirstW@8   1001623c     kernel32:KERNEL32.dll
 0002:00000240       __imp__GetEnvironmentStrings@0 10016240     kernel32:KERNEL32.dll
 0002:00000244       \177KERNEL32_NULL_THUNK_DATA 10016244     kernel32:KERNEL32.dll
 0002:00000248       __imp__SHGetFileInfoW@20   10016248     shell32:SHELL32.dll
 0002:0000024c       \177SHELL32_NULL_THUNK_DATA 1001624c     shell32:SHELL32.dll
 0002:00000250       __imp__RegisterWindowMessageW@4 10016250     user32:USER32.dll
 0002:00000254       __imp__ReleaseDC@8         10016254     user32:USER32.dll
 0002:00000258       __imp__GetDC@4             10016258     user32:USER32.dll
 0002:0000025c       __imp__DestroyIcon@4       1001625c     user32:USER32.dll
 0002:00000260       __imp__DrawIconEx@36       10016260     user32:USER32.dll
 0002:00000264       __imp__GetIconInfo@8       10016264     user32:USER32.dll
 0002:00000268       __imp__LoadIconW@8         10016268     user32:USER32.dll
 0002:0000026c       __imp__ShowWindow@8        1001626c     user32:USER32.dll
 0002:00000270       __imp__DispatchMessageW@4  10016270     user32:USER32.dll
 0002:00000274       __imp__LoadCursorW@8       10016274     user32:USER32.dll
 0002:00000278       __imp__RegisterClassW@4    10016278     user32:USER32.dll
 0002:0000027c       __imp__CreateWindowExW@48  1001627c     user32:USER32.dll
 0002:00000280       __imp__GetWindowLongW@8    10016280     user32:USER32.dll
 0002:00000284       __imp__SetWindowLongW@12   10016284     user32:USER32.dll
 0002:00000288       __imp__DefWindowProcW@16   10016288     user32:USER32.dll
 0002:0000028c       __imp__DestroyWindow@4     1001628c     user32:USER32.dll
 0002:00000290       __imp__PostThreadMessageW@16 10016290     user32:USER32.dll
 0002:00000294       __imp__GetMessageW@16      10016294     user32:USER32.dll
 0002:00000298       __imp__EndPaint@8          10016298     user32:USER32.dll
 0002:0000029c       __imp__InvalidateRect@12   1001629c     user32:USER32.dll
 0002:000002a0       __imp__DrawTextW@20        100162a0     user32:USER32.dll
 0002:000002a4       __imp__FillRect@12         100162a4     user32:USER32.dll
 0002:000002a8       __imp__ShowWindowAsync@8   100162a8     user32:USER32.dll
 0002:000002ac       __imp__PostMessageW@16     100162ac     user32:USER32.dll
 0002:000002b0       __imp__GetWindowThreadProcessId@8 100162b0     user32:USER32.dll
 0002:000002b4       __imp__MessageBoxW@16      100162b4     user32:USER32.dll
 0002:000002b8       __imp__IsWindowVisible@4   100162b8     user32:USER32.dll
 0002:000002bc       __imp__GetClientRect@8     100162bc     user32:USER32.dll
 0002:000002c0       __imp__MapWindowPoints@16  100162c0     user32:USER32.dll
 0002:000002c4       __imp__ChildWindowFromPointEx@16 100162c4     user32:USER32.dll
 0002:000002c8       __imp__WindowFromPoint@8   100162c8     user32:USER32.dll
 0002:000002cc       __imp__GetClassNameW@12    100162cc     user32:USER32.dll
 0002:000002d0       __imp__IntersectRect@12    100162d0     user32:USER32.dll
 0002:000002d4       __imp__GetKeyState@4       100162d4     user32:USER32.dll
 0002:000002d8       __imp__wsprintfW           100162d8     user32:USER32.dll
 0002:000002dc       __imp__IsWindow@4          100162dc     user32:USER32.dll
 0002:000002e0       __imp__MapVirtualKeyW@8    100162e0     user32:USER32.dll
 0002:000002e4       __imp__BeginPaint@8        100162e4     user32:USER32.dll
 0002:000002e8       __imp__UnregisterClassW@8  100162e8     user32:USER32.dll
 0002:000002ec       \177USER32_NULL_THUNK_DATA 100162ec     user32:USER32.dll
 0002:000002f0       __imp__GetFileVersionInfoW@16 100162f0     version:VERSION.dll
 0002:000002f4       __imp__VerQueryValueW@16   100162f4     version:VERSION.dll
 0002:000002f8       __imp__GetFileVersionInfoSizeW@8 100162f8     version:VERSION.dll
 0002:000002fc       \177VERSION_NULL_THUNK_DATA 100162fc     version:VERSION.dll
 0002:00000300       __imp__CoInitialize@4      10016300     ole32:ole32.dll
 0002:00000304       __imp__CoUninitialize@0    10016304     ole32:ole32.dll
 0002:00000308       \177ole32_NULL_THUNK_DATA  10016308     ole32:ole32.dll
 0002:0000030c       ___xc_a                    1001630c     libcmt:crt0init.obj
 0002:00000310       ___xc_z                    10016310     libcmt:crt0init.obj
 0002:00000314       ___xi_a                    10016314     libcmt:crt0init.obj
 0002:00000320       ___xi_z                    10016320     libcmt:crt0init.obj
 0002:00000324       ___xp_a                    10016324     libcmt:crt0init.obj
 0002:00000328       ___xp_z                    10016328     libcmt:crt0init.obj
 0002:0000032c       ___xt_a                    1001632c     libcmt:crt0init.obj
 0002:00000330       ___xt_z                    10016330     libcmt:crt0init.obj
 0002:00000338       ??_C@_19IJOJOJIB@?$AAP?$AAA?$AAT?$AAH?$AA?$AA@ 10016338     CmdArg.obj
 0002:00000348       ??_C@_1EHK@JMHPNAMN@?$AAA?$AAC?$AAT?$AAI?$AAV?$AAA?$AAT?$AAE?$AA?$AA?$AAA?$AAL?$AAI?$AAA?$AAS?$AA?$AA?$AAA?$AAS?$AAS?$AAO?$AAC?$AA?$AA?$AAA?$AAT?$AAT?$AAR?$AAI?$AAB?$AA?$AA?$AAB?$AAE?$AAE?$AAP@ 10016348     CmdLine.obj
 0002:000007c4       ??_C@_1BK@MGMFAEKH@?$AAk?$AAe?$AAr?$AAn?$AAe?$AAl?$AA3?$AA2?$AA?4?$AAd?$AAl?$AAl?$AA?$AA@ 100167c4     CmdLine.obj
 0002:000007e0       ??_C@_11LOCGONAA@?$AA?$AA@ 100167e0     CmdLine.obj
 0002:000007e4       ??_C@_13FPGAJAPJ@?$AA?2?$AA?$AA@ 100167e4     CmdLine.obj
 0002:000007e8       ??_C@_19DOGDICKI@?$AA?4?$AAe?$AAx?$AAe?$AA?$AA@ 100167e8     CmdLine.obj
 0002:000007f4       ??_C@_1BA@LEPJIIOK@?$AAU?$AAn?$AAk?$AAn?$AAo?$AAw?$AAn?$AA?$AA@ 100167f4     ConEmuCheck.obj
 0002:00000808       ??_C@_1EM@INHGIPLC@?$AA?$CF?$AAs?$AA?4?$AA?$CF?$AAu?$AA?3?$AA?5?$AAC?$AAr?$AAe?$AAa?$AAt?$AAe?$AAF?$AAi?$AAl?$AAe?$AA?$CI?$AA?$CF?$AAs?$AA?$CJ?$AA?5?$AAf?$AAa?$AAi?$AAl?$AAe?$AAd?$AA?0?$AA?5?$AAc?$AAo@ 10016808     ConEmuCheck.obj
 0002:00000854       ??_C@_1DC@MJLCOFMA@?$AA?2?$AA?2?$AA?$CF?$AAs?$AA?2?$AAp?$AAi?$AAp?$AAe?$AA?2?$AAC?$AAo?$AAn?$AAE?$AAm?$AAu?$AAG?$AAu?$AAi?$AA?4?$AA?$CF?$AA0?$AA8?$AAX?$AA?$AA@ 10016854     ConEmuCheck.obj
 0002:00000888       ??_C@_13JOFGPIOO@?$AA?4?$AA?$AA@ 10016888     ConEmuCheck.obj
 0002:00000890       ??_C@_1FO@BGAPBIGG@?$AAC?$AAa?$AAn?$AA?8?$AAt?$AA?5?$AAm?$AAa?$AAp?$AA?5?$AAc?$AAo?$AAn?$AAs?$AAo?$AAl?$AAe?$AA?5?$AAi?$AAn?$AAf?$AAo?$AA?5?$AA?$CI?$AA?$CF?$AAs?$AA?$CJ?$AA?4?$AA?5?$AAE?$AAr?$AAr@ 10016890     ConEmuCheck.obj
 0002:000008f0       ??_C@_19EOHDNDII@?$AAR?$AAe?$AAa?$AAd?$AA?$AA@ 100168f0     ConEmuCheck.obj
 0002:000008fc       ??_C@_1BE@HADLJAO@?$AAR?$AAe?$AAa?$AAd?$AAW?$AAr?$AAi?$AAt?$AAe?$AA?$AA@ 100168fc     ConEmuCheck.obj
 0002:00000910       ??_C@_1GM@LGOLGABE@?$AAC?$AAa?$AAn?$AA?8?$AAt?$AA?5?$AA?$CF?$AAs?$AA?5?$AAc?$AAo?$AAn?$AAs?$AAo?$AAl?$AAe?$AA?5?$AAd?$AAa?$AAt?$AAa?$AA?5?$AAf?$AAi?$AAl?$AAe?$AA?5?$AAm?$AAa?$AAp?$AAp?$AAi@ 10016910     ConEmuCheck.obj
 0002:0000097c       ??_C@_19BDAJEHDN@?$AAo?$AAp?$AAe?$AAn?$AA?$AA@ 1001697c     ConEmuCheck.obj
 0002:00000988       ??_C@_1O@KBENBEFG@?$AAc?$AAr?$AAe?$AAa?$AAt?$AAe?$AA?$AA@ 10016988     ConEmuCheck.obj
 0002:00000998       ??_C@_1GK@OGACKIKJ@?$AAI?$AAn?$AAt?$AAe?$AAr?$AAn?$AAa?$AAl?$AA?5?$AAe?$AAr?$AAr?$AAo?$AAr?$AA?4?$AA?5?$AAM?$AAa?$AAp?$AAp?$AAi?$AAn?$AAg?$AA?5?$AAf?$AAi?$AAl?$AAe?$AA?5?$AAn?$AAa?$AAm@ 10016998     ConEmuCheck.obj
 0002:00000a04       ??_C@_0BF@NLPJFAHE@ProcessSynchroEventW?$AA@ 10016a04     ConEmuTh.obj
 0002:00000a1c       ??_C@_08BCACMCCB@ExitFARW?$AA@ 10016a1c     ConEmuTh.obj
 0002:00000a28       ??_C@_1CA@GGFPMHLH@?$AA?6?$AAE?$AAr?$AAr?$AAC?$AAo?$AAd?$AAe?$AA?$DN?$AA0?$AAx?$AA?$CF?$AA0?$AA8?$AAX?$AA?$AA@ 10016a28     ConEmuTh.obj
 0002:00000a48       ??_C@_1DM@INOMAGPD@?$AAI?$AAn?$AAv?$AAa?$AAl?$AAi?$AAd?$AA?5?$AAF?$AAa?$AAr?$AAP?$AAa?$AAt?$AAh?$AA?5?$AAw?$AAa?$AAs?$AA?5?$AAs?$AAp?$AAe?$AAc?$AAi?$AAf?$AAi?$AAe?$AAd?$AA?$AA@ 10016a48     ConEmuTh.obj
 0002:00000a88       ??_C@_1GC@COKOAMPP@?$AAL?$AAo?$AAa?$AAd?$AAF?$AAa?$AAr?$AAV?$AAe?$AAr?$AAs?$AAi?$AAo?$AAn?$AA?4?$AAG?$AAe?$AAt?$AAF?$AAi?$AAl?$AAe?$AAV?$AAe?$AAr?$AAs?$AAi?$AAo?$AAn?$AAI?$AAn?$AAf@ 10016a88     ConEmuTh.obj
 0002:00000af0       ??_C@_1GC@BJIMIHFH@?$AAL?$AAo?$AAa?$AAd?$AAF?$AAa?$AAr?$AAV?$AAe?$AAr?$AAs?$AAi?$AAo?$AAn?$AA?5?$AAf?$AAa?$AAi?$AAl?$AAe?$AAd?$AA?$CB?$AA?5?$AAC?$AAa?$AAn?$AA?8?$AAt?$AA?5?$AAa?$AAl?$AAl@ 10016af0     ConEmuTh.obj
 0002:00000b58       ??_C@_1FK@EOBKNMNM@?$AAL?$AAo?$AAa?$AAd?$AAF?$AAa?$AAr?$AAV?$AAe?$AAr?$AAs?$AAi?$AAo?$AAn?$AA?4?$AAG?$AAe?$AAt?$AAF?$AAi?$AAl?$AAe?$AAV?$AAe?$AAr?$AAs?$AAi?$AAo?$AAn?$AAI?$AAn?$AAf@ 10016b58     ConEmuTh.obj
 0002:00000bb8       ??_C@_1FG@LALGGOEO@?$AAL?$AAo?$AAa?$AAd?$AAF?$AAa?$AAr?$AAV?$AAe?$AAr?$AAs?$AAi?$AAo?$AAn?$AA?4?$AAV?$AAe?$AAr?$AAQ?$AAu?$AAe?$AAr?$AAy?$AAV?$AAa?$AAl?$AAu?$AAe?$AA?$CI?$AA?$CC?$AA?2?$AA?$CC@ 10016bb8     ConEmuTh.obj
 0002:00000c10       ??_C@_1FG@LNADFPCE@?$AAL?$AAo?$AAa?$AAd?$AAF?$AAa?$AAr?$AAV?$AAe?$AAr?$AAs?$AAi?$AAo?$AAn?$AA?4?$AAG?$AAe?$AAt?$AAM?$AAo?$AAd?$AAu?$AAl?$AAe?$AAF?$AAi?$AAl?$AAe?$AAN?$AAa?$AAm?$AAe@ 10016c10     ConEmuTh.obj
 0002:00000c68       ??_C@_1BO@KCLMEFLE@?$AAR?$AAi?$AAg?$AAh?$AAt?$AAP?$AAa?$AAn?$AAe?$AAl?$AAV?$AAi?$AAe?$AAw?$AA?$AA@ 10016c68     ConEmuTh.obj
 0002:00000c88       ??_C@_1BM@HEIDIPPL@?$AAL?$AAe?$AAf?$AAt?$AAP?$AAa?$AAn?$AAe?$AAl?$AAV?$AAi?$AAe?$AAw?$AA?$AA@ 10016c88     ConEmuTh.obj
 0002:00000ca4       ??_C@_1DC@FOGHAECG@?$AAF?$AAa?$AAr?$AAM?$AAu?$AAl?$AAt?$AAi?$AAV?$AAi?$AAe?$AAw?$AAC?$AAo?$AAn?$AAt?$AAr?$AAo?$AAl?$AAC?$AAl?$AAa?$AAs?$AAs?$AA?$AA@ 10016ca4     ConEmuTh.obj
 0002:00000cd8       ??_C@_1DG@DBEAEOKG@?$AAF?$AAa?$AAr?$AAP?$AAi?$AAc?$AAt?$AAu?$AAr?$AAe?$AAV?$AAi?$AAe?$AAw?$AAC?$AAo?$AAn?$AAt?$AAr?$AAo?$AAl?$AAC?$AAl?$AAa?$AAs?$AAs?$AA?$AA@ 10016cd8     ConEmuTh.obj
 0002:00000d10       ??_C@_1BI@GILFJGEK@?$AAB?$AAu?$AAt?$AAt?$AAo?$AAn?$AAC?$AAo?$AAl?$AAo?$AAr?$AA?$AA@ 10016d10     ConEmuTh.obj
 0002:00000d28       ??_C@_1BK@NFAPLMGI@?$AAS?$AAe?$AAp?$AAa?$AAr?$AAa?$AAt?$AAe?$AAT?$AAa?$AAb?$AAs?$AA?$AA@ 10016d28     ConEmuTh.obj
 0002:00000d44       ??_C@_1CG@HOMCPCN@?$AA?2?$AAP?$AAl?$AAu?$AAg?$AAi?$AAn?$AAs?$AA?2?$AAP?$AAa?$AAn?$AAe?$AAl?$AAT?$AAa?$AAb?$AAs?$AA?$AA@ 10016d44     ConEmuTh.obj
 0002:00000d6c       ??_C@_1BM@OLHABKH@?$AAF?$AAa?$AAr?$AAT?$AAh?$AAu?$AAm?$AAb?$AAn?$AAa?$AAi?$AAl?$AAs?$AA?$AA@ 10016d6c     ConEmuTh.obj
 0002:00000d88       ??_C@_1O@EMLLFJNI@?$AAA?$AAc?$AAt?$AAi?$AAv?$AAe?$AA?$AA@ 10016d88     ConEmuTh.obj
 0002:00000d98       ??_C@_1DM@JLCDNDHD@?$AAC?$AAo?$AAn?$AAE?$AAm?$AAu?$AAP?$AAa?$AAn?$AAe?$AAl?$AAV?$AAi?$AAe?$AAw?$AAD?$AAl?$AAg?$AAs?$AAM?$AAa?$AAp?$AAp?$AAi?$AAn?$AAg?$AA?4?$AA?$CF?$AAu?$AA?$AA@ 10016d98     ConEmuTh.obj
 0002:00000dd4       ??_C@_1DM@OLPDHEPA@?$AAF?$AAa?$AAi?$AAl?$AAe?$AAd?$AA?5?$AAt?$AAo?$AA?5?$AAg?$AAe?$AAt?$AA?5?$AAC?$AAo?$AAn?$AAE?$AAm?$AAu?$AA?5?$AAp?$AAa?$AAl?$AAe?$AAt?$AAt?$AAe?$AA?$CB?$AA?$AA@ 10016dd4     ConEmuTh.obj
 0002:00000e10       ??_C@_1BC@DJOGOIHN@?$AAC?$AAo?$AAn?$AAE?$AAm?$AAu?$AAT?$AAh?$AA?$AA@ 10016e10     ConEmuTh.obj
 0002:00000e24       ??_C@_1DA@BMIFHIMF@?$AAC?$AAo?$AAn?$AAE?$AAm?$AAu?$AAV?$AAi?$AAe?$AAw?$AAS?$AAe?$AAt?$AAM?$AAa?$AAp?$AAp?$AAi?$AAn?$AAg?$AA?4?$AA?$CF?$AAu?$AA?$AA@ 10016e24     ConEmuTh.obj
 0002:00000e54       ??_C@_0M@FMNOKGGE@GetFarHWND2?$AA@ 10016e54     ConEmuTh.obj
 0002:00000e60       ??_C@_0BC@MKJHPCEO@RegisterPanelView?$AA@ 10016e60     ConEmuTh.obj
 0002:00000e74       ??_C@_1BG@NBIHKCLP@?$AAC?$AAo?$AAn?$AAE?$AAm?$AAu?$AA?4?$AAd?$AAl?$AAl?$AA?$AA@ 10016e74     ConEmuTh.obj
 0002:00000e8c       ??_C@_17JLFEDMMI@?$AA?$DP?$AA?$DP?$AA?$DP?$AA?$AA@ 10016e8c     ConEmuTh1900.obj
 0002:00000e94       ??_C@_1BC@IALIJCAM@?$AAS?$AAo?$AAr?$AAt?$AAM?$AAo?$AAd?$AAe?$AA?$AA@ 10016e94     ConEmuTh1900.obj
 0002:00000ea8       ??_C@_1BG@MHMKAABO@?$AAS?$AAt?$AAa?$AAt?$AAu?$AAs?$AAL?$AAi?$AAn?$AAe?$AA?$AA@ 10016ea8     ConEmuTh1900.obj
 0002:00000ec0       ??_C@_1BK@MBFACEDG@?$AAC?$AAo?$AAl?$AAu?$AAm?$AAn?$AAT?$AAi?$AAt?$AAl?$AAe?$AAs?$AA?$AA@ 10016ec0     ConEmuTh1900.obj
 0002:00000edc       ??_C@_1O@PDEOIOBG@?$AAK?$AAe?$AAy?$AAB?$AAa?$AAr?$AA?$AA@ 10016edc     ConEmuTh1900.obj
 0002:00000eec       ??_C@_1BI@EKLHEFDO@?$AAS?$AAh?$AAo?$AAw?$AAM?$AAe?$AAn?$AAu?$AAB?$AAa?$AAr?$AA?$AA@ 10016eec     ConEmuTh1900.obj
 0002:00000f04       ??_C@_1DE@DJEAMLPH@?$AAC?$AAo?$AAn?$AAE?$AAm?$AAu?$AA?4?$AAM?$AAa?$AAx?$AAi?$AAm?$AAu?$AAs?$AA5?$AA?$EA?$AAg?$AAm?$AAa?$AAi?$AAl?$AA?4?$AAc?$AAo?$AAm?$AA?$AA@ 10016f04     ConEmuTh2800.obj
 0002:00000f38       ??_C@_1EM@OOFEGLCO@?$AAT?$AAh?$AAu?$AAm?$AAb?$AAn?$AAa?$AAi?$AAl?$AAs?$AA?5?$AAa?$AAn?$AAd?$AA?5?$AAT?$AAi?$AAl?$AAe?$AAs?$AA?5?$AAi?$AAn?$AA?5?$AAC?$AAo?$AAn?$AAE?$AAm?$AAu?$AA?5?$AAw@ 10016f38     ConEmuTh2800.obj
 0002:00000f84       ??_C@_1CG@DMGPLFKD@?$AAC?$AAo?$AAn?$AAE?$AAm?$AAu?$AA?5?$AAP?$AAa?$AAn?$AAe?$AAl?$AA?5?$AAV?$AAi?$AAe?$AAw?$AAs?$AA?$AA@ 10016f84     ConEmuTh2800.obj
 0002:00000fb0       ??_C@_1HI@BNDPAPFP@?$AA?$CF?$AAs?$AA?5?$AA?$CF?$AAs?$AA?$CI?$AA?$CC?$AAb?$AAd?$AA4?$AA5?$AA4?$AAd?$AA4?$AA8?$AA?9?$AA4?$AA4?$AA8?$AAe?$AA?9?$AA4?$AA6?$AAc?$AAc?$AA?9?$AA9?$AA0?$AA9?$AAd?$AA?9?$AAb@ 10016fb0     ConEmuTh2800.obj
 0002:00001028       ??_C@_1BG@LBJCGLOJ@?$AAS?$AAe?$AAt?$AAC?$AAu?$AAr?$AAI?$AAt?$AAe?$AAm?$AA?$AA@ 10017028     ConEmuTh2800.obj
 0002:00001040       ??_C@_1BG@PKDGNNAF@?$AAc?$AAa?$AAl?$AAl?$AAp?$AAl?$AAu?$AAg?$AAi?$AAn?$AA?$AA@ 10017040     ConEmuTh2800.obj
 0002:00001058       ??_C@_1CM@IICFOBPI@?$AA$?$AAi?$AAf?$AA?5?$AA?$CI?$AAS?$AAe?$AAa?$AAr?$AAc?$AAh?$AA?$CJ?$AA?5?$AAE?$AAs?$AAc?$AA?5?$AA$?$AAe?$AAn?$AAd?$AA?$AA@ 10017058     ConEmuTh2800.obj
 0002:00001084       ??_C@_1CA@GIGEMLLA@?$AAP?$AAl?$AAu?$AAg?$AAi?$AAn?$AA?4?$AAS?$AAy?$AAn?$AAc?$AAC?$AAa?$AAl?$AAl?$AA?$AA@ 10017084     ConEmuTh2800.obj
 0002:000010a8       ??_C@_1EI@PNMHLKGC@?$AAi?$AAf?$AA?5?$AAA?$AAr?$AAe?$AAa?$AA?4?$AAS?$AAe?$AAa?$AAr?$AAc?$AAh?$AA?5?$AAt?$AAh?$AAe?$AAn?$AA?5?$AAK?$AAe?$AAy?$AAs?$AA?$CI?$AA?$CC?$AAE?$AAs?$AAc?$AA?$CC?$AA?$CJ?$AA?5@ 100170a8     ConEmuTh2800.obj
 0002:000010f0       ??_C@_1BE@LFJLOEAN@?$AAC?$AAo?$AAn?$AAE?$AAm?$AAu?$AAT?$AAh?$AA?2?$AA?$AA@ 100170f0     ConEmuTh995.obj
 0002:00001124       ??_C@_1DI@DLGGKEIH@?$AA$?$AAI?$AAf?$AA?5?$AA?$CI?$AA?$CF?$AAc?$AAP?$AAa?$AAn?$AAe?$AAl?$AA?4?$AAL?$AAe?$AAf?$AAt?$AA?$CJ?$AA?5?$AAT?$AAa?$AAb?$AA?5?$AA$?$AAE?$AAn?$AAd?$AA?$AA@ 10017124     Display.obj
 0002:00001160       ??_C@_1EK@NOCLDABL@?$AAi?$AAf?$AA?5?$AA?$CF?$AAc?$AAP?$AAa?$AAn?$AAe?$AAl?$AA?4?$AAL?$AAe?$AAf?$AAt?$AA?5?$AAt?$AAh?$AAe?$AAn?$AA?5?$AAK?$AAe?$AAy?$AAs?$AA?$CI?$AA?$CC?$AAT?$AAa?$AAb?$AA?$CC?$AA?$CJ@ 10017160     Display.obj
 0002:000011ac       ??_C@_1M@KOMOBEPM@?$AA?$CF?$AAi?$AA?5?$AA?$CF?$AAc?$AA?$AA@ 100171ac     Display.obj
 0002:000011b8       ??_C@_1BG@NLGHAGA@?$AA?$CF?$AAi?$AA?0?$AA?$CF?$AA0?$AA3?$AAi?$AA?5?$AA?$CF?$AAc?$AA?$AA@ 100171b8     Display.obj
 0002:000011d0       ??_C@_1O@NLGMKEDN@?$AAB?$AAK?$AAM?$AAG?$AAT?$AAP?$AA?$AA@ 100171d0     Display.obj
 0002:000011e0       ??_C@_1CO@LEOKLKOD@?$AA?$CF?$AA0?$AA2?$AAi?$AA?4?$AA?$CF?$AA0?$AA2?$AAi?$AA?4?$AA?$CF?$AA0?$AA2?$AAi?$AA?5?$AA?$CF?$AAi?$AA?3?$AA?$CF?$AA0?$AA2?$AAi?$AA?$AA@ 100171e0     Display.obj
 0002:00001210       ??_C@_1CM@MJKKOLFD@?$AAC?$AAo?$AAn?$AAE?$AAm?$AAu?$AA?4?$AA?$CF?$AAs?$AAP?$AAa?$AAn?$AAe?$AAl?$AAV?$AAi?$AAe?$AAw?$AA?4?$AA?$CF?$AAi?$AA?$AA@ 10017210     Display.obj
 0002:0000123c       ??_C@_1M@KDEMMBOH@?$AAR?$AAi?$AAg?$AAh?$AAt?$AA?$AA@ 1001723c     Display.obj
 0002:00001248       ??_C@_19DKAIAFPE@?$AAL?$AAe?$AAf?$AAt?$AA?$AA@ 10017248     Display.obj
 0002:00001254       ??_C@_1CI@GNBJKMME@?$AAC?$AAo?$AAn?$AAE?$AAm?$AAu?$AAT?$AAh?$AA?3?$AA?3?$AAM?$AAa?$AAp?$AAC?$AAo?$AAo?$AAr?$AAd?$AAs?$AA?$AA@ 10017254     Display.obj
 0002:0000127c       ??_C@_1CG@OILEFJJN@?$AAC?$AAo?$AAn?$AAE?$AAm?$AAu?$AAT?$AAh?$AA?3?$AA?3?$AAS?$AAe?$AAt?$AAt?$AAi?$AAn?$AAg?$AAs?$AA?$AA@ 1001727c     Display.obj
 0002:000012a4       ??_C@_1BO@IPKBELC@?$AAC?$AAo?$AAn?$AAE?$AAm?$AAu?$AAT?$AAh?$AA?3?$AA?3?$AAF?$AAa?$AAd?$AAe?$AA?$AA@ 100172a4     Display.obj
 0002:000012c4       ??_C@_0L@DOHHADLD@CET_Cancel?$AA@ 100172c4     ImgCache.obj
 0002:000012d0       ??_C@_08PFMFDMEL@CET_Free?$AA@ 100172d0     ImgCache.obj
 0002:000012dc       ??_C@_08DBEDCDF@CET_Load?$AA@ 100172dc     ImgCache.obj
 0002:000012e8       ??_C@_08CBCDAPII@CET_Done?$AA@ 100172e8     ImgCache.obj
 0002:000012f4       ??_C@_08DHJJJJMJ@CET_Init?$AA@ 100172f4     ImgCache.obj
 0002:00001300       ??_C@_1M@NHGOODCJ@?$AA?$CK?$AA?4?$AAt?$AA3?$AA2?$AA?$AA@ 10017300     ImgCache.obj
 0002:0000130c       ??_C@_1BO@EOFABIPH@?$AAC?$AAo?$AAn?$AAE?$AAm?$AAu?$AAT?$AAh?$AA?4?$AAc?$AAa?$AAc?$AAh?$AAe?$AA?$AA@ 1001730c     ImgCache.obj
 0002:0000132c       ??_C@_15DDHGOCBH@?$AA?4?$AA?4?$AA?$AA@ 1001732c     ImgCache.obj
 0002:00001334       ??_C@_19DDLLJDOO@?$AAF?$AAi?$AAl?$AAe?$AA?$AA@ 10017334     ImgCache.obj
 0002:00001340       ??_C@_0N@DDFPJHDO@_GetFileData?$AA@ 10017340     ImgCache.obj
 0002:00001350       ??_C@_1BE@DFPCIADA@?$AAP?$AAB?$AAF?$AAa?$AAr?$AA?4?$AAd?$AAl?$AAl?$AA?$AA@ 10017350     ImgCache.obj
 0002:00001364       ??_C@_19EBFDIIDI@?$AA?4?$AAw?$AAm?$AAf?$AA?$AA@ 10017364     ImgCache.obj
 0002:00001370       ??_C@_19HFLOJEOK@?$AA?4?$AAp?$AAn?$AAg?$AA?$AA@ 10017370     ImgCache.obj
 0002:0000137c       ??_C@_19GPGAIFNL@?$AA?4?$AAi?$AAc?$AAo?$AA?$AA@ 1001737c     ImgCache.obj
 0002:00001388       ??_C@_19KGHJPLAF@?$AA?4?$AAg?$AAi?$AAf?$AA?$AA@ 10017388     ImgCache.obj
 0002:00001394       ??_C@_19HKLPDE@?$AA?4?$AAb?$AAm?$AAp?$AA?$AA@ 10017394     ImgCache.obj
 0002:000013a0       ??_7?$CQueueProcessor@PAUIMAGE_CACHE_INFO@@@@6B@ 100173a0     ImgCache.obj
 0002:000013d4       ??_7CImgLoader@@6B@        100173d4     ImgCache.obj
 0002:00001410       ??_C@_0BK@DNNLOFO@SetSecurityDescriptorDacl?$AA@ 10017410     MSecurity.obj
 0002:0000142c       ??_C@_0BN@FNLANPJJ@InitializeSecurityDescriptor?$AA@ 1001742c     MSecurity.obj
 0002:0000144c       ??_C@_0O@GKCEJBAA@InitializeAcl?$AA@ 1001744c     MSecurity.obj
 0002:0000145c       ??_C@_0N@HBKDHKNL@GetLengthSid?$AA@ 1001745c     MSecurity.obj
 0002:0000146c       ??_C@_0BJ@ECIKFEOL@AllocateAndInitializeSid?$AA@ 1001746c     MSecurity.obj
 0002:00001488       ??_C@_0BD@EIGAJLOG@AddAccessDeniedAce?$AA@ 10017488     MSecurity.obj
 0002:0000149c       ??_C@_0BE@IPKPLIM@AddAccessAllowedAce?$AA@ 1001749c     MSecurity.obj
 0002:000014b0       ??_C@_1BK@BIGILECK@?$AAA?$AAd?$AAv?$AAa?$AAp?$AAi?$AA3?$AA2?$AA?4?$AAd?$AAl?$AAl?$AA?$AA@ 100174b0     MSecurity.obj
 0002:000014cc       ??_C@_1BO@HJHEFHMO@?$AAK?$AAe?$AAr?$AAn?$AAe?$AAl?$AAB?$AAa?$AAs?$AAe?$AA?4?$AAd?$AAl?$AAl?$AA?$AA@ 100174cc     MSecurity.obj
 0002:000014ec       ??_C@_15LKGMKBFA@?$AA0?$AA0?$AA?$AA@ 100174ec     MStrSafe.obj
 0002:000014f4       ??_C@_1BC@LMIJMNIA@?$AA0?$AA0?$AA0?$AA0?$AA0?$AA0?$AA0?$AA0?$AA?$AA@ 100174f4     MStrSafe.obj
 0002:00001508       ??_C@_1CA@DHOHMJCG@?$AAU?$AAn?$AAi?$AAc?$AAo?$AAd?$AAe?$AA?5?$AAC?$AAh?$AAa?$AAr?$AAM?$AAa?$AAp?$AA?$AA@ 10017508     RgnDetect.obj
 0002:00001528       ??_C@_13PJJBFPED@?$AA?$DL?$AA?$AA@ 10017528     WFiles.obj
 0002:00001530       ??_C@_1GK@PPEHOOAL@?$AAS?$AAO?$AAF?$AAT?$AAW?$AAA?$AAR?$AAE?$AA?2?$AAM?$AAi?$AAc?$AAr?$AAo?$AAs?$AAo?$AAf?$AAt?$AA?2?$AAW?$AAi?$AAn?$AAd?$AAo?$AAw?$AAs?$AA?2?$AAC?$AAu?$AAr?$AAr?$AAe@ 10017530     WFiles.obj
 0002:0000159c       ??_C@_0P@LKABJJMO@IsWow64Process?$AA@ 1001759c     WObjects.obj
 0002:000015ac       ??_C@_1BI@MPDCNJBA@?$AAt?$AAl?$AAn?$AAt?$AAs?$AAv?$AAr?$AA?4?$AAe?$AAx?$AAe?$AA?$AA@ 100175ac     WObjects.obj
 0002:000015c4       ??_C@_1BK@HHKNEJDC@?$AAt?$AAl?$AAn?$AAt?$AAs?$AAe?$AAs?$AAs?$AA?4?$AAe?$AAx?$AAe?$AA?$AA@ 100175c4     WObjects.obj
 0002:000015e0       __pDefaultRawDllMain       100175e0     libcmt:dllcrt0.obj
 0002:000015e4       ??_C@_0P@MIGLKIOC@CorExitProcess?$AA@ 100175e4     libcmt:crt0dat.obj
 0002:000015f4       ??_C@_0M@MBOPBNBK@mscoree?4dll?$AA@ 100175f4     libcmt:crt0dat.obj
 0002:00001600       ??_C@_0O@NLDKAIKN@EncodePointer?$AA@ 10017600     libcmt:tidtable.obj
 0002:00001610       ??_C@_1BK@DBDEIDLH@?$AAK?$AAE?$AAR?$AAN?$AAE?$AAL?$AA3?$AA2?$AA?4?$AAD?$AAL?$AAL?$AA?$AA@ 10017610     libcmt:tidtable.obj
 0002:0000162c       ??_C@_1BO@DACJGIGO@?$AAK?$AAE?$AAR?$AAN?$AAE?$AAL?$AAB?$AAA?$AAS?$AAE?$AA?4?$AAD?$AAL?$AAL?$AA?$AA@ 1001762c     libcmt:tidtable.obj
 0002:0000164c       ??_C@_0O@KBPMFGHI@DecodePointer?$AA@ 1001764c     libcmt:tidtable.obj
 0002:0000165c       ??_C@_07PEJMOBNF@FlsFree?$AA@ 1001765c     libcmt:tidtable.obj
 0002:00001664       ??_C@_0M@JCPCPOEF@FlsSetValue?$AA@ 10017664     libcmt:tidtable.obj
 0002:00001670       ??_C@_0M@GDNOONDI@FlsGetValue?$AA@ 10017670     libcmt:tidtable.obj
 0002:0000167c       ??_C@_08KNHFBNJ@FlsAlloc?$AA@ 1001767c     libcmt:tidtable.obj
 0002:00001688       ??_C@_0P@GGKDKEEG@runtime?5error?5?$AA@ 10017688     libcmt:crt0msg.obj
 0002:00001698       ??_C@_02PCIJFNDE@?$AN?6?$AA@ 10017698     libcmt:crt0msg.obj
 0002:0000169c       ??_C@_0O@MJNIPGOH@TLOSS?5error?$AN?6?$AA@ 1001769c     libcmt:crt0msg.obj
 0002:000016ac       ??_C@_0N@BONNPDHF@SING?5error?$AN?6?$AA@ 100176ac     libcmt:crt0msg.obj
 0002:000016bc       ??_C@_0P@MBDAJNE@DOMAIN?5error?$AN?6?$AA@ 100176bc     libcmt:crt0msg.obj
 0002:000016d0       ??_C@_0JL@DFDOOABL@R6034?$AN?6An?5application?5has?5made?5a@ 100176d0     libcmt:crt0msg.obj
 0002:00001770       ??_C@_0PH@EPAFIJ@R6033?$AN?6?9?5Attempt?5to?5use?5MSIL?5cod@ 10017770     libcmt:crt0msg.obj
 0002:00001868       ??_C@_0DD@BKEEABMM@R6032?$AN?6?9?5not?5enough?5space?5for?5lo@ 10017868     libcmt:crt0msg.obj
 0002:000018a0       ??_C@_0GD@OFKILIED@R6031?$AN?6?9?5Attempt?5to?5initialize?5t@ 100178a0     libcmt:crt0msg.obj
 0002:00001904       ??_C@_0BP@LPMHJOKI@R6030?$AN?6?9?5CRT?5not?5initialized?$AN?6?$AA@ 10017904     libcmt:crt0msg.obj
 0002:00001924       ??_C@_0CF@KJDAIALP@R6028?$AN?6?9?5unable?5to?5initialize?5he@ 10017924     libcmt:crt0msg.obj
 0002:0000194c       ??_C@_0DF@GAKBPDFP@R6027?$AN?6?9?5not?5enough?5space?5for?5lo@ 1001794c     libcmt:crt0msg.obj
 0002:00001984       ??_C@_0DF@IBLNNAIG@R6026?$AN?6?9?5not?5enough?5space?5for?5st@ 10017984     libcmt:crt0msg.obj
 0002:000019bc       ??_C@_0CG@IOHKGFNJ@R6025?$AN?6?9?5pure?5virtual?5function?5c@ 100179bc     libcmt:crt0msg.obj
 0002:000019e4       ??_C@_0DF@JIJJFJDC@R6024?$AN?6?9?5not?5enough?5space?5for?5_o@ 100179e4     libcmt:crt0msg.obj
 0002:00001a1c       ??_C@_0CJ@EGEJHFME@R6019?$AN?6?9?5unable?5to?5open?5console?5@ 10017a1c     libcmt:crt0msg.obj
 0002:00001a48       ??_C@_0CB@GNHNIELH@R6018?$AN?6?9?5unexpected?5heap?5error?$AN?6@ 10017a48     libcmt:crt0msg.obj
 0002:00001a6c       ??_C@_0CN@FOLDKNG@R6017?$AN?6?9?5unexpected?5multithread?5@ 10017a6c     libcmt:crt0msg.obj
 0002:00001a9c       ??_C@_0CM@FAHFJNHO@R6016?$AN?6?9?5not?5enough?5space?5for?5th@ 10017a9c     libcmt:crt0msg.obj
 0002:00001ac8       ??_C@_0JG@LBKMGKLD@?$AN?6This?5application?5has?5requested@ 10017ac8     libcmt:crt0msg.obj
[...]
 0002:00002894       ??_C@_03GGCAPAJC@Sep?$AA@  10018894     libcmt:_strftime.obj
 0002:00002898       ??_C@_03IFJFEIGA@Aug?$AA@  10018898     libcmt:_strftime.obj
 0002:0000289c       ??_C@_03LBGABGKK@Jul?$AA@  1001889c     libcmt:_strftime.obj
 0002:000028a0       ??_C@_03IDFGHECI@Jun?$AA@  100188a0     libcmt:_strftime.obj
 0002:000028a4       ??_C@_03CNMDKL@May?$AA@    100188a4     libcmt:_strftime.obj
 0002:000028a8       ??_C@_03LEOLGMJP@Apr?$AA@  100188a8     libcmt:_strftime.obj
 0002:000028ac       ??_C@_03ODNJBKGA@Mar?$AA@  100188ac     libcmt:_strftime.obj
 0002:000028b0       ??_C@_03HJBDCHOM@Feb?$AA@  100188b0     libcmt:_strftime.obj
 0002:000028b4       ??_C@_03JIHJHPIE@Jan?$AA@  100188b4     libcmt:_strftime.obj
 0002:000028b8       ??_C@_08INBOOONO@Saturday?$AA@ 100188b8     libcmt:_strftime.obj
 0002:000028c4       ??_C@_06JECMNKMI@Friday?$AA@ 100188c4     libcmt:_strftime.obj
 0002:000028cc       ??_C@_08HACCIKIA@Thursday?$AA@ 100188cc     libcmt:_strftime.obj
 0002:000028d8       ??_C@_09DLIGFAKA@Wednesday?$AA@ 100188d8     libcmt:_strftime.obj
 0002:000028e4       ??_C@_07BAAGCFCM@Tuesday?$AA@ 100188e4     libcmt:_strftime.obj
 0002:000028ec       ??_C@_06JLEDEDGH@Monday?$AA@ 100188ec     libcmt:_strftime.obj
 0002:000028f4       ??_C@_06OOPIFAJ@Sunday?$AA@ 100188f4     libcmt:_strftime.obj
 0002:000028fc       ??_C@_03FEFJNEK@Sat?$AA@   100188fc     libcmt:_strftime.obj
 0002:00002900       ??_C@_03IDIOELNC@Fri?$AA@  10018900     libcmt:_strftime.obj
 0002:00002904       ??_C@_03IOFIKPDN@Thu?$AA@  10018904     libcmt:_strftime.obj
 0002:00002908       ??_C@_03MHOMLAJA@Wed?$AA@  10018908     libcmt:_strftime.obj
 0002:0000290c       ??_C@_03NAGEINEP@Tue?$AA@  1001890c     libcmt:_strftime.obj
 0002:00002910       ??_C@_03PDAGKDH@Mon?$AA@   10018910     libcmt:_strftime.obj
 0002:00002914       ??_C@_03KOEHGMDN@Sun?$AA@  10018914     libcmt:_strftime.obj
 0002:00002918       ??_C@_13NOLLCAOD@?$AA?$AA?$AA?$AA@ 10018918     libcmt:_a_str.obj
 0002:0000291c       ___dnames                  1001891c     libcmt:timeset.obj
 0002:00002934       ___mnames                  10018934     libcmt:timeset.obj
 0002:0000295c       ??_C@_0BI@BKLFFAPO@SetThreadStackGuarantee?$AA@ 1001895c     libcmt:resetstk.obj
 0002:00002cdc       __IMPORT_DESCRIPTOR_VERSION 10018cdc     version:VERSION.dll
 0002:00002cf0       __IMPORT_DESCRIPTOR_KERNEL32 10018cf0     kernel32:KERNEL32.dll
 0002:00002d04       __IMPORT_DESCRIPTOR_USER32 10018d04     user32:USER32.dll
 0002:00002d18       __IMPORT_DESCRIPTOR_GDI32  10018d18     gdi32:GDI32.dll
 0002:00002d2c       __IMPORT_DESCRIPTOR_ADVAPI32 10018d2c     advapi32:ADVAPI32.dll
 0002:00002d40       __IMPORT_DESCRIPTOR_SHELL32 10018d40     shell32:SHELL32.dll
 0002:00002d54       __IMPORT_DESCRIPTOR_ole32  10018d54     ole32:ole32.dll
 0002:00002d68       __NULL_IMPORT_DESCRIPTOR   10018d68     version:VERSION.dll
 0003:00000000       ?gsInternalCommands@@3PB_WB 1001a000     CmdLine.obj
 0003:00000004       ?gbPreloadByDefault@@3HA   1001a004     ConEmuTh.obj
 0003:00000008       ?gcrCurColors@@3PAKA       1001a008     ConEmuTh.obj
 0003:0000000c       ?Far3Func@@3PAUExportFunc@@A 1001a00c     ConEmuTh.obj
 0003:00000030       ?StdPalette@?1??GetStdPalette@Far3Color@@SIPBKXZ@4PAKA 1001a030     ConEmuTh1900.obj
 0003:00000070       ?guid_ConEmuTh@@3U_GUID@@A 1001a070     ConEmuTh2800.obj
 0003:00000080       ?guid_ConEmuThPluginMenu@@3U_GUID@@A 1001a080     ConEmuTh2800.obj
 0003:00000090       __NLG_Destination          1001a090     libcmt:exsup.obj
 0003:000000a0       __XcptActTab               1001a0a0     libcmt:winxfltr.obj
 0003:00000118       __First_FPE_Indx           1001a118     libcmt:winxfltr.obj
 0003:0000011c       __Num_FPE                  1001a11c     libcmt:winxfltr.obj
 0003:00000120       __XcptActTabSize           1001a120     libcmt:winxfltr.obj
 0003:00000124       __XcptActTabCount          1001a124     libcmt:winxfltr.obj
 0003:00000128       __aexit_rtn                1001a128     libcmt:crt0dat.obj
 0003:0000012c       ___getvalueindex           1001a12c     libcmt:tidtable.obj
 0003:00000130       ___flsindex                1001a130     libcmt:tidtable.obj
 0003:00000134       ___badioinfo               1001a134     libcmt:ioinit.obj
 0003:00000158       __amblksiz                 1001a158     libcmt:heapinit.obj
 0003:0000015c       ___security_cookie         1001a15c     libcmt:gs_cookie.obj
 0003:00000160       ___security_cookie_complement 1001a160     libcmt:gs_cookie.obj
 0003:000004b0       __cfltcvt_tab              1001a4b0     libcmt:cmiscdat.obj
 0003:000004e0       ___clocalestr              1001a4e0     libcmt:nlsdata2.obj
 0003:000004e8       ___initiallocinfo          1001a4e8     libcmt:nlsdata2.obj
 0003:000005c0       ___ptlocinfo               1001a5c0     libcmt:nlsdata2.obj
 0003:000005c4       ___lc_clike                1001a5c4     libcmt:nlsdata2.obj
 0003:000005c8       ___initiallocalestructinfo 1001a5c8     libcmt:nlsdata2.obj
 0003:000005d0       ___initialmbcinfo          1001a5d0     libcmt:mbctype.obj
 0003:000007f0       __mbctype                  1001a7f0     libcmt:mbctype.obj
 0003:000008f8       __mbcasemap                1001a8f8     libcmt:mbctype.obj
 0003:000009f8       ___ptmbcinfo               1001a9f8     libcmt:mbctype.obj
 0003:00000af0       ___abort_behavior          1001aaf0     libcmt:abort.obj
 0003:00000af4       __pctype                   1001aaf4     libcmt:ctype.obj
 0003:00000af8       __pwctype                  1001aaf8     libcmt:ctype.obj
 0003:00000b00       ___lc_time_c               1001ab00     libcmt:_strftime.obj
 0003:00000c64       ___lc_time_curr            1001ac64     libcmt:_strftime.obj
 0003:00000c68       ___lconv_static_decimal    1001ac68     libcmt:lconv.obj
 0003:00000c6c       ___lconv_static_W_decimal  1001ac6c     libcmt:lconv.obj
 0003:00000c70       ___lconv_c                 1001ac70     libcmt:lconv.obj
 0003:00000cc0       ___lconv                   1001acc0     libcmt:lconv.obj
 0003:00000cc4       ___globallocalestatus      1001acc4     libcmt:glstatus.obj
 0003:00000cc8       ___mb_cur_max              1001acc8     libcmt:nlsdata1.obj
 0003:00000ccc       ___decimal_point           1001accc     libcmt:nlsdata1.obj
 0003:00000cd0       ___decimal_point_length    1001acd0     libcmt:nlsdata1.obj
 0003:00000ce0       __timezone                 1001ace0     libcmt:timeset.obj
 0003:00000ce4       __daylight                 1001ace4     libcmt:timeset.obj
 0003:00000ce8       __dstbias                  1001ace8     libcmt:timeset.obj
 0003:00000d70       __tzname                   1001ad70     libcmt:timeset.obj
 0003:00000d90       __lpdays                   1001ad90     libcmt:days.obj
 0003:00000dc4       __days                     1001adc4     libcmt:days.obj
 0003:00000e00       ?gbInCommonShutdown@@3HA   1001ae00     Common.obj
 0003:00000e04       ?OnShutdownConsole@@3P6GXXZA 1001ae04     Common.obj
 0003:00000e08       ?gpLocalSecurity@@3PAU_SECURITY_ATTRIBUTES@@A 1001ae08     ConEmuCheck.obj
 0003:00000e10       ?ghWorkingModule@@3_KA     1001ae10     ConEmuCheck.obj
 0003:00000e58       ?gsHardLink@@3PA_WA        1001ae58     ConEmuTh.obj
 0003:00000ed8       ?gsJunction@@3PA_WA        1001aed8     ConEmuTh.obj
 0003:00000f58       ?gsSymLink@@3PA_WA         1001af58     ConEmuTh.obj
 0003:00000fd8       ?gsTitleThumbs@@3PA_WA     1001afd8     ConEmuTh.obj
 0003:00001058       ?gsTitleTiles@@3PA_WA      1001b058     ConEmuTh.obj
 0003:000010d8       ?gsFolder@@3PA_WA          1001b0d8     ConEmuTh.obj
 0003:00001158       ?gdwModes@@3PAKA           1001b158     ConEmuTh.obj
 0003:00001160       ?gThSet@@3UPanelViewSetMapping@@A 1001b160     ConEmuTh.obj
 0003:00001378       ?ghConEmuRoot@@3PAUHWND__@@A 1001b378     ConEmuTh.obj
 0003:0000137c       ?ghConEmuWnd@@3PAUHWND__@@A 1001b37c     ConEmuTh.obj
 0003:00001380       ?ghPluginModule@@3PAUHINSTANCE__@@A 1001b380     ConEmuTh.obj
 0003:00001384       ?TerminalMode@@3HA         1001b384     ConEmuTh.obj
 0003:00001388       ?gnSelfPID@@3KA            1001b388     ConEmuTh.obj
 0003:0000138c       ?gnMainThreadId@@3KA       1001b38c     ConEmuTh.obj
 0003:00001390       ?gnMainThreadIdInitial@@3KA 1001b390     ConEmuTh.obj
 0003:00001394       ?ghDisplayThread@@3PAXA    1001b394     ConEmuTh.obj
 0003:00001398       ?gnDisplayThreadId@@3KA    1001b398     ConEmuTh.obj
 0003:0000139c       ?gFarVersion@@3UFarVersion@@A 1001b39c     ConEmuTh.obj
 0003:000013a8       ?gfRegisterPanelView@@3P6GHPAUPanelViewInit@@@ZA 1001b3a8     ConEmuTh.obj
 0003:000013ac       ?gfGetFarHWND2@@3P6GPAUHWND__@@H@ZA 1001b3ac     ConEmuTh.obj
 0003:000013b0       ?pviLeft@@3UCeFullPanelInfo@@A 1001b3b0     ConEmuTh.obj
 0003:00001618       ?pviRight@@3UCeFullPanelInfo@@A 1001b618     ConEmuTh.obj
 0003:00001880       ?gpRgnDetect@@3PAVCRgnDetect@@A 1001b880     ConEmuTh.obj
 0003:00001884       ?gpImgCache@@3PAVCImgCache@@A 1001b884     ConEmuTh.obj
 0003:00001888       ?gFarInfo@@3UCEFAR_INFO_MAPPING@@A 1001b888     ConEmuTh.obj
 0003:00021bc0       ?gThPal@@3UCESERVER_PALETTE@@A 1003bbc0     ConEmuTh.obj
 0003:00021c40       ?gbFadeColors@@3_NA        1003bc40     ConEmuTh.obj
 0003:00021c41       ?gbFarPanelsReady@@3_NA    1003bc41     ConEmuTh.obj
 0003:00021c42       ?gbConsoleChangesSyncho@@3_NA 1003bc42     ConEmuTh.obj
 0003:00021c43       ?gbSynchoRedrawPanelRequested@@3_NA 1003bc43     ConEmuTh.obj
 0003:00021c44       ?gnRgnDetectFlags@@3KA     1003bc44     ConEmuTh.obj
 0003:00021c48       ?gFarPanelSettings@@3UCEFarPanelSettings@@A 1003bc48     ConEmuTh.obj
 0003:00021c4c       ?gFarInterfaceSettings@@3UCEFarInterfaceSettings@@A 1003bc4c     ConEmuTh.obj
 0003:00021c50       ?gnWaitForKeySeqTick@@3KA  1003bc50     ConEmuTh.obj
 0003:00021c54       ?wScanCodeUp@@3GA          1003bc54     ConEmuTh.obj
 0003:00021c58       ?wScanCodeDown@@3GA        1003bc58     ConEmuTh.obj
 0003:00021c5c       ?gnConsoleChanges@@3KA     1003bc5c     ConEmuTh.obj
 0003:00021c60       ?gpLastSynchroArg@@3PAUConEmuThSynchroArg@@A 1003bc60     ConEmuTh.obj
 0003:00021c64       ?gpDbgDlg@@3PAV?$MFileMapping@Utag_DetectedDialog@@@@A 1003bc64     ConEmuTh.obj
 0003:00021c68       ?gbInfoW_OK@@3HA           1003bc68     ConEmuTh.obj
 0003:00021c70       ?InfoW1900@@3PAUPluginStartupInfo@@A 1003bc70     ConEmuTh1900.obj
 0003:00021c74       ?FSFW1900@@3PAUFarStandardFunctions@@A 1003bc74     ConEmuTh1900.obj
 0003:00021c78       ?LastIndex@?1??Color2FgIndex@Far3Color@@SIXKAAGPBK@Z@4HA 1003bc78     ConEmuTh1900.obj
 0003:00021c7c       ?LastColor@?1??Color2FgIndex@Far3Color@@SIXKAAGPBK@Z@4KA 1003bc7c     ConEmuTh1900.obj
 0003:00021c80       ?LastIndex@?1??Color2BgIndex@Far3Color@@SIXKHAAGPBK@Z@4HA 1003bc80     ConEmuTh1900.obj
 0003:00021c84       ?LastColor@?1??Color2BgIndex@Far3Color@@SIXKHAAGPBK@Z@4KA 1003bc84     ConEmuTh1900.obj
 0003:00021e90       ?InfoW2800@@3PAUPluginStartupInfo@@A 1003be90     ConEmuTh2800.obj
 0003:00021e94       ?FSFW2800@@3PAUFarStandardFunctions@@A 1003be94     ConEmuTh2800.obj
 0003:000220a0       ?InfoW995@@3PAUPluginStartupInfo@@A 1003c0a0     ConEmuTh995.obj
 0003:000220a4       ?FSFW995@@3PAUFarStandardFunctions@@A 1003c0a4     ConEmuTh995.obj
 0003:000222b0       ?InfoA@@3PAUPluginStartupInfo@@A 1003c2b0     ConEmuThA.obj
 0003:000222b4       ?FSFA@@3PAUFarStandardFunctions@@A 1003c2b4     ConEmuThA.obj
 0003:000223c4       ?ghCreateEvent@@3PAXA      1003c3c4     Display.obj
 0003:000223c8       ?gnCreateViewError@@3HA    1003c3c8     Display.obj
 0003:000223cc       ?gnWin32Error@@3KA         1003c3cc     Display.obj
 0003:000223d0       ?gbCancelAll@@3HA          1003c3d0     Display.obj
 0003:000223d4       ?gnConEmuFadeMsg@@3IA      1003c3d4     Display.obj
 0003:000223d8       ?gnConEmuSettingsMsg@@3IA  1003c3d8     Display.obj
 0003:000223dc       ?gnMapCoordMsg@@3IA        1003c3dc     Display.obj
 0003:000223e0       ?ghUpIcon@@3PAUHICON__@@A  1003c3e0     ImgCache.obj
 0003:000223e4       ?AssertMsgBox@@3P6IHPB_WI0PAUHWND__@@_N@ZA 1003c3e4     MAssert.obj
 0003:000223e8       ?ghHeap@@3PAXA             1003c3e8     Memory.obj
 0003:000223ec       ?gNullDesc@@3PAVMNullDesc@@A 1003c3ec     MSecurity.obj
 0003:000223f4       ?gfnSearchAppPaths@@3P6I_NPB_WAAUCmdArg@@_NPAU1@@ZA 1003c3f4     WObjects.obj
 0003:00022404       __aenvptr                  1003c404     libcmt:dllcrt0.obj
 0003:00022408       __wenvptr                  1003c408     libcmt:dllcrt0.obj
 0003:0002240c       ___error_mode              1003c40c     libcmt:dllcrt0.obj
 0003:00022410       ___app_type                1003c410     libcmt:dllcrt0.obj
 0003:000224a0       __umaskval                 1003c4a0     libcmt:crt0dat.obj
 0003:000224a4       __osplatform               1003c4a4     libcmt:crt0dat.obj
 0003:000224a8       __osver                    1003c4a8     libcmt:crt0dat.obj
 0003:000224ac       __winver                   1003c4ac     libcmt:crt0dat.obj
 0003:000224b0       __winmajor                 1003c4b0     libcmt:crt0dat.obj
 0003:000224b4       __winminor                 1003c4b4     libcmt:crt0dat.obj
 0003:000224b8       ___argc                    1003c4b8     libcmt:crt0dat.obj
 0003:000224bc       ___argv                    1003c4bc     libcmt:crt0dat.obj
 0003:000224c0       ___wargv                   1003c4c0     libcmt:crt0dat.obj
 0003:000224c4       __environ                  1003c4c4     libcmt:crt0dat.obj
 0003:000224c8       ___initenv                 1003c4c8     libcmt:crt0dat.obj
 0003:000224cc       __wenviron                 1003c4cc     libcmt:crt0dat.obj
 0003:000224d0       ___winitenv                1003c4d0     libcmt:crt0dat.obj
 0003:000224d4       __pgmptr                   1003c4d4     libcmt:crt0dat.obj
 0003:000224d8       __wpgmptr                  1003c4d8     libcmt:crt0dat.obj
 0003:000224dc       __exitflag                 1003c4dc     libcmt:crt0dat.obj
 0003:000224e0       __C_Termination_Done       1003c4e0     libcmt:crt0dat.obj
 0003:000224e4       __C_Exit_Done              1003c4e4     libcmt:crt0dat.obj
 0003:000224e8       _gpFlsAlloc                1003c4e8     libcmt:tidtable.obj
 0003:000224ec       _gpFlsGetValue             1003c4ec     libcmt:tidtable.obj
 0003:000224f0       _gpFlsSetValue             1003c4f0     libcmt:tidtable.obj
 0003:000224f4       _gpFlsFree                 1003c4f4     libcmt:tidtable.obj
 0003:00022604       __crtheap                  1003c604     libcmt:heapinit.obj
 0003:00022a70       ?__pInconsistency@@3P6AXXZA 1003ca70     libcmt:hooks.obj
 0003:00022a90       ?_pnhHeap@@3P6AHI@ZA       1003ca90     libcmt:handler.obj
 0003:00022a94       ___locale_changed          1003ca94     libcmt:setlocal.obj
 0003:00022a98       ___lc_handle               1003ca98     libcmt:nlsdata2.obj
 0003:00022ab0       ___lc_codepage             1003cab0     libcmt:nlsdata2.obj
 0003:00022ab4       ___lc_collate_cp           1003cab4     libcmt:nlsdata2.obj
 0003:00022abc       ___mbulinfo                1003cabc     libcmt:mbctype.obj
 0003:00022ac8       ___mbcodepage              1003cac8     libcmt:mbctype.obj
 0003:00022acc       ___ismbcodepage            1003cacc     libcmt:mbctype.obj
 0003:00022ad0       ___mblcid                  1003cad0     libcmt:mbctype.obj
 0003:00022ad4       __maxwait                  1003cad4     libcmt:crtheap.obj
 0003:00022ad8       ___sbh_pHeaderDefer        1003cad8     libcmt:sbheap.obj
 0003:00022adc       __newmode                  1003cadc     libcmt:_newmode.obj
 0003:00022e10       ___lconv_static_null       1003ce10     libcmt:lconv.obj
 0003:00022e14       ___lconv_static_W_null     1003ce14     libcmt:lconv.obj
 0003:00022ed8       ___sbh_cntHeaderList       1003ced8     <common>
 0003:00022edc       ___sbh_pHeaderList         1003cedc     <common>
 0003:00022ee0       ___sbh_threshold           1003cee0     <common>
 0003:00022ee4       ___sbh_pHeaderScan         1003cee4     <common>
 0003:00022ee8       ___sbh_sizeHeaderList      1003cee8     <common>
 0003:00022eec       ___sbh_indGroupDefer       1003ceec     <common>
 0003:00022ef0       ___active_heap             1003cef0     <common>
 0003:00022ef4       __nhandle                  1003cef4     <common>
 0003:00022f00       ___pioinfo                 1003cf00     <common>
 0003:00023000       ___env_initialized         1003d000     <common>
 0003:00023004       ___onexitend               1003d004     <common>
 0003:00023008       ___onexitbegin             1003d008     <common>
 0003:0002300c       ___mbctype_initialized     1003d00c     <common>
 0003:00023010       __FPinit                   1003d010     <common>
 0003:00023014       ___initenv_end             1003d014     <common>
 0003:00023018       ___dyn_tls_init_callback   1003d018     <common>
 0003:0002301c       __pDestructExceptionObject 1003d01c     <common>
 0003:00023020       ___sse2_available          1003d020     <common>
 0003:00023024       __acmdln                   1003d024     <common>
 0003:00023028       __pRawDllMain              1003d028     <common>

 entry point at        0001:0000ed36

 Static symbols

 0001:000002f3       ?StringCopyWorkerW@@YGJPA_WIPAIPB_WI@Z 100012f3 f   ConEmuCheck.obj
 0001:000007ee       ?LoadFarVersion@@YI_NPB_WAAUFarVersion@@AAY0CAA@_W@Z 100017ee f   ConEmuTh.obj
 0001:00000979       ?LoadFarVersion@@YI_NAAUFarVersion@@AAY0CAA@_W@Z 10001979 f   ConEmuTh.obj
 0001:00000a97       ?ChangeExports@@YI_NPBUExportFunc@@PAUHINSTANCE__@@@Z 10001a97 f   ConEmuTh.obj
 0001:0000326f       ?GetFarSetting@@YIHPAXIPB_W@Z 1000426f f   ConEmuTh1900.obj
 0001:000032b5       ?LoadFarSettingsW1900@@YIXPAUCEFarInterfaceSettings@@PAUCEFarPanelSettings@@@Z 100042b5 f   ConEmuTh1900.obj
 0001:000041dd       ?GetFarSetting@@YIHPAXIPB_W@Z 100051dd f   ConEmuTh2800.obj
 0001:00004226       ?LoadFarSettingsW2800@@YIXPAUCEFarInterfaceSettings@@PAUCEFarPanelSettings@@@Z 10005226 f   ConEmuTh2800.obj
 0001:000050f5       ?LoadFarSettingsW995@@YIXPAUCEFarInterfaceSettings@@PAUCEFarPanelSettings@@@Z 100060f5 f   ConEmuTh995.obj
 0001:00005942       ?LoadFarSettingsA@@YIXPAUCEFarInterfaceSettings@@PAUCEFarPanelSettings@@@Z 10006942 f   ConEmuThA.obj
 0001:0000eaeb       ___DllMainCRTStartup@12    1000faeb f   libcmt:dllcrt0.obj
 0001:0000ed4c       _has_osfxsr_set            1000fd4c f   libcmt:cpu_disp.obj
 0001:0000ee64       __unwind_handler           1000fe64 f   libcmt:exsup.obj
 0001:0000ef80       _ValidateScopeTableHandlers 1000ff80 f   libcmt:eh3valid.obj
 0001:0000f599       __initterm                 10010599 f   libcmt:crt0dat.obj
 0001:0000f6bb       _doexit                    100106bb f   libcmt:crt0dat.obj
 0001:000103ad       _parse_cmdline             100113ad f   libcmt:stdargv.obj
 0001:00011172       _siglookup                 10012172 f   libcmt:winsig.obj
 0001:00011384       ___crtInitCritSecNoSpinCount@8 10012384 f   libcmt:initcrit.obj
 0001:00011729       __updatetlocinfoEx_nolock  10012729 f   libcmt:setlocal.obj
 0001:000117e2       ?CPtoLCID@@YAHH@Z          100127e2 f   libcmt:mbctype.obj
 0001:00011811       ?setSBCS@@YAXPAUthreadmbcinfostruct@@@Z 10012811 f   libcmt:mbctype.obj
 0001:00011875       ?setSBUpLow@@YAXPAUthreadmbcinfostruct@@@Z 10012875 f   libcmt:mbctype.obj
 0001:00011b54       ?getSystemCP@@YAHH@Z       10012b54 f   libcmt:mbctype.obj
 0001:00012824       ?x_ismbbtype_l@@YAHPAUlocaleinfo_struct@@IHH@Z 10013824 f   libcmt:ismbbyte.obj
 0001:00012e88       __unwind_handler4          10013e88 f   libcmt:exsup4.obj
 0001:00013826       ?__crtGetStringTypeA_stat@@YAHPAUlocaleinfo_struct@@KPBDHPAGHHH@Z 10014826 f   libcmt:_a_str.obj
 0001:00013a22       ?__crtLCMapStringA_stat@@YAHPAUlocaleinfo_struct@@KKPBDHPADHHH@Z 10014a22 f   libcmt:_a_map.obj
 0001:00013f1c       _fastcopy_I                10014f1c f   libcmt:p4_memcpy.obj
 0001:0001455b       ?strtoxlX@@YAKPAUlocaleinfo_struct@@PBDPAPBDHHH@Z 1001555b f   libcmt:_strtol.obj
