 ConEmuTh.x64

 Timestamp is 53bc632f (Wed Jul 09 01:31:27 2014)

 Preferred load address is 0000000180000000

 Start         Length     Name                   Class
 0001:00000000 000169a0H .text                   CODE
 0001:000169a0 0000005eH .text$00                CODE
 0001:00016a00 0000013cH .text$x                 CODE
 0002:00000000 000005e0H .idata$5                DATA
 0002:000005e0 00000008H .CRT$XCA                DATA
 0002:000005e8 00000008H .CRT$XCZ                DATA
 0002:000005f0 00000008H .CRT$XIA                DATA
 0002:000005f8 00000010H .CRT$XIC                DATA
 0002:00000608 00000008H .CRT$XIZ                DATA
 0002:00000610 00000008H .CRT$XPA                DATA
 0002:00000618 00000008H .CRT$XPZ                DATA
 0002:00000620 00000008H .CRT$XTA                DATA
 0002:00000628 00000008H .CRT$XTZ                DATA
 0002:00000630 00001dc8H .rdata                  DATA
 0002:000023f8 00000008H .rtc$IAA                DATA
 0002:00002400 00000008H .rtc$IZZ                DATA
 0002:00002408 00000008H .rtc$TAA                DATA
 0002:00002410 00000008H .rtc$TZZ                DATA
 0002:00002418 00000cd8H .xdata                  DATA
 0002:000030f0 0000008cH .idata$2                DATA
 0002:0000317c 00000014H .idata$3                DATA
 0002:00003190 000005e0H .idata$4                DATA
 0002:00003770 00000cbaH .idata$6                DATA
 0002:00004430 0000016cH .edata                  DATA
 0003:00000000 0000109cH .data                   DATA
 0003:000010a0 000028e0H .bss                    DATA
 0004:00000000 00000f84H .pdata                  DATA
 0005:00000000 000000e8H .rsrc$01                DATA
 0005:000000f0 00001358H .rsrc$02                DATA

  Address         Publics by Value              Rva+Base               Lib:Object

 0000:00000000       ___safe_se_handler_count   0000000000000000     <absolute>
 0000:00000000       ___safe_se_handler_table   0000000000000000     <absolute>
 0000:00000000       __ImageBase                0000000180000000     <linker-defined>
 0001:000001e8       GetMinFarVersionW          00000001800011e8 f   ConEmuTh.obj
 0001:000001f0       ?GetPluginInfoWcmn@@YAXPEAX@Z 00000001800011f0 f   ConEmuTh.obj
 0001:00000220       ?GetMainThreadId@@YAKXZ    0000000180001220 f   ConEmuTh.obj
 0001:0000041c       ?LoadFarVersion@@YAHXZ     000000018000141c f   ConEmuTh.obj
 0001:0000046c       ?OpenW@@YAPEAXPEBUOpenInfo@@@Z 000000018000146c f   ConEmuTh.obj
 0001:0000049c       ?ShowMessage@@YAHHH@Z      000000018000149c f   ConEmuTh.obj
 0001:000004e8       ?GetMsgW@@YAPEB_WH@Z       00000001800014e8 f   ConEmuTh.obj
 0001:00000534       ?PostMacro@@YAXPEA_W@Z     0000000180001534 f   ConEmuTh.obj
 0001:000006c4       ?ShowPluginMenu@@YAHXZ     00000001800016c4 f   ConEmuTh.obj
 0001:00000710       ?CheckPanelSettings@@YAHH@Z 0000000180001710 f   ConEmuTh.obj
 0001:0000075c       ?LoadPanelItemInfo@@YAXPEAUCeFullPanelInfo@@_J@Z 000000018000175c f   ConEmuTh.obj
 0001:000007a8       ?GetActivePanel@@YAPEAUCeFullPanelInfo@@XZ 00000001800017a8 f   ConEmuTh.obj
 0001:000007ec       ?ResetUngetBuffer@@YAXXZ   00000001800017ec f   ConEmuTh.obj
 0001:000007fc       ?OnPreReadConsole@@YAHPEAXPEAU_INPUT_RECORD@@KPEAKPEAH@Z 00000001800017fc f   ConEmuTh.obj
 0001:00000818       ?ShowLastError@@YAHXZ      0000000180001818 f   ConEmuTh.obj
 0001:00000894       ?CheckWindows@@YA_NXZ      0000000180001894 f   ConEmuTh.obj
 0001:00000934       ?CheckVarsInitialized@@YAXXZ 0000000180001934 f   ConEmuTh.obj
 0001:00000a6c       ?ExecuteInMainThread@@YAXPEAUConEmuThSynchroArg@@@Z 0000000180001a6c f   ConEmuTh.obj
 0001:00000af0       ?GetFarRect@@YAHPEAU_SMALL_RECT@@@Z 0000000180001af0 f   ConEmuTh.obj
 0001:00000b6c       ?SettingsLoad@@YAHPEB_WPEAK@Z 0000000180001b6c f   ConEmuTh.obj
 0001:00000bb8       ?SettingsLoadReg@@YAHPEB_W0PEAK@Z 0000000180001bb8 f   ConEmuTh.obj
 0001:00000c58       ?SettingsSave@@YAXPEB_WPEAK@Z 0000000180001c58 f   ConEmuTh.obj
 0001:00000ca4       ?SettingsSaveReg@@YAXPEB_W0PEAK@Z 0000000180001ca4 f   ConEmuTh.obj
 0001:00000d2c       ?SavePanelViewState@@YAXHK@Z 0000000180001d2c f   ConEmuTh.obj
 0001:00000d6c       ?isPreloadByDefault@@YA_NXZ 0000000180001d6c f   ConEmuTh.obj
 0001:00000d94       ?FreeUserData@CePluginPanelItem@@QEAAXXZ 0000000180001d94 f   ConEmuTh.obj
 0001:00000de8       ?FreeItem@CePluginPanelItem@@QEAAXXZ 0000000180001de8 f   ConEmuTh.obj
 0001:00000e08       ?StringCchCopyW@@YAJPEA_W_KPEB_W@Z 0000000180001e08 f i ConEmuTh.obj
 0001:00000e74       DllMain                    0000000180001e74 f   ConEmuTh.obj
 0001:00000f0c       ?ReloadResourcesW@@YAXXZ   0000000180001f0c f   ConEmuTh.obj
 0001:00000fa8       ?ReloadPanelsInfo@@YAXXZ   0000000180001fa8 f   ConEmuTh.obj
 0001:0000116c       ?OnPreWriteConsoleOutput@@YAHPEAXPEBU_CHAR_INFO@@U_COORD@@2PEAU_SMALL_RECT@@@Z 000000018000216c f   ConEmuTh.obj
 0001:000012e8       ?IsThumbnailsActive@@YAPEAUCeFullPanelInfo@@H@Z 00000001800022e8 f   ConEmuTh.obj
 0001:00001518       ?SettingsLoadOther@@YAXPEB_W@Z 0000000180002518 f   ConEmuTh.obj
 0001:00001678       ??$wcscpy_c@$0CAI@@@YAHAEAY0CAI@_WPEB_W@Z 0000000180002678 f i ConEmuTh.obj
 0001:000016c4       ?ProcessConsoleInput@@YAHHPEAU_INPUT_RECORD@@KPEAK@Z 00000001800026c4 f   ConEmuTh.obj
 0001:000019ec       ?UpdateEnvVar@@YAXH@Z      00000001800029ec f   ConEmuTh.obj
 0001:00001a1c       ?InitName@?$MFileMapping@Utag_DetectedDialog@@@@QEAAPEB_WPEB_WKK@Z 0000000180002a1c f i ConEmuTh.obj
 0001:00001a1c       ?InitName@?$MFileMapping@UPanelViewSetMapping@@@@QEAAPEB_WPEB_WKK@Z 0000000180002a1c f i ConEmuTh.obj
 0001:00001ab4       ?InternalOpenCreate@?$MFileMapping@Utag_DetectedDialog@@@@IEAAPEAUtag_DetectedDialog@@HHH@Z 0000000180002ab4 f i ConEmuTh.obj
 0001:00001c68       ?InternalOpenCreate@?$MFileMapping@UPanelViewSetMapping@@@@IEAAPEAUPanelViewSetMapping@@HHH@Z 0000000180002c68 f i ConEmuTh.obj
 0001:00001e1c       ?OnPostPeekConsole@@YAHPEAXPEAU_INPUT_RECORD@@KPEAKPEAH@Z 0000000180002e1c f   ConEmuTh.obj
 0001:00001e5c       ?OnPostReadConsole@@YAHPEAXPEAU_INPUT_RECORD@@KPEAKPEAH@Z 0000000180002e5c f   ConEmuTh.obj
 0001:00001ea0       ?ExitPlugin@@YAXXZ         0000000180002ea0 f   ConEmuTh.obj
 0001:00002000       ExitFARW                   0000000180003000 f   ConEmuTh.obj
 0001:00002000       ?ExitFARW3@@YAXPEAX@Z      0000000180003000 f   ConEmuTh.obj
 0001:0000203c       ?OnReadyForPanelsReload@@YAXXZ 000000018000303c f   ConEmuTh.obj
 0001:000021ac       ProcessSynchroEventW       00000001800031ac f   ConEmuTh.obj
 0001:00002318       ?LoadThSet@@YAHK@Z         0000000180003318 f   ConEmuTh.obj
 0001:00002478       ?CheckConEmu@@YAHH@Z       0000000180003478 f   ConEmuTh.obj
 0001:00002580       ?StartPlugin@@YAXH@Z       0000000180003580 f   ConEmuTh.obj
 0001:000026e4       ?OnPrePeekConsole@@YAHPEAXPEAU_INPUT_RECORD@@KPEAKPEAH@Z 00000001800036e4 f   ConEmuTh.obj
 0001:000027a8       ?EntryPoint@@YAXH_J_N@Z    00000001800037a8 f   ConEmuTh.obj
 0001:0000294c       SetStartupInfoW            000000018000394c f   ConEmuTh.obj
 0001:000029ac       ?OpenPluginWcmn@@YAPEAXH_J_N@Z 00000001800039ac f   ConEmuTh.obj
 0001:00002a18       ?GetPluginInfoW995@@YAXPEAX@Z 0000000180003a18 f   ConEmuTh995.obj
 0001:00002a90       ?SetStartupInfoW995@@YAXPEAX@Z 0000000180003a90 f   ConEmuTh995.obj
 0001:00002c30       OpenPluginW                0000000180003c30 f   ConEmuTh995.obj
 0001:00002c58       ?ExitFARW995@@YAXXZ        0000000180003c58 f   ConEmuTh995.obj
 0001:00002cac       ?ShowMessageW995@@YAHPEB_WH@Z 0000000180003cac f   ConEmuTh995.obj
 0001:00002ce8       ?ShowMessageW995@@YAHHH@Z  0000000180003ce8 f   ConEmuTh995.obj
 0001:00002d28       ?GetMsgW995@@YAPEB_WH@Z    0000000180003d28 f   ConEmuTh995.obj
 0001:00002d58       ?PostMacroW995@@YAXPEA_W@Z 0000000180003d58 f   ConEmuTh995.obj
 0001:00002dc0       ?ShowPluginMenuW995@@YAHXZ 0000000180003dc0 f   ConEmuTh995.obj
 0001:00002f44       ?LoadPanelItemInfoW995@@YAXPEAUCeFullPanelInfo@@_J@Z 0000000180003f44 f   ConEmuTh995.obj
 0001:00003134       ?LoadPanelInfo995@@YAHH@Z  0000000180004134 f   ConEmuTh995.obj
 0001:00003454       ?ReloadPanelsInfoW995@@YAXXZ 0000000180004454 f   ConEmuTh995.obj
 0001:00003478       ?SetCurrentPanelItemW995@@YAXH_J0@Z 0000000180004478 f   ConEmuTh995.obj
 0001:00003584       ?CheckPanelSettingsW995@@YAHH@Z 0000000180004584 f   ConEmuTh995.obj
 0001:00003600       ?ExecuteInMainThreadW995@@YAXPEAUConEmuThSynchroArg@@@Z 0000000180004600 f   ConEmuTh995.obj
 0001:00003628       ?GetFarRectW995@@YAXPEAU_SMALL_RECT@@@Z 0000000180004628 f   ConEmuTh995.obj
 0001:00003674       ?CheckFarPanelsW995@@YA_NXZ 0000000180004674 f   ConEmuTh995.obj
 0001:000036d4       ?SettingsLoadW995@@YAHPEB_WPEAK@Z 00000001800046d4 f   ConEmuTh995.obj
 0001:000036e8       ?SettingsSaveW995@@YAXPEB_WPEAK@Z 00000001800046e8 f   ConEmuTh995.obj
 0001:000036fc       ?SettingsLoadOtherW995@@YAXXZ 00000001800046fc f   ConEmuTh995.obj
 0001:00003708       ?GetStdIndex@Far3Color@@SAHK@Z 0000000180004708 f i ConEmuTh1900.obj
 0001:000037a0       ?Color2FgIndex@Far3Color@@SAXKAEAG@Z 00000001800047a0 f i ConEmuTh1900.obj
 0001:00003884       ?Color2BgIndex@Far3Color@@SAXKHAEAG@Z 0000000180004884 f i ConEmuTh1900.obj
 0001:00003988       ?FarColor_3_2@@YAEAEBUFarColor@@@Z 0000000180004988 f i ConEmuTh1900.obj
 0001:00003a2c       ?GetPluginInfoW1900@@YAXPEAX@Z 0000000180004a2c f   ConEmuTh1900.obj
 0001:00003a9c       ?SetStartupInfoW1900@@YAXPEAX@Z 0000000180004a9c f   ConEmuTh1900.obj
 0001:00003bd8       ?OpenW2800@@YAPEAXPEBX@Z   0000000180004bd8 f   ConEmuTh2800.obj
 0001:00003bd8       ?OpenW1900@@YAPEAXPEBX@Z   0000000180004bd8 f   ConEmuTh1900.obj
 0001:00003c44       ?ExitFARW1900@@YAXXZ       0000000180004c44 f   ConEmuTh1900.obj
 0001:00003c80       ?ShowMessageW1900@@YAHPEB_WH@Z 0000000180004c80 f   ConEmuTh1900.obj
 0001:00003d10       ?ShowMessageW1900@@YAHHH@Z 0000000180004d10 f   ConEmuTh1900.obj
 0001:00003d54       ?GetMsgW1900@@YAPEB_WH@Z   0000000180004d54 f   ConEmuTh1900.obj
 0001:00003d88       ?PostMacroW1900@@YAXPEA_W@Z 0000000180004d88 f   ConEmuTh1900.obj
 0001:00003e14       ?ShowPluginMenuW1900@@YAHXZ 0000000180004e14 f   ConEmuTh1900.obj
 0001:00004048       ?LoadPanelItemInfoW1900@@YAXPEAUCeFullPanelInfo@@_J@Z 0000000180005048 f   ConEmuTh1900.obj
 0001:0000440c       ?LoadPanelInfoW1900@@YAHH@Z 000000018000540c f   ConEmuTh1900.obj
 0001:00004870       ?ReloadPanelsInfoW1900@@YAXXZ 0000000180005870 f   ConEmuTh1900.obj
 0001:00004894       ?SetCurrentPanelItemW1900@@YAXH_J0@Z 0000000180005894 f   ConEmuTh1900.obj
 0001:000049c8       ?CheckPanelSettingsW1900@@YAHH@Z 00000001800059c8 f   ConEmuTh1900.obj
 0001:00004a98       ?ExecuteInMainThreadW1900@@YAXPEAUConEmuThSynchroArg@@@Z 0000000180005a98 f   ConEmuTh1900.obj
 0001:00004ac4       ?GetFarRectW1900@@YAXPEAU_SMALL_RECT@@@Z 0000000180005ac4 f   ConEmuTh1900.obj
 0001:00004b14       ?CheckFarPanelsW1900@@YA_NXZ 0000000180005b14 f   ConEmuTh1900.obj
 0001:00004b70       ?SettingsLoadW1900@@YAHPEB_WPEAK@Z 0000000180005b70 f   ConEmuTh1900.obj
 0001:00004c3c       ?SettingsSaveW1900@@YAXPEB_WPEAK@Z 0000000180005c3c f   ConEmuTh1900.obj
 0001:00004d1c       GetGlobalInfoW             0000000180005d1c f   ConEmuTh2800.obj
 0001:00004dd0       ?GetPluginInfoW2800@@YAXPEAX@Z 0000000180005dd0 f   ConEmuTh2800.obj
 0001:00004e40       ?SetStartupInfoW2800@@YAXPEAX@Z 0000000180005e40 f   ConEmuTh2800.obj
 0001:00004f7c       ?ProcessSynchroEventW3@@YA_JPEAX@Z 0000000180005f7c f   ConEmuTh2800.obj
 0001:00004f94       ?ExitFARW2800@@YAXXZ       0000000180005f94 f   ConEmuTh2800.obj
 0001:00004fd0       ?ShowMessageW2800@@YAHPEB_WH@Z 0000000180005fd0 f   ConEmuTh2800.obj
 0001:00005060       ?ShowMessageW2800@@YAHHH@Z 0000000180006060 f   ConEmuTh2800.obj
 0001:000050a4       ?GetMsgW2800@@YAPEB_WH@Z   00000001800060a4 f   ConEmuTh2800.obj
 0001:000050d8       ?PostMacroW2800@@YAXPEA_W@Z 00000001800060d8 f   ConEmuTh2800.obj
 0001:00005164       ?ShowPluginMenuW2800@@YAHXZ 0000000180006164 f   ConEmuTh2800.obj
 0001:00005398       ?FreePanelItemUserData2800@@YAXPEAX_KP6A_JXZ@Z 0000000180006398 f   ConEmuTh2800.obj
 0001:000053cc       ?LoadPanelItemInfoW2800@@YAXPEAUCeFullPanelInfo@@_J@Z 00000001800063cc f   ConEmuTh2800.obj
 0001:000057f0       ?LoadPanelInfoW2800@@YAHH@Z 00000001800067f0 f   ConEmuTh2800.obj
 0001:00005c58       ?ReloadPanelsInfoW2800@@YAXXZ 0000000180006c58 f   ConEmuTh2800.obj
 0001:00005c7c       ?SetCurrentPanelItemW2800@@YAXH_J0@Z 0000000180006c7c f   ConEmuTh2800.obj
 0001:00005db8       ?CheckPanelSettingsW2800@@YAHH@Z 0000000180006db8 f   ConEmuTh2800.obj
 0001:00005e88       ?ExecuteInMainThreadW2800@@YAXPEAUConEmuThSynchroArg@@@Z 0000000180006e88 f   ConEmuTh2800.obj
 0001:00005eb4       ?GetFarRectW2800@@YAXPEAU_SMALL_RECT@@@Z 0000000180006eb4 f   ConEmuTh2800.obj
 0001:00005f04       ?CheckFarPanelsW2800@@YA_NXZ 0000000180006f04 f   ConEmuTh2800.obj
 0001:00005f60       ?SettingsLoadW2800@@YAHPEB_WPEAK@Z 0000000180006f60 f   ConEmuTh2800.obj
 0001:00006030       ?SettingsSaveW2800@@YAXPEB_WPEAK@Z 0000000180007030 f   ConEmuTh2800.obj
 0001:00006118       GetMinFarVersion           0000000180007118 f   ConEmuThA.obj
 0001:00006150       GetPluginInfo              0000000180007150 f   ConEmuThA.obj
 0001:000061d0       ExitFAR                    00000001800071d0 f   ConEmuThA.obj
 0001:0000622c       ?ShowMessageA@@YAHPEBDH@Z  000000018000722c f   ConEmuThA.obj
 0001:00006274       ?ShowMessageA@@YAHHH@Z     0000000180007274 f   ConEmuThA.obj
 0001:000062c0       ?PostMacroA@@YAXPEAD@Z     00000001800072c0 f   ConEmuThA.obj
 0001:00006328       ?ShowPluginMenuA@@YAHXZ    0000000180007328 f   ConEmuThA.obj
 0001:000064d0       ?GetMsgA@@YAPEB_WHPEA_W@Z  00000001800074d0 f   ConEmuThA.obj
 0001:000065cc       ?LoadPanelInfoA@@YAHH@Z    00000001800075cc f   ConEmuThA.obj
 0001:000069e0       ?ReloadPanelsInfoA@@YAXXZ  00000001800079e0 f   ConEmuThA.obj
 0001:00006a04       ?SetCurrentPanelItemA@@YAXH_J0@Z 0000000180007a04 f   ConEmuThA.obj
 0001:00006b24       ?CheckPanelSettingsA@@YAHH@Z 0000000180007b24 f   ConEmuThA.obj
 0001:00006bac       ?CheckFarPanelsA@@YA_NXZ   0000000180007bac f   ConEmuThA.obj
 0001:00006c14       ?SettingsLoadA@@YAHPEB_WPEAK@Z 0000000180007c14 f   ConEmuThA.obj
 0001:00006c28       ?SettingsSaveA@@YAXPEB_WPEAK@Z 0000000180007c28 f   ConEmuThA.obj
 0001:00006c3c       ?SettingsLoadOtherA@@YAXXZ 0000000180007c3c f   ConEmuThA.obj
 0001:00006c48       ?ReloadResourcesA@@YAXXZ   0000000180007c48 f   ConEmuThA.obj
 0001:00006d04       SetStartupInfo             0000000180007d04 f   ConEmuThA.obj
 0001:00006ecc       OpenPlugin                 0000000180007ecc f   ConEmuThA.obj
 0001:00006f08       ?GetIndexFromWndCoord@CeFullPanelInfo@@QEAAHHHAEA_J@Z 0000000180007f08 f   Display.obj
 0001:00006fa0       ?GetConCoordFromIndex@CeFullPanelInfo@@QEAAH_JAEAU_COORD@@@Z 0000000180007fa0 f   Display.obj
 0001:00007060       ?LoadItemColors@CeFullPanelInfo@@QEAAX_JPEAUCePluginPanelItem@@PEAUCePluginPanelItemColor@@HH@Z 0000000180008060 f   Display.obj
 0001:000072d8       ?GetItemColors@CeFullPanelInfo@@QEAAPEAUHBRUSH__@@_JPEAUCePluginPanelItem@@PEAUCePluginPanelItemColor@@HAEAK3@Z 00000001800082d8 f   Display.obj
 0001:00007348       ?CalcTopPanelItem@CeFullPanelInfo@@QEAA_J_J0@Z 0000000180008348 f   Display.obj
 0001:0000741c       ?DisplayReloadPanel@CeFullPanelInfo@@QEAAXXZ 000000018000841c f   Display.obj
 0001:00007458       ?UnregisterPanelView@CeFullPanelInfo@@QEAAH_N@Z 0000000180008458 f   Display.obj
 0001:00007574       ?RequestSetPos@CeFullPanelInfo@@QEAAX_J0H@Z 0000000180008574 f   Display.obj
 0001:0000765c       ?ReallocItems@CeFullPanelInfo@@QEAAH_J@Z 000000018000865c f   Display.obj
 0001:000077c4       ?FarItem2CeItem@CeFullPanelInfo@@QEAAH_JPEB_W1KU_FILETIME@@_KHPEAX3P6A_JXZ3K@Z 00000001800087c4 f   Display.obj
 0001:00007b24       ?BisItem2CeItem@CeFullPanelInfo@@QEAAH_JH_KKKHH@Z 0000000180008b24 f   Display.obj
 0001:00007bc8       ?DrawItemText@CeFullPanelInfo@@QEAAHPEAUHDC__@@PEAUtagRECT@@1PEAUCePluginPanelItem@@PEB_WPEAUHBRUSH__@@H@Z 0000000180008bc8 f   Display.obj
 0001:000081f8       ?Close@CeFullPanelInfo@@QEAAXXZ 00000001800091f8 f   Display.obj
 0001:00008240       ?FinalRelease@CeFullPanelInfo@@QEAAXXZ 0000000180009240 f   Display.obj
 0001:00008354       ?PaintItem@CeFullPanelInfo@@QEAAHPEAUHDC__@@_JHHPEAUCePluginPanelItem@@PEAUCePluginPanelItemColor@@HHPEAUHBRUSH__@@4K@Z 0000000180009354 f   Display.obj
 0001:000088c4       ?Invalidate@CeFullPanelInfo@@QEAAXXZ 00000001800098c4 f   Display.obj
 0001:00008918       ?Paint@CeFullPanelInfo@@QEAAXPEAUHWND__@@AEAUtagPAINTSTRUCT@@AEAUtagRECT@@@Z 0000000180009918 f   Display.obj
 0001:00009360       ?OnSettingsChanged@CeFullPanelInfo@@QEAAHH@Z 000000018000a360 f   Display.obj
 0001:00009424       ?DisplayWndProc@CeFullPanelInfo@@SA_JPEAUHWND__@@I_K_J@Z 000000018000a424 f   Display.obj
 0001:000099d0       ?InvalidateAll@CeFullPanelInfo@@SAXXZ 000000018000a9d0 f   Display.obj
 0001:00009a20       ?RegisterPanelView@CeFullPanelInfo@@QEAAHXZ 000000018000aa20 f   Display.obj
 0001:00009cf0       ?CreateView@CeFullPanelInfo@@QEAAPEAUHWND__@@XZ 000000018000acf0 f   Display.obj
 0001:0000a098       ?DisplayThread@CeFullPanelInfo@@SAKPEAX@Z 000000018000b098 f   Display.obj
 0001:0000a1b8       ?LoadModules@CImgCache@@IEAAXXZ 000000018000b1b8 f   ImgCache.obj
 0001:0000a47c       ?FreeModules@CImgCache@@IEAAXXZ 000000018000b47c f   ImgCache.obj
 0001:0000a550       ?SetCacheLocation@CImgCache@@QEAAXPEB_W@Z 000000018000b550 f   ImgCache.obj
 0001:0000a5c8       ?CheckLoadDibCreated@CImgCache@@IEAAHXZ 000000018000b5c8 f   ImgCache.obj
 0001:0000a728       ?CheckDrawDibCreated@CImgCache@@IEAAHXZ 000000018000b728 f   ImgCache.obj
 0001:0000a888       ?FindInCache@CImgCache@@IEAAHPEAUCePluginPanelItem@@PEAHI@Z 000000018000b888 f   ImgCache.obj
 0001:0000aa90       ?CopyBits@CImgCache@@IEAAXU_COORD@@PEAEK01@Z 000000018000ba90 f   ImgCache.obj
 0001:0000ab18       ?LoadShellIcon@CImgCache@@QEAAHPEAUIMAGE_CACHE_INFO@@H@Z 000000018000bb18 f   ImgCache.obj
 0001:0000ae64       ?LoadThumbnail@CImgCache@@QEAAHPEAUIMAGE_CACHE_INFO@@@Z 000000018000be64 f   ImgCache.obj
 0001:0000b57c       ?IsStopRequested@?$CQueueProcessor@PEAUIMAGE_CACHE_INFO@@@@UEAA_NAEBQEAUIMAGE_CACHE_INFO@@@Z 000000018000c57c f i ImgCache.obj
 0001:0000b58c       ?ProcessItem@?$CQueueProcessor@PEAUIMAGE_CACHE_INFO@@@@MEAAJAEAPEAUIMAGE_CACHE_INFO@@_J@Z 000000018000c58c f i ImgCache.obj
 0001:0000b594       _initp_misc_winxfltr       000000018000c594 f i libcmt:winxfltr.obj
 0001:0000b594       ?ApplyChanges@?$CQueueProcessor@PEAUIMAGE_CACHE_INFO@@@@MEAAXAEAPEAUIMAGE_CACHE_INFO@@AEBQEAU2@@Z 000000018000c594 f i ImgCache.obj
 0001:0000b594       ?OnItemFailed@?$CQueueProcessor@PEAUIMAGE_CACHE_INFO@@@@MEAAXAEAPEAUIMAGE_CACHE_INFO@@_J@Z 000000018000c594 f i ImgCache.obj
 0001:0000b594       ?FreeItem@?$CQueueProcessor@PEAUIMAGE_CACHE_INFO@@@@MEAAXAEBQEAUIMAGE_CACHE_INFO@@@Z 000000018000c594 f i ImgCache.obj
 0001:0000b594       ?LoadPanelItemInfoA@@YAXPEAUCeFullPanelInfo@@_J@Z 000000018000c594 f i ConEmuThA.obj
 0001:0000b594       ?SettingsLoadOtherW2800@@YAXXZ 000000018000c594 f i ConEmuTh2800.obj
 0001:0000b594       ?OnThreadStopped@?$CQueueProcessor@PEAUIMAGE_CACHE_INFO@@@@MEAAXXZ 000000018000c594 f i ImgCache.obj
 0001:0000b594       ?OnItemReady@?$CQueueProcessor@PEAUIMAGE_CACHE_INFO@@@@MEAAXAEAPEAUIMAGE_CACHE_INFO@@_J@Z 000000018000c594 f i ImgCache.obj
 0001:0000b594       ?SettingsLoadOtherW1900@@YAXXZ 000000018000c594 f i ConEmuTh1900.obj
 0001:0000b598       ?CopyItem@?$CQueueProcessor@PEAUIMAGE_CACHE_INFO@@@@MEAAXPEBQEAUIMAGE_CACHE_INFO@@PEAPEAU2@@Z 000000018000c598 f i ImgCache.obj
 0001:0000b5b8       ?IsEqual@?$CQueueProcessor@PEAUIMAGE_CACHE_INFO@@@@MEAA_NAEBQEAUIMAGE_CACHE_INFO@@_J01@Z 000000018000c5b8 f i ImgCache.obj
 0001:0000b5d8       ?ClearQueue@?$CQueueProcessor@PEAUIMAGE_CACHE_INFO@@@@AEAAXXZ 000000018000c5d8 f i ImgCache.obj
 0001:0000b660       ?InitializeQueue@?$CQueueProcessor@PEAUIMAGE_CACHE_INFO@@@@AEAAXH@Z 000000018000c660 f i ImgCache.obj
 0001:0000b704       ?ProcessingStep@?$CQueueProcessor@PEAUIMAGE_CACHE_INFO@@@@IEAA_NXZ 000000018000c704 f i ImgCache.obj
 0001:0000b964       ??0CImgCache@@QEAA@PEAUHINSTANCE__@@@Z 000000018000c964 f   ImgCache.obj
 0001:0000baa0       ?PaintItem@CImgCache@@QEAAHPEAUHDC__@@HHHPEAUCePluginPanelItem@@PEAPEB_WPEAH@Z 000000018000caa0 f   ImgCache.obj
 0001:0000c004       ?FindOrCreate@?$CQueueProcessor@PEAUIMAGE_CACHE_INFO@@@@AEAAPEAUProcessingItem@1@AEBQEAUIMAGE_CACHE_INFO@@_J_NW4ProcessingPriority@@@Z 000000018000d004 f i ImgCache.obj
 0001:0000c234       ?ProcessingThread@?$CQueueProcessor@PEAUIMAGE_CACHE_INFO@@@@KAKPEAX@Z 000000018000d234 f i ImgCache.obj
 0001:0000c264       ?Reset@CImgCache@@QEAAXXZ  000000018000d264 f   ImgCache.obj
 0001:0000c430       ?Init@CImgCache@@QEAAXK@Z  000000018000d430 f   ImgCache.obj
 0001:0000c490       ??1?$CQueueProcessor@PEAUIMAGE_CACHE_INFO@@@@QEAA@XZ 000000018000d490 f i ImgCache.obj
 0001:0000c53c       ?CheckThread@?$CQueueProcessor@PEAUIMAGE_CACHE_INFO@@@@IEAAJXZ 000000018000d53c f i ImgCache.obj
 0001:0000c600       ?OnThreadStarted@CImgLoader@@UEAAJXZ 000000018000d600 f i ImgCache.obj
 0001:0000c614       ?OnThreadStopped@CImgLoader@@UEAAXXZ 000000018000d614 f i ImgCache.obj
 0001:0000c61c       ?IsEqual@CImgLoader@@UEAA_NAEAPEBUIMAGE_CACHE_INFO@@_JAEAPEAU2@1@Z 000000018000d61c f i ImgCache.obj
 0001:0000c634       ?CheckHighPriority@?$CQueueProcessor@PEAUIMAGE_CACHE_INFO@@@@MEAA_NAEBQEAUIMAGE_CACHE_INFO@@@Z 000000018000d634 f i ImgCache.obj
 0001:0000c634       ?CheckHighPriority@CImgLoader@@UEAA_NAEAPEBUIMAGE_CACHE_INFO@@@Z 000000018000d634 f i ImgCache.obj
 0001:0000c638       ?ProcessItem@CImgLoader@@UEAAJAEAPEAUIMAGE_CACHE_INFO@@_J@Z 000000018000d638 f i ImgCache.obj
 0001:0000c690       ?IsTerminationRequested@CImgLoader@@UEAA_NXZ 000000018000d690 f i ImgCache.obj
 0001:0000c690       ?IsTerminationRequested@?$CQueueProcessor@PEAUIMAGE_CACHE_INFO@@@@MEAA_NXZ 000000018000d690 f i ImgCache.obj
 0001:0000c698       ?RequestItem@CImgCache@@QEAAHPEAUCePluginPanelItem@@I@Z 000000018000d698 f   ImgCache.obj
 0001:0000c7d0       ??1CImgCache@@QEAA@XZ      000000018000d7d0 f   ImgCache.obj
 0001:0000c898       ??0CRgnDetect@@QEAA@XZ     000000018000d898 f   RgnDetect.obj
 0001:0000c96c       ??1CRgnDetect@@QEAA@XZ     000000018000d96c f   RgnDetect.obj
 0001:0000c9c8       ?GetDetectedDialogsPtr@CRgnDetect@@QEBAPEBUtag_DetectedDialog@@XZ 000000018000d9c8 f   RgnDetect.obj
 0001:0000c9d0       ?GetFlags@CRgnDetect@@QEBAKXZ 000000018000d9d0 f   RgnDetect.obj
 0001:0000c9d8       ?FindFrameRight_ByBottom@CRgnDetect@@IEAA_NPEA_WPEAUtag_CharAttr@@HHAEAH22@Z 000000018000d9d8 f   RgnDetect.obj
 0001:0000cab0       ?FindFrameLeft_ByBottom@CRgnDetect@@IEAA_NPEA_WPEAUtag_CharAttr@@HHAEAH22@Z 000000018000dab0 f   RgnDetect.obj
 0001:0000cb7c       ?FindFrameTop_ByLeft@CRgnDetect@@IEAA_NPEA_WPEAUtag_CharAttr@@HHAEAH22@Z 000000018000db7c f   RgnDetect.obj
 0001:0000cc2c       ?FindFrameTop_ByRight@CRgnDetect@@IEAA_NPEA_WPEAUtag_CharAttr@@HHAEAH22@Z 000000018000dc2c f   RgnDetect.obj
 0001:0000cd14       ?FindFrameBottom_ByRight@CRgnDetect@@IEAA_NPEA_WPEAUtag_CharAttr@@HHAEAH22@Z 000000018000dd14 f   RgnDetect.obj
 0001:0000cdf0       ?FindFrameBottom_ByLeft@CRgnDetect@@IEAA_NPEA_WPEAUtag_CharAttr@@HHAEAH22@Z 000000018000ddf0 f   RgnDetect.obj
 0001:0000cea4       ?FindDialog_Inner@CRgnDetect@@IEAA_NPEA_WPEAUtag_CharAttr@@HHAEAH2@Z 000000018000dea4 f   RgnDetect.obj
 0001:0000d010       ?FindFrame_TopLeft@CRgnDetect@@IEAA_NPEA_WPEAUtag_CharAttr@@HHAEAH222@Z 000000018000e010 f   RgnDetect.obj
 0001:0000d110       ?ExpandDialogFrame@CRgnDetect@@IEAA_NPEA_WPEAUtag_CharAttr@@HHAEAH2HH22@Z 000000018000e110 f   RgnDetect.obj
 0001:0000d3ac       ?FindByBackground@CRgnDetect@@IEAA_NPEA_WPEAUtag_CharAttr@@HHAEAH222AEA_N@Z 000000018000e3ac f   RgnDetect.obj
 0001:0000d4ac       ?MarkDialog@CRgnDetect@@IEAAHPEA_WPEAUtag_CharAttr@@HHHHHH_N2K@Z 000000018000e4ac f   RgnDetect.obj
 0001:0000de80       ?OnWindowSizeChanged@CRgnDetect@@QEAAXXZ 000000018000ee80 f   RgnDetect.obj
 0001:0000de88       ?OnWriteConsoleOutput@CRgnDetect@@QEAAXPEBU_CHAR_INFO@@U_COORD@@1PEAU_SMALL_RECT@@PEBK@Z 000000018000ee88 f   RgnDetect.obj
 0001:0000e0d4       ?SetFarRect@CRgnDetect@@QEAAXPEAU_SMALL_RECT@@@Z 000000018000f0d4 f   RgnDetect.obj
 0001:0000e158       ?TextWidth@CRgnDetect@@QEAAHXZ 000000018000f158 f   RgnDetect.obj
 0001:0000e184       ?TextHeight@CRgnDetect@@QEAAHXZ 000000018000f184 f   RgnDetect.obj
 0001:0000e1b0       ?GetCharAttr@CRgnDetect@@QEAAHHHAEA_WAEAUtag_CharAttr@@@Z 000000018000f1b0 f   RgnDetect.obj
 0001:0000e240       ?FindFrameRight_ByTop@CRgnDetect@@IEAA_NPEA_WPEAUtag_CharAttr@@HHAEAH22@Z 000000018000f240 f   RgnDetect.obj
 0001:0000e37c       ?FindFrameLeft_ByTop@CRgnDetect@@IEAA_NPEA_WPEAUtag_CharAttr@@HHAEAH22@Z 000000018000f37c f   RgnDetect.obj
 0001:0000e4e4       ?FindDialog_TopLeft@CRgnDetect@@IEAA_NPEA_WPEAUtag_CharAttr@@HHAEAH222AEA_N@Z 000000018000f4e4 f   RgnDetect.obj
 0001:0000e5f4       ?FindDialog_TopRight@CRgnDetect@@IEAA_NPEA_WPEAUtag_CharAttr@@HHAEAH222AEA_N@Z 000000018000f5f4 f   RgnDetect.obj
 0001:0000e70c       ?FindDialog_Left@CRgnDetect@@IEAA_NPEA_WPEAUtag_CharAttr@@HHAEAH222AEA_N@Z 000000018000f70c f   RgnDetect.obj
 0001:0000e91c       ?FindDialog_Right@CRgnDetect@@IEAA_NPEA_WPEAUtag_CharAttr@@HHAEAH222AEA_N@Z 000000018000f91c f   RgnDetect.obj
 0001:0000ea84       ?FindDialog_Any@CRgnDetect@@IEAA_NPEA_WPEAUtag_CharAttr@@HHAEAH222AEA_N@Z 000000018000fa84 f   RgnDetect.obj
 0001:0000ed18       ?DetectDialog@CRgnDetect@@IEAA_NPEA_WPEAUtag_CharAttr@@HHHHPEAH2@Z 000000018000fd18 f   RgnDetect.obj
 0001:0000f180       ?InitializeSBI@CRgnDetect@@QEAAHPEBK@Z 0000000180010180 f   RgnDetect.obj
 0001:0000f5c4       ?PrepareTransparent@CRgnDetect@@QEAAXPEBUCEFAR_INFO_MAPPING@@PEBKPEBU_CONSOLE_SCREEN_BUFFER_INFO@@PEA_WPEAUtag_CharAttr@@HH@Z 00000001800105c4 f   RgnDetect.obj
 0001:0000fe40       ?PrepareTransparent@CRgnDetect@@QEAAXPEBUCEFAR_INFO_MAPPING@@PEBK@Z 0000000180010e40 f   RgnDetect.obj
 0001:0000ff14       ?CommonShutdown@@YAXXZ     0000000180010f14 f   Common.obj
 0001:0000ff3c       ?HeapInitialize@@YA_NXZ    0000000180010f3c f   Memory.obj
 0001:0000ff74       ?HeapDeinitialize@@YAXXZ   0000000180010f74 f   Memory.obj
 0001:0000ff98       ?xf_calloc@@YAPEAX_K0@Z    0000000180010f98 f   Memory.obj
 0001:0000ffb4       ?xf_free@@YAXPEAX@Z        0000000180010fb4 f   Memory.obj
 0001:0000ffdc       ?xf_malloc@@YAPEAX_K@Z     0000000180010fdc f   Memory.obj
 0001:0000ffdc       ??2@YAPEAX_K@Z             0000000180010fdc f   Memory.obj
 0001:0000fff0       ??3@YAXPEAX@Z              0000000180010ff0 f   Memory.obj
 0001:0000fff8       ?lstrdup@@YAPEA_WPEB_W_K@Z 0000000180010ff8 f   Memory.obj
 0001:00010074       ?LoadAdvApi@MNullDesc@@IEAAHXZ 0000000180011074 f i MSecurity.obj
 0001:0001020c       ?LocalSecurity@MNullDesc@@QEAAPEAU_SECURITY_ATTRIBUTES@@XZ 000000018001120c f i MSecurity.obj
 0001:000103c0       ?LocalSecurity@@YAPEAU_SECURITY_ATTRIBUTES@@XZ 00000001800113c0 f   MSecurity.obj
 0001:00010420       ?ShutdownSecurity@@YAXXZ   0000000180011420 f   MSecurity.obj
 0001:00010484       ?msprintf@@YAPEB_WPEA_W_KPEB_WZZ 0000000180011484 f   MStrSafe.obj
 0001:00010870       ?apiShowWindow@@YAHPEAUHWND__@@H@Z 0000000180011870 f   WinObjects.obj
 0001:00010878       ?isTerminalMode@@YA_NXZ    0000000180011878 f   WinObjects.obj
 0001:00010ab0       ?PointToName@@YAPEB_WPEB_W@Z 0000000180011ab0 f   WinObjects.obj
 0001:00010ae0       ??0MSection@@QEAA@XZ       0000000180011ae0 f   WinObjects.obj
 0001:00010b5c       ??1MSection@@QEAA@XZ       0000000180011b5c f   WinObjects.obj
 0001:00010bbc       ?AddRef@MSection@@IEAAXK@Z 0000000180011bbc f   WinObjects.obj
 0001:00010c58       ?ReleaseRef@MSection@@IEAAHK@Z 0000000180011c58 f   WinObjects.obj
 0001:00010cf8       ?WaitUnlocked@MSection@@IEAAXKK@Z 0000000180011cf8 f   WinObjects.obj
 0001:00010d8c       ?MyEnterCriticalSection@MSection@@IEAA_NK@Z 0000000180011d8c f   WinObjects.obj
 0001:00010f08       ?Lock@MSection@@IEAAHHK@Z  0000000180011f08 f   WinObjects.obj
 0001:00011008       ?Unlock@MSection@@IEAAXH@Z 0000000180012008 f   WinObjects.obj
 0001:00011060       ??0MSectionLock@@QEAA@XZ   0000000180012060 f   WinObjects.obj
 0001:00011070       ?Lock@MSectionLock@@QEAAHPEAVMSection@@HK@Z 0000000180012070 f   WinObjects.obj
 0001:000110c4       ?Unlock@MSectionLock@@QEAAXXZ 00000001800120c4 f   WinObjects.obj
 0001:000110f0       ??1MSectionLock@@QEAA@XZ   00000001800120f0 f   WinObjects.obj
 0001:00011114       VerQueryValueW             0000000180012114 f   version:VERSION.dll
 0001:0001111a       GetFileVersionInfoW        000000018001211a f   version:VERSION.dll
 0001:00011120       GetFileVersionInfoSizeW    0000000180012120 f   version:VERSION.dll
 0001:00011128       wcsrchr                    0000000180012128 f   libcmt:wcsrchr.obj
 0001:00011170       memset                     0000000180012170 f   libcmt:memset.obj
 0001:00011270       memcpy                     0000000180012270 f   libcmt:memcpy.obj
 0001:00011270       memmove                    0000000180012270     libcmt:memcpy.obj
 0001:000115c0       memcmp                     00000001800125c0 f   libcmt:memcmp.obj
 0001:00011688       wcschr                     0000000180012688 f   libcmt:wcschr.obj
 0001:000116a8       __C_specific_handler       00000001800126a8 f   libcmt:chandler.obj
 0001:0001184c       wcspbrk                    000000018001284c f   libcmt:wcspbrk.obj
 0001:00011890       _CRT_INIT                  0000000180012890 f   libcmt:dllcrt0.obj
 0001:00011ae4       _DllMainCRTStartup         0000000180012ae4 f   libcmt:dllcrt0.obj
 0001:00011b40       _local_unwind              0000000180012b40 f   libcmt:jmpuwind.obj
 0001:00011b70       _NLG_Notify                0000000180012b70 f   libcmt:jmpuwind.obj
 0001:00011b90       __NLG_Dispatch2            0000000180012b90 f   libcmt:jmpuwind.obj
 0001:00011ba0       __NLG_Return2              0000000180012ba0 f   libcmt:jmpuwind.obj
 0001:00011bb0       _ValidateImageBase         0000000180012bb0 f   libcmt:pesect.obj
 0001:00011be0       _FindPESection             0000000180012be0 f   libcmt:pesect.obj
 0001:00011c30       _IsNonwritableInCurrentImage 0000000180012c30 f   libcmt:pesect.obj
 0001:00011c74       _encode_pointer            0000000180012c74 f   libcmt:tidtable.obj
 0001:00011c7c       _encoded_null              0000000180012c7c f   libcmt:tidtable.obj
 0001:00011c88       _decode_pointer            0000000180012c88 f   libcmt:tidtable.obj
 0001:00011c90       ?OnThreadStarted@?$CQueueProcessor@PEAUIMAGE_CACHE_INFO@@@@MEAAJXZ 0000000180012c90 f   ImgCache.obj
 0001:00011c90       __set_flsgetvalue          0000000180012c90 f   libcmt:tidtable.obj
 0001:00011c94       _mtterm                    0000000180012c94 f   libcmt:tidtable.obj
 0001:00011cbc       _initptd                   0000000180012cbc f   libcmt:tidtable.obj
 0001:00011d70       _getptd_noexit             0000000180012d70 f   libcmt:tidtable.obj
 0001:00011df4       _getptd                    0000000180012df4 f   libcmt:tidtable.obj
 0001:00011e18       _freefls                   0000000180012e18 f   libcmt:tidtable.obj
 0001:00011f50       _freeptd                   0000000180012f50 f   libcmt:tidtable.obj
 0001:00011f90       _mtinit                    0000000180012f90 f   libcmt:tidtable.obj
 0001:00012014       free                       0000000180013014 f   libcmt:free.obj
 0001:00012054       _malloc_crt                0000000180013054 f   libcmt:crtheap.obj
 0001:000120c0       _calloc_crt                00000001800130c0 f   libcmt:crtheap.obj
 0001:00012144       _realloc_crt               0000000180013144 f   libcmt:crtheap.obj
 0001:000121cc       _amsg_exit                 00000001800131cc f   libcmt:crt0dat.obj
 0001:000121fc       __crtCorExitProcess        00000001800131fc f   libcmt:crt0dat.obj
 0001:00012238       __crtExitProcess           0000000180013238 f   libcmt:crt0dat.obj
 0001:00012250       _lockexit                  0000000180013250 f   libcmt:crt0dat.obj
 0001:0001225c       _unlockexit                000000018001325c f   libcmt:crt0dat.obj
 0001:0001229c       _initterm_e                000000018001329c f   libcmt:crt0dat.obj
 0001:000122d8       _cinit                     00000001800132d8 f   libcmt:crt0dat.obj
 0001:00012514       _exit                      0000000180013514 f   libcmt:crt0dat.obj
 0001:00012520       _cexit                     0000000180013520 f   libcmt:crt0dat.obj
 0001:00012530       _init_pointers             0000000180013530 f   libcmt:crt0dat.obj
 0001:00012598       _ioinit                    0000000180013598 f   libcmt:ioinit.obj
 0001:00012888       _ioterm                    0000000180013888 f   libcmt:ioinit.obj
 0001:000128f4       _setenvp                   00000001800138f4 f   libcmt:stdenvp.obj
 0001:00012bf4       _setargv                   0000000180013bf4 f   libcmt:stdargv.obj
 0001:00012cec       __crtGetEnvironmentStringsA 0000000180013cec f   libcmt:a_env.obj
 0001:00012ea0       _RTC_Initialize            0000000180013ea0 f   libcmt:_initsect_.obj
 0001:00012ed8       _RTC_Terminate             0000000180013ed8 f   libcmt:_initsect_.obj
 0001:00012f10       _heap_init                 0000000180013f10 f   libcmt:heapinit.obj
 0001:00012f5c       _heap_term                 0000000180013f5c f   libcmt:heapinit.obj
 0001:00012f7c       _XcptFilter                0000000180013f7c f   libcmt:winxfltr.obj
 0001:0001314c       __CppXcptFilter            000000018001414c f   libcmt:winxfltr.obj
 0001:0001316c       __security_init_cookie     000000018001416c f   libcmt:gs_support.obj
 0001:00013220       _mtinitlocks               0000000180014220 f   libcmt:mlock.obj
 0001:000132ac       _mtdeletelocks             00000001800142ac f   libcmt:mlock.obj
 0001:00013330       _unlock                    0000000180014330 f   libcmt:mlock.obj
 0001:00013348       _mtinitlocknum             0000000180014348 f   libcmt:mlock.obj
 0001:00013430       _lock                      0000000180014430 f   libcmt:mlock.obj
 0001:00013474       __freetlocinfo             0000000180014474 f   libcmt:setlocal.obj
 0001:000135f0       __addlocaleref             00000001800145f0 f   libcmt:setlocal.obj
 0001:00013688       __removelocaleref          0000000180014688 f   libcmt:setlocal.obj
 0001:00013788       __updatetlocinfo           0000000180014788 f   libcmt:setlocal.obj
 0001:00013a78       __updatetmbcinfo           0000000180014a78 f   libcmt:mbctype.obj
 0001:00013b34       ??0_LocaleUpdate@@QEAA@PEAUlocaleinfo_struct@@@Z 0000000180014b34 f i libcmt:mbctype.obj
 0001:00013c70       _setmbcp_nolock            0000000180014c70 f   libcmt:mbctype.obj
 0001:00013ee8       _setmbcp                   0000000180014ee8 f   libcmt:mbctype.obj
 0001:000140e0       __initmbctable             00000001800150e0 f   libcmt:mbctype.obj
 0001:00014108       _get_errno_from_oserr      0000000180015108 f   libcmt:dosmap.obj
 0001:00014150       _errno                     0000000180015150 f   libcmt:dosmap.obj
 0001:00014170       malloc                     0000000180015170 f   libcmt:malloc.obj
 0001:00014228       _calloc_impl               0000000180015228 f   libcmt:calloc_impl.obj
 0001:000142d8       realloc                    00000001800152d8 f   libcmt:realloc.obj
 0001:000143ac       _NMSG_WRITE                00000001800153ac f   libcmt:crt0msg.obj
 0001:000145d4       _FF_MSGBANNER              00000001800155d4 f   libcmt:crt0msg.obj
 0001:00014618       _initp_misc_invarg         0000000180015618 f   libcmt:invarg.obj
 0001:00014620       _invoke_watson             0000000180015620 f   libcmt:invarg.obj
 0001:00014748       _invalid_parameter         0000000180015748 f   libcmt:invarg.obj
 0001:000147d0       __onexitinit               00000001800157d0 f   libcmt:onexit.obj
 0001:00014814       _onexit                    0000000180015814 f   libcmt:onexit.obj
 0001:0001491c       atexit                     000000018001591c f   libcmt:onexit.obj
 0001:00014934       _initp_misc_cfltcvt_tab    0000000180015934 f   libcmt:cmiscdat.obj
 0001:0001496c       ?terminate@@YAXXZ          000000018001596c f   libcmt:hooks.obj
 0001:00014990       _initp_eh_hooks            0000000180015990 f   libcmt:hooks.obj
 0001:000149ac       _initp_misc_winsig         00000001800159ac f   libcmt:winsig.obj
 0001:000149cc       __get_sigabrt              00000001800159cc f   libcmt:winsig.obj
 0001:000149d8       raise                      00000001800159d8 f   libcmt:winsig.obj
 0001:00014c4c       _initp_misc_rand_s         0000000180015c4c f   libcmt:rand_s.obj
 0001:00014c54       _initp_misc_purevirt       0000000180015c54 f   libcmt:inithelp.obj
 0001:00014c5c       _initp_misc_initcrit       0000000180015c5c f   libcmt:initcrit.obj
 0001:00014c64       __crtInitCritSecAndSpinCount 0000000180015c64 f   libcmt:initcrit.obj
 0001:00014c9c       _initp_heap_handler        0000000180015c9c f   libcmt:handler.obj
 0001:00014ca4       _callnewh                  0000000180015ca4 f   libcmt:handler.obj
 0001:00014cd8       strcpy_s                   0000000180015cd8 f   libcmt:strcpy_s.obj
 0001:00014d60       strlen                     0000000180015d60 f   libcmt:strlen.obj
 0001:00014e84       _ismbblead                 0000000180015e84 f   libcmt:ismbbyte.obj
 0001:00014e98       __free_lc_time             0000000180015e98 f   libcmt:inittime.obj
 0001:00015084       __free_lconv_num           0000000180016084 f   libcmt:initnum.obj
 0001:000150cc       __free_lconv_mon           00000001800160cc f   libcmt:initmon.obj
 0001:00015164       strcat_s                   0000000180016164 f   libcmt:strcat_s.obj
 0001:000151f0       strncpy_s                  00000001800161f0 f   libcmt:strncpy_s.obj
 0001:000152e0       strcmp                     00000001800162e0 f   libcmt:strcmp.obj
 0001:00015390       __GSHandlerCheckCommon     0000000180016390 f   libcmt:gshandler.obj
 0001:000153f4       __GSHandlerCheck           00000001800163f4 f   libcmt:gshandler.obj
 0001:00015430       __security_check_cookie    0000000180016430 f   libcmt:amdsecgs.obj
 0001:000156bc       __crtGetStringTypeA        00000001800166bc f   libcmt:a_str.obj
 0001:00015760       strncmp                    0000000180016760 f   libcmt:strncmp.obj
 0001:00015d58       __crtLCMapStringA          0000000180016d58 f   libcmt:a_map.obj
 0001:00015df0       _msize                     0000000180016df0 f   libcmt:msize.obj
 0001:00015e38       __crtMessageBoxA           0000000180016e38 f   libcmt:crtmbox.obj
 0001:0001602c       _set_error_mode            000000018001702c f   libcmt:errmode.obj
 0001:0001607c       __crt_debugger_hook        000000018001707c f   libcmt:dbghook.obj
 0001:00016084       _fptrap                    0000000180017084 f   libcmt:crt0fp.obj
 0001:00016090       abort                      0000000180017090 f   libcmt:abort.obj
 0001:00016134       _isleadbyte_l              0000000180017134 f i libcmt:_wctype.obj
 0001:0001617c       atol                       000000018001717c f   libcmt:atox.obj
 0001:00016188       __report_gsfailure         0000000180017188 f   libcmt:gs_report.obj
 0001:000162d4       __ansicp                   00000001800172d4 f   libcmt:convrtcp.obj
 0001:00016328       __convertcp                0000000180017328 f   libcmt:convrtcp.obj
 0001:000165b0       _isctype_l                 00000001800175b0 f   libcmt:isctype.obj
 0001:00016940       strtol                     0000000180017940 f   libcmt:strtol.obj
 0001:00016970       Thread32Next               0000000180017970 f   kernel32:KERNEL32.dll
 0001:00016976       Thread32First              0000000180017976 f   kernel32:KERNEL32.dll
 0001:0001697c       CreateToolhelp32Snapshot   000000018001797c f   kernel32:KERNEL32.dll
 0001:00016982       Process32NextW             0000000180017982 f   kernel32:KERNEL32.dll
 0001:00016988       Process32FirstW            0000000180017988 f   kernel32:KERNEL32.dll
 0001:0001698e       RtlUnwindEx                000000018001798e f   kernel32:KERNEL32.dll
 0001:00016994       RtlVirtualUnwind           0000000180017994 f   kernel32:KERNEL32.dll
 0001:0001699a       RtlLookupFunctionEntry     000000018001799a f   kernel32:KERNEL32.dll
 0001:000169b0       _alloca_probe              00000001800179b0     libcmt:chkstk.obj
 0001:000169b0       __chkstk                   00000001800179b0 f   libcmt:chkstk.obj
 0002:00000000       __imp_RegCreateKeyExW      0000000180018000     advapi32:ADVAPI32.dll
 0002:00000008       __imp_RegSetValueExW       0000000180018008     advapi32:ADVAPI32.dll
 0002:00000010       __imp_RegOpenKeyExW        0000000180018010     advapi32:ADVAPI32.dll
 0002:00000018       __imp_RegQueryValueExW     0000000180018018     advapi32:ADVAPI32.dll
 0002:00000020       __imp_RegCloseKey          0000000180018020     advapi32:ADVAPI32.dll
 0002:00000028       \177ADVAPI32_NULL_THUNK_DATA 0000000180018028     advapi32:ADVAPI32.dll
 0002:00000030       __imp_CreateCompatibleBitmap 0000000180018030     gdi32:GDI32.dll
 0002:00000038       __imp_CreateCompatibleDC   0000000180018038     gdi32:GDI32.dll
 0002:00000040       __imp_CreateFontW          0000000180018040     gdi32:GDI32.dll
 0002:00000048       __imp_GetStockObject       0000000180018048     gdi32:GDI32.dll
 0002:00000050       __imp_BitBlt               0000000180018050     gdi32:GDI32.dll
 0002:00000058       __imp_GdiFlush             0000000180018058     gdi32:GDI32.dll
 0002:00000060       __imp_GetObjectW           0000000180018060     gdi32:GDI32.dll
 0002:00000068       __imp_StretchBlt           0000000180018068     gdi32:GDI32.dll
 0002:00000070       __imp_GdiAlphaBlend        0000000180018070     gdi32:GDI32.dll
 0002:00000078       __imp_SetStretchBltMode    0000000180018078     gdi32:GDI32.dll
 0002:00000080       __imp_DeleteDC             0000000180018080     gdi32:GDI32.dll
 0002:00000088       __imp_SelectObject         0000000180018088     gdi32:GDI32.dll
 0002:00000090       __imp_Rectangle            0000000180018090     gdi32:GDI32.dll
 0002:00000098       __imp_SetTextColor         0000000180018098     gdi32:GDI32.dll
 0002:000000a0       __imp_SetBkColor           00000001800180a0     gdi32:GDI32.dll
 0002:000000a8       __imp_CreatePen            00000001800180a8     gdi32:GDI32.dll
 0002:000000b0       __imp_MoveToEx             00000001800180b0     gdi32:GDI32.dll
 0002:000000b8       __imp_LineTo               00000001800180b8     gdi32:GDI32.dll
 0002:000000c0       __imp_CreateDIBSection     00000001800180c0     gdi32:GDI32.dll
 0002:000000c8       __imp_CreateSolidBrush     00000001800180c8     gdi32:GDI32.dll
 0002:000000d0       __imp_DeleteObject         00000001800180d0     gdi32:GDI32.dll
 0002:000000d8       \177GDI32_NULL_THUNK_DATA  00000001800180d8     gdi32:GDI32.dll
 0002:000000e0       __imp_lstrcmpW             00000001800180e0     kernel32:KERNEL32.dll
 0002:000000e8       __imp_FileTimeToSystemTime 00000001800180e8     kernel32:KERNEL32.dll
 0002:000000f0       __imp_GetExitCodeThread    00000001800180f0     kernel32:KERNEL32.dll
 0002:000000f8       __imp_Sleep                00000001800180f8     kernel32:KERNEL32.dll
 0002:00000100       __imp_WaitForMultipleObjects 0000000180018100     kernel32:KERNEL32.dll
 0002:00000108       __imp_CreateThread         0000000180018108     kernel32:KERNEL32.dll
 0002:00000110       __imp_CreateEventW         0000000180018110     kernel32:KERNEL32.dll
 0002:00000118       __imp_SetEvent             0000000180018118     kernel32:KERNEL32.dll
 0002:00000120       __imp_FindClose            0000000180018120     kernel32:KERNEL32.dll
 0002:00000128       __imp_FindNextFileW        0000000180018128     kernel32:KERNEL32.dll
 0002:00000130       __imp_FreeLibrary          0000000180018130     kernel32:KERNEL32.dll
 0002:00000138       __imp_LoadLibraryW         0000000180018138     kernel32:KERNEL32.dll
 0002:00000140       __imp_FindFirstFileW       0000000180018140     kernel32:KERNEL32.dll
 0002:00000148       __imp_GetTempPathW         0000000180018148     kernel32:KERNEL32.dll
 0002:00000150       __imp_GetTickCount         0000000180018150     kernel32:KERNEL32.dll
 0002:00000158       __imp_IsBadReadPtr         0000000180018158     kernel32:KERNEL32.dll
 0002:00000160       __imp_CreateFileW          0000000180018160     kernel32:KERNEL32.dll
 0002:00000168       __imp_InitializeCriticalSection 0000000180018168     kernel32:KERNEL32.dll
 0002:00000170       __imp_ResetEvent           0000000180018170     kernel32:KERNEL32.dll
 0002:00000178       __imp_LeaveCriticalSection 0000000180018178     kernel32:KERNEL32.dll
 0002:00000180       __imp_EnterCriticalSection 0000000180018180     kernel32:KERNEL32.dll
 0002:00000188       __imp_DeleteCriticalSection 0000000180018188     kernel32:KERNEL32.dll
 0002:00000190       __imp_ReadConsoleOutputW   0000000180018190     kernel32:KERNEL32.dll
 0002:00000198       __imp_GetConsoleScreenBufferInfo 0000000180018198     kernel32:KERNEL32.dll
 0002:000001a0       __imp_HeapCreate           00000001800181a0     kernel32:KERNEL32.dll
 0002:000001a8       __imp_HeapDestroy          00000001800181a8     kernel32:KERNEL32.dll
 0002:000001b0       __imp_HeapAlloc            00000001800181b0     kernel32:KERNEL32.dll
 0002:000001b8       __imp_HeapReAlloc          00000001800181b8     kernel32:KERNEL32.dll
 0002:000001c0       __imp_HeapFree             00000001800181c0     kernel32:KERNEL32.dll
 0002:000001c8       __imp_VerifyVersionInfoW   00000001800181c8     kernel32:KERNEL32.dll
 0002:000001d0       __imp_VerSetConditionMask  00000001800181d0     kernel32:KERNEL32.dll
 0002:000001d8       __imp_GetCurrentProcess    00000001800181d8     kernel32:KERNEL32.dll
 0002:000001e0       __imp_Process32NextW       00000001800181e0     kernel32:KERNEL32.dll
 0002:000001e8       __imp_Process32FirstW      00000001800181e8     kernel32:KERNEL32.dll
 0002:000001f0       __imp_TryEnterCriticalSection 00000001800181f0     kernel32:KERNEL32.dll
 0002:000001f8       __imp_OpenThread           00000001800181f8     kernel32:KERNEL32.dll
 0002:00000200       __imp_WriteFile            0000000180018200     kernel32:KERNEL32.dll
 0002:00000208       __imp_LocalAlloc           0000000180018208     kernel32:KERNEL32.dll
 0002:00000210       __imp_GetModuleFileNameA   0000000180018210     kernel32:KERNEL32.dll
 0002:00000218       __imp_RtlUnwindEx          0000000180018218     kernel32:KERNEL32.dll
 0002:00000220       __imp_FlsSetValue          0000000180018220     kernel32:KERNEL32.dll
 0002:00000228       __imp_GetCommandLineA      0000000180018228     kernel32:KERNEL32.dll
 0002:00000230       __imp_EncodePointer        0000000180018230     kernel32:KERNEL32.dll
 0002:00000238       __imp_DecodePointer        0000000180018238     kernel32:KERNEL32.dll
 0002:00000240       __imp_FlsGetValue          0000000180018240     kernel32:KERNEL32.dll
 0002:00000248       __imp_FlsFree              0000000180018248     kernel32:KERNEL32.dll
 0002:00000250       __imp_SetLastError         0000000180018250     kernel32:KERNEL32.dll
 0002:00000258       __imp_FlsAlloc             0000000180018258     kernel32:KERNEL32.dll
 0002:00000260       __imp_ExitProcess          0000000180018260     kernel32:KERNEL32.dll
 0002:00000268       __imp_SetHandleCount       0000000180018268     kernel32:KERNEL32.dll
 0002:00000270       __imp_GetFileType          0000000180018270     kernel32:KERNEL32.dll
 0002:00000278       __imp_GetStartupInfoA      0000000180018278     kernel32:KERNEL32.dll
 0002:00000280       __imp_FreeEnvironmentStringsA 0000000180018280     kernel32:KERNEL32.dll
 0002:00000288       __imp_GetEnvironmentStrings 0000000180018288     kernel32:KERNEL32.dll
 0002:00000290       __imp_FreeEnvironmentStringsW 0000000180018290     kernel32:KERNEL32.dll
 0002:00000298       __imp_GetEnvironmentStringsW 0000000180018298     kernel32:KERNEL32.dll
 0002:000002a0       __imp_HeapSetInformation   00000001800182a0     kernel32:KERNEL32.dll
 0002:000002a8       __imp_QueryPerformanceCounter 00000001800182a8     kernel32:KERNEL32.dll
 0002:000002b0       __imp_GetSystemTimeAsFileTime 00000001800182b0     kernel32:KERNEL32.dll
 0002:000002b8       __imp_GetCPInfo            00000001800182b8     kernel32:KERNEL32.dll
 0002:000002c0       __imp_GetACP               00000001800182c0     kernel32:KERNEL32.dll
 0002:000002c8       __imp_GetOEMCP             00000001800182c8     kernel32:KERNEL32.dll
 0002:000002d0       __imp_IsValidCodePage      00000001800182d0     kernel32:KERNEL32.dll
 0002:000002d8       __imp_lstrlenA             00000001800182d8     kernel32:KERNEL32.dll
 0002:000002e0       __imp_UnhandledExceptionFilter 00000001800182e0     kernel32:KERNEL32.dll
 0002:000002e8       __imp_SetUnhandledExceptionFilter 00000001800182e8     kernel32:KERNEL32.dll
 0002:000002f0       __imp_IsDebuggerPresent    00000001800182f0     kernel32:KERNEL32.dll
 0002:000002f8       __imp_RtlVirtualUnwind     00000001800182f8     kernel32:KERNEL32.dll
 0002:00000300       __imp_RtlLookupFunctionEntry 0000000180018300     kernel32:KERNEL32.dll
 0002:00000308       __imp_RtlCaptureContext    0000000180018308     kernel32:KERNEL32.dll
 0002:00000310       __imp_LoadLibraryA         0000000180018310     kernel32:KERNEL32.dll
 0002:00000318       __imp_InitializeCriticalSectionAndSpinCount 0000000180018318     kernel32:KERNEL32.dll
 0002:00000320       __imp_GetLocaleInfoA       0000000180018320     kernel32:KERNEL32.dll
 0002:00000328       __imp_GetStringTypeA       0000000180018328     kernel32:KERNEL32.dll
 0002:00000330       __imp_GetStringTypeW       0000000180018330     kernel32:KERNEL32.dll
 0002:00000338       __imp_LCMapStringA         0000000180018338     kernel32:KERNEL32.dll
 0002:00000340       __imp_LCMapStringW         0000000180018340     kernel32:KERNEL32.dll
 0002:00000348       __imp_HeapSize             0000000180018348     kernel32:KERNEL32.dll
 0002:00000350       __imp_MultiByteToWideChar  0000000180018350     kernel32:KERNEL32.dll
 0002:00000358       __imp_lstrcpynA            0000000180018358     kernel32:KERNEL32.dll
 0002:00000360       __imp_GetModuleHandleW     0000000180018360     kernel32:KERNEL32.dll
 0002:00000368       __imp_GetProcAddress       0000000180018368     kernel32:KERNEL32.dll
 0002:00000370       __imp_WaitForSingleObject  0000000180018370     kernel32:KERNEL32.dll
 0002:00000378       __imp_TerminateThread      0000000180018378     kernel32:KERNEL32.dll
 0002:00000380       __imp_CreateFileMappingW   0000000180018380     kernel32:KERNEL32.dll
 0002:00000388       __imp_OpenFileMappingW     0000000180018388     kernel32:KERNEL32.dll
 0002:00000390       __imp_MapViewOfFile        0000000180018390     kernel32:KERNEL32.dll
 0002:00000398       __imp_SetEnvironmentVariableW 0000000180018398     kernel32:KERNEL32.dll
 0002:000003a0       __imp_ReadConsoleInputW    00000001800183a0     kernel32:KERNEL32.dll
 0002:000003a8       __imp_lstrcmpiW            00000001800183a8     kernel32:KERNEL32.dll
 0002:000003b0       __imp_lstrcpynW            00000001800183b0     kernel32:KERNEL32.dll
 0002:000003b8       __imp_UnmapViewOfFile      00000001800183b8     kernel32:KERNEL32.dll
 0002:000003c0       __imp_LocalFree            00000001800183c0     kernel32:KERNEL32.dll
 0002:000003c8       __imp_WideCharToMultiByte  00000001800183c8     kernel32:KERNEL32.dll
 0002:000003d0       __imp_GetStdHandle         00000001800183d0     kernel32:KERNEL32.dll
 0002:000003d8       __imp_WriteConsoleInputW   00000001800183d8     kernel32:KERNEL32.dll
 0002:000003e0       __imp_VirtualProtect       00000001800183e0     kernel32:KERNEL32.dll
 0002:000003e8       __imp_GetCurrentProcessId  00000001800183e8     kernel32:KERNEL32.dll
 0002:000003f0       __imp_CreateToolhelp32Snapshot 00000001800183f0     kernel32:KERNEL32.dll
 0002:000003f8       __imp_Thread32First        00000001800183f8     kernel32:KERNEL32.dll
 0002:00000400       __imp_Thread32Next         0000000180018400     kernel32:KERNEL32.dll
 0002:00000408       __imp_CloseHandle          0000000180018408     kernel32:KERNEL32.dll
 0002:00000410       __imp_GetCurrentThreadId   0000000180018410     kernel32:KERNEL32.dll
 0002:00000418       __imp_GetModuleFileNameW   0000000180018418     kernel32:KERNEL32.dll
 0002:00000420       __imp_lstrcpyW             0000000180018420     kernel32:KERNEL32.dll
 0002:00000428       __imp_GetLastError         0000000180018428     kernel32:KERNEL32.dll
 0002:00000430       __imp_lstrcatW             0000000180018430     kernel32:KERNEL32.dll
 0002:00000438       __imp_lstrlenW             0000000180018438     kernel32:KERNEL32.dll
 0002:00000440       __imp_TerminateProcess     0000000180018440     kernel32:KERNEL32.dll
 0002:00000448       \177KERNEL32_NULL_THUNK_DATA 0000000180018448     kernel32:KERNEL32.dll
 0002:00000450       __imp_SHGetFileInfoW       0000000180018450     shell32:SHELL32.dll
 0002:00000458       \177SHELL32_NULL_THUNK_DATA 0000000180018458     shell32:SHELL32.dll
 0002:00000460       __imp_DestroyIcon          0000000180018460     user32:USER32.dll
 0002:00000468       __imp_DrawIconEx           0000000180018468     user32:USER32.dll
 0002:00000470       __imp_GetIconInfo          0000000180018470     user32:USER32.dll
 0002:00000478       __imp_LoadIconW            0000000180018478     user32:USER32.dll
 0002:00000480       __imp_ShowWindow           0000000180018480     user32:USER32.dll
 0002:00000488       __imp_DispatchMessageW     0000000180018488     user32:USER32.dll
 0002:00000490       __imp_GetMessageW          0000000180018490     user32:USER32.dll
 0002:00000498       __imp_UnregisterClassW     0000000180018498     user32:USER32.dll
 0002:000004a0       __imp_LoadCursorW          00000001800184a0     user32:USER32.dll
 0002:000004a8       __imp_GetDC                00000001800184a8     user32:USER32.dll
 0002:000004b0       __imp_CreateWindowExW      00000001800184b0     user32:USER32.dll
 0002:000004b8       __imp_GetWindowLongPtrW    00000001800184b8     user32:USER32.dll
 0002:000004c0       __imp_SetWindowLongW       00000001800184c0     user32:USER32.dll
 0002:000004c8       __imp_DefWindowProcW       00000001800184c8     user32:USER32.dll
 0002:000004d0       __imp_DestroyWindow        00000001800184d0     user32:USER32.dll
 0002:000004d8       __imp_PostThreadMessageW   00000001800184d8     user32:USER32.dll
 0002:000004e0       __imp_BeginPaint           00000001800184e0     user32:USER32.dll
 0002:000004e8       __imp_EndPaint             00000001800184e8     user32:USER32.dll
 0002:000004f0       __imp_SetWindowLongPtrW    00000001800184f0     user32:USER32.dll
 0002:000004f8       __imp_InvalidateRect       00000001800184f8     user32:USER32.dll
 0002:00000500       __imp_IsWindow             0000000180018500     user32:USER32.dll
 0002:00000508       __imp_DrawTextW            0000000180018508     user32:USER32.dll
 0002:00000510       __imp_FillRect             0000000180018510     user32:USER32.dll
 0002:00000518       __imp_ShowWindowAsync      0000000180018518     user32:USER32.dll
 0002:00000520       __imp_PostMessageW         0000000180018520     user32:USER32.dll
 0002:00000528       __imp_GetWindowThreadProcessId 0000000180018528     user32:USER32.dll
 0002:00000530       __imp_MessageBoxW          0000000180018530     user32:USER32.dll
 0002:00000538       __imp_MapVirtualKeyW       0000000180018538     user32:USER32.dll
 0002:00000540       __imp_IsWindowVisible      0000000180018540     user32:USER32.dll
 0002:00000548       __imp_GetClientRect        0000000180018548     user32:USER32.dll
 0002:00000550       __imp_MapWindowPoints      0000000180018550     user32:USER32.dll
 0002:00000558       __imp_ChildWindowFromPointEx 0000000180018558     user32:USER32.dll
 0002:00000560       __imp_WindowFromPoint      0000000180018560     user32:USER32.dll
 0002:00000568       __imp_GetClassNameW        0000000180018568     user32:USER32.dll
 0002:00000570       __imp_IntersectRect        0000000180018570     user32:USER32.dll
 0002:00000578       __imp_GetKeyState          0000000180018578     user32:USER32.dll
 0002:00000580       __imp_wsprintfW            0000000180018580     user32:USER32.dll
 0002:00000588       __imp_ReleaseDC            0000000180018588     user32:USER32.dll
 0002:00000590       __imp_RegisterClassW       0000000180018590     user32:USER32.dll
 0002:00000598       __imp_RegisterWindowMessageW 0000000180018598     user32:USER32.dll
 0002:000005a0       \177USER32_NULL_THUNK_DATA 00000001800185a0     user32:USER32.dll
 0002:000005a8       __imp_VerQueryValueW       00000001800185a8     version:VERSION.dll
 0002:000005b0       __imp_GetFileVersionInfoW  00000001800185b0     version:VERSION.dll
 0002:000005b8       __imp_GetFileVersionInfoSizeW 00000001800185b8     version:VERSION.dll
 0002:000005c0       \177VERSION_NULL_THUNK_DATA 00000001800185c0     version:VERSION.dll
 0002:000005c8       __imp_CoInitialize         00000001800185c8     ole32:ole32.dll
 0002:000005d0       __imp_CoUninitialize       00000001800185d0     ole32:ole32.dll
 0002:000005d8       \177ole32_NULL_THUNK_DATA  00000001800185d8     ole32:ole32.dll
 0002:000005e0       __xc_a                     00000001800185e0     libcmt:crt0init.obj
 0002:000005e8       __xc_z                     00000001800185e8     libcmt:crt0init.obj
 0002:000005f0       __xi_a                     00000001800185f0     libcmt:crt0init.obj
 0002:00000608       __xi_z                     0000000180018608     libcmt:crt0init.obj
 0002:00000610       __xp_a                     0000000180018610     libcmt:crt0init.obj
 0002:00000618       __xp_z                     0000000180018618     libcmt:crt0init.obj
 0002:00000620       __xt_a                     0000000180018620     libcmt:crt0init.obj
 0002:00000628       __xt_z                     0000000180018628     libcmt:crt0init.obj
 0002:00000630       ??_C@_0BF@NLPJFAHE@ProcessSynchroEventW?$AA@ 0000000180018630     ConEmuTh.obj
 0002:00000648       ??_C@_08BCACMCCB@ExitFARW?$AA@ 0000000180018648     ConEmuTh.obj
 0002:00000658       ??_C@_1CA@GGFPMHLH@?$AA?6?$AAE?$AAr?$AAr?$AAC?$AAo?$AAd?$AAe?$AA?$DN?$AA0?$AAx?$AA?$CF?$AA0?$AA8?$AAX?$AA?$AA@ 0000000180018658     ConEmuTh.obj
 0002:00000680       ??_C@_1FG@LNADFPCE@?$AAL?$AAo?$AAa?$AAd?$AAF?$AAa?$AAr?$AAV?$AAe?$AAr?$AAs?$AAi?$AAo?$AAn?$AA?4?$AAG?$AAe?$AAt?$AAM?$AAo?$AAd?$AAu?$AAl?$AAe?$AAF?$AAi?$AAl?$AAe?$AAN?$AAa?$AAm?$AAe@ 0000000180018680     ConEmuTh.obj
 0002:000006e0       ??_C@_1GC@COKOAMPP@?$AAL?$AAo?$AAa?$AAd?$AAF?$AAa?$AAr?$AAV?$AAe?$AAr?$AAs?$AAi?$AAo?$AAn?$AA?4?$AAG?$AAe?$AAt?$AAF?$AAi?$AAl?$AAe?$AAV?$AAe?$AAr?$AAs?$AAi?$AAo?$AAn?$AAI?$AAn?$AAf@ 00000001800186e0     ConEmuTh.obj
 0002:00000750       ??_C@_1GC@BJIMIHFH@?$AAL?$AAo?$AAa?$AAd?$AAF?$AAa?$AAr?$AAV?$AAe?$AAr?$AAs?$AAi?$AAo?$AAn?$AA?5?$AAf?$AAa?$AAi?$AAl?$AAe?$AAd?$AA?$CB?$AA?5?$AAC?$AAa?$AAn?$AA?8?$AAt?$AA?5?$AAa?$AAl?$AAl@ 0000000180018750     ConEmuTh.obj
 0002:000007c0       ??_C@_1FK@EOBKNMNM@?$AAL?$AAo?$AAa?$AAd?$AAF?$AAa?$AAr?$AAV?$AAe?$AAr?$AAs?$AAi?$AAo?$AAn?$AA?4?$AAG?$AAe?$AAt?$AAF?$AAi?$AAl?$AAe?$AAV?$AAe?$AAr?$AAs?$AAi?$AAo?$AAn?$AAI?$AAn?$AAf@ 00000001800187c0     ConEmuTh.obj
 0002:00000820       ??_C@_1FG@LALGGOEO@?$AAL?$AAo?$AAa?$AAd?$AAF?$AAa?$AAr?$AAV?$AAe?$AAr?$AAs?$AAi?$AAo?$AAn?$AA?4?$AAV?$AAe?$AAr?$AAQ?$AAu?$AAe?$AAr?$AAy?$AAV?$AAa?$AAl?$AAu?$AAe?$AA?$CI?$AA?$CC?$AA?2?$AA?$CC@ 0000000180018820     ConEmuTh.obj
 0002:00000878       ??_C@_13FPGAJAPJ@?$AA?2?$AA?$AA@ 0000000180018878     ConEmuTh.obj
 0002:0000087c       ??_C@_11LOCGONAA@?$AA?$AA@ 000000018001887c     ConEmuTh.obj
 0002:00000880       ??_C@_1BO@KCLMEFLE@?$AAR?$AAi?$AAg?$AAh?$AAt?$AAP?$AAa?$AAn?$AAe?$AAl?$AAV?$AAi?$AAe?$AAw?$AA?$AA@ 0000000180018880     ConEmuTh.obj
 0002:000008a0       ??_C@_1BM@HEIDIPPL@?$AAL?$AAe?$AAf?$AAt?$AAP?$AAa?$AAn?$AAe?$AAl?$AAV?$AAi?$AAe?$AAw?$AA?$AA@ 00000001800188a0     ConEmuTh.obj
 0002:000008c0       ??_C@_1DC@FOGHAECG@?$AAF?$AAa?$AAr?$AAM?$AAu?$AAl?$AAt?$AAi?$AAV?$AAi?$AAe?$AAw?$AAC?$AAo?$AAn?$AAt?$AAr?$AAo?$AAl?$AAC?$AAl?$AAa?$AAs?$AAs?$AA?$AA@ 00000001800188c0     ConEmuTh.obj
 0002:000008f8       ??_C@_1DG@DBEAEOKG@?$AAF?$AAa?$AAr?$AAP?$AAi?$AAc?$AAt?$AAu?$AAr?$AAe?$AAV?$AAi?$AAe?$AAw?$AAC?$AAo?$AAn?$AAt?$AAr?$AAo?$AAl?$AAC?$AAl?$AAa?$AAs?$AAs?$AA?$AA@ 00000001800188f8     ConEmuTh.obj
 0002:00000930       ??_C@_1BI@GILFJGEK@?$AAB?$AAu?$AAt?$AAt?$AAo?$AAn?$AAC?$AAo?$AAl?$AAo?$AAr?$AA?$AA@ 0000000180018930     ConEmuTh.obj
 0002:00000948       ??_C@_1BK@NFAPLMGI@?$AAS?$AAe?$AAp?$AAa?$AAr?$AAa?$AAt?$AAe?$AAT?$AAa?$AAb?$AAs?$AA?$AA@ 0000000180018948     ConEmuTh.obj
 0002:00000968       ??_C@_1CG@HOMCPCN@?$AA?2?$AAP?$AAl?$AAu?$AAg?$AAi?$AAn?$AAs?$AA?2?$AAP?$AAa?$AAn?$AAe?$AAl?$AAT?$AAa?$AAb?$AAs?$AA?$AA@ 0000000180018968     ConEmuTh.obj
 0002:00000990       ??_C@_1O@EMLLFJNI@?$AAA?$AAc?$AAt?$AAi?$AAv?$AAe?$AA?$AA@ 0000000180018990     ConEmuTh.obj
 0002:000009a0       ??_C@_1BM@OLHABKH@?$AAF?$AAa?$AAr?$AAT?$AAh?$AAu?$AAm?$AAb?$AAn?$AAa?$AAi?$AAl?$AAs?$AA?$AA@ 00000001800189a0     ConEmuTh.obj
 0002:000009c0       ??_C@_1FO@BGAPBIGG@?$AAC?$AAa?$AAn?$AA?8?$AAt?$AA?5?$AAm?$AAa?$AAp?$AA?5?$AAc?$AAo?$AAn?$AAs?$AAo?$AAl?$AAe?$AA?5?$AAi?$AAn?$AAf?$AAo?$AA?5?$AA?$CI?$AA?$CF?$AAs?$AA?$CJ?$AA?4?$AA?5?$AAE?$AAr?$AAr@ 00000001800189c0     ConEmuTh.obj
 0002:00000a20       ??_C@_19EOHDNDII@?$AAR?$AAe?$AAa?$AAd?$AA?$AA@ 0000000180018a20     ConEmuTh.obj
 0002:00000a30       ??_C@_1BE@HADLJAO@?$AAR?$AAe?$AAa?$AAd?$AAW?$AAr?$AAi?$AAt?$AAe?$AA?$AA@ 0000000180018a30     ConEmuTh.obj
 0002:00000a50       ??_C@_1GM@LGOLGABE@?$AAC?$AAa?$AAn?$AA?8?$AAt?$AA?5?$AA?$CF?$AAs?$AA?5?$AAc?$AAo?$AAn?$AAs?$AAo?$AAl?$AAe?$AA?5?$AAd?$AAa?$AAt?$AAa?$AA?5?$AAf?$AAi?$AAl?$AAe?$AA?5?$AAm?$AAa?$AAp?$AAp?$AAi@ 0000000180018a50     ConEmuTh.obj
 0002:00000ac0       ??_C@_19BDAJEHDN@?$AAo?$AAp?$AAe?$AAn?$AA?$AA@ 0000000180018ac0     ConEmuTh.obj
 0002:00000ad0       ??_C@_1O@KBENBEFG@?$AAc?$AAr?$AAe?$AAa?$AAt?$AAe?$AA?$AA@ 0000000180018ad0     ConEmuTh.obj
 0002:00000ae0       ??_C@_1GK@OGACKIKJ@?$AAI?$AAn?$AAt?$AAe?$AAr?$AAn?$AAa?$AAl?$AA?5?$AAe?$AAr?$AAr?$AAo?$AAr?$AA?4?$AA?5?$AAM?$AAa?$AAp?$AAp?$AAi?$AAn?$AAg?$AA?5?$AAf?$AAi?$AAl?$AAe?$AA?5?$AAn?$AAa?$AAm@ 0000000180018ae0     ConEmuTh.obj
 0002:00000b50       ??_C@_1DM@JLCDNDHD@?$AAC?$AAo?$AAn?$AAE?$AAm?$AAu?$AAP?$AAa?$AAn?$AAe?$AAl?$AAV?$AAi?$AAe?$AAw?$AAD?$AAl?$AAg?$AAs?$AAM?$AAa?$AAp?$AAp?$AAi?$AAn?$AAg?$AA?4?$AA?$CF?$AAu?$AA?$AA@ 0000000180018b50     ConEmuTh.obj
 0002:00000b90       ??_C@_1BC@DJOGOIHN@?$AAC?$AAo?$AAn?$AAE?$AAm?$AAu?$AAT?$AAh?$AA?$AA@ 0000000180018b90     ConEmuTh.obj
 0002:00000ba8       ??_C@_1DA@BMIFHIMF@?$AAC?$AAo?$AAn?$AAE?$AAm?$AAu?$AAV?$AAi?$AAe?$AAw?$AAS?$AAe?$AAt?$AAM?$AAa?$AAp?$AAp?$AAi?$AAn?$AAg?$AA?4?$AA?$CF?$AAu?$AA?$AA@ 0000000180018ba8     ConEmuTh.obj
 0002:00000bd8       ??_C@_0M@FMNOKGGE@GetFarHWND2?$AA@ 0000000180018bd8     ConEmuTh.obj
 0002:00000be8       ??_C@_0BC@MKJHPCEO@RegisterPanelView?$AA@ 0000000180018be8     ConEmuTh.obj
 0002:00000c00       ??_C@_1BO@ONHPLONP@?$AAC?$AAo?$AAn?$AAE?$AAm?$AAu?$AA?4?$AAx?$AA6?$AA4?$AA?4?$AAd?$AAl?$AAl?$AA?$AA@ 0000000180018c00     ConEmuTh.obj
 0002:00000c20       ??_C@_1BE@LFJLOEAN@?$AAC?$AAo?$AAn?$AAE?$AAm?$AAu?$AAT?$AAh?$AA?2?$AA?$AA@ 0000000180018c20     ConEmuTh995.obj
 0002:00000c38       ??_C@_17JLFEDMMI@?$AA?$DP?$AA?$DP?$AA?$DP?$AA?$AA@ 0000000180018c38     ConEmuTh995.obj
 0002:00000c40       ??_C@_1BC@IALIJCAM@?$AAS?$AAo?$AAr?$AAt?$AAM?$AAo?$AAd?$AAe?$AA?$AA@ 0000000180018c40     ConEmuTh1900.obj
 0002:00000c58       ??_C@_1BG@MHMKAABO@?$AAS?$AAt?$AAa?$AAt?$AAu?$AAs?$AAL?$AAi?$AAn?$AAe?$AA?$AA@ 0000000180018c58     ConEmuTh1900.obj
 0002:00000c70       ??_C@_1BK@MBFACEDG@?$AAC?$AAo?$AAl?$AAu?$AAm?$AAn?$AAT?$AAi?$AAt?$AAl?$AAe?$AAs?$AA?$AA@ 0000000180018c70     ConEmuTh1900.obj
 0002:00000c90       ??_C@_1O@PDEOIOBG@?$AAK?$AAe?$AAy?$AAB?$AAa?$AAr?$AA?$AA@ 0000000180018c90     ConEmuTh1900.obj
 0002:00000ca0       ??_C@_1BI@EKLHEFDO@?$AAS?$AAh?$AAo?$AAw?$AAM?$AAe?$AAn?$AAu?$AAB?$AAa?$AAr?$AA?$AA@ 0000000180018ca0     ConEmuTh1900.obj
 0002:00000cb8       ??_C@_1DE@DJEAMLPH@?$AAC?$AAo?$AAn?$AAE?$AAm?$AAu?$AA?4?$AAM?$AAa?$AAx?$AAi?$AAm?$AAu?$AAs?$AA5?$AA?$EA?$AAg?$AAm?$AAa?$AAi?$AAl?$AA?4?$AAc?$AAo?$AAm?$AA?$AA@ 0000000180018cb8     ConEmuTh2800.obj
 0002:00000cf0       ??_C@_1EM@OOFEGLCO@?$AAT?$AAh?$AAu?$AAm?$AAb?$AAn?$AAa?$AAi?$AAl?$AAs?$AA?5?$AAa?$AAn?$AAd?$AA?5?$AAT?$AAi?$AAl?$AAe?$AAs?$AA?5?$AAi?$AAn?$AA?5?$AAC?$AAo?$AAn?$AAE?$AAm?$AAu?$AA?5?$AAw@ 0000000180018cf0     ConEmuTh2800.obj
 0002:00000d40       ??_C@_1CG@DMGPLFKD@?$AAC?$AAo?$AAn?$AAE?$AAm?$AAu?$AA?5?$AAP?$AAa?$AAn?$AAe?$AAl?$AA?5?$AAV?$AAi?$AAe?$AAw?$AAs?$AA?$AA@ 0000000180018d40     ConEmuTh2800.obj
 0002:00000d90       ??_C@_1EK@NOCLDABL@?$AAi?$AAf?$AA?5?$AA?$CF?$AAc?$AAP?$AAa?$AAn?$AAe?$AAl?$AA?4?$AAL?$AAe?$AAf?$AAt?$AA?5?$AAt?$AAh?$AAe?$AAn?$AA?5?$AAK?$AAe?$AAy?$AAs?$AA?$CI?$AA?$CC?$AAT?$AAa?$AAb?$AA?$CC?$AA?$CJ@ 0000000180018d90     Display.obj
 0002:00000de0       ??_C@_1DI@DLGGKEIH@?$AA$?$AAI?$AAf?$AA?5?$AA?$CI?$AA?$CF?$AAc?$AAP?$AAa?$AAn?$AAe?$AAl?$AA?4?$AAL?$AAe?$AAf?$AAt?$AA?$CJ?$AA?5?$AAT?$AAa?$AAb?$AA?5?$AA$?$AAE?$AAn?$AAd?$AA?$AA@ 0000000180018de0     Display.obj
 0002:00000e18       ??_C@_1M@KOMOBEPM@?$AA?$CF?$AAi?$AA?5?$AA?$CF?$AAc?$AA?$AA@ 0000000180018e18     Display.obj
 0002:00000e28       ??_C@_1BC@IBHKOKF@?$AA?$CF?$AAi?$AA?0?$AA?$CF?$AAi?$AA?5?$AA?$CF?$AAc?$AA?$AA@ 0000000180018e28     Display.obj
 0002:00000e40       ??_C@_1O@NLGMKEDN@?$AAB?$AAK?$AAM?$AAG?$AAT?$AAP?$AA?$AA@ 0000000180018e40     Display.obj
 0002:00000e50       ??_C@_1CO@LEOKLKOD@?$AA?$CF?$AA0?$AA2?$AAi?$AA?4?$AA?$CF?$AA0?$AA2?$AAi?$AA?4?$AA?$CF?$AA0?$AA2?$AAi?$AA?5?$AA?$CF?$AAi?$AA?3?$AA?$CF?$AA0?$AA2?$AAi?$AA?$AA@ 0000000180018e50     Display.obj
 0002:00000e80       ??_C@_1CM@MJKKOLFD@?$AAC?$AAo?$AAn?$AAE?$AAm?$AAu?$AA?4?$AA?$CF?$AAs?$AAP?$AAa?$AAn?$AAe?$AAl?$AAV?$AAi?$AAe?$AAw?$AA?4?$AA?$CF?$AAi?$AA?$AA@ 0000000180018e80     Display.obj
 0002:00000eb0       ??_C@_1M@KDEMMBOH@?$AAR?$AAi?$AAg?$AAh?$AAt?$AA?$AA@ 0000000180018eb0     Display.obj
 0002:00000ec0       ??_C@_19DKAIAFPE@?$AAL?$AAe?$AAf?$AAt?$AA?$AA@ 0000000180018ec0     Display.obj
 0002:00000ed0       ??_C@_1CI@GNBJKMME@?$AAC?$AAo?$AAn?$AAE?$AAm?$AAu?$AAT?$AAh?$AA?3?$AA?3?$AAM?$AAa?$AAp?$AAC?$AAo?$AAo?$AAr?$AAd?$AAs?$AA?$AA@ 0000000180018ed0     Display.obj
 0002:00000ef8       ??_C@_1CG@OILEFJJN@?$AAC?$AAo?$AAn?$AAE?$AAm?$AAu?$AAT?$AAh?$AA?3?$AA?3?$AAS?$AAe?$AAt?$AAt?$AAi?$AAn?$AAg?$AAs?$AA?$AA@ 0000000180018ef8     Display.obj
 0002:00000f20       ??_C@_1BO@IPKBELC@?$AAC?$AAo?$AAn?$AAE?$AAm?$AAu?$AAT?$AAh?$AA?3?$AA?3?$AAF?$AAa?$AAd?$AAe?$AA?$AA@ 0000000180018f20     Display.obj
 0002:00000f40       ??_C@_0L@DOHHADLD@CET_Cancel?$AA@ 0000000180018f40     ImgCache.obj
 0002:00000f50       ??_C@_08PFMFDMEL@CET_Free?$AA@ 0000000180018f50     ImgCache.obj
 0002:00000f60       ??_C@_08DBEDCDF@CET_Load?$AA@ 0000000180018f60     ImgCache.obj
 0002:00000f70       ??_C@_08CBCDAPII@CET_Done?$AA@ 0000000180018f70     ImgCache.obj
 0002:00000f80       ??_C@_08DHJJJJMJ@CET_Init?$AA@ 0000000180018f80     ImgCache.obj
 0002:00000f90       ??_C@_1M@KCMICNEG@?$AA?$CK?$AA?4?$AAt?$AA6?$AA4?$AA?$AA@ 0000000180018f90     ImgCache.obj
 0002:00000fa0       ??_C@_1BO@EOFABIPH@?$AAC?$AAo?$AAn?$AAE?$AAm?$AAu?$AAT?$AAh?$AA?4?$AAc?$AAa?$AAc?$AAh?$AAe?$AA?$AA@ 0000000180018fa0     ImgCache.obj
 0002:00000fc0       ??_C@_15DDHGOCBH@?$AA?4?$AA?4?$AA?$AA@ 0000000180018fc0     ImgCache.obj
 0002:00000fc8       ??_C@_19DDLLJDOO@?$AAF?$AAi?$AAl?$AAe?$AA?$AA@ 0000000180018fc8     ImgCache.obj
 0002:00000fd8       ??_C@_0N@DDFPJHDO@_GetFileData?$AA@ 0000000180018fd8     ImgCache.obj
 0002:00000fe8       ??_C@_1BE@DFPCIADA@?$AAP?$AAB?$AAF?$AAa?$AAr?$AA?4?$AAd?$AAl?$AAl?$AA?$AA@ 0000000180018fe8     ImgCache.obj
 0002:00001000       ??_C@_19EBFDIIDI@?$AA?4?$AAw?$AAm?$AAf?$AA?$AA@ 0000000180019000     ImgCache.obj
 0002:00001010       ??_C@_19HFLOJEOK@?$AA?4?$AAp?$AAn?$AAg?$AA?$AA@ 0000000180019010     ImgCache.obj
 0002:00001020       ??_C@_19GPGAIFNL@?$AA?4?$AAi?$AAc?$AAo?$AA?$AA@ 0000000180019020     ImgCache.obj
 0002:00001030       ??_C@_19KGHJPLAF@?$AA?4?$AAg?$AAi?$AAf?$AA?$AA@ 0000000180019030     ImgCache.obj
 0002:00001040       ??_C@_19HKLPDE@?$AA?4?$AAb?$AAm?$AAp?$AA?$AA@ 0000000180019040     ImgCache.obj
 0002:00001050       ??_7?$CQueueProcessor@PEAUIMAGE_CACHE_INFO@@@@6B@ 0000000180019050     ImgCache.obj
 0002:000010b0       ??_7CImgLoader@@6B@        00000001800190b0     ImgCache.obj
 0002:00001120       ??_C@_1CA@DHOHMJCG@?$AAU?$AAn?$AAi?$AAc?$AAo?$AAd?$AAe?$AA?5?$AAC?$AAh?$AAa?$AAr?$AAM?$AAa?$AAp?$AA?$AA@ 0000000180019120     RgnDetect.obj
 0002:00001140       ??_C@_0BK@DNNLOFO@SetSecurityDescriptorDacl?$AA@ 0000000180019140     MSecurity.obj
 0002:00001160       ??_C@_0BN@FNLANPJJ@InitializeSecurityDescriptor?$AA@ 0000000180019160     MSecurity.obj
 0002:00001180       ??_C@_0O@GKCEJBAA@InitializeAcl?$AA@ 0000000180019180     MSecurity.obj
 0002:00001190       ??_C@_0N@HBKDHKNL@GetLengthSid?$AA@ 0000000180019190     MSecurity.obj
 0002:000011a0       ??_C@_0BJ@ECIKFEOL@AllocateAndInitializeSid?$AA@ 00000001800191a0     MSecurity.obj
 0002:000011c0       ??_C@_0BD@EIGAJLOG@AddAccessDeniedAce?$AA@ 00000001800191c0     MSecurity.obj
 0002:000011d8       ??_C@_0BE@IPKPLIM@AddAccessAllowedAce?$AA@ 00000001800191d8     MSecurity.obj
 0002:000011f0       ??_C@_1BK@BIGILECK@?$AAA?$AAd?$AAv?$AAa?$AAp?$AAi?$AA3?$AA2?$AA?4?$AAd?$AAl?$AAl?$AA?$AA@ 00000001800191f0     MSecurity.obj
 0002:00001210       ??_C@_1BO@HJHEFHMO@?$AAK?$AAe?$AAr?$AAn?$AAe?$AAl?$AAB?$AAa?$AAs?$AAe?$AA?4?$AAd?$AAl?$AAl?$AA?$AA@ 0000000180019210     MSecurity.obj
 0002:00001230       ??_C@_15LKGMKBFA@?$AA0?$AA0?$AA?$AA@ 0000000180019230     MStrSafe.obj
 0002:00001238       ??_C@_1BC@LMIJMNIA@?$AA0?$AA0?$AA0?$AA0?$AA0?$AA0?$AA0?$AA0?$AA?$AA@ 0000000180019238     MStrSafe.obj
 0002:00001250       ??_C@_1BI@MPDCNJBA@?$AAt?$AAl?$AAn?$AAt?$AAs?$AAv?$AAr?$AA?4?$AAe?$AAx?$AAe?$AA?$AA@ 0000000180019250     WinObjects.obj
 0002:00001268       ??_C@_1BK@HHKNEJDC@?$AAt?$AAl?$AAn?$AAt?$AAs?$AAe?$AAs?$AAs?$AA?4?$AAe?$AAx?$AAe?$AA?$AA@ 0000000180019268     WinObjects.obj
 0002:00001284       ??_C@_02PCIJFNDE@?$AN?6?$AA@ 0000000180019284     WinObjects.obj
 0002:00001288       _pDefaultRawDllMain        0000000180019288     libcmt:dllcrt0.obj
 0002:00001288       _pRawDllMain               0000000180019288     libcmt:dllcrt0.obj
 0002:00001290       ??_C@_0P@MIGLKIOC@CorExitProcess?$AA@ 0000000180019290     libcmt:crt0dat.obj
 0002:000012a0       ??_C@_1BI@BGOHAHKC@?$AAm?$AAs?$AAc?$AAo?$AAr?$AAe?$AAe?$AA?4?$AAd?$AAl?$AAl?$AA?$AA@ 00000001800192a0     libcmt:crt0dat.obj
 0002:000012c0       _XcptActTab                00000001800192c0     libcmt:winxfltr.obj
 0002:000013e0       ??_C@_0P@GGKDKEEG@runtime?5error?5?$AA@ 00000001800193e0     libcmt:crt0msg.obj
 0002:000013f0       ??_C@_0O@MJNIPGOH@TLOSS?5error?$AN?6?$AA@ 00000001800193f0     libcmt:crt0msg.obj
 0002:00001400       ??_C@_0N@BONNPDHF@SING?5error?$AN?6?$AA@ 0000000180019400     libcmt:crt0msg.obj
 0002:00001410       ??_C@_0P@MBDAJNE@DOMAIN?5error?$AN?6?$AA@ 0000000180019410     libcmt:crt0msg.obj
 0002:00001420       ??_C@_0JL@DFDOOABL@R6034?$AN?6An?5application?5has?5made?5a@ 0000000180019420     libcmt:crt0msg.obj
 0002:000014c0       ??_C@_0PH@EPAFIJ@R6033?$AN?6?9?5Attempt?5to?5use?5MSIL?5cod@ 00000001800194c0     libcmt:crt0msg.obj
 0002:000015b8       ??_C@_0DD@BKEEABMM@R6032?$AN?6?9?5not?5enough?5space?5for?5lo@ 00000001800195b8     libcmt:crt0msg.obj
 0002:000015f0       ??_C@_0GD@OFKILIED@R6031?$AN?6?9?5Attempt?5to?5initialize?5t@ 00000001800195f0     libcmt:crt0msg.obj
 0002:00001658       ??_C@_0BP@LPMHJOKI@R6030?$AN?6?9?5CRT?5not?5initialized?$AN?6?$AA@ 0000000180019658     libcmt:crt0msg.obj
 0002:00001678       ??_C@_0CF@KJDAIALP@R6028?$AN?6?9?5unable?5to?5initialize?5he@ 0000000180019678     libcmt:crt0msg.obj
 0002:000016a0       ??_C@_0DF@GAKBPDFP@R6027?$AN?6?9?5not?5enough?5space?5for?5lo@ 00000001800196a0     libcmt:crt0msg.obj
 0002:000016d8       ??_C@_0DF@IBLNNAIG@R6026?$AN?6?9?5not?5enough?5space?5for?5st@ 00000001800196d8     libcmt:crt0msg.obj
 0002:00001710       ??_C@_0CG@IOHKGFNJ@R6025?$AN?6?9?5pure?5virtual?5function?5c@ 0000000180019710     libcmt:crt0msg.obj
 0002:00001738       ??_C@_0DF@JIJJFJDC@R6024?$AN?6?9?5not?5enough?5space?5for?5_o@ 0000000180019738     libcmt:crt0msg.obj
 0002:00001770       ??_C@_0CJ@EGEJHFME@R6019?$AN?6?9?5unable?5to?5open?5console?5@ 0000000180019770     libcmt:crt0msg.obj
 0002:000017a0       ??_C@_0CB@GNHNIELH@R6018?$AN?6?9?5unexpected?5heap?5error?$AN?6@ 00000001800197a0     libcmt:crt0msg.obj
 0002:000017c8       ??_C@_0CN@FOLDKNG@R6017?$AN?6?9?5unexpected?5multithread?5@ 00000001800197c8     libcmt:crt0msg.obj
 0002:000017f8       ??_C@_0CM@FAHFJNHO@R6016?$AN?6?9?5not?5enough?5space?5for?5th@ 00000001800197f8     libcmt:crt0msg.obj
 0002:00001830       ??_C@_0JG@LBKMGKLD@?$AN?6This?5application?5has?5requested@ 0000000180019830     libcmt:crt0msg.obj
 0002:000018c8       ??_C@_0CM@FLCNIPKK@R6009?$AN?6?9?5not?5enough?5space?5for?5en@ 00000001800198c8     libcmt:crt0msg.obj
 0002:000018f8       ??_C@_0CK@KMMJOAPP@R6008?$AN?6?9?5not?5enough?5space?5for?5ar@ 00000001800198f8     libcmt:crt0msg.obj
 0002:00001928       ??_C@_0CN@LEKKICBM@R6002?$AN?6?9?5floating?5point?5support?5@ 0000000180019928     libcmt:crt0msg.obj
 0002:00001958       ??_C@_0CF@GOGNBNAK@Microsoft?5Visual?5C?$CL?$CL?5Runtime?5Lib@ 0000000180019958     libcmt:crt0msg.obj
 0002:00001980       ??_C@_02PHMGELLB@?6?6?$AA@ 0000000180019980     libcmt:crt0msg.obj
 0002:00001984       ??_C@_03KHICJKCI@?4?4?4?$AA@ 0000000180019984     libcmt:crt0msg.obj
 0002:00001988       ??_C@_0BH@DNAGHKFM@?$DMprogram?5name?5unknown?$DO?$AA@ 0000000180019988     libcmt:crt0msg.obj
 0002:000019a0       ??_C@_0BK@OFGJDLJJ@Runtime?5Error?$CB?6?6Program?3?5?$AA@ 00000001800199a0     libcmt:crt0msg.obj
 0002:000019c0       __newctype                 00000001800199c0     libcmt:ctype.obj
 0002:00001cc0       _wctype                    0000000180019cc0     libcmt:ctype.obj
 0002:00001ed0       __newclmap                 0000000180019ed0     libcmt:ctype.obj
 0002:00002050       __newcumap                 000000018001a050     libcmt:ctype.obj
 0002:000021d0       ??_C@_08JCCMCCIL@HH?3mm?3ss?$AA@ 000000018001a1d0     libcmt:strftime.obj
 0002:000021e0       ??_C@_0BE@CKGJFCPC@dddd?0?5MMMM?5dd?0?5yyyy?$AA@ 000000018001a1e0     libcmt:strftime.obj
 0002:000021f8       ??_C@_08BPBNCDIB@MM?1dd?1yy?$AA@ 000000018001a1f8     libcmt:strftime.obj
 0002:00002204       ??_C@_02CJNFDJBF@PM?$AA@   000000018001a204     libcmt:strftime.obj
 0002:00002208       ??_C@_02DEDBPAFC@AM?$AA@   000000018001a208     libcmt:strftime.obj
 0002:00002210       ??_C@_08EDHMEBNP@December?$AA@ 000000018001a210     libcmt:strftime.obj
 0002:00002220       ??_C@_08HCHEGEOA@November?$AA@ 000000018001a220     libcmt:strftime.obj
 0002:00002230       ??_C@_07JJNFCEND@October?$AA@ 000000018001a230     libcmt:strftime.obj
 0002:00002238       ??_C@_09BHHEALKD@September?$AA@ 000000018001a238     libcmt:strftime.obj
 0002:00002244       ??_C@_06LBBHFDDG@August?$AA@ 000000018001a244     libcmt:strftime.obj
 0002:0000224c       ??_C@_04MIEPOIFP@July?$AA@ 000000018001a24c     libcmt:strftime.obj
 0002:00002254       ??_C@_04CNLMGBGM@June?$AA@ 000000018001a254     libcmt:strftime.obj
 0002:0000225c       ??_C@_05DMJDNLEJ@April?$AA@ 000000018001a25c     libcmt:strftime.obj
 0002:00002264       ??_C@_05HPCKOFNC@March?$AA@ 000000018001a264     libcmt:strftime.obj
 0002:00002270       ??_C@_08GNJGEPFN@February?$AA@ 000000018001a270     libcmt:strftime.obj
 0002:00002280       ??_C@_07CGJPFGJA@January?$AA@ 000000018001a280     libcmt:strftime.obj
 0002:00002288       ??_C@_03MKABNOCG@Dec?$AA@  000000018001a288     libcmt:strftime.obj
 0002:0000228c       ??_C@_03JPJOFNIA@Nov?$AA@  000000018001a28c     libcmt:strftime.obj
 0002:00002290       ??_C@_03BMAOKBAD@Oct?$AA@  000000018001a290     libcmt:strftime.obj
 0002:00002294       ??_C@_03GGCAPAJC@Sep?$AA@  000000018001a294     libcmt:strftime.obj
 0002:00002298       ??_C@_03IFJFEIGA@Aug?$AA@  000000018001a298     libcmt:strftime.obj
 0002:0000229c       ??_C@_03LBGABGKK@Jul?$AA@  000000018001a29c     libcmt:strftime.obj
 0002:000022a0       ??_C@_03IDFGHECI@Jun?$AA@  000000018001a2a0     libcmt:strftime.obj
 0002:000022a4       ??_C@_03CNMDKL@May?$AA@    000000018001a2a4     libcmt:strftime.obj
 0002:000022a8       ??_C@_03LEOLGMJP@Apr?$AA@  000000018001a2a8     libcmt:strftime.obj
 0002:000022ac       ??_C@_03ODNJBKGA@Mar?$AA@  000000018001a2ac     libcmt:strftime.obj
 0002:000022b0       ??_C@_03HJBDCHOM@Feb?$AA@  000000018001a2b0     libcmt:strftime.obj
 0002:000022b4       ??_C@_03JIHJHPIE@Jan?$AA@  000000018001a2b4     libcmt:strftime.obj
 0002:000022b8       ??_C@_08INBOOONO@Saturday?$AA@ 000000018001a2b8     libcmt:strftime.obj
 0002:000022c4       ??_C@_06JECMNKMI@Friday?$AA@ 000000018001a2c4     libcmt:strftime.obj
 0002:000022d0       ??_C@_08HACCIKIA@Thursday?$AA@ 000000018001a2d0     libcmt:strftime.obj
 0002:000022e0       ??_C@_09DLIGFAKA@Wednesday?$AA@ 000000018001a2e0     libcmt:strftime.obj
 0002:000022f0       ??_C@_07BAAGCFCM@Tuesday?$AA@ 000000018001a2f0     libcmt:strftime.obj
 0002:000022f8       ??_C@_06JLEDEDGH@Monday?$AA@ 000000018001a2f8     libcmt:strftime.obj
 0002:00002300       ??_C@_06OOPIFAJ@Sunday?$AA@ 000000018001a300     libcmt:strftime.obj
 0002:00002308       ??_C@_03FEFJNEK@Sat?$AA@   000000018001a308     libcmt:strftime.obj
 0002:0000230c       ??_C@_03IDIOELNC@Fri?$AA@  000000018001a30c     libcmt:strftime.obj
 0002:00002310       ??_C@_03IOFIKPDN@Thu?$AA@  000000018001a310     libcmt:strftime.obj
 0002:00002314       ??_C@_03MHOMLAJA@Wed?$AA@  000000018001a314     libcmt:strftime.obj
 0002:00002318       ??_C@_03NAGEINEP@Tue?$AA@  000000018001a318     libcmt:strftime.obj
 0002:0000231c       ??_C@_03PDAGKDH@Mon?$AA@   000000018001a31c     libcmt:strftime.obj
 0002:00002320       ??_C@_03KOEHGMDN@Sun?$AA@  000000018001a320     libcmt:strftime.obj
 0002:00002324       ??_C@_13NOLLCAOD@?$AA?$AA?$AA?$AA@ 000000018001a324     libcmt:a_str.obj
 0002:00002328       ??_C@_0BI@DFKBFLJE@GetProcessWindowStation?$AA@ 000000018001a328     libcmt:crtmbox.obj
 0002:00002340       ??_C@_0BK@CIDNPOGP@GetUserObjectInformationA?$AA@ 000000018001a340     libcmt:crtmbox.obj
 0002:00002360       ??_C@_0BD@HHGDFDBJ@GetLastActivePopup?$AA@ 000000018001a360     libcmt:crtmbox.obj
 0002:00002378       ??_C@_0BA@HNOPNCHB@GetActiveWindow?$AA@ 000000018001a378     libcmt:crtmbox.obj
 0002:00002388       ??_C@_0M@CHKKJDAI@MessageBoxA?$AA@ 000000018001a388     libcmt:crtmbox.obj
 0002:00002398       ??_C@_0L@NDEGIDAG@USER32?4DLL?$AA@ 000000018001a398     libcmt:crtmbox.obj
 0002:000023a8       __dnames                   000000018001a3a8     libcmt:timeset.obj
 0002:000023c0       __mnames                   000000018001a3c0     libcmt:timeset.obj
 0002:000023f8       __rtc_iaa                  000000018001a3f8     libcmt:_initsect_.obj
 0002:00002400       __rtc_izz                  000000018001a400     libcmt:_initsect_.obj
 0002:00002408       __rtc_taa                  000000018001a408     libcmt:_initsect_.obj
 0002:00002410       __rtc_tzz                  000000018001a410     libcmt:_initsect_.obj
 0002:000030f0       __IMPORT_DESCRIPTOR_VERSION 000000018001b0f0     version:VERSION.dll
 0002:00003104       __IMPORT_DESCRIPTOR_KERNEL32 000000018001b104     kernel32:KERNEL32.dll
 0002:00003118       __IMPORT_DESCRIPTOR_USER32 000000018001b118     user32:USER32.dll
 0002:0000312c       __IMPORT_DESCRIPTOR_GDI32  000000018001b12c     gdi32:GDI32.dll
 0002:00003140       __IMPORT_DESCRIPTOR_ADVAPI32 000000018001b140     advapi32:ADVAPI32.dll
 0002:00003154       __IMPORT_DESCRIPTOR_SHELL32 000000018001b154     shell32:SHELL32.dll
 0002:00003168       __IMPORT_DESCRIPTOR_ole32  000000018001b168     ole32:ole32.dll
 0002:0000317c       __NULL_IMPORT_DESCRIPTOR   000000018001b17c     version:VERSION.dll
 0003:00000000       ?gbPreloadByDefault@@3HA   000000018001d000     ConEmuTh.obj
 0003:00000008       ?gcrCurColors@@3PEAKEA     000000018001d008     ConEmuTh.obj
 0003:00000010       ?Far3Func@@3PAUExportFunc@@A 000000018001d010     ConEmuTh.obj
 0003:00000058       ?guid_ConEmuTh@@3U_GUID@@A 000000018001d058     ConEmuTh2800.obj
 0003:00000068       ?guid_ConEmuThPluginMenu@@3U_GUID@@A 000000018001d068     ConEmuTh2800.obj
 0003:00000080       __flsindex                 000000018001d080     libcmt:tidtable.obj
 0003:00000088       _aexit_rtn                 000000018001d088     libcmt:crt0dat.obj
 0003:00000090       __badioinfo                000000018001d090     libcmt:ioinit.obj
 0003:000000e8       _amblksiz                  000000018001d0e8     libcmt:heapinit.obj
 0003:000000ec       _First_FPE_Indx            000000018001d0ec     libcmt:winxfltr.obj
 0003:000000f0       _Num_FPE                   000000018001d0f0     libcmt:winxfltr.obj
 0003:000000f4       _XcptActTabSize            000000018001d0f4     libcmt:winxfltr.obj
 0003:000000f8       _XcptActTabCount           000000018001d0f8     libcmt:winxfltr.obj
 0003:00000350       __clocalestr               000000018001d350     libcmt:nlsdata2.obj
 0003:00000360       __initiallocinfo           000000018001d360     libcmt:nlsdata2.obj
 0003:000004c0       __ptlocinfo                000000018001d4c0     libcmt:nlsdata2.obj
 0003:000004c8       __lc_clike                 000000018001d4c8     libcmt:nlsdata2.obj
 0003:000004d0       __initiallocalestructinfo  000000018001d4d0     libcmt:nlsdata2.obj
 0003:000004e0       __initialmbcinfo           000000018001d4e0     libcmt:mbctype.obj
 0003:00000700       _mbctype                   000000018001d700     libcmt:mbctype.obj
 0003:00000810       _mbcasemap                 000000018001d810     libcmt:mbctype.obj
 0003:00000910       __ptmbcinfo                000000018001d910     libcmt:mbctype.obj
 0003:00000cf0       _cfltcvt_tab               000000018001dcf0     libcmt:cmiscdat.obj
 0003:00000d40       __security_cookie          000000018001dd40     libcmt:gs_cookie.obj
 0003:00000d48       __security_cookie_complement 000000018001dd48     libcmt:gs_cookie.obj
 0003:00000d50       _pctype                    000000018001dd50     libcmt:ctype.obj
 0003:00000d58       _pwctype                   000000018001dd58     libcmt:ctype.obj
 0003:00000d60       __lc_time_c                000000018001dd60     libcmt:strftime.obj
 0003:00000ec8       __lc_time_curr             000000018001dec8     libcmt:strftime.obj
 0003:00000ed0       __lconv_static_decimal     000000018001ded0     libcmt:lconv.obj
 0003:00000ee0       __lconv_c                  000000018001dee0     libcmt:lconv.obj
 0003:00000f38       __lconv                    000000018001df38     libcmt:lconv.obj
 0003:00000f40       __globallocalestatus       000000018001df40     libcmt:glstatus.obj
 0003:00000f48       __mb_cur_max               000000018001df48     libcmt:nlsdata1.obj
 0003:00000f4c       __decimal_point            000000018001df4c     libcmt:nlsdata1.obj
 0003:00000f50       __decimal_point_length     000000018001df50     libcmt:nlsdata1.obj
 0003:00000f60       __abort_behavior           000000018001df60     libcmt:abort.obj
 0003:00000f70       _timezone                  000000018001df70     libcmt:timeset.obj
 0003:00000f74       _daylight                  000000018001df74     libcmt:timeset.obj
 0003:00000f78       _dstbias                   000000018001df78     libcmt:timeset.obj
 0003:00001000       _tzname                    000000018001e000     libcmt:timeset.obj
 0003:00001030       _lpdays                    000000018001e030     libcmt:days.obj
 0003:00001068       _days                      000000018001e068     libcmt:days.obj
 0003:000010a0       ?gsHardLink@@3PA_WA        000000018001e0a0     ConEmuTh.obj
 0003:00001120       ?gsJunction@@3PA_WA        000000018001e120     ConEmuTh.obj
 0003:000011a0       ?gsSymLink@@3PA_WA         000000018001e1a0     ConEmuTh.obj
 0003:00001220       ?gsTitleThumbs@@3PA_WA     000000018001e220     ConEmuTh.obj
 0003:000012a0       ?gsTitleTiles@@3PA_WA      000000018001e2a0     ConEmuTh.obj
 0003:00001320       ?gsFolder@@3PA_WA          000000018001e320     ConEmuTh.obj
 0003:000013a0       ?gdwModes@@3PAKA           000000018001e3a0     ConEmuTh.obj
 0003:000013a8       ?ghConEmuRoot@@3PEAUHWND__@@EA 000000018001e3a8     ConEmuTh.obj
 0003:000013b0       ?gThSet@@3UPanelViewSetMapping@@A 000000018001e3b0     ConEmuTh.obj
 0003:000015c8       ?ghConEmuWnd@@3PEAUHWND__@@EA 000000018001e5c8     ConEmuTh.obj
 0003:000015d0       ?ghPluginModule@@3PEAUHINSTANCE__@@EA 000000018001e5d0     ConEmuTh.obj
 0003:000015d8       ?TerminalMode@@3HA         000000018001e5d8     ConEmuTh.obj
 0003:000015dc       ?gnSelfPID@@3KA            000000018001e5dc     ConEmuTh.obj
 0003:000015e0       ?gnMainThreadId@@3KA       000000018001e5e0     ConEmuTh.obj
 0003:000015e4       ?gnMainThreadIdInitial@@3KA 000000018001e5e4     ConEmuTh.obj
 0003:000015e8       ?ghDisplayThread@@3PEAXEA  000000018001e5e8     ConEmuTh.obj
 0003:000015f0       ?gnDisplayThreadId@@3KA    000000018001e5f0     ConEmuTh.obj
 0003:000015f4       ?gbFadeColors@@3_NA        000000018001e5f4     ConEmuTh.obj
 0003:000015f5       ?gbFarPanelsReady@@3_NA    000000018001e5f5     ConEmuTh.obj
 0003:000015f6       ?gbConsoleChangesSyncho@@3_NA 000000018001e5f6     ConEmuTh.obj
 0003:000015f7       ?gbSynchoRedrawPanelRequested@@3_NA 000000018001e5f7     ConEmuTh.obj
 0003:000015f8       ?gFarVersion@@3UFarVersion@@A 000000018001e5f8     ConEmuTh.obj
 0003:00001600       ?gfRegisterPanelView@@3P6AHPEAUPanelViewInit@@@ZEA 000000018001e600     ConEmuTh.obj
 0003:00001608       ?gfGetFarHWND2@@3P6APEAUHWND__@@H@ZEA 000000018001e608     ConEmuTh.obj
 0003:00001610       ?pviLeft@@3UCeFullPanelInfo@@A 000000018001e610     ConEmuTh.obj
 0003:000018d0       ?pviRight@@3UCeFullPanelInfo@@A 000000018001e8d0     ConEmuTh.obj
 0003:00001b90       ?gpRgnDetect@@3PEAVCRgnDetect@@EA 000000018001eb90     ConEmuTh.obj
 0003:00001b98       ?gpImgCache@@3PEAVCImgCache@@EA 000000018001eb98     ConEmuTh.obj
 0003:00001ba0       ?gFarInfo@@3UCEFAR_INFO_MAPPING@@A 000000018001eba0     ConEmuTh.obj
 0003:000020d8       ?gnRgnDetectFlags@@3KA     000000018001f0d8     ConEmuTh.obj
 0003:000020dc       ?gFarPanelSettings@@3UCEFarPanelSettings@@A 000000018001f0dc     ConEmuTh.obj
 0003:000020e0       ?gpLocalSecurity@@3PEAU_SECURITY_ATTRIBUTES@@EA 000000018001f0e0     ConEmuTh.obj
 0003:000020e8       ?gFarInterfaceSettings@@3UCEFarInterfaceSettings@@A 000000018001f0e8     ConEmuTh.obj
 0003:000020ec       ?gnWaitForKeySeqTick@@3KA  000000018001f0ec     ConEmuTh.obj
 0003:000020f0       ?wScanCodeUp@@3GA          000000018001f0f0     ConEmuTh.obj
 0003:000020f4       ?wScanCodeDown@@3GA        000000018001f0f4     ConEmuTh.obj
 0003:000020f8       ?gnConsoleChanges@@3KA     000000018001f0f8     ConEmuTh.obj
 0003:000020fc       ?gbInfoW_OK@@3HA           000000018001f0fc     ConEmuTh.obj
 0003:00002100       ?gpLastSynchroArg@@3PEAUConEmuThSynchroArg@@EA 000000018001f100     ConEmuTh.obj
 0003:00002108       ?gpDbgDlg@@3PEAV?$MFileMapping@Utag_DetectedDialog@@@@EA 000000018001f108     ConEmuTh.obj
 0003:00002118       ?InfoW995@@3PEAUPluginStartupInfo@@EA 000000018001f118     ConEmuTh995.obj
 0003:00002120       ?FSFW995@@3PEAUFarStandardFunctions@@EA 000000018001f120     ConEmuTh995.obj
 0003:00002340       ?InfoW1900@@3PEAUPluginStartupInfo@@EA 000000018001f340     ConEmuTh1900.obj
 0003:00002348       ?FSFW1900@@3PEAUFarStandardFunctions@@EA 000000018001f348     ConEmuTh1900.obj
 0003:00002350       ?LastIndex@?1??Color2FgIndex@Far3Color@@SAXKAEAG@Z@4HA 000000018001f350     ConEmuTh1900.obj
 0003:00002354       ?LastColor@?1??Color2FgIndex@Far3Color@@SAXKAEAG@Z@4KA 000000018001f354     ConEmuTh1900.obj
 0003:00002358       ?LastIndex@?1??Color2BgIndex@Far3Color@@SAXKHAEAG@Z@4HA 000000018001f358     ConEmuTh1900.obj
 0003:0000235c       ?LastColor@?1??Color2BgIndex@Far3Color@@SAXKHAEAG@Z@4KA 000000018001f35c     ConEmuTh1900.obj
 0003:00002570       ?InfoW2800@@3PEAUPluginStartupInfo@@EA 000000018001f570     ConEmuTh2800.obj
 0003:00002578       ?FSFW2800@@3PEAUFarStandardFunctions@@EA 000000018001f578     ConEmuTh2800.obj
 0003:00002790       ?InfoA@@3PEAUPluginStartupInfo@@EA 000000018001f790     ConEmuThA.obj
 0003:00002798       ?FSFA@@3PEAUFarStandardFunctions@@EA 000000018001f798     ConEmuThA.obj
 0003:000028b8       ?ghCreateEvent@@3PEAXEA    000000018001f8b8     Display.obj
 0003:000028c0       ?gnCreateViewError@@3HA    000000018001f8c0     Display.obj
 0003:000028c4       ?gnWin32Error@@3KA         000000018001f8c4     Display.obj
 0003:000028c8       ?gbCancelAll@@3HA          000000018001f8c8     Display.obj
 0003:000028cc       ?gnConEmuFadeMsg@@3IA      000000018001f8cc     Display.obj
 0003:000028d0       ?gnConEmuSettingsMsg@@3IA  000000018001f8d0     Display.obj
 0003:000028d4       ?gnMapCoordMsg@@3IA        000000018001f8d4     Display.obj
 0003:000028d8       ?ghUpIcon@@3PEAUHICON__@@EA 000000018001f8d8     ImgCache.obj
 0003:000028e8       ?gbInCommonShutdown@@3HA   000000018001f8e8     Common.obj
 0003:000028f0       ?OnShutdownConsole@@3P6AXXZEA 000000018001f8f0     Common.obj
 0003:000028f8       ?AssertMsgBox@@3P6AHPEB_WI0PEAUHWND__@@_N@ZEA 000000018001f8f8     MAssert.obj
 0003:00002900       ?ghHeap@@3PEAXEA           000000018001f900     Memory.obj
 0003:00002908       ?gNullDesc@@3PEAVMNullDesc@@EA 000000018001f908     MSecurity.obj
 0003:00002910       ?Is_Window@@3P6AHPEAUHWND__@@@ZEA 000000018001f910     WinObjects.obj
 0003:00002924       __error_mode               000000018001f924     libcmt:dllcrt0.obj
 0003:00002928       _aenvptr                   000000018001f928     libcmt:dllcrt0.obj
 0003:00002930       _wenvptr                   000000018001f930     libcmt:dllcrt0.obj
 0003:00002938       __app_type                 000000018001f938     libcmt:dllcrt0.obj
 0003:0000293c       _maxwait                   000000018001f93c     libcmt:crtheap.obj
 0003:00002940       _umaskval                  000000018001f940     libcmt:crt0dat.obj
 0003:00002944       __argc                     000000018001f944     libcmt:crt0dat.obj
 0003:00002948       __argv                     000000018001f948     libcmt:crt0dat.obj
 0003:00002950       __wargv                    000000018001f950     libcmt:crt0dat.obj
 0003:00002958       _environ                   000000018001f958     libcmt:crt0dat.obj
 0003:00002960       __initenv                  000000018001f960     libcmt:crt0dat.obj
 0003:00002968       _wenviron                  000000018001f968     libcmt:crt0dat.obj
 0003:00002970       __winitenv                 000000018001f970     libcmt:crt0dat.obj
 0003:00002978       _pgmptr                    000000018001f978     libcmt:crt0dat.obj
 0003:00002980       _wpgmptr                   000000018001f980     libcmt:crt0dat.obj
 0003:00002988       _exitflag                  000000018001f988     libcmt:crt0dat.obj
 0003:0000298c       _C_Termination_Done        000000018001f98c     libcmt:crt0dat.obj
 0003:00002990       _C_Exit_Done               000000018001f990     libcmt:crt0dat.obj
 0003:00002ab0       _crtheap                   000000018001fab0     libcmt:heapinit.obj
 0003:00002cf0       __locale_changed           000000018001fcf0     libcmt:setlocal.obj
 0003:00002cf8       __lc_handle                000000018001fcf8     libcmt:nlsdata2.obj
 0003:00002d10       __lc_codepage              000000018001fd10     libcmt:nlsdata2.obj
 0003:00002d14       __lc_collate_cp            000000018001fd14     libcmt:nlsdata2.obj
 0003:00002d20       __mbulinfo                 000000018001fd20     libcmt:mbctype.obj
 0003:00002d2c       __mbcodepage               000000018001fd2c     libcmt:mbctype.obj
 0003:00002d30       __ismbcodepage             000000018001fd30     libcmt:mbctype.obj
 0003:00002d34       __mblcid                   000000018001fd34     libcmt:mbctype.obj
 0003:00003058       __pInvalidArgHandler       0000000180020058     libcmt:invarg.obj
 0003:00003060       ?__pInconsistency@@3P6AXXZEA 0000000180020060     libcmt:hooks.obj
 0003:000030a0       __pPurecall                00000001800200a0     libcmt:inithelp.obj
 0003:000030b0       ?_pnhHeap@@3P6AH_K@ZEA     00000001800200b0     libcmt:handler.obj
 0003:000030b8       __lconv_static_null        00000001800200b8     libcmt:lconv.obj
 0003:000030c4       _newmode                   00000001800200c4     libcmt:_newmode.obj
 0003:00003720       _debugger_hook_dummy       0000000180020720     <common>
 0003:00003724       _nhandle                   0000000180020724     <common>
 0003:00003740       __pioinfo                  0000000180020740     <common>
 0003:00003940       __env_initialized          0000000180020940     <common>
 0003:00003948       __onexitend                0000000180020948     <common>
 0003:00003950       __onexitbegin              0000000180020950     <common>
 0003:00003958       __mbctype_initialized      0000000180020958     <common>
 0003:00003960       _FPinit                    0000000180020960     <common>
 0003:00003968       __dyn_tls_init_callback    0000000180020968     <common>
 0003:00003970       _acmdln                    0000000180020970     <common>
 0003:00003978       _pDestructExceptionObject  0000000180020978     <common>

 entry point at        0001:00011ae4

 Static symbols

 0001:00000000       ?LoadFarVersion@@YA_NAEAUFarVersion@@AEAY0CAA@_W@Z 0000000180001000 f   ConEmuTh.obj
 0001:000002b8       ?ChangeExports@@YA_NPEBUExportFunc@@PEAUHINSTANCE__@@@Z 00000001800012b8 f   ConEmuTh.obj
 0001:000030d8       ?LoadFarSettingsW995@@YAXPEAUCEFarInterfaceSettings@@PEAUCEFarPanelSettings@@@Z 00000001800040d8 f   ConEmuTh995.obj
 0001:00004284       ?GetFarSetting@@YAHPEAX_KPEB_W@Z 0000000180005284 f   ConEmuTh1900.obj
 0001:000042d4       ?LoadFarSettingsW1900@@YAXPEAUCEFarInterfaceSettings@@PEAUCEFarPanelSettings@@@Z 00000001800052d4 f   ConEmuTh1900.obj
 0001:00005660       ?GetFarSetting@@YAHPEAX_KPEB_W@Z 0000000180006660 f   ConEmuTh2800.obj
 0001:000056b8       ?LoadFarSettingsW2800@@YAXPEAUCEFarInterfaceSettings@@PEAUCEFarPanelSettings@@@Z 00000001800066b8 f   ConEmuTh2800.obj
 0001:0000656c       ?LoadFarSettingsA@@YAXPEAUCEFarInterfaceSettings@@PEAUCEFarPanelSettings@@@Z 000000018000756c f   ConEmuThA.obj
 0001:000119cc       __DllMainCRTStartup        00000001800129cc f   libcmt:dllcrt0.obj
 0001:00012268       _initterm                  0000000180013268 f   libcmt:crt0dat.obj
 0001:00012388       doexit                     0000000180013388 f   libcmt:crt0dat.obj
 0001:00012a24       parse_cmdline              0000000180013a24 f   libcmt:stdargv.obj
 0001:00013730       _updatetlocinfoEx_nolock   0000000180014730 f   libcmt:setlocal.obj
 0001:00013800       ?setSBCS@@YAXPEAUthreadmbcinfostruct@@@Z 0000000180014800 f   libcmt:mbctype.obj
 0001:00013894       ?setSBUpLow@@YAXPEAUthreadmbcinfostruct@@@Z 0000000180014894 f   libcmt:mbctype.obj
 0001:00013be0       ?getSystemCP@@YAHH@Z       0000000180014be0 f   libcmt:mbctype.obj
 0001:00014e08       ?x_ismbbtype_l@@YAHPEAUlocaleinfo_struct@@IHH@Z 0000000180015e08 f   libcmt:ismbbyte.obj
 0001:00015450       ?__crtGetStringTypeA_stat@@YAHPEAUlocaleinfo_struct@@KPEBDHPEAGHHH@Z 0000000180016450 f   libcmt:a_str.obj
 0001:00015818       ?__crtLCMapStringA_stat@@YAHPEAUlocaleinfo_struct@@KKPEBDHPEADHHH@Z 0000000180016818 f   libcmt:a_map.obj
 0001:000166bc       ?strtoxl@@YAKPEAUlocaleinfo_struct@@PEBDPEAPEBDHH@Z 00000001800176bc f   libcmt:strtol.obj
 0001:00016a00       __DllMainCRTStartup$filt$0 0000000180017a00 f   libcmt:dllcrt0.obj
 0001:00016a20       _IsNonwritableInCurrentImage$filt$0 0000000180017a20 f   libcmt:pesect.obj
 0001:00016a41       _freefls$fin$1             0000000180017a41 f   libcmt:tidtable.obj
 0001:00016a41       _initptd$fin$1             0000000180017a41 f   libcmt:tidtable.obj
 0001:00016a61       _freefls$fin$0             0000000180017a61 f   libcmt:tidtable.obj
 0001:00016a61       _initptd$fin$0             0000000180017a61 f   libcmt:tidtable.obj
 0001:00016a7a       doexit$fin$0               0000000180017a7a f   libcmt:crt0dat.obj
 0001:00016a9c       _mtinitlocknum$fin$0       0000000180017a9c f   libcmt:mlock.obj
 0001:00016ab8       __updatetlocinfo$fin$0     0000000180017ab8 f   libcmt:setlocal.obj
 0001:00016ad1       __updatetmbcinfo$fin$0     0000000180017ad1 f   libcmt:mbctype.obj
 0001:00016ad1       _setmbcp$fin$0             0000000180017ad1 f   libcmt:mbctype.obj
 0001:00016aea       _onexit$fin$0              0000000180017aea f   libcmt:onexit.obj
 0001:00016afe       raise$fin$0                0000000180017afe f   libcmt:winsig.obj
 0001:00016b1a       __crtInitCritSecAndSpinCount$filt$0 0000000180017b1a f   libcmt:initcrit.obj
