 pe

 Timestamp is 5553def0 (Thu May 14 02:32:00 2015)

 Preferred load address is 10000000

 Start         Length     Name                   Class
 0001:00000000 00000050H .idata$5                CODE
 0001:00000050 000001c4H .rdata                  CODE
 0001:00000214 0000005eH .rdata$debug            CODE
 0001:00000280 000019e8H .text                   CODE
 0001:00001c68 00000028H .idata$2                CODE
 0001:00001c90 00000014H .idata$3                CODE
 0001:00001ca4 00000050H .idata$4                CODE
 0001:00001cf4 0000010cH .idata$6                CODE
 0001:00001e00 00000090H .edata                  CODE
 0002:00000000 0000000cH .bss                    DATA
 0003:00000000 00000058H .rsrc$01                DATA
 0003:00000060 000002b8H .rsrc$02                DATA

  Address         Publics by Value              Rva+Base       Lib:Object

 0000:00000000       ___safe_se_handler_count   00000000     <absolute>
 0000:00000000       ___safe_se_handler_table   00000000     <absolute>
 0001:00000000       __imp__HeapFree@12         10001000     kernel32:KERNEL32.dll
 0001:00000004       __imp__GetProcessHeap@0    10001004     kernel32:KERNEL32.dll
 0001:00000008       __imp__lstrcatW@8          10001008     kernel32:KERNEL32.dll
 0001:0000000c       __imp__lstrcpyW@8          1000100c     kernel32:KERNEL32.dll
 0001:00000010       __imp__lstrlenW@4          10001010     kernel32:KERNEL32.dll
 0001:00000014       __imp__lstrcmpiW@8         10001014     kernel32:KERNEL32.dll
 0001:00000018       __imp__lstrcmpW@8          10001018     kernel32:KERNEL32.dll
 0001:0000001c       __imp__lstrcmpA@8          1000101c     kernel32:KERNEL32.dll
 0001:00000020       __imp__MultiByteToWideChar@24 10001020     kernel32:KERNEL32.dll
 0001:00000024       __imp__lstrcmpiA@8         10001024     kernel32:KERNEL32.dll
 0001:00000028       __imp__lstrcpynW@12        10001028     kernel32:KERNEL32.dll
 0001:0000002c       __imp__HeapAlloc@12        1000102c     kernel32:KERNEL32.dll
 0001:00000030       __imp__HeapCreate@12       10001030     kernel32:KERNEL32.dll
 0001:00000034       __imp__HeapDestroy@4       10001034     kernel32:KERNEL32.dll
 0001:00000038       __imp__HeapReAlloc@16      10001038     kernel32:KERNEL32.dll
 0001:0000003c       __imp__HeapValidate@12     1000103c     kernel32:KERNEL32.dll
 0001:00000040       __imp__lstrlenA@4          10001040     kernel32:KERNEL32.dll
 0001:00000044       \177KERNEL32_NULL_THUNK_DATA 10001044     kernel32:KERNEL32.dll
 0001:00000048       __imp__wsprintfW           10001048     user32:USER32.dll
 0001:0000004c       \177USER32_NULL_THUNK_DATA 1000104c     user32:USER32.dll
 0001:0000006c       ??_C@_13DIBMAFH@?$AA?$CJ?$AA?$AA@ 1000106c     pe.obj
 0001:00000070       ??_C@_1BO@IJOOPNFP@?$AA?$CF?$AAi?$AA?0?$AA?5?$AA?$CF?$AAi?$AA?0?$AA?5?$AA?$CF?$AAi?$AA?0?$AA?5?$AA?$CF?$AAi?$AA?$AA@ 10001070     pe.obj
 0001:00000090       ??_C@_1M@NEPJOGKK@?$AA?$CF?$AAi?$AA?4?$AA?$CF?$AAi?$AA?$AA@ 10001090     pe.obj
 0001:0000009c       ??_C@_1BC@JDEOJIFO@?$AA?$CF?$AAi?$AA?4?$AA?$CF?$AAi?$AA?4?$AA?$CF?$AAi?$AA?$AA@ 1000109c     pe.obj
 0001:000000b0       ??_C@_1BI@KONPHAJJ@?$AA?$CF?$AAi?$AA?4?$AA?$CF?$AAi?$AA?4?$AA?$CF?$AAi?$AA?4?$AA?$CF?$AAi?$AA?$AA@ 100010b0     pe.obj
 0001:000000c8       ??_C@_1BO@OKEPMKJE@?$AAP?$AAr?$AAo?$AAd?$AAu?$AAc?$AAt?$AAV?$AAe?$AAr?$AAs?$AAi?$AAo?$AAn?$AA?$AA@ 100010c8     pe.obj
 0001:000000e8       ??_C@_1BI@HCCAONKE@?$AAF?$AAi?$AAl?$AAe?$AAV?$AAe?$AAr?$AAs?$AAi?$AAo?$AAn?$AA?$AA@ 100010e8     pe.obj
 0001:00000100       ??_C@_0P@PLANDJKO@ProductVersion?$AA@ 10001100     pe.obj
 0001:00000110       ??_C@_0M@OBEGHOED@FileVersion?$AA@ 10001110     pe.obj
 0001:0000011c       ??_C@_1BI@LJHFMFCG@?$AAV?$AAa?$AAr?$AAF?$AAi?$AAl?$AAe?$AAI?$AAn?$AAf?$AAo?$AA?$AA@ 1000111c     pe.obj
 0001:00000134       ??_C@_1BO@PBBNDBNF@?$AAS?$AAt?$AAr?$AAi?$AAn?$AAg?$AAF?$AAi?$AAl?$AAe?$AAI?$AAn?$AAf?$AAo?$AA?$AA@ 10001134     pe.obj
 0001:00000154       ??_C@_0P@EMOHHAPL@StringFileInfo?$AA@ 10001154     pe.obj
 0001:00000164       ??_C@_0BA@PIFPCFJM@OpenFilePluginW?$AA@ 10001164     pe.obj
 0001:00000174       ??_C@_0M@DMAKBKI@OpenPluginW?$AA@ 10001174     pe.obj
 0001:00000180       ??_C@_0P@LBJHCIBL@GetGlobalInfoW?$AA@ 10001180     pe.obj
 0001:00000190       ??_C@_0BA@IDLLFCLM@SetStartupInfoW?$AA@ 10001190     pe.obj
 0001:000001a0       ??_C@_0P@JNNILPEA@SetStartupInfo?$AA@ 100011a0     pe.obj
 0001:000001b0       ??_C@_19BHIGINDB@?$AA?4?$AAd?$AAl?$AAl?$AA?$AA@ 100011b0     pe.obj
 0001:000001bc       ??_C@_13OHNMPHJM@?$AA?$FN?$AA?$AA@ 100011bc     pe.obj
 0001:000001c0       ??_C@_15FFJNNDMJ@?$AA?5?$AA?$FL?$AA?$AA@ 100011c0     pe.obj
 0001:000001c8       ??_C@_1M@FNNDEIFD@?$AA?4?$AAN?$AAe?$AAt?$AA?5?$AA?$AA@ 100011c8     pe.obj
 0001:000001d4       ??_C@_19KIFLGLIH@?$AAU?$AAp?$AAx?$AA?5?$AA?$AA@ 100011d4     pe.obj
 0001:000001e0       ??_C@_13HOIJIPNN@?$AA?5?$AA?$AA@ 100011e0     pe.obj
 0001:000001e4       ??_C@_13DMCFHHKM@?$AA3?$AA?$AA@ 100011e4     pe.obj
 0001:000001e8       ??_C@_13IEJJBAMJ@?$AA2?$AA?$AA@ 100011e8     pe.obj
 0001:000001ec       ??_C@_13FLOCNAAB@?$AA?$CG?$AA?$AA@ 100011ec     pe.obj
 0001:000001f0       ??_C@_13JGCMLPCH@?$AA1?$AA?$AA@ 100011f0     pe.obj
 0001:000001f4       ??_C@_17HHLBFPBE@?$AAF?$AAa?$AAr?$AA?$AA@ 100011f4     pe.obj
 0001:000001fc       ??_C@_17HIBPHNJA@?$AA3?$AA2?$AA?5?$AA?$AA@ 100011fc     pe.obj
 0001:00000204       ??_C@_17KBKLDIPL@?$AA1?$AA6?$AA?5?$AA?$AA@ 10001204     pe.obj
 0001:0000020c       ??_C@_17OGKGJAOJ@?$AA6?$AA4?$AA?5?$AA?$AA@ 1000120c     pe.obj
 0001:00000280       ?wcschr@@YAPA_WPA_W_W@Z    10001280 f i pe.obj
 0001:00000285       ?Close@PEData@@QAEXXZ      10001285 f i pe.obj
 0001:00000296       ?Max@@YIIII@Z              10001296 f   pe.obj
 0001:0000029f       ?ValidateMemory@@YI_NPAUPEData@@PBXI@Z 1000129f f   pe.obj
 0001:000002ef       ?ParseVersionInfoFixed@@YIXPAUPEData@@PAUtagVS_FIXEDFILEINFO@@@Z 100012ef f   pe.obj
 0001:0000045d       ?ParseVersionInfoVariableString@@YIXPAUPEData@@PAXAAKPAG@Z 1000145d f   pe.obj
 0001:000005e8       ?ParseVersionInfoVariableStringA@@YIXPAUPEData@@PAXAAKPAD@Z 100015e8 f   pe.obj
 0001:00000794       ?ParseVersionInfoVariableVar@@YIXPAUPEData@@PAXAAKPAG@Z 10001794 f   pe.obj
 0001:0000081a       ?ParseVersionInfoVariable@@YIXPAUPEData@@PAXAAKPAG@Z 1000181a f   pe.obj
 0001:00000891       ?ParseVersionInfoVariableA@@YIXPAUPEData@@PAXAAKPAD@Z 10001891 f   pe.obj
 0001:000008d1       ?ParseVersionInfo@@YIXPAUPEData@@AAPAXAAK@Z 100018d1 f   pe.obj
 0001:000009ad       ?ParseVersionInfoA@@YIXPAUPEData@@AAPAXAAK@Z 100019ad f   pe.obj
 0001:00000a85       ?CreateResource@@YIXPAUPEData@@KPAXKKK@Z 10001a85 f   pe.obj
 0001:00000b2c       ?DumpSectionTable@@YIXPAUPEData@@PAU_IMAGE_SECTION_HEADER@@IH@Z 10001b2c f   pe.obj
 0001:00000b6f       ?CET_Init@@YGHPAU0@@Z      10001b6f f   pe.obj
 0001:00000b99       ?CET_Done@@YGXPAUCET_Init@@@Z 10001b99 f   pe.obj
 0001:00000ba1       ?CET_Free@@YGXPAUCET_LoadInfo@@@Z 10001ba1 f   pe.obj
 0001:00000be2       ?CET_Cancel@@YGXPAX@Z      10001be2 f   pe.obj
 0001:00000be5       ??$DumpCOR20Header@U_IMAGE_NT_HEADERS64@@@@YIXPAUPEData@@PAEPAU_IMAGE_NT_HEADERS64@@@Z 10001be5 f i pe.obj
 0001:00000bfc       ??$DumpCOR20Header@U_IMAGE_NT_HEADERS@@@@YIXPAUPEData@@PAEPAU_IMAGE_NT_HEADERS@@@Z 10001bfc f i pe.obj
 0001:00000c13       ??$DumpCertificates@U_IMAGE_NT_HEADERS64@@@@YIXPAUPEData@@PAEPAU_IMAGE_NT_HEADERS64@@@Z 10001c13 f i pe.obj
 0001:00000c42       ??$DumpCertificates@U_IMAGE_NT_HEADERS@@@@YIXPAUPEData@@PAEPAU_IMAGE_NT_HEADERS@@@Z 10001c42 f i pe.obj
 0001:00000c71       ??$GetEnclosingSectionHeader@U_IMAGE_NT_HEADERS64@@@@YIPAU_IMAGE_SECTION_HEADER@@KPAU_IMAGE_NT_HEADERS64@@@Z 10001c71 f i pe.obj
 0001:00000cab       ??$GetEnclosingSectionHeader@U_IMAGE_NT_HEADERS@@@@YIPAU_IMAGE_SECTION_HEADER@@KPAU_IMAGE_NT_HEADERS@@@Z 10001cab f i pe.obj
 0001:00000ce5       ?DumpNEResourceTable@@YIXPAUPEData@@PAU_IMAGE_DOS_HEADER@@PAE@Z 10001ce5 f   pe.obj
 0001:00000da3       ?DumpExeFileNE@@YI_NPAUPEData@@PAU_IMAGE_DOS_HEADER@@PAU_IMAGE_OS2_HEADER@@@Z 10001da3 f   pe.obj
 0001:00000dd7       ??$GetPtrFromRVA@U_IMAGE_NT_HEADERS64@@@@YIPAXKPAU_IMAGE_NT_HEADERS64@@PAE@Z 10001dd7 f i pe.obj
 0001:00000e04       ??$GetPtrFromRVA@U_IMAGE_NT_HEADERS@@@@YIPAXKPAU_IMAGE_NT_HEADERS@@PAE@Z 10001e04 f i pe.obj
 0001:00000e31       ??$DumpExportsSection@U_IMAGE_NT_HEADERS64@@@@YIXPAUPEData@@PAEPAU_IMAGE_NT_HEADERS64@@@Z 10001e31 f i pe.obj
 0001:00001016       ??$DumpExportsSection@U_IMAGE_NT_HEADERS@@@@YIXPAUPEData@@PAEPAU_IMAGE_NT_HEADERS@@@Z 10002016 f i pe.obj
 0001:000011f8       ?DumpResourceEntry@@YIXPAUPEData@@KPAU_IMAGE_RESOURCE_DIRECTORY_ENTRY@@PAEKKK@Z 100021f8 f   pe.obj
 0001:0000128e       ?DumpResourceDirectory@@YIXPAUPEData@@PAU_IMAGE_RESOURCE_DIRECTORY@@PAEKKKK@Z 1000228e f   pe.obj
 0001:0000135c       ??$DumpResourceSection@U_IMAGE_NT_HEADERS64@@@@YIXPAUPEData@@PAEPAU_IMAGE_NT_HEADERS64@@@Z 1000235c f i pe.obj
 0001:00001394       ??$DumpResourceSection@U_IMAGE_NT_HEADERS@@@@YIXPAUPEData@@PAEPAU_IMAGE_NT_HEADERS@@@Z 10002394 f i pe.obj
 0001:000013cc       ?DumpResources@@YIXPAUPEData@@PAEPAU_IMAGE_NT_HEADERS@@@Z 100023cc f   pe.obj
 0001:00001403       ?DumpExeFilePE@@YI_NPAUPEData@@PAU_IMAGE_DOS_HEADER@@PAU_IMAGE_NT_HEADERS@@@Z 10002403 f   pe.obj
 0001:000014a3       ?DumpExeFile@@YI_NPAUPEData@@PAU_IMAGE_DOS_HEADER@@@Z 100024a3 f   pe.obj
 0001:000014ee       ?DumpFile@@YI_NPAUPEData@@PAE_J2@Z 100024ee f   pe.obj
 0001:00001544       ?CET_Load@@YGHPAUCET_LoadInfo@@@Z 10002544 f   pe.obj
 0001:0000186d       ?HeapInitialize@@YI_NXZ    1000286d f   Memory.obj
 0001:00001893       ?HeapDeinitialize@@YIXXZ   10002893 f   Memory.obj
 0001:000018ab       ?xf_malloc@@YAPAXI@Z       100028ab f   Memory.obj
 0001:000018be       ?xf_calloc@@YAPAXII@Z      100028be f   Memory.obj
 0001:000018d7       ?xf_realloc@@YAPAXPAXI@Z   100028d7 f   Memory.obj
 0001:000018ee       ?xf_free@@YAXPAX@Z         100028ee f   Memory.obj
 0001:0000190c       ?xf_validate@@YA_NPAX@Z    1000290c f   Memory.obj
 0001:00001925       ??2@YAPAXI@Z               10002925 f   Memory.obj
 0001:0000192a       ??_U@YAPAXI@Z              1000292a f   Memory.obj
 0001:0000192f       ??3@YAXPAX@Z               1000292f f   Memory.obj
 0001:00001934       ??_V@YAXPAX@Z              10002934 f   Memory.obj
 0001:00001939       ?lstrdupW@@YIPA_WPBDI@Z    10002939 f   Memory.obj
 0001:00001981       ?StringCchCopyA@@YGJPADIPBD@Z 10002981 f i Memory.obj
 0001:000019e1       ?StringCchCopyW@@YGJPA_WIPB_W@Z 100029e1 f i Memory.obj
 0001:00001a48       ?lstrdup@@YIPADPBD@Z       10002a48 f   Memory.obj
 0001:00001a83       ?lstrdup@@YIPA_WPB_WI@Z    10002a83 f   Memory.obj
 0001:00001ac6       ?lstrmerge@@YIPA_WPB_W0000@Z 10002ac6 f   Memory.obj
 0001:00001b5c       ?lstrmerge@@YI_NPAPA_WPB_W111@Z 10002b5c f   Memory.obj
 0001:00001ba0       _wcschr                    10002ba0 f   libCRT:strchr.obj
 0001:00001bd0       _wcsrchr                   10002bd0 f   libCRT:strrchr.obj
 0001:00001bfc       _HeapFree@12               10002bfc f   kernel32:KERNEL32.dll
 0001:00001c02       _GetProcessHeap@0          10002c02 f   kernel32:KERNEL32.dll
 0001:00001c08       _lstrcatW@8                10002c08 f   kernel32:KERNEL32.dll
 0001:00001c0e       _lstrcpyW@8                10002c0e f   kernel32:KERNEL32.dll
 0001:00001c14       _lstrlenW@4                10002c14 f   kernel32:KERNEL32.dll
 0001:00001c1a       _lstrcmpiW@8               10002c1a f   kernel32:KERNEL32.dll
 0001:00001c20       _lstrcmpW@8                10002c20 f   kernel32:KERNEL32.dll
 0001:00001c26       _lstrcmpA@8                10002c26 f   kernel32:KERNEL32.dll
 0001:00001c2c       _MultiByteToWideChar@24    10002c2c f   kernel32:KERNEL32.dll
 0001:00001c32       _lstrcmpiA@8               10002c32 f   kernel32:KERNEL32.dll
 0001:00001c38       _lstrcpynW@12              10002c38 f   kernel32:KERNEL32.dll
 0001:00001c3e       _HeapAlloc@12              10002c3e f   kernel32:KERNEL32.dll
 0001:00001c44       _HeapCreate@12             10002c44 f   kernel32:KERNEL32.dll
 0001:00001c4a       _HeapDestroy@4             10002c4a f   kernel32:KERNEL32.dll
 0001:00001c50       _HeapReAlloc@16            10002c50 f   kernel32:KERNEL32.dll
 0001:00001c56       _HeapValidate@12           10002c56 f   kernel32:KERNEL32.dll
 0001:00001c5c       _lstrlenA@4                10002c5c f   kernel32:KERNEL32.dll
 0001:00001c62       _wsprintfW                 10002c62 f   user32:USER32.dll
 0001:00001c68       __IMPORT_DESCRIPTOR_KERNEL32 10002c68     kernel32:KERNEL32.dll
 0001:00001c7c       __IMPORT_DESCRIPTOR_USER32 10002c7c     user32:USER32.dll
 0001:00001c90       __NULL_IMPORT_DESCRIPTOR   10002c90     kernel32:KERNEL32.dll
 0002:00000000       ?ghModule@@3PAUHINSTANCE__@@A 10003000     pe.obj
 0002:00000004       ?AssertMsgBox@@3P6IHPB_WI0PAUHWND__@@_N@ZA 10003004     MAssert.obj
 0002:00000008       ?ghHeap@@3PAXA             10003008     Memory.obj

 entry point at        0000:00000000

 Static symbols

 0001:000017af       ?StringValidateDestA@@YGJPBDII@Z 100027af f   Memory.obj
 0001:000017c3       ?StringValidateDestW@@YGJPB_WII@Z 100027c3 f   Memory.obj
 0001:000017d7       ?StringCopyWorkerA@@YGJPADIPAIPBDI@Z 100027d7 f   Memory.obj
 0001:0000181e       ?StringCopyWorkerW@@YGJPA_WIPAIPB_WI@Z 1000281e f   Memory.obj
